Error while executing query: INSERT INTO (`label`, `description`, `pubmed_id`, `instance_of`, `title`, `published_in`, `volume`, `issue`, `publication_date`, `pages`, `author_name_string`, `language_of_work_or_name`, `doi`) VALUES ('Interaction of human defensins with Escherichia coli. Mechanism of bactericidal activity', 'scientific article', '2668334', 'scholarly article', 'Interaction of human defensins with Escherichia coli. Mechanism of bactericidal activity', 'Journal of Clinical Investigation', '84', '2.0', '+1989-08-00T00:00:00Z', '553-61', 'R I Lehrer', 'English', '10.1172/JCI114198')
Traceback (most recent call last):
  File "/home/lkruger/bachelorthesis/bachelorthesis/evaluation.py", line 134, in run_experiment
    insert_query_handler.handle_insert_query(query)
  File "/home/lkruger/bachelorthesis/bachelorthesis/system/insert_query_handler.py", line 31, in handle_insert_query
    self.table_manager.create_table(query_data)
  File "/home/lkruger/bachelorthesis/bachelorthesis/system/table_manager.py", line 15, in create_table
    self.database.execute_query(
  File "/home/lkruger/bachelorthesis/bachelorthesis/system/databases/python_database.py", line 40, in execute_query
    parse_insert_query(query_data)
  File "/home/lkruger/bachelorthesis/bachelorthesis/system/insert_query_parser.py", line 40, in parse_insert_query
    query_data.values, query_data.column_types, index = parse_values(tokens, index + 1)
  File "/home/lkruger/bachelorthesis/bachelorthesis/system/insert_query_parser.py", line 90, in parse_values
    row_values, column_types, index = parse_values_for_row(tokens, index)
  File "/home/lkruger/bachelorthesis/bachelorthesis/system/insert_query_parser.py", line 118, in parse_values_for_row
    raise UnexpectedTokenException(")", tokens[index])
system.insert_query_parser.UnexpectedTokenException: (')', 'Interaction')


Error while executing query: INSERT INTO (`label`, `description`, `great_russian_encyclopedia_online_id`, `coordinates_of_southernmost_point`, `new_york_times_topic_id`, `gnd_id`, `category_of_associated_people`, `emergency_phone_number`, `electrical_plug_type`, `licence_plate_code`, `hashtag`, `babelnet_id`, `office_held_by_head_of_government`, `curlie_id`, `native_label`, `musicbrainz_area_id`, `public_holiday`, `uic_alphabetical_country_code`, `comic_vine_id`, `insee_countries_and_foreign_territories_code`, `vat_rate`, `diplomatic_relation`, `flag_image`, `commons_gallery`, `viaf_id`, `history_of_topic`, `capital`, `subreddit`, `openstreetmap_relation_id`, `mobile_country_code`, `maritime_identification_digits`, `nkcr_aut_id`, `asc_leiden_thesaurus_id`, `marriageable_age`, `category_of_people_buried_here`, `geoshape`, `coordinates_of_easternmost_point`, `le_monde_diplomatique_subject_id`, `marine_regions_geographic_id`, `member_of`, `unemployment_rate`, `railway_traffic_side`, `located_in_time_zone`, `category_for_people_who_died_here`, `yso_id`, `office_held_by_head_of_state`, `commons_category`, `shares_border_with`, `us_national_archives_identifier`, `nalt_id`, `treccani_id`, `iso_3166_1_numeric_code`, `coordinates_of_westernmost_point`, `country_calling_code`, `stw_thesaurus_for_economics_id`, `statoids_id`, `flag`, `fips_10_4_countries_and_regions`, `dagens_nyheter_topic_id`, `isni`, `nese_id`, `population`, `getty_thesaurus_of_geographic_names_id`, `topics_main_wikimedia_portal`, `wikimedia_outline`, `ndl_authority_id`, `currency`, `geonames_id`, `unicode_character`, `unesco_thesaurus_id`, `geography_of_topic`, `iso_3166_1_alpha_3_code`, `official_name`, `quora_topic_id`, `mesh_descriptor_id`, `guardian_topic_id`, `basic_form_of_government`, `coat_of_arms_image`, `ituisoiec_object_identifier`, `legislative_body`, `trunk_prefix`, `nuts_code`, `freebase_id`, `official_language`, `replaces`, `continent`, `coat_of_arms`, `age_of_majority`, `national_library_of_israel_id_old`, `on_focus_list_of_wikimedia_project`, `wipo_st3`, `coordinates_of_northernmost_point`, `has_quality`, `iso_3166_1_alpha_2_code`, `total_fertility_rate`, `area`, `store_norske_leksikon_id`, `different_from`, `topics_main_category`, `bibliothèque_nationale_de_france_id`, `locator_map_image`, `bbc_things_id`, `head_of_government`, `ioc_country_code`, `fast_id`, `gacs_id`, `archinform_location_id`, `encyclopædia_britannica_online_id`, `page_banner`, `category_for_films_shot_at_this_location`, `mains_voltage`, `executive_body`, `anthem`, `highest_judicial_authority`, `life_expectancy`, `top_level_internet_domain`, `instance_of`, `highest_point`, `category_for_people_born_here`, `driving_side`, `uic_numerical_country_code`, `lowest_point`, `civicus_monitor_country_entry`, `pronunciation_audio`, `idref_id`, `contains_the_administrative_territorial_entity`, `itu_letter_code`, `library_of_congress_authority_id`, `median_income`, `coordinate_location`, `described_by_source`, `brockhaus_enzyklopädie_online_id`, `iab_code`, `klexikon_article_id`, `loc_and_marc_vocabularies_id`, `language_used`, `dr_topic_id`, `world_encyclopedia_of_puppetry_arts_id`, `gran_enciclopèdia_catalana_id`, `whos_on_first_id`, `participant_in`, `inaturalist_place_id`, `omegawiki_defined_meaning`, `hds_id`, `gs1_country_code`, `culture`, `geonlp_id`, `analysis_policy_observatory_term_id`, `category_for_maps`, `treccanis_dizionario_di_storia_id`, `french_vikidia_id`, `english_vikidia_id`, `spanish_vikidia_id`, `italian_vikidia_id`, `larousse_id`, `worldcat_identities_id`, `fandom_article_id`, `eurovoc_id`, `tdv_islam_ansiklopedisi_id`, `part_of`, `open_data_portal`, `kbpedia_id`, `inception`, `rkd_thesaurus_id`, `pm20_geo_code`, `interlingual_index_id`, `jewish_encyclopedia_id_russian`, `economy_of_topic`, `uk_parliament_thesaurus_id`, `edition_humboldt_digital_id`, `tasteatlas_id`, `sapa_id`, `bhcl_uuid`, `github_topic`, `namuwiki_id`, `wordnet_31_synset_id`, `demographics_of_topic`, `ávvir_topic_id`, `ysa_id`, `yle_topic_id`, `bbc_news_topic_id`, `joconde_location_id`, `topics_main_template`, `armeniapedia_id`, `zhihu_topic_id`, `idaigazetteer_id`, `den_store_danske_id`, `krugosvet_article`, `schoenberg_database_of_manuscripts_place_id`, `colon_classification`, `national_library_of_israel_j9u_id`, `democracy_index`, `online_pwn_encyclopedia_id`, `postimees_topic_id`, `head_of_state`, `der_spiegel_topic_id`, `gyldendals_teaterleksikon_id`, `museum_digital_place_id`, `wikisimpsons_id`, `urban_electric_transit_country_id`, `m49_code`, `short_name`, `demonym`, `süddeutsche_zeitung_topic_id`, `country`, `official_website`, `alltrails_trail_id`, `human_development_index`, `national_historical_museums_of_sweden_id`, `eu_knowledge_graph_item_id`, `central_bank`, `gini_coefficient`, `obo_gazetteer_id`, `openstreetmap_element`, `happy_planet_index_score`, `the_top_tens_id`, `grove_art_online_id`, `the_world_factbook_country_id`, `number_of_out_of_school_children`, `giant_bomb_id`, `dewey_decimal_classification`) VALUES ('Sweden', 'country in Northern Europe', '4692537', '55.336944444444', 'destination/sweden', '4077258-5', 'Category:Swedish people', '112', 'Europlug', 'S', 'Sweden', '00049181n', 'Prime Minister of Sweden', 'Regional/Europe/Sweden/', 'Sverige', '23d10872-f5ae-3f0c-bf55-332788a16ecb', 'New Year''s Day', 'S', '4020-55925', '99104.0', 25.0, 'Canada', 'Flag of Sweden.svg', 'Sverige', '159364209', 'history of Sweden', 'Stockholm', 'sweden', '52822', '240', '265.0', 'ge134629', '294939776.0', 18.0, 'Category:Burials in Sweden', 'Data:Sweden.map', '65.701111111111', 'pays/suede', '2180.0', 'European Union', 1.899999999999999912, 'left', 'UTC+01:00', 'Category:Deaths in Sweden', '94383', 'Monarch of Sweden', 'Sweden', 'Denmark', '10035835.0', '11928.0', 'svezia', '752', '58.928611111111', '46', '16989-5', 'use', 'flag of Sweden', 'SW', 'nan', '0000 0001 2299 7436', 'sverige', 10409248.0, '1000097', 'Portal:Sweden', 'outline of Sweden', '571513', 'Swedish krona', '2661886', '🇸🇪', 'concept10481', 'geography of Sweden', 'SWE', 'Konungariket Sverige', 'Sweden', 'D013548', 'world/sweden', 'constitutional monarchy', 'Shield of arms of Sweden.svg', '2.16.752', 'Parliament of Sweden', '0.0', 'SE', '/m/0d0vqn', 'Swedish', 'nan', 'Europe', 'coat of arms of Sweden', 18.0, '188718.0', 'Wikipedia:Vital articles/Level/4', 'SE', '69.06', 'free country', 'SE', 1.889999999999999903, 447425.1599999999743, 'Sverige', 'Szwecja', 'Category:Sweden', '15238534f', 'EU-Sweden.svg', '4fdf72b9-e477-43e5-80cf-b2ea49baa0bc', 'Ulf Kristersson', 'SWE', '1204537', '160', '3037', 'place/Sweden', 'Nykulla banner.JPG', 'Category:Films shot in Sweden', 230.0, 'Government of Sweden', 'Du gamla, du fria', 'Supreme Court of Sweden', 82.20488000000000283, '.se', 'country', 'Kebnekaise', 'Category:Births in Sweden', 'right', '74.0', 'Kristianstad', 'sweden', 'Fr-la Suède-fr BE.ogg', '026401606', 'Blekinge County', 'S', 'n79021184', 50514.0, '61.0', 'Catholic Encyclopedia', 'schweden', '1418', 'Schweden', 'countries/sw', 'Swedish', 'sverige', 'sweden', '64452', '85633789', 'nan', '7599', '6764', '3371', '730-739', 'culture of Sweden', 'noPfTT', '3006', 'Category:Maps of Sweden', 'svezia', 'Suède', 'Sweden', 'Suecia', 'nan', 'pays/Suède/145432', 'lccn-n79054515', 'sweden:Sweden', '4320', 'nan', 'Kalmar Union', 'Sweden''s data portal', 'Sweden', '+0700-00-00T00:00:00Z', '6699.0', 'A17', 'i82948', '14791', 'economy of Sweden', '13156', 'H0010177', 'sweden', 'p/9002f3cd-18ba-4dd0-9919-5742621b5774', 'dfe028fd-2642-4bb8-aaec-32be15dcbed0', 'sweden', '스웨덴', '08783723-n', 'demographics of Sweden', 'ruotta', 'Y94383', '18-189082', 'c77jz3md4rwt', 'T84-3559', 'nan', '4102.0', '19599463.0', '2064998', 'Sverige', 'strany_mira/SHVETSIYA.html', '208', 'SG--571', '987007554811405171', 9.25999999999999979, '4169155.0', '720', 'Carl XVI Gustaf of Sweden', 'schweden', 'nan', '1004.0', '16666', '33', '752.0', '🇸🇪', 'Zweed', 'Schweden', 'Sweden', 'https://sweden.se', 'sweden', 0.946999999999999953, 'geo/6B39FA2B-447A-4740-A970-2ABF3A06D8A6', 'Q11', 'Sveriges Riksbank', 29.30000000000000071, '2729.0', 'node/424313277', 50.5, '48.0', 'T082574', 'sweden', 9424.0, '3035-922', '2--485')
Traceback (most recent call last):
  File "/home/lkruger/bachelorthesis/bachelorthesis/evaluation.py", line 134, in run_experiment
    insert_query_handler.handle_insert_query(query)
  File "/home/lkruger/bachelorthesis/bachelorthesis/system/insert_query_handler.py", line 27, in handle_insert_query
    query_data.table = self.strategy.predict_table_name(query_data)
  File "/home/lkruger/bachelorthesis/bachelorthesis/system/strategies/llama2/llama2_model.py", line 103, in predict_table_name
    self.run_prompt(
  File "/home/lkruger/bachelorthesis/bachelorthesis/system/strategies/llama2/llama2_model.py", line 87, in run_prompt
    return self.pipe(prompt_text)[0]["generated_text"]
  File "/home/lkruger/bachelorthesis/bachelorthesis/fine_tuning/venv/lib/python3.9/site-packages/transformers/pipelines/text_generation.py", line 240, in __call__
    return super().__call__(text_inputs, **kwargs)
  File "/home/lkruger/bachelorthesis/bachelorthesis/fine_tuning/venv/lib/python3.9/site-packages/transformers/pipelines/base.py", line 1242, in __call__
    return self.run_single(inputs, preprocess_params, forward_params, postprocess_params)
  File "/home/lkruger/bachelorthesis/bachelorthesis/fine_tuning/venv/lib/python3.9/site-packages/transformers/pipelines/base.py", line 1249, in run_single
    model_outputs = self.forward(model_inputs, **forward_params)
  File "/home/lkruger/bachelorthesis/bachelorthesis/fine_tuning/venv/lib/python3.9/site-packages/transformers/pipelines/base.py", line 1149, in forward
    model_outputs = self._forward(model_inputs, **forward_params)
  File "/home/lkruger/bachelorthesis/bachelorthesis/fine_tuning/venv/lib/python3.9/site-packages/transformers/pipelines/text_generation.py", line 327, in _forward
    generated_sequence = self.model.generate(input_ids=input_ids, attention_mask=attention_mask, **generate_kwargs)
  File "/home/lkruger/bachelorthesis/bachelorthesis/fine_tuning/venv/lib/python3.9/site-packages/torch/utils/_contextlib.py", line 115, in decorate_context
    return func(*args, **kwargs)
  File "/home/lkruger/bachelorthesis/bachelorthesis/fine_tuning/venv/lib/python3.9/site-packages/transformers/generation/utils.py", line 1622, in generate
    result = self._sample(
  File "/home/lkruger/bachelorthesis/bachelorthesis/fine_tuning/venv/lib/python3.9/site-packages/transformers/generation/utils.py", line 2791, in _sample
    outputs = self(
  File "/home/lkruger/bachelorthesis/bachelorthesis/fine_tuning/venv/lib/python3.9/site-packages/torch/nn/modules/module.py", line 1511, in _wrapped_call_impl
    return self._call_impl(*args, **kwargs)
  File "/home/lkruger/bachelorthesis/bachelorthesis/fine_tuning/venv/lib/python3.9/site-packages/torch/nn/modules/module.py", line 1520, in _call_impl
    return forward_call(*args, **kwargs)
  File "/home/lkruger/bachelorthesis/bachelorthesis/fine_tuning/venv/lib/python3.9/site-packages/accelerate/hooks.py", line 166, in new_forward
    output = module._old_forward(*args, **kwargs)
  File "/home/lkruger/bachelorthesis/bachelorthesis/fine_tuning/venv/lib/python3.9/site-packages/transformers/models/llama/modeling_llama.py", line 1208, in forward
    outputs = self.model(
  File "/home/lkruger/bachelorthesis/bachelorthesis/fine_tuning/venv/lib/python3.9/site-packages/torch/nn/modules/module.py", line 1511, in _wrapped_call_impl
    return self._call_impl(*args, **kwargs)
  File "/home/lkruger/bachelorthesis/bachelorthesis/fine_tuning/venv/lib/python3.9/site-packages/torch/nn/modules/module.py", line 1520, in _call_impl
    return forward_call(*args, **kwargs)
  File "/home/lkruger/bachelorthesis/bachelorthesis/fine_tuning/venv/lib/python3.9/site-packages/transformers/models/llama/modeling_llama.py", line 1018, in forward
    layer_outputs = decoder_layer(
  File "/home/lkruger/bachelorthesis/bachelorthesis/fine_tuning/venv/lib/python3.9/site-packages/torch/nn/modules/module.py", line 1511, in _wrapped_call_impl
    return self._call_impl(*args, **kwargs)
  File "/home/lkruger/bachelorthesis/bachelorthesis/fine_tuning/venv/lib/python3.9/site-packages/torch/nn/modules/module.py", line 1520, in _call_impl
    return forward_call(*args, **kwargs)
  File "/home/lkruger/bachelorthesis/bachelorthesis/fine_tuning/venv/lib/python3.9/site-packages/accelerate/hooks.py", line 166, in new_forward
    output = module._old_forward(*args, **kwargs)
  File "/home/lkruger/bachelorthesis/bachelorthesis/fine_tuning/venv/lib/python3.9/site-packages/transformers/models/llama/modeling_llama.py", line 756, in forward
    hidden_states = self.mlp(hidden_states)
  File "/home/lkruger/bachelorthesis/bachelorthesis/fine_tuning/venv/lib/python3.9/site-packages/torch/nn/modules/module.py", line 1511, in _wrapped_call_impl
    return self._call_impl(*args, **kwargs)
  File "/home/lkruger/bachelorthesis/bachelorthesis/fine_tuning/venv/lib/python3.9/site-packages/torch/nn/modules/module.py", line 1520, in _call_impl
    return forward_call(*args, **kwargs)
  File "/home/lkruger/bachelorthesis/bachelorthesis/fine_tuning/venv/lib/python3.9/site-packages/accelerate/hooks.py", line 166, in new_forward
    output = module._old_forward(*args, **kwargs)
  File "/home/lkruger/bachelorthesis/bachelorthesis/fine_tuning/venv/lib/python3.9/site-packages/transformers/models/llama/modeling_llama.py", line 240, in forward
    down_proj = self.down_proj(self.act_fn(self.gate_proj(x)) * self.up_proj(x))
torch.cuda.OutOfMemoryError: CUDA out of memory. Tried to allocate 158.00 MiB. GPU 0 has a total capacity of 15.77 GiB of which 143.88 MiB is free. Including non-PyTorch memory, this process has 15.63 GiB memory in use. Of the allocated memory 14.08 GiB is allocated by PyTorch, and 661.88 MiB is reserved by PyTorch but unallocated. If reserved but unallocated memory is large try setting PYTORCH_CUDA_ALLOC_CONF=expandable_segments:True to avoid fragmentation.  See documentation for Memory Management  (https://pytorch.org/docs/stable/notes/cuda.html#environment-variables)


Error while executing query: INSERT INTO (`label`, `description`, `great_russian_encyclopedia_online_id`, `coordinates_of_southernmost_point`, `new_york_times_topic_id`, `gnd_id`, `category_of_associated_people`, `emergency_phone_number`, `electrical_plug_type`, `licence_plate_code`, `hashtag`, `babelnet_id`, `office_held_by_head_of_government`, `curlie_id`, `native_label`, `musicbrainz_area_id`, `public_holiday`, `uic_alphabetical_country_code`, `comic_vine_id`, `insee_countries_and_foreign_territories_code`, `vat_rate`, `diplomatic_relation`, `flag_image`, `commons_gallery`, `viaf_id`, `history_of_topic`, `capital`, `subreddit`, `openstreetmap_relation_id`, `mobile_country_code`, `maritime_identification_digits`, `nkcr_aut_id`, `asc_leiden_thesaurus_id`, `marriageable_age`, `category_of_people_buried_here`, `geoshape`, `coordinates_of_easternmost_point`, `le_monde_diplomatique_subject_id`, `marine_regions_geographic_id`, `member_of`, `unemployment_rate`, `railway_traffic_side`, `located_in_time_zone`, `category_for_people_who_died_here`, `yso_id`, `office_held_by_head_of_state`, `commons_category`, `shares_border_with`, `us_national_archives_identifier`, `nalt_id`, `treccani_id`, `iso_3166_1_numeric_code`, `coordinates_of_westernmost_point`, `country_calling_code`, `stw_thesaurus_for_economics_id`, `statoids_id`, `flag`, `fips_10_4_countries_and_regions`, `dagens_nyheter_topic_id`, `isni`, `nese_id`, `population`, `getty_thesaurus_of_geographic_names_id`, `topics_main_wikimedia_portal`, `wikimedia_outline`, `ndl_authority_id`, `currency`, `geonames_id`, `unicode_character`, `unesco_thesaurus_id`, `geography_of_topic`, `iso_3166_1_alpha_3_code`, `official_name`, `quora_topic_id`, `mesh_descriptor_id`, `guardian_topic_id`, `basic_form_of_government`, `coat_of_arms_image`, `ituisoiec_object_identifier`, `legislative_body`, `trunk_prefix`, `nuts_code`, `freebase_id`, `official_language`, `replaces`, `continent`, `coat_of_arms`, `age_of_majority`, `national_library_of_israel_id_old`, `on_focus_list_of_wikimedia_project`, `wipo_st3`, `coordinates_of_northernmost_point`, `has_quality`, `iso_3166_1_alpha_2_code`, `total_fertility_rate`, `area`, `store_norske_leksikon_id`, `different_from`, `topics_main_category`, `bibliothèque_nationale_de_france_id`, `locator_map_image`, `bbc_things_id`, `head_of_government`, `ioc_country_code`, `fast_id`, `gacs_id`, `archinform_location_id`, `encyclopædia_britannica_online_id`, `page_banner`, `category_for_films_shot_at_this_location`, `mains_voltage`, `executive_body`, `anthem`, `highest_judicial_authority`, `life_expectancy`, `top_level_internet_domain`, `instance_of`, `highest_point`, `category_for_people_born_here`, `driving_side`, `uic_numerical_country_code`, `lowest_point`, `civicus_monitor_country_entry`, `pronunciation_audio`, `idref_id`, `contains_the_administrative_territorial_entity`, `itu_letter_code`, `library_of_congress_authority_id`, `median_income`, `coordinate_location`, `described_by_source`, `brockhaus_enzyklopädie_online_id`, `iab_code`, `klexikon_article_id`, `loc_and_marc_vocabularies_id`, `language_used`, `dr_topic_id`, `world_encyclopedia_of_puppetry_arts_id`, `gran_enciclopèdia_catalana_id`, `whos_on_first_id`, `participant_in`, `inaturalist_place_id`, `omegawiki_defined_meaning`, `hds_id`, `gs1_country_code`, `culture`, `geonlp_id`, `analysis_policy_observatory_term_id`, `category_for_maps`, `treccanis_dizionario_di_storia_id`, `french_vikidia_id`, `english_vikidia_id`, `spanish_vikidia_id`, `italian_vikidia_id`, `larousse_id`, `worldcat_identities_id`, `fandom_article_id`, `eurovoc_id`, `tdv_islam_ansiklopedisi_id`, `part_of`, `open_data_portal`, `kbpedia_id`, `inception`, `rkd_thesaurus_id`, `pm20_geo_code`, `interlingual_index_id`, `jewish_encyclopedia_id_russian`, `economy_of_topic`, `uk_parliament_thesaurus_id`, `edition_humboldt_digital_id`, `tasteatlas_id`, `sapa_id`, `bhcl_uuid`, `github_topic`, `namuwiki_id`, `wordnet_31_synset_id`, `demographics_of_topic`, `ávvir_topic_id`, `ysa_id`, `yle_topic_id`, `bbc_news_topic_id`, `joconde_location_id`, `topics_main_template`, `armeniapedia_id`, `zhihu_topic_id`, `idaigazetteer_id`, `den_store_danske_id`, `krugosvet_article`, `schoenberg_database_of_manuscripts_place_id`, `colon_classification`, `national_library_of_israel_j9u_id`, `democracy_index`, `online_pwn_encyclopedia_id`, `postimees_topic_id`, `head_of_state`, `der_spiegel_topic_id`, `gyldendals_teaterleksikon_id`, `museum_digital_place_id`, `wikisimpsons_id`, `urban_electric_transit_country_id`, `m49_code`, `short_name`, `demonym`, `süddeutsche_zeitung_topic_id`, `country`, `official_website`, `alltrails_trail_id`, `human_development_index`, `national_historical_museums_of_sweden_id`, `eu_knowledge_graph_item_id`, `central_bank`, `gini_coefficient`, `obo_gazetteer_id`, `openstreetmap_element`, `happy_planet_index_score`, `the_top_tens_id`, `grove_art_online_id`, `the_world_factbook_country_id`, `number_of_out_of_school_children`, `giant_bomb_id`, `dewey_decimal_classification`) VALUES ('France', 'country in Western Europe', '4721849', '41.33354648385013', 'destination/france', '4018145-5', 'Category:French people', '112', 'Europlug', 'F', 'France', '00036202n', 'Prime Minister of France', 'Regional/Europe/France/', 'République française', '08310658-51eb-3801-80de-5a0739207115', 'Easter Monday', 'F', '4020-55778', 'nan', 20.0, 'Albania', 'Flag of France (1794–1815, 1830–1974, 2020–present).svg', 'France', '264091107', 'history of France', 'Paris', 'france', '2202162', '208', '226.0', 'ge129152', '294912452.0', 0.0, 'Category:Burials in France', 'Data:France.map', '42.282222222222', 'pays/france', '17.0', 'European Union', 10.0, 'left', 'UTC+01:00', 'Category:Deaths in France', '104968', 'President of the French Republic', 'France', 'Kingdom of the Netherlands', '10035788.0', '7039.0', 'nan', '250', '48.445833333333', '33', '17255-3', 'ufr', 'flag of France', 'FR', 'frankrike', 'nan', 'frankrike', 67749632.0, '1000070', 'Portal:France', 'outline of France', '563689', 'euro', '3017382', '🇫🇷', 'concept902', 'geography of France', 'FRA', 'Francouzská republika', 'France', 'D005602', 'world/france', 'semi-presidential system', 'Armoiries république française.svg', '2.16.250', 'French Parliament', '0.0', 'FR', '/m/0f8l9c', 'French', 'nan', 'Europe', 'coat of arms of France', 18.0, '974208.0', 'Wikipedia:List of articles all languages should have', 'FR', '51.089', 'free country', 'FR', 1.989999999999999992, 643801.0, 'Frankrike', 'nan', 'Category:France', '152383070', 'EU-France (orthographic projection).svg', '61ef4416-de68-49ff-9c97-e0779dafd9d2', 'Élisabeth Borne', 'FRA', '1204289', '619', '2984', 'place/France', 'Sainte-Enimie-Gorges du Tarn France banner.jpg', 'Category:Films shot in France', 230.0, 'Government of France', 'La Marseillaise', 'Court of Cassation', 82.27316999999999325, '.fr', 'country', 'Mont Blanc', 'Category:Births in France', 'right', '87.0', 'Étang de Lavalduc', 'france', 'Hu-francia.ogg', '026378329', 'Clipperton Island', 'F', 'n79006404', 30364.0, '47.0', 'Catholic Encyclopedia', 'frankreich', '1295', 'Frankreich', 'countries/fr', 'standard French', 'frankrig', 'france', '27948', '85633147', 'Rif War', '6753', '7955', '3354', '300-379', 'culture of France', 'JfFJmZ', '6592', 'Category:Maps of France', 'francia', 'France', 'France', 'Francia', 'Francia', 'pays/wd/120114', 'lccn-n79006404', 'france:France', '1085', 'nan', 'Western Europe', 'data.gouv.fr', 'France', '+1792-00-00T00:00:00Z', '455.0', 'A28', 'i83644', '14344', 'economy of France', '10352', 'H0004801', 'france', 'p/804af1fe-911d-449e-9a90-c127110acda5', '00e4cc53-5b5d-4636-a60e-addf9f452f94', 'france', '프랑스', '08949695-n', 'demographics of France', 'frankriika', 'Y104968', '18-193871', 'c302m85qenyt', 'T84-742', 'Template:Regions of France', '3938.0', '19552320.0', '2076466', 'Frankrig', 'strany_mira/FRANTSIYA.html', '13', 'SG--53', '987007552533205171', 7.990000000000000213, '4169037.0', '2706', 'Emmanuel Macron', 'frankreich', 'Frankrig', '330.0', '16355', '29', '250.0', 'France', 'француз', 'Frankreich', 'France', 'https://www.gouvernement.fr/', 'france', 0.9030000000000000248, 'geo/CF4D8D5F-9DE6-4C9C-9F25-F4B3BAC86493', 'Q20', 'Bank of France', 33.10000000000000142, '2940.0', 'node/291222598', 51.79999999999999716, '49.0', 'T029314', 'france', 29418.0, '3035-197', '2--44')
Traceback (most recent call last):
  File "/home/lkruger/bachelorthesis/bachelorthesis/evaluation.py", line 134, in run_experiment
    insert_query_handler.handle_insert_query(query)
  File "/home/lkruger/bachelorthesis/bachelorthesis/system/insert_query_handler.py", line 27, in handle_insert_query
    query_data.table = self.strategy.predict_table_name(query_data)
  File "/home/lkruger/bachelorthesis/bachelorthesis/system/strategies/llama2/llama2_model.py", line 103, in predict_table_name
    self.run_prompt(
  File "/home/lkruger/bachelorthesis/bachelorthesis/system/strategies/llama2/llama2_model.py", line 87, in run_prompt
    return self.pipe(prompt_text)[0]["generated_text"]
  File "/home/lkruger/bachelorthesis/bachelorthesis/fine_tuning/venv/lib/python3.9/site-packages/transformers/pipelines/text_generation.py", line 240, in __call__
    return super().__call__(text_inputs, **kwargs)
  File "/home/lkruger/bachelorthesis/bachelorthesis/fine_tuning/venv/lib/python3.9/site-packages/transformers/pipelines/base.py", line 1242, in __call__
    return self.run_single(inputs, preprocess_params, forward_params, postprocess_params)
  File "/home/lkruger/bachelorthesis/bachelorthesis/fine_tuning/venv/lib/python3.9/site-packages/transformers/pipelines/base.py", line 1249, in run_single
    model_outputs = self.forward(model_inputs, **forward_params)
  File "/home/lkruger/bachelorthesis/bachelorthesis/fine_tuning/venv/lib/python3.9/site-packages/transformers/pipelines/base.py", line 1149, in forward
    model_outputs = self._forward(model_inputs, **forward_params)
  File "/home/lkruger/bachelorthesis/bachelorthesis/fine_tuning/venv/lib/python3.9/site-packages/transformers/pipelines/text_generation.py", line 327, in _forward
    generated_sequence = self.model.generate(input_ids=input_ids, attention_mask=attention_mask, **generate_kwargs)
  File "/home/lkruger/bachelorthesis/bachelorthesis/fine_tuning/venv/lib/python3.9/site-packages/torch/utils/_contextlib.py", line 115, in decorate_context
    return func(*args, **kwargs)
  File "/home/lkruger/bachelorthesis/bachelorthesis/fine_tuning/venv/lib/python3.9/site-packages/transformers/generation/utils.py", line 1622, in generate
    result = self._sample(
  File "/home/lkruger/bachelorthesis/bachelorthesis/fine_tuning/venv/lib/python3.9/site-packages/transformers/generation/utils.py", line 2791, in _sample
    outputs = self(
  File "/home/lkruger/bachelorthesis/bachelorthesis/fine_tuning/venv/lib/python3.9/site-packages/torch/nn/modules/module.py", line 1511, in _wrapped_call_impl
    return self._call_impl(*args, **kwargs)
  File "/home/lkruger/bachelorthesis/bachelorthesis/fine_tuning/venv/lib/python3.9/site-packages/torch/nn/modules/module.py", line 1520, in _call_impl
    return forward_call(*args, **kwargs)
  File "/home/lkruger/bachelorthesis/bachelorthesis/fine_tuning/venv/lib/python3.9/site-packages/accelerate/hooks.py", line 166, in new_forward
    output = module._old_forward(*args, **kwargs)
  File "/home/lkruger/bachelorthesis/bachelorthesis/fine_tuning/venv/lib/python3.9/site-packages/transformers/models/llama/modeling_llama.py", line 1208, in forward
    outputs = self.model(
  File "/home/lkruger/bachelorthesis/bachelorthesis/fine_tuning/venv/lib/python3.9/site-packages/torch/nn/modules/module.py", line 1511, in _wrapped_call_impl
    return self._call_impl(*args, **kwargs)
  File "/home/lkruger/bachelorthesis/bachelorthesis/fine_tuning/venv/lib/python3.9/site-packages/torch/nn/modules/module.py", line 1520, in _call_impl
    return forward_call(*args, **kwargs)
  File "/home/lkruger/bachelorthesis/bachelorthesis/fine_tuning/venv/lib/python3.9/site-packages/transformers/models/llama/modeling_llama.py", line 1018, in forward
    layer_outputs = decoder_layer(
  File "/home/lkruger/bachelorthesis/bachelorthesis/fine_tuning/venv/lib/python3.9/site-packages/torch/nn/modules/module.py", line 1511, in _wrapped_call_impl
    return self._call_impl(*args, **kwargs)
  File "/home/lkruger/bachelorthesis/bachelorthesis/fine_tuning/venv/lib/python3.9/site-packages/torch/nn/modules/module.py", line 1520, in _call_impl
    return forward_call(*args, **kwargs)
  File "/home/lkruger/bachelorthesis/bachelorthesis/fine_tuning/venv/lib/python3.9/site-packages/accelerate/hooks.py", line 166, in new_forward
    output = module._old_forward(*args, **kwargs)
  File "/home/lkruger/bachelorthesis/bachelorthesis/fine_tuning/venv/lib/python3.9/site-packages/transformers/models/llama/modeling_llama.py", line 756, in forward
    hidden_states = self.mlp(hidden_states)
  File "/home/lkruger/bachelorthesis/bachelorthesis/fine_tuning/venv/lib/python3.9/site-packages/torch/nn/modules/module.py", line 1511, in _wrapped_call_impl
    return self._call_impl(*args, **kwargs)
  File "/home/lkruger/bachelorthesis/bachelorthesis/fine_tuning/venv/lib/python3.9/site-packages/torch/nn/modules/module.py", line 1520, in _call_impl
    return forward_call(*args, **kwargs)
  File "/home/lkruger/bachelorthesis/bachelorthesis/fine_tuning/venv/lib/python3.9/site-packages/accelerate/hooks.py", line 166, in new_forward
    output = module._old_forward(*args, **kwargs)
  File "/home/lkruger/bachelorthesis/bachelorthesis/fine_tuning/venv/lib/python3.9/site-packages/transformers/models/llama/modeling_llama.py", line 240, in forward
    down_proj = self.down_proj(self.act_fn(self.gate_proj(x)) * self.up_proj(x))
  File "/home/lkruger/bachelorthesis/bachelorthesis/fine_tuning/venv/lib/python3.9/site-packages/torch/nn/modules/module.py", line 1511, in _wrapped_call_impl
    return self._call_impl(*args, **kwargs)
  File "/home/lkruger/bachelorthesis/bachelorthesis/fine_tuning/venv/lib/python3.9/site-packages/torch/nn/modules/module.py", line 1520, in _call_impl
    return forward_call(*args, **kwargs)
  File "/home/lkruger/bachelorthesis/bachelorthesis/fine_tuning/venv/lib/python3.9/site-packages/torch/nn/modules/activation.py", line 393, in forward
    return F.silu(input, inplace=self.inplace)
  File "/home/lkruger/bachelorthesis/bachelorthesis/fine_tuning/venv/lib/python3.9/site-packages/torch/nn/functional.py", line 2075, in silu
    return torch._C._nn.silu(input)
torch.cuda.OutOfMemoryError: CUDA out of memory. Tried to allocate 158.00 MiB. GPU 0 has a total capacity of 15.77 GiB of which 59.88 MiB is free. Including non-PyTorch memory, this process has 15.71 GiB memory in use. Of the allocated memory 14.03 GiB is allocated by PyTorch, and 792.54 MiB is reserved by PyTorch but unallocated. If reserved but unallocated memory is large try setting PYTORCH_CUDA_ALLOC_CONF=expandable_segments:True to avoid fragmentation.  See documentation for Memory Management  (https://pytorch.org/docs/stable/notes/cuda.html#environment-variables)


Error while executing query: INSERT INTO (`label`, `description`, `great_russian_encyclopedia_online_id`, `coordinates_of_southernmost_point`, `new_york_times_topic_id`, `gnd_id`, `category_of_associated_people`, `emergency_phone_number`, `electrical_plug_type`, `licence_plate_code`, `hashtag`, `babelnet_id`, `office_held_by_head_of_government`, `curlie_id`, `native_label`, `musicbrainz_area_id`, `public_holiday`, `uic_alphabetical_country_code`, `comic_vine_id`, `insee_countries_and_foreign_territories_code`, `vat_rate`, `diplomatic_relation`, `flag_image`, `commons_gallery`, `viaf_id`, `history_of_topic`, `capital`, `subreddit`, `openstreetmap_relation_id`, `mobile_country_code`, `maritime_identification_digits`, `nkcr_aut_id`, `asc_leiden_thesaurus_id`, `marriageable_age`, `category_of_people_buried_here`, `geoshape`, `coordinates_of_easternmost_point`, `le_monde_diplomatique_subject_id`, `marine_regions_geographic_id`, `member_of`, `unemployment_rate`, `railway_traffic_side`, `located_in_time_zone`, `category_for_people_who_died_here`, `yso_id`, `office_held_by_head_of_state`, `commons_category`, `shares_border_with`, `us_national_archives_identifier`, `nalt_id`, `treccani_id`, `iso_3166_1_numeric_code`, `coordinates_of_westernmost_point`, `country_calling_code`, `stw_thesaurus_for_economics_id`, `statoids_id`, `flag`, `fips_10_4_countries_and_regions`, `dagens_nyheter_topic_id`, `isni`, `nese_id`, `population`, `getty_thesaurus_of_geographic_names_id`, `topics_main_wikimedia_portal`, `wikimedia_outline`, `ndl_authority_id`, `currency`, `geonames_id`, `unicode_character`, `unesco_thesaurus_id`, `geography_of_topic`, `iso_3166_1_alpha_3_code`, `official_name`, `quora_topic_id`, `mesh_descriptor_id`, `guardian_topic_id`, `basic_form_of_government`, `coat_of_arms_image`, `ituisoiec_object_identifier`, `legislative_body`, `trunk_prefix`, `nuts_code`, `freebase_id`, `official_language`, `replaces`, `continent`, `coat_of_arms`, `age_of_majority`, `national_library_of_israel_id_old`, `on_focus_list_of_wikimedia_project`, `wipo_st3`, `coordinates_of_northernmost_point`, `has_quality`, `iso_3166_1_alpha_2_code`, `total_fertility_rate`, `area`, `store_norske_leksikon_id`, `different_from`, `topics_main_category`, `bibliothèque_nationale_de_france_id`, `locator_map_image`, `bbc_things_id`, `head_of_government`, `ioc_country_code`, `fast_id`, `gacs_id`, `archinform_location_id`, `encyclopædia_britannica_online_id`, `page_banner`, `category_for_films_shot_at_this_location`, `mains_voltage`, `executive_body`, `anthem`, `highest_judicial_authority`, `life_expectancy`, `top_level_internet_domain`, `instance_of`, `highest_point`, `category_for_people_born_here`, `driving_side`, `uic_numerical_country_code`, `lowest_point`, `civicus_monitor_country_entry`, `pronunciation_audio`, `idref_id`, `contains_the_administrative_territorial_entity`, `itu_letter_code`, `library_of_congress_authority_id`, `median_income`, `coordinate_location`, `described_by_source`, `brockhaus_enzyklopädie_online_id`, `iab_code`, `klexikon_article_id`, `loc_and_marc_vocabularies_id`, `language_used`, `dr_topic_id`, `world_encyclopedia_of_puppetry_arts_id`, `gran_enciclopèdia_catalana_id`, `whos_on_first_id`, `participant_in`, `inaturalist_place_id`, `omegawiki_defined_meaning`, `hds_id`, `gs1_country_code`, `culture`, `geonlp_id`, `analysis_policy_observatory_term_id`, `category_for_maps`, `treccanis_dizionario_di_storia_id`, `french_vikidia_id`, `english_vikidia_id`, `spanish_vikidia_id`, `italian_vikidia_id`, `larousse_id`, `worldcat_identities_id`, `fandom_article_id`, `eurovoc_id`, `tdv_islam_ansiklopedisi_id`, `part_of`, `open_data_portal`, `kbpedia_id`, `inception`, `rkd_thesaurus_id`, `pm20_geo_code`, `interlingual_index_id`, `jewish_encyclopedia_id_russian`, `economy_of_topic`, `uk_parliament_thesaurus_id`, `edition_humboldt_digital_id`, `tasteatlas_id`, `sapa_id`, `bhcl_uuid`, `github_topic`, `namuwiki_id`, `wordnet_31_synset_id`, `demographics_of_topic`, `ávvir_topic_id`, `ysa_id`, `yle_topic_id`, `bbc_news_topic_id`, `joconde_location_id`, `topics_main_template`, `armeniapedia_id`, `zhihu_topic_id`, `idaigazetteer_id`, `den_store_danske_id`, `krugosvet_article`, `schoenberg_database_of_manuscripts_place_id`, `colon_classification`, `national_library_of_israel_j9u_id`, `democracy_index`, `online_pwn_encyclopedia_id`, `postimees_topic_id`, `head_of_state`, `der_spiegel_topic_id`, `gyldendals_teaterleksikon_id`, `museum_digital_place_id`, `wikisimpsons_id`, `urban_electric_transit_country_id`, `m49_code`, `short_name`, `demonym`, `süddeutsche_zeitung_topic_id`, `country`, `official_website`, `alltrails_trail_id`, `human_development_index`, `national_historical_museums_of_sweden_id`, `eu_knowledge_graph_item_id`, `central_bank`, `gini_coefficient`, `obo_gazetteer_id`, `openstreetmap_element`, `happy_planet_index_score`, `the_top_tens_id`, `grove_art_online_id`, `the_world_factbook_country_id`, `number_of_out_of_school_children`, `giant_bomb_id`, `dewey_decimal_classification`) VALUES ('Serbia', 'country in southeastern Europe', '3657248', '41.857661111111', 'destination/serbia', '4054598-2', 'Category:Serbian people', '192', 'Europlug', 'SRB', 'Serbia', '00070583n', 'Prime Minister of Serbia', 'Regional/Europe/Serbia_and_Montenegro/Serbia/', 'Србија', '424c1b50-57f8-34af-ab97-313e2ad40058', 'New Year''s Day', 'SRB', '4020-56405', '99121.0', 20.0, 'Germany', 'Flag of Serbia.svg', 'Србија', '151202876', 'history of Serbia', 'Belgrade', 'serbia', '1741311', '220', '279.0', 'ge130919', 'nan', 18.0, 'Category:Burials in Serbia', 'Data:Serbia.map', '43.18729985', 'pays/serbie', '21449.0', 'Council of Europe', 22.0, 'right', 'UTC+01:00', 'Category:Deaths in Serbia', '107592', 'President of Serbia', 'Serbia', 'European Union', '10045307.0', '39649.0', 'serbia', '688', '45.81651686', '381', '30078-1', 'urs', 'flag of Serbia', 'RI', 'nan', '0000 0000 9526 6709', 'nan', 7022268.0, '7006669', 'Portal:Serbia', 'outline of Serbia', '570825', 'Serbian dinar', '6290252', '🇷🇸', 'concept17058', 'geography of Serbia', 'SRB', 'Србија', 'Serbia', 'D055771', 'world/serbia', 'nan', 'Coat of arms of Serbia.svg', '2.16.688', 'National Assembly of Serbia', '0.0', 'RS', '/m/077qn', 'Serbian', 'Serbia and Montenegro', 'Europe', 'coat of arms of Serbia', 18.0, 'nan', 'Wikipedia:Vital articles/Level/4', 'RS', '46.18', 'free country', 'RS', 1.429999999999999938, 88499.0, 'Serbia', 'Republika Srpska', 'Category:Serbia', 'nan', 'Europe-Serbia.svg', '1791445f-977a-4e6d-b490-51f84bb4fc52', 'Ana Brnabić', 'SRB', '1692602', '286', '12205', 'place/Serbia', 'Danube in Ritopek, Serbia banner.jpg', 'Category:Films shot in Serbia', 230.0, 'Government of Serbia', 'Bože pravde', 'nan', 75.23901999999999646, '.rs', 'sovereign state', 'Velika Rudoka', 'Category:Births in Serbia', 'right', '72.0', 'Timok', 'serbia', 'Lb-Serbien.ogg', 'nan', 'Bor District', 'SRB', 'n85195919', NULL, '43.95', 'Brockhaus and Efron Encyclopedic Dictionary', 'serbien', '1400', 'Serbien', 'countries/rb', 'Serbian', 'serbien', 'serbia', '61922', '85633755', 'nan', '7147', '8071', '41010', '860', 'Serbian culture', 'aGCXIq', '6714', 'Category:Maps of Serbia', 'serbia', 'Serbie', 'nan', 'Serbia', 'nan', 'pays/wd/143964', 'viaf-140423359', 'serbia:serbia', '5892', 'sirbistan', 'post-Yugoslavia states', 'Open data portal Serbia', 'Serbia', '+2006-00-00T00:00:00Z', '25339.0', 'A41', 'i83177', '13768', 'economy of Serbia', '12742', 'nan', 'serbia', 'nan', '9e68967f-4ca3-4b99-8c7f-c4e956949fe6', 'serbia', '세르비아', '08834821-n', 'demographics of Serbia', 'nan', 'Y107592', '18-183600', 'c8nq32jw8yjt', 'T84-3561', 'Template:Serbia topics', '7749.0', '20004553.0', '2293910', 'Serbien', 'strany-mira/serbiya', '1065', 'SG--59221', '987007557617605171', 6.219999999999999752, '3974069.0', '1077', 'Aleksandar Vučić', 'serbien', 'Serbien', '1798.0', '48453', '24', 'nan', '🇷🇸', 'српски', 'Serbien', 'Serbia', 'http://www.srbija.gov.rs/', 'nan', 0.8020000000000000461, 'geo/74A541C5-CFD7-47F6-9F5B-CEA09953BCEC', 'Q332', 'nan', 34.5, '2957.0', 'node/369137525', 53.20000000000000284, 'nan', 'T077654', 'serbia', 33041.0, '3035-717', '2--4971')
Traceback (most recent call last):
  File "/home/lkruger/bachelorthesis/bachelorthesis/evaluation.py", line 134, in run_experiment
    insert_query_handler.handle_insert_query(query)
  File "/home/lkruger/bachelorthesis/bachelorthesis/system/insert_query_handler.py", line 27, in handle_insert_query
    query_data.table = self.strategy.predict_table_name(query_data)
  File "/home/lkruger/bachelorthesis/bachelorthesis/system/strategies/llama2/llama2_model.py", line 103, in predict_table_name
    self.run_prompt(
  File "/home/lkruger/bachelorthesis/bachelorthesis/system/strategies/llama2/llama2_model.py", line 87, in run_prompt
    return self.pipe(prompt_text)[0]["generated_text"]
  File "/home/lkruger/bachelorthesis/bachelorthesis/fine_tuning/venv/lib/python3.9/site-packages/transformers/pipelines/text_generation.py", line 240, in __call__
    return super().__call__(text_inputs, **kwargs)
  File "/home/lkruger/bachelorthesis/bachelorthesis/fine_tuning/venv/lib/python3.9/site-packages/transformers/pipelines/base.py", line 1242, in __call__
    return self.run_single(inputs, preprocess_params, forward_params, postprocess_params)
  File "/home/lkruger/bachelorthesis/bachelorthesis/fine_tuning/venv/lib/python3.9/site-packages/transformers/pipelines/base.py", line 1249, in run_single
    model_outputs = self.forward(model_inputs, **forward_params)
  File "/home/lkruger/bachelorthesis/bachelorthesis/fine_tuning/venv/lib/python3.9/site-packages/transformers/pipelines/base.py", line 1149, in forward
    model_outputs = self._forward(model_inputs, **forward_params)
  File "/home/lkruger/bachelorthesis/bachelorthesis/fine_tuning/venv/lib/python3.9/site-packages/transformers/pipelines/text_generation.py", line 327, in _forward
    generated_sequence = self.model.generate(input_ids=input_ids, attention_mask=attention_mask, **generate_kwargs)
  File "/home/lkruger/bachelorthesis/bachelorthesis/fine_tuning/venv/lib/python3.9/site-packages/torch/utils/_contextlib.py", line 115, in decorate_context
    return func(*args, **kwargs)
  File "/home/lkruger/bachelorthesis/bachelorthesis/fine_tuning/venv/lib/python3.9/site-packages/transformers/generation/utils.py", line 1622, in generate
    result = self._sample(
  File "/home/lkruger/bachelorthesis/bachelorthesis/fine_tuning/venv/lib/python3.9/site-packages/transformers/generation/utils.py", line 2791, in _sample
    outputs = self(
  File "/home/lkruger/bachelorthesis/bachelorthesis/fine_tuning/venv/lib/python3.9/site-packages/torch/nn/modules/module.py", line 1511, in _wrapped_call_impl
    return self._call_impl(*args, **kwargs)
  File "/home/lkruger/bachelorthesis/bachelorthesis/fine_tuning/venv/lib/python3.9/site-packages/torch/nn/modules/module.py", line 1520, in _call_impl
    return forward_call(*args, **kwargs)
  File "/home/lkruger/bachelorthesis/bachelorthesis/fine_tuning/venv/lib/python3.9/site-packages/accelerate/hooks.py", line 166, in new_forward
    output = module._old_forward(*args, **kwargs)
  File "/home/lkruger/bachelorthesis/bachelorthesis/fine_tuning/venv/lib/python3.9/site-packages/transformers/models/llama/modeling_llama.py", line 1208, in forward
    outputs = self.model(
  File "/home/lkruger/bachelorthesis/bachelorthesis/fine_tuning/venv/lib/python3.9/site-packages/torch/nn/modules/module.py", line 1511, in _wrapped_call_impl
    return self._call_impl(*args, **kwargs)
  File "/home/lkruger/bachelorthesis/bachelorthesis/fine_tuning/venv/lib/python3.9/site-packages/torch/nn/modules/module.py", line 1520, in _call_impl
    return forward_call(*args, **kwargs)
  File "/home/lkruger/bachelorthesis/bachelorthesis/fine_tuning/venv/lib/python3.9/site-packages/transformers/models/llama/modeling_llama.py", line 1018, in forward
    layer_outputs = decoder_layer(
  File "/home/lkruger/bachelorthesis/bachelorthesis/fine_tuning/venv/lib/python3.9/site-packages/torch/nn/modules/module.py", line 1511, in _wrapped_call_impl
    return self._call_impl(*args, **kwargs)
  File "/home/lkruger/bachelorthesis/bachelorthesis/fine_tuning/venv/lib/python3.9/site-packages/torch/nn/modules/module.py", line 1520, in _call_impl
    return forward_call(*args, **kwargs)
  File "/home/lkruger/bachelorthesis/bachelorthesis/fine_tuning/venv/lib/python3.9/site-packages/accelerate/hooks.py", line 166, in new_forward
    output = module._old_forward(*args, **kwargs)
  File "/home/lkruger/bachelorthesis/bachelorthesis/fine_tuning/venv/lib/python3.9/site-packages/transformers/models/llama/modeling_llama.py", line 756, in forward
    hidden_states = self.mlp(hidden_states)
  File "/home/lkruger/bachelorthesis/bachelorthesis/fine_tuning/venv/lib/python3.9/site-packages/torch/nn/modules/module.py", line 1511, in _wrapped_call_impl
    return self._call_impl(*args, **kwargs)
  File "/home/lkruger/bachelorthesis/bachelorthesis/fine_tuning/venv/lib/python3.9/site-packages/torch/nn/modules/module.py", line 1520, in _call_impl
    return forward_call(*args, **kwargs)
  File "/home/lkruger/bachelorthesis/bachelorthesis/fine_tuning/venv/lib/python3.9/site-packages/accelerate/hooks.py", line 166, in new_forward
    output = module._old_forward(*args, **kwargs)
  File "/home/lkruger/bachelorthesis/bachelorthesis/fine_tuning/venv/lib/python3.9/site-packages/transformers/models/llama/modeling_llama.py", line 240, in forward
    down_proj = self.down_proj(self.act_fn(self.gate_proj(x)) * self.up_proj(x))
torch.cuda.OutOfMemoryError: CUDA out of memory. Tried to allocate 156.00 MiB. GPU 0 has a total capacity of 15.77 GiB of which 7.88 MiB is free. Including non-PyTorch memory, this process has 15.76 GiB memory in use. Of the allocated memory 14.16 GiB is allocated by PyTorch, and 710.86 MiB is reserved by PyTorch but unallocated. If reserved but unallocated memory is large try setting PYTORCH_CUDA_ALLOC_CONF=expandable_segments:True to avoid fragmentation.  See documentation for Memory Management  (https://pytorch.org/docs/stable/notes/cuda.html#environment-variables)


Error while executing query: INSERT INTO (`label`, `description`, `great_russian_encyclopedia_online_id`, `coordinates_of_southernmost_point`, `new_york_times_topic_id`, `gnd_id`, `category_of_associated_people`, `emergency_phone_number`, `electrical_plug_type`, `licence_plate_code`, `hashtag`, `babelnet_id`, `office_held_by_head_of_government`, `curlie_id`, `native_label`, `musicbrainz_area_id`, `public_holiday`, `uic_alphabetical_country_code`, `comic_vine_id`, `insee_countries_and_foreign_territories_code`, `vat_rate`, `diplomatic_relation`, `flag_image`, `commons_gallery`, `viaf_id`, `history_of_topic`, `capital`, `subreddit`, `openstreetmap_relation_id`, `mobile_country_code`, `maritime_identification_digits`, `nkcr_aut_id`, `asc_leiden_thesaurus_id`, `marriageable_age`, `category_of_people_buried_here`, `geoshape`, `coordinates_of_easternmost_point`, `le_monde_diplomatique_subject_id`, `marine_regions_geographic_id`, `member_of`, `unemployment_rate`, `railway_traffic_side`, `located_in_time_zone`, `category_for_people_who_died_here`, `yso_id`, `office_held_by_head_of_state`, `commons_category`, `shares_border_with`, `us_national_archives_identifier`, `nalt_id`, `treccani_id`, `iso_3166_1_numeric_code`, `coordinates_of_westernmost_point`, `country_calling_code`, `stw_thesaurus_for_economics_id`, `statoids_id`, `flag`, `fips_10_4_countries_and_regions`, `dagens_nyheter_topic_id`, `isni`, `nese_id`, `population`, `getty_thesaurus_of_geographic_names_id`, `topics_main_wikimedia_portal`, `wikimedia_outline`, `ndl_authority_id`, `currency`, `geonames_id`, `unicode_character`, `unesco_thesaurus_id`, `geography_of_topic`, `iso_3166_1_alpha_3_code`, `official_name`, `quora_topic_id`, `mesh_descriptor_id`, `guardian_topic_id`, `basic_form_of_government`, `coat_of_arms_image`, `ituisoiec_object_identifier`, `legislative_body`, `trunk_prefix`, `nuts_code`, `freebase_id`, `official_language`, `replaces`, `continent`, `coat_of_arms`, `age_of_majority`, `national_library_of_israel_id_old`, `on_focus_list_of_wikimedia_project`, `wipo_st3`, `coordinates_of_northernmost_point`, `has_quality`, `iso_3166_1_alpha_2_code`, `total_fertility_rate`, `area`, `store_norske_leksikon_id`, `different_from`, `topics_main_category`, `bibliothèque_nationale_de_france_id`, `locator_map_image`, `bbc_things_id`, `head_of_government`, `ioc_country_code`, `fast_id`, `gacs_id`, `archinform_location_id`, `encyclopædia_britannica_online_id`, `page_banner`, `category_for_films_shot_at_this_location`, `mains_voltage`, `executive_body`, `anthem`, `highest_judicial_authority`, `life_expectancy`, `top_level_internet_domain`, `instance_of`, `highest_point`, `category_for_people_born_here`, `driving_side`, `uic_numerical_country_code`, `lowest_point`, `civicus_monitor_country_entry`, `pronunciation_audio`, `idref_id`, `contains_the_administrative_territorial_entity`, `itu_letter_code`, `library_of_congress_authority_id`, `median_income`, `coordinate_location`, `described_by_source`, `brockhaus_enzyklopädie_online_id`, `iab_code`, `klexikon_article_id`, `loc_and_marc_vocabularies_id`, `language_used`, `dr_topic_id`, `world_encyclopedia_of_puppetry_arts_id`, `gran_enciclopèdia_catalana_id`, `whos_on_first_id`, `participant_in`, `inaturalist_place_id`, `omegawiki_defined_meaning`, `hds_id`, `gs1_country_code`, `culture`, `geonlp_id`, `analysis_policy_observatory_term_id`, `category_for_maps`, `treccanis_dizionario_di_storia_id`, `french_vikidia_id`, `english_vikidia_id`, `spanish_vikidia_id`, `italian_vikidia_id`, `larousse_id`, `worldcat_identities_id`, `fandom_article_id`, `eurovoc_id`, `tdv_islam_ansiklopedisi_id`, `part_of`, `open_data_portal`, `kbpedia_id`, `inception`, `rkd_thesaurus_id`, `pm20_geo_code`, `interlingual_index_id`, `jewish_encyclopedia_id_russian`, `economy_of_topic`, `uk_parliament_thesaurus_id`, `edition_humboldt_digital_id`, `tasteatlas_id`, `sapa_id`, `bhcl_uuid`, `github_topic`, `namuwiki_id`, `wordnet_31_synset_id`, `demographics_of_topic`, `ávvir_topic_id`, `ysa_id`, `yle_topic_id`, `bbc_news_topic_id`, `joconde_location_id`, `topics_main_template`, `armeniapedia_id`, `zhihu_topic_id`, `idaigazetteer_id`, `den_store_danske_id`, `krugosvet_article`, `schoenberg_database_of_manuscripts_place_id`, `colon_classification`, `national_library_of_israel_j9u_id`, `democracy_index`, `online_pwn_encyclopedia_id`, `postimees_topic_id`, `head_of_state`, `der_spiegel_topic_id`, `gyldendals_teaterleksikon_id`, `museum_digital_place_id`, `wikisimpsons_id`, `urban_electric_transit_country_id`, `m49_code`, `short_name`, `demonym`, `süddeutsche_zeitung_topic_id`, `country`, `official_website`, `alltrails_trail_id`, `human_development_index`, `national_historical_museums_of_sweden_id`, `eu_knowledge_graph_item_id`, `central_bank`, `gini_coefficient`, `obo_gazetteer_id`, `openstreetmap_element`, `happy_planet_index_score`, `the_top_tens_id`, `grove_art_online_id`, `the_world_factbook_country_id`, `number_of_out_of_school_children`, `giant_bomb_id`, `dewey_decimal_classification`) VALUES ('United States of America', 'country in North America', '3590227', '24.5442989', 'destination/united-states', '4078704-7', 'Category:American people', '911', 'NEMA 1-15', 'USA', 'usa', '00003341n', 'President of the United States', 'Regional/North_America/United_States/', 'United States of America', '489ce91b-6658-3307-9877-795b68554c98', 'Independence Day', 'nan', 'nan', '99404.0', NULL, 'Afghanistan', 'Flag of the United States.svg', 'United States', '130168302', 'history of the United States', 'Washington, D.C.', 'usa', '148838', '310', '338.0', 'ge128584', '294942807.0', NULL, 'Category:Burials in the United States', 'Data:United States.map', '44.81539337', 'pays/etatsunis', '2204.0', 'World Health Organization', 6.700000000000000177, 'right', 'UTC−06:00', 'Category:Deaths in the United States', '105078', 'President of the United States', 'United States', 'Canada', '10045728.0', '7522.0', 'stati-uniti-d-america', '840', '52.92112', '1', '17829-1', 'uus', 'flag of the United States', 'US', 'nan', '0000 0001 2331 5230', 'united-states', 331449281.0, '7012149', 'Italia', 'outline of the United States', '871907', 'United States dollar', '6252001', '🇺🇸', 'concept806', 'geography of the United States', 'USA', 'the United States of America', 'The-United-States-of-America', 'D014481', 'us-news', 'presidential system', 'Greater coat of arms of the United States.svg', '2.16.840', 'United States Congress', 'nan', 'nan', '/m/09c7w0', 'English', 'Thirteen Colonies', 'North America', 'Great Seal of the United States', NULL, '134032.0', 'Wikipedia:List of articles all languages should have', 'US', '71.38', 'free country', 'US', 1.861499999999999933, 9826675.0, 'USA', 'the Americas', 'Category:United States', '118636082', 'USA orthographic.svg', '82857f8e-8134-462a-bb32-b7b14f4eab75', 'Joe Biden', 'USA', '1204155', '322', '3058', 'place/United-States', 'Statue of Liberty light banner.jpg', 'Category:Films shot in the United States', 120.0, 'federal government of the United States', 'The Star-Spangled Banner', 'Supreme Court of the United States', 78.69024000000000285, '.us', 'country', 'Denali', 'Category:Births in the United States', 'right', 'nan', 'Badwater Basin', 'united-states-america', 'Lb-Amerika.ogg', '026376598', 'Delaware', 'USA', 'n78095330', 43585.0, '39.828175', 'Small Brockhaus and Efron Encyclopedic Dictionary', 'vereinigte-staaten-von-amerika', '1455', 'Vereinigte_Staaten_von_Amerika', 'countries/xxu', 'English', 'usa', 'united-states-of-america', '25184', '85633793', 'atomic bombings of Hiroshima and Nagasaki', '1', '6578', '3380', '000-139', 'culture of the United States', 'wkcbUd', '37862', 'Category:Maps of the United States', 'stati-uniti-d-america', 'États-Unis', 'United_States', 'Estados_Unidos', 'Stati_Uniti_d''America', 'pays/États-Unis/118570', 'lccn-n78095330', 'north-america:United_States', '888', 'amerika-birlesik-devletleri', 'North America', 'data.gov', 'UnitedStatesOfAmerica', '+1784-05-12T00:00:00Z', '1634.0', 'E15', 'i84182', '13881', 'economy of the United States', '13557', 'H0009136', 'USA', 'p/24fee191-fccc-40ac-b5b9-5ce73b29907f', 'c14926bc-96b3-4a7c-a343-9e1640b0f9a9', 'nan', '미국', '09067337-n', 'demographics of the United States', 'usa', 'Y105078', '18-193507', 'cx1m7zg01xyt', 'T84-190', 'Template:United States topics', 'nan', '19551627.0', '2086335', 'USA', 'strany_mira/SOEDINENNIE_SHTATI_AMERIKI.html', '3992', 'SG--73', '987007269139705171', 7.919999999999999929, '4169149.0', '2669', 'Joe Biden', 'usa', 'Amerika', '2312.0', '16224', '8', '840.0', 'USA', 'American', 'USA', 'United States of America', 'https://www.usa.gov/', 'us', 0.9210000000000000408, 'geo/3EED62B5-48F8-4428-A852-9055CEAB288E', 'Q373', 'Federal Reserve System', 47.70000000000000284, '2459.0', 'node/424317935', 37.39999999999999858, '9.0', 'T087095', 'united-states', 2528999.0, '3035-396', '2--73')
Traceback (most recent call last):
  File "/home/lkruger/bachelorthesis/bachelorthesis/evaluation.py", line 134, in run_experiment
    insert_query_handler.handle_insert_query(query)
  File "/home/lkruger/bachelorthesis/bachelorthesis/system/insert_query_handler.py", line 27, in handle_insert_query
    query_data.table = self.strategy.predict_table_name(query_data)
  File "/home/lkruger/bachelorthesis/bachelorthesis/system/strategies/llama2/llama2_model.py", line 103, in predict_table_name
    self.run_prompt(
  File "/home/lkruger/bachelorthesis/bachelorthesis/system/strategies/llama2/llama2_model.py", line 87, in run_prompt
    return self.pipe(prompt_text)[0]["generated_text"]
  File "/home/lkruger/bachelorthesis/bachelorthesis/fine_tuning/venv/lib/python3.9/site-packages/transformers/pipelines/text_generation.py", line 240, in __call__
    return super().__call__(text_inputs, **kwargs)
  File "/home/lkruger/bachelorthesis/bachelorthesis/fine_tuning/venv/lib/python3.9/site-packages/transformers/pipelines/base.py", line 1242, in __call__
    return self.run_single(inputs, preprocess_params, forward_params, postprocess_params)
  File "/home/lkruger/bachelorthesis/bachelorthesis/fine_tuning/venv/lib/python3.9/site-packages/transformers/pipelines/base.py", line 1249, in run_single
    model_outputs = self.forward(model_inputs, **forward_params)
  File "/home/lkruger/bachelorthesis/bachelorthesis/fine_tuning/venv/lib/python3.9/site-packages/transformers/pipelines/base.py", line 1149, in forward
    model_outputs = self._forward(model_inputs, **forward_params)
  File "/home/lkruger/bachelorthesis/bachelorthesis/fine_tuning/venv/lib/python3.9/site-packages/transformers/pipelines/text_generation.py", line 327, in _forward
    generated_sequence = self.model.generate(input_ids=input_ids, attention_mask=attention_mask, **generate_kwargs)
  File "/home/lkruger/bachelorthesis/bachelorthesis/fine_tuning/venv/lib/python3.9/site-packages/torch/utils/_contextlib.py", line 115, in decorate_context
    return func(*args, **kwargs)
  File "/home/lkruger/bachelorthesis/bachelorthesis/fine_tuning/venv/lib/python3.9/site-packages/transformers/generation/utils.py", line 1622, in generate
    result = self._sample(
  File "/home/lkruger/bachelorthesis/bachelorthesis/fine_tuning/venv/lib/python3.9/site-packages/transformers/generation/utils.py", line 2791, in _sample
    outputs = self(
  File "/home/lkruger/bachelorthesis/bachelorthesis/fine_tuning/venv/lib/python3.9/site-packages/torch/nn/modules/module.py", line 1511, in _wrapped_call_impl
    return self._call_impl(*args, **kwargs)
  File "/home/lkruger/bachelorthesis/bachelorthesis/fine_tuning/venv/lib/python3.9/site-packages/torch/nn/modules/module.py", line 1520, in _call_impl
    return forward_call(*args, **kwargs)
  File "/home/lkruger/bachelorthesis/bachelorthesis/fine_tuning/venv/lib/python3.9/site-packages/accelerate/hooks.py", line 166, in new_forward
    output = module._old_forward(*args, **kwargs)
  File "/home/lkruger/bachelorthesis/bachelorthesis/fine_tuning/venv/lib/python3.9/site-packages/transformers/models/llama/modeling_llama.py", line 1208, in forward
    outputs = self.model(
  File "/home/lkruger/bachelorthesis/bachelorthesis/fine_tuning/venv/lib/python3.9/site-packages/torch/nn/modules/module.py", line 1511, in _wrapped_call_impl
    return self._call_impl(*args, **kwargs)
  File "/home/lkruger/bachelorthesis/bachelorthesis/fine_tuning/venv/lib/python3.9/site-packages/torch/nn/modules/module.py", line 1520, in _call_impl
    return forward_call(*args, **kwargs)
  File "/home/lkruger/bachelorthesis/bachelorthesis/fine_tuning/venv/lib/python3.9/site-packages/transformers/models/llama/modeling_llama.py", line 1018, in forward
    layer_outputs = decoder_layer(
  File "/home/lkruger/bachelorthesis/bachelorthesis/fine_tuning/venv/lib/python3.9/site-packages/torch/nn/modules/module.py", line 1511, in _wrapped_call_impl
    return self._call_impl(*args, **kwargs)
  File "/home/lkruger/bachelorthesis/bachelorthesis/fine_tuning/venv/lib/python3.9/site-packages/torch/nn/modules/module.py", line 1520, in _call_impl
    return forward_call(*args, **kwargs)
  File "/home/lkruger/bachelorthesis/bachelorthesis/fine_tuning/venv/lib/python3.9/site-packages/accelerate/hooks.py", line 166, in new_forward
    output = module._old_forward(*args, **kwargs)
  File "/home/lkruger/bachelorthesis/bachelorthesis/fine_tuning/venv/lib/python3.9/site-packages/transformers/models/llama/modeling_llama.py", line 756, in forward
    hidden_states = self.mlp(hidden_states)
  File "/home/lkruger/bachelorthesis/bachelorthesis/fine_tuning/venv/lib/python3.9/site-packages/torch/nn/modules/module.py", line 1511, in _wrapped_call_impl
    return self._call_impl(*args, **kwargs)
  File "/home/lkruger/bachelorthesis/bachelorthesis/fine_tuning/venv/lib/python3.9/site-packages/torch/nn/modules/module.py", line 1520, in _call_impl
    return forward_call(*args, **kwargs)
  File "/home/lkruger/bachelorthesis/bachelorthesis/fine_tuning/venv/lib/python3.9/site-packages/accelerate/hooks.py", line 166, in new_forward
    output = module._old_forward(*args, **kwargs)
  File "/home/lkruger/bachelorthesis/bachelorthesis/fine_tuning/venv/lib/python3.9/site-packages/transformers/models/llama/modeling_llama.py", line 240, in forward
    down_proj = self.down_proj(self.act_fn(self.gate_proj(x)) * self.up_proj(x))
torch.cuda.OutOfMemoryError: CUDA out of memory. Tried to allocate 164.00 MiB. GPU 0 has a total capacity of 15.77 GiB of which 157.88 MiB is free. Including non-PyTorch memory, this process has 15.62 GiB memory in use. Of the allocated memory 14.12 GiB is allocated by PyTorch, and 600.83 MiB is reserved by PyTorch but unallocated. If reserved but unallocated memory is large try setting PYTORCH_CUDA_ALLOC_CONF=expandable_segments:True to avoid fragmentation.  See documentation for Memory Management  (https://pytorch.org/docs/stable/notes/cuda.html#environment-variables)


Error while executing query: INSERT INTO (`label`, `description`, `great_russian_encyclopedia_online_id`, `coordinates_of_southernmost_point`, `new_york_times_topic_id`, `gnd_id`, `category_of_associated_people`, `emergency_phone_number`, `electrical_plug_type`, `licence_plate_code`, `hashtag`, `babelnet_id`, `office_held_by_head_of_government`, `curlie_id`, `native_label`, `musicbrainz_area_id`, `public_holiday`, `uic_alphabetical_country_code`, `comic_vine_id`, `insee_countries_and_foreign_territories_code`, `vat_rate`, `diplomatic_relation`, `flag_image`, `commons_gallery`, `viaf_id`, `history_of_topic`, `capital`, `subreddit`, `openstreetmap_relation_id`, `mobile_country_code`, `maritime_identification_digits`, `nkcr_aut_id`, `asc_leiden_thesaurus_id`, `marriageable_age`, `category_of_people_buried_here`, `geoshape`, `coordinates_of_easternmost_point`, `le_monde_diplomatique_subject_id`, `marine_regions_geographic_id`, `member_of`, `unemployment_rate`, `railway_traffic_side`, `located_in_time_zone`, `category_for_people_who_died_here`, `yso_id`, `office_held_by_head_of_state`, `commons_category`, `shares_border_with`, `us_national_archives_identifier`, `nalt_id`, `treccani_id`, `iso_3166_1_numeric_code`, `coordinates_of_westernmost_point`, `country_calling_code`, `stw_thesaurus_for_economics_id`, `statoids_id`, `flag`, `fips_10_4_countries_and_regions`, `dagens_nyheter_topic_id`, `isni`, `nese_id`, `population`, `getty_thesaurus_of_geographic_names_id`, `topics_main_wikimedia_portal`, `wikimedia_outline`, `ndl_authority_id`, `currency`, `geonames_id`, `unicode_character`, `unesco_thesaurus_id`, `geography_of_topic`, `iso_3166_1_alpha_3_code`, `official_name`, `quora_topic_id`, `mesh_descriptor_id`, `guardian_topic_id`, `basic_form_of_government`, `coat_of_arms_image`, `ituisoiec_object_identifier`, `legislative_body`, `trunk_prefix`, `nuts_code`, `freebase_id`, `official_language`, `replaces`, `continent`, `coat_of_arms`, `age_of_majority`, `national_library_of_israel_id_old`, `on_focus_list_of_wikimedia_project`, `wipo_st3`, `coordinates_of_northernmost_point`, `has_quality`, `iso_3166_1_alpha_2_code`, `total_fertility_rate`, `area`, `store_norske_leksikon_id`, `different_from`, `topics_main_category`, `bibliothèque_nationale_de_france_id`, `locator_map_image`, `bbc_things_id`, `head_of_government`, `ioc_country_code`, `fast_id`, `gacs_id`, `archinform_location_id`, `encyclopædia_britannica_online_id`, `page_banner`, `category_for_films_shot_at_this_location`, `mains_voltage`, `executive_body`, `anthem`, `highest_judicial_authority`, `life_expectancy`, `top_level_internet_domain`, `instance_of`, `highest_point`, `category_for_people_born_here`, `driving_side`, `uic_numerical_country_code`, `lowest_point`, `civicus_monitor_country_entry`, `pronunciation_audio`, `idref_id`, `contains_the_administrative_territorial_entity`, `itu_letter_code`, `library_of_congress_authority_id`, `median_income`, `coordinate_location`, `described_by_source`, `brockhaus_enzyklopädie_online_id`, `iab_code`, `klexikon_article_id`, `loc_and_marc_vocabularies_id`, `language_used`, `dr_topic_id`, `world_encyclopedia_of_puppetry_arts_id`, `gran_enciclopèdia_catalana_id`, `whos_on_first_id`, `participant_in`, `inaturalist_place_id`, `omegawiki_defined_meaning`, `hds_id`, `gs1_country_code`, `culture`, `geonlp_id`, `analysis_policy_observatory_term_id`, `category_for_maps`, `treccanis_dizionario_di_storia_id`, `french_vikidia_id`, `english_vikidia_id`, `spanish_vikidia_id`, `italian_vikidia_id`, `larousse_id`, `worldcat_identities_id`, `fandom_article_id`, `eurovoc_id`, `tdv_islam_ansiklopedisi_id`, `part_of`, `open_data_portal`, `kbpedia_id`, `inception`, `rkd_thesaurus_id`, `pm20_geo_code`, `interlingual_index_id`, `jewish_encyclopedia_id_russian`, `economy_of_topic`, `uk_parliament_thesaurus_id`, `edition_humboldt_digital_id`, `tasteatlas_id`, `sapa_id`, `bhcl_uuid`, `github_topic`, `namuwiki_id`, `wordnet_31_synset_id`, `demographics_of_topic`, `ávvir_topic_id`, `ysa_id`, `yle_topic_id`, `bbc_news_topic_id`, `joconde_location_id`, `topics_main_template`, `armeniapedia_id`, `zhihu_topic_id`, `idaigazetteer_id`, `den_store_danske_id`, `krugosvet_article`, `schoenberg_database_of_manuscripts_place_id`, `colon_classification`, `national_library_of_israel_j9u_id`, `democracy_index`, `online_pwn_encyclopedia_id`, `postimees_topic_id`, `head_of_state`, `der_spiegel_topic_id`, `gyldendals_teaterleksikon_id`, `museum_digital_place_id`, `wikisimpsons_id`, `urban_electric_transit_country_id`, `m49_code`, `short_name`, `demonym`, `süddeutsche_zeitung_topic_id`, `country`, `official_website`, `alltrails_trail_id`, `human_development_index`, `national_historical_museums_of_sweden_id`, `eu_knowledge_graph_item_id`, `central_bank`, `gini_coefficient`, `obo_gazetteer_id`, `openstreetmap_element`, `happy_planet_index_score`, `the_top_tens_id`, `grove_art_online_id`, `the_world_factbook_country_id`, `number_of_out_of_school_children`, `giant_bomb_id`, `dewey_decimal_classification`) VALUES ('United Kingdom', 'country in north-west Europe', '4351848', '49.95673883', 'nan', '4022153-2', 'Category:British people', '999', 'BS 1363', 'GB', 'UnitedKingdom', '00013173n', 'Prime Minister of the United Kingdom', 'Regional/Europe/United_Kingdom/', 'United Kingdom of Great Britain and Northern Ireland', '8a754a16-0027-3a29-b6d7-2b40ea0481ed', 'New Year''s Day', 'GB', 'nan', '99132.0', 20.0, 'Canada', 'Flag of the United Kingdom (3-5).svg', 'United Kingdom', '127756949', 'history of the United Kingdom', 'London', 'unitedkingdom', '62149', '234', '232.0', 'ge134525', '294914161.0', NULL, 'Category:Burials in the United Kingdom', 'Data:United Kingdom.map', '52.48106832', 'pays/royaumeuni', 'nan', 'United Nations', 6.0, 'left', 'UTC±00:00', 'Category:Deaths in the United Kingdom', '104990', 'monarch of the United Kingdom', 'United Kingdom', 'Republic of Ireland', 'nan', '19855.0', 'gran-bretagna-e-irlanda-del-nord-regno-unito-di', '826', '54.46477', '44', '17374-2', 'ugb', 'flag of the United Kingdom', 'UK', 'storbritannien', '0000 0001 2248 3427', 'united-kingdom', 67326569.0, '7008591', 'Portal:United Kingdom', 'outline of the United Kingdom', '871900', 'pound sterling', '2635167', '🇬🇧', 'concept925', 'geography of the United Kingdom', 'GBR', 'United Kingdom of Great Britain and Northern Ireland', 'The-United-Kingdom-1', 'D006113', 'uk-news', 'constitutional monarchy', 'Royal Coat of Arms of the United Kingdom.svg', '2.16.826', 'Parliament of the United Kingdom', '0.0', 'UK', '/m/07ssc', 'English', 'United Kingdom of Great Britain and Ireland', 'Europe', 'royal coat of arms of the United Kingdom', 18.0, '974670.0', 'Wikipedia:List of articles all languages should have', 'GB', '60.87', 'free country', 'GB', 1.830000000000000071, 242495.4067940000096, 'Storbritannia', 'Great Britain', 'Category:United Kingdom', '11872746v', 'Europe-UK.svg', '2e91364c-5c77-4660-b76e-d76202785e64', 'Rishi Sunak', 'GBR', '1204623', '388', '8463', 'place/United-Kingdom', 'Sycamore Gap Banner.jpg', 'Category:Films shot in the United Kingdom', 230.0, 'Government of the United Kingdom', 'God Save the King', 'Supreme Court of the United Kingdom', 80.95610000000000639, '.uk', 'sovereign state', 'Ben Nevis', 'Category:Births in the United Kingdom', 'left', '70.0', 'The Fens', 'united-kingdom', 'Lb-Vereenegt Kinnekräich.ogg', '026488515', 'Northern Ireland', 'G', 'n79023147', 31617.0, '54.6', 'Encyclopædia Britannica 11th edition', 'nan', '1453', 'Großbritannien', 'countries/xxk', 'English', 'storbritannien', 'great-britain', '30805', '85633159', 'Battle of Carillon', '6857', '8302', '3356', '500-509', 'culture of the United Kingdom', 'hOIv1y', '19016', 'Category:Maps of the United Kingdom', 'gran-bretagna', 'Royaume-Uni', 'United_Kingdom', 'Reino_Unido', 'Regno_Unito', 'pays/Grande-Bretagne/122085', 'viaf-127412899', 'united-kingdom:United_Kingdom_of_Great_Britain_and_Northern_Ireland', '3774', 'nan', 'Commonwealth of Nations', 'data.gov.uk', 'UnitedKingdom', '+1927-04-12T00:00:00Z', '26187.0', 'A22', 'i83373', '10872', 'economy of the United Kingdom', '13526', 'H0010934', 'united-kingdom', 'p/f7c88cf6-7901-4dcc-bad4-6002e52b35ce', '07d2d2b9-6788-4e6f-b7ae-d287bd74eb33', 'uk', '영국', '08879115-n', 'demographics of the United Kingdom', 'stuorra-britannia', 'Y104990', '18-229075', 'nan', 'T84-3504', 'Template:Country data United Kingdom', 'nan', '19552360.0', '2290445', 'Storbritannien', 'Earth_sciences/geografiya/SOEDINENNOE_KOROLEVSTVO_VELIKOBRITANII_I_SEVERNO_IRLANDII.html', '3999', 'nan', '987007554952005171', 8.539999999999999147, '4169177.0', '3666', 'Charles III', 'grossbritannien', 'nan', 'nan', '41871', '31', '826.0', 'UK', 'British', 'Großbritannien', 'United Kingdom', 'https://www.gov.uk/', 'nan', 0.929000000000000047, 'geo/95CDA651-011B-44EF-92F9-1F5680FD754A', 'Q21', 'Bank of England', 32.79999999999999715, '2637.0', 'node/838090640', 56.0, '41.0', 'T087093', 'united-kingdom', 62799.0, '3035-492', '2--41')
Traceback (most recent call last):
  File "/home/lkruger/bachelorthesis/bachelorthesis/evaluation.py", line 134, in run_experiment
    insert_query_handler.handle_insert_query(query)
  File "/home/lkruger/bachelorthesis/bachelorthesis/system/insert_query_handler.py", line 27, in handle_insert_query
    query_data.table = self.strategy.predict_table_name(query_data)
  File "/home/lkruger/bachelorthesis/bachelorthesis/system/strategies/llama2/llama2_model.py", line 103, in predict_table_name
    self.run_prompt(
  File "/home/lkruger/bachelorthesis/bachelorthesis/system/strategies/llama2/llama2_model.py", line 87, in run_prompt
    return self.pipe(prompt_text)[0]["generated_text"]
  File "/home/lkruger/bachelorthesis/bachelorthesis/fine_tuning/venv/lib/python3.9/site-packages/transformers/pipelines/text_generation.py", line 240, in __call__
    return super().__call__(text_inputs, **kwargs)
  File "/home/lkruger/bachelorthesis/bachelorthesis/fine_tuning/venv/lib/python3.9/site-packages/transformers/pipelines/base.py", line 1242, in __call__
    return self.run_single(inputs, preprocess_params, forward_params, postprocess_params)
  File "/home/lkruger/bachelorthesis/bachelorthesis/fine_tuning/venv/lib/python3.9/site-packages/transformers/pipelines/base.py", line 1249, in run_single
    model_outputs = self.forward(model_inputs, **forward_params)
  File "/home/lkruger/bachelorthesis/bachelorthesis/fine_tuning/venv/lib/python3.9/site-packages/transformers/pipelines/base.py", line 1149, in forward
    model_outputs = self._forward(model_inputs, **forward_params)
  File "/home/lkruger/bachelorthesis/bachelorthesis/fine_tuning/venv/lib/python3.9/site-packages/transformers/pipelines/text_generation.py", line 327, in _forward
    generated_sequence = self.model.generate(input_ids=input_ids, attention_mask=attention_mask, **generate_kwargs)
  File "/home/lkruger/bachelorthesis/bachelorthesis/fine_tuning/venv/lib/python3.9/site-packages/torch/utils/_contextlib.py", line 115, in decorate_context
    return func(*args, **kwargs)
  File "/home/lkruger/bachelorthesis/bachelorthesis/fine_tuning/venv/lib/python3.9/site-packages/transformers/generation/utils.py", line 1622, in generate
    result = self._sample(
  File "/home/lkruger/bachelorthesis/bachelorthesis/fine_tuning/venv/lib/python3.9/site-packages/transformers/generation/utils.py", line 2791, in _sample
    outputs = self(
  File "/home/lkruger/bachelorthesis/bachelorthesis/fine_tuning/venv/lib/python3.9/site-packages/torch/nn/modules/module.py", line 1511, in _wrapped_call_impl
    return self._call_impl(*args, **kwargs)
  File "/home/lkruger/bachelorthesis/bachelorthesis/fine_tuning/venv/lib/python3.9/site-packages/torch/nn/modules/module.py", line 1520, in _call_impl
    return forward_call(*args, **kwargs)
  File "/home/lkruger/bachelorthesis/bachelorthesis/fine_tuning/venv/lib/python3.9/site-packages/accelerate/hooks.py", line 166, in new_forward
    output = module._old_forward(*args, **kwargs)
  File "/home/lkruger/bachelorthesis/bachelorthesis/fine_tuning/venv/lib/python3.9/site-packages/transformers/models/llama/modeling_llama.py", line 1208, in forward
    outputs = self.model(
  File "/home/lkruger/bachelorthesis/bachelorthesis/fine_tuning/venv/lib/python3.9/site-packages/torch/nn/modules/module.py", line 1511, in _wrapped_call_impl
    return self._call_impl(*args, **kwargs)
  File "/home/lkruger/bachelorthesis/bachelorthesis/fine_tuning/venv/lib/python3.9/site-packages/torch/nn/modules/module.py", line 1520, in _call_impl
    return forward_call(*args, **kwargs)
  File "/home/lkruger/bachelorthesis/bachelorthesis/fine_tuning/venv/lib/python3.9/site-packages/transformers/models/llama/modeling_llama.py", line 1018, in forward
    layer_outputs = decoder_layer(
  File "/home/lkruger/bachelorthesis/bachelorthesis/fine_tuning/venv/lib/python3.9/site-packages/torch/nn/modules/module.py", line 1511, in _wrapped_call_impl
    return self._call_impl(*args, **kwargs)
  File "/home/lkruger/bachelorthesis/bachelorthesis/fine_tuning/venv/lib/python3.9/site-packages/torch/nn/modules/module.py", line 1520, in _call_impl
    return forward_call(*args, **kwargs)
  File "/home/lkruger/bachelorthesis/bachelorthesis/fine_tuning/venv/lib/python3.9/site-packages/accelerate/hooks.py", line 166, in new_forward
    output = module._old_forward(*args, **kwargs)
  File "/home/lkruger/bachelorthesis/bachelorthesis/fine_tuning/venv/lib/python3.9/site-packages/transformers/models/llama/modeling_llama.py", line 756, in forward
    hidden_states = self.mlp(hidden_states)
  File "/home/lkruger/bachelorthesis/bachelorthesis/fine_tuning/venv/lib/python3.9/site-packages/torch/nn/modules/module.py", line 1511, in _wrapped_call_impl
    return self._call_impl(*args, **kwargs)
  File "/home/lkruger/bachelorthesis/bachelorthesis/fine_tuning/venv/lib/python3.9/site-packages/torch/nn/modules/module.py", line 1520, in _call_impl
    return forward_call(*args, **kwargs)
  File "/home/lkruger/bachelorthesis/bachelorthesis/fine_tuning/venv/lib/python3.9/site-packages/accelerate/hooks.py", line 166, in new_forward
    output = module._old_forward(*args, **kwargs)
  File "/home/lkruger/bachelorthesis/bachelorthesis/fine_tuning/venv/lib/python3.9/site-packages/transformers/models/llama/modeling_llama.py", line 240, in forward
    down_proj = self.down_proj(self.act_fn(self.gate_proj(x)) * self.up_proj(x))
torch.cuda.OutOfMemoryError: CUDA out of memory. Tried to allocate 166.00 MiB. GPU 0 has a total capacity of 15.77 GiB of which 135.88 MiB is free. Including non-PyTorch memory, this process has 15.64 GiB memory in use. Of the allocated memory 14.14 GiB is allocated by PyTorch, and 610.02 MiB is reserved by PyTorch but unallocated. If reserved but unallocated memory is large try setting PYTORCH_CUDA_ALLOC_CONF=expandable_segments:True to avoid fragmentation.  See documentation for Memory Management  (https://pytorch.org/docs/stable/notes/cuda.html#environment-variables)


Error while executing query: INSERT INTO (`label`, `description`, `great_russian_encyclopedia_online_id`, `coordinates_of_southernmost_point`, `new_york_times_topic_id`, `gnd_id`, `category_of_associated_people`, `emergency_phone_number`, `electrical_plug_type`, `licence_plate_code`, `hashtag`, `babelnet_id`, `office_held_by_head_of_government`, `curlie_id`, `native_label`, `musicbrainz_area_id`, `public_holiday`, `uic_alphabetical_country_code`, `comic_vine_id`, `insee_countries_and_foreign_territories_code`, `vat_rate`, `diplomatic_relation`, `flag_image`, `commons_gallery`, `viaf_id`, `history_of_topic`, `capital`, `subreddit`, `openstreetmap_relation_id`, `mobile_country_code`, `maritime_identification_digits`, `nkcr_aut_id`, `asc_leiden_thesaurus_id`, `marriageable_age`, `category_of_people_buried_here`, `geoshape`, `coordinates_of_easternmost_point`, `le_monde_diplomatique_subject_id`, `marine_regions_geographic_id`, `member_of`, `unemployment_rate`, `railway_traffic_side`, `located_in_time_zone`, `category_for_people_who_died_here`, `yso_id`, `office_held_by_head_of_state`, `commons_category`, `shares_border_with`, `us_national_archives_identifier`, `nalt_id`, `treccani_id`, `iso_3166_1_numeric_code`, `coordinates_of_westernmost_point`, `country_calling_code`, `stw_thesaurus_for_economics_id`, `statoids_id`, `flag`, `fips_10_4_countries_and_regions`, `dagens_nyheter_topic_id`, `isni`, `nese_id`, `population`, `getty_thesaurus_of_geographic_names_id`, `topics_main_wikimedia_portal`, `wikimedia_outline`, `ndl_authority_id`, `currency`, `geonames_id`, `unicode_character`, `unesco_thesaurus_id`, `geography_of_topic`, `iso_3166_1_alpha_3_code`, `official_name`, `quora_topic_id`, `mesh_descriptor_id`, `guardian_topic_id`, `basic_form_of_government`, `coat_of_arms_image`, `ituisoiec_object_identifier`, `legislative_body`, `trunk_prefix`, `nuts_code`, `freebase_id`, `official_language`, `replaces`, `continent`, `coat_of_arms`, `age_of_majority`, `national_library_of_israel_id_old`, `on_focus_list_of_wikimedia_project`, `wipo_st3`, `coordinates_of_northernmost_point`, `has_quality`, `iso_3166_1_alpha_2_code`, `total_fertility_rate`, `area`, `store_norske_leksikon_id`, `different_from`, `topics_main_category`, `bibliothèque_nationale_de_france_id`, `locator_map_image`, `bbc_things_id`, `head_of_government`, `ioc_country_code`, `fast_id`, `gacs_id`, `archinform_location_id`, `encyclopædia_britannica_online_id`, `page_banner`, `category_for_films_shot_at_this_location`, `mains_voltage`, `executive_body`, `anthem`, `highest_judicial_authority`, `life_expectancy`, `top_level_internet_domain`, `instance_of`, `highest_point`, `category_for_people_born_here`, `driving_side`, `uic_numerical_country_code`, `lowest_point`, `civicus_monitor_country_entry`, `pronunciation_audio`, `idref_id`, `contains_the_administrative_territorial_entity`, `itu_letter_code`, `library_of_congress_authority_id`, `median_income`, `coordinate_location`, `described_by_source`, `brockhaus_enzyklopädie_online_id`, `iab_code`, `klexikon_article_id`, `loc_and_marc_vocabularies_id`, `language_used`, `dr_topic_id`, `world_encyclopedia_of_puppetry_arts_id`, `gran_enciclopèdia_catalana_id`, `whos_on_first_id`, `participant_in`, `inaturalist_place_id`, `omegawiki_defined_meaning`, `hds_id`, `gs1_country_code`, `culture`, `geonlp_id`, `analysis_policy_observatory_term_id`, `category_for_maps`, `treccanis_dizionario_di_storia_id`, `french_vikidia_id`, `english_vikidia_id`, `spanish_vikidia_id`, `italian_vikidia_id`, `larousse_id`, `worldcat_identities_id`, `fandom_article_id`, `eurovoc_id`, `tdv_islam_ansiklopedisi_id`, `part_of`, `open_data_portal`, `kbpedia_id`, `inception`, `rkd_thesaurus_id`, `pm20_geo_code`, `interlingual_index_id`, `jewish_encyclopedia_id_russian`, `economy_of_topic`, `uk_parliament_thesaurus_id`, `edition_humboldt_digital_id`, `tasteatlas_id`, `sapa_id`, `bhcl_uuid`, `github_topic`, `namuwiki_id`, `wordnet_31_synset_id`, `demographics_of_topic`, `ávvir_topic_id`, `ysa_id`, `yle_topic_id`, `bbc_news_topic_id`, `joconde_location_id`, `topics_main_template`, `armeniapedia_id`, `zhihu_topic_id`, `idaigazetteer_id`, `den_store_danske_id`, `krugosvet_article`, `schoenberg_database_of_manuscripts_place_id`, `colon_classification`, `national_library_of_israel_j9u_id`, `democracy_index`, `online_pwn_encyclopedia_id`, `postimees_topic_id`, `head_of_state`, `der_spiegel_topic_id`, `gyldendals_teaterleksikon_id`, `museum_digital_place_id`, `wikisimpsons_id`, `urban_electric_transit_country_id`, `m49_code`, `short_name`, `demonym`, `süddeutsche_zeitung_topic_id`, `country`, `official_website`, `alltrails_trail_id`, `human_development_index`, `national_historical_museums_of_sweden_id`, `eu_knowledge_graph_item_id`, `central_bank`, `gini_coefficient`, `obo_gazetteer_id`, `openstreetmap_element`, `happy_planet_index_score`, `the_top_tens_id`, `grove_art_online_id`, `the_world_factbook_country_id`, `number_of_out_of_school_children`, `giant_bomb_id`, `dewey_decimal_classification`) VALUES ('Spain', 'country in southwestern Europe with territories in Africa', '2632850', '27.641944444444444', 'destination/spain', '4055964-6', 'Category:Spanish people', '112', 'Europlug', 'E', 'Spain', '00031605n', 'Prime Minister of Spain', 'Regional/Europe/Spain/', 'Reino de España', '471c46a7-afc5-31c4-923c-d0444f5053a4', 'New Year''s Day', 'E', '4020-55776', '99134.0', 21.0, 'Italy', 'Flag of Spain.svg', 'España', '133609710', 'history of Spain', 'Madrid', 'es', '1311341', '214', '224.0', 'ge131543', '294938850.0', 16.0, 'Category:Burials in Spain', 'Data:Spain.map', '39.87672222222222', 'pays/espagne', '2185.0', 'North Atlantic Treaty Organization', 16.0, 'nan', 'UTC+01:00', 'Category:Deaths in Spain', '105209', 'Monarch of Spain', 'Spain', 'Gibraltar', '10035826.0', '21750.0', 'spagna', '724', '27.704167', '34', '17161-5', 'ues', 'flag of Spain', 'SP', 'spanien', '0000 0001 2324 3505', 'spanien', 47415750.0, '1000095', 'Portal:Spain', 'outline of Spain', '571694', 'euro', '2510769', '🇪🇸', 'concept923', 'geography of Spain', 'ESP', 'Španělské království', 'Spain', 'D013030', 'world/spain', 'parliamentary monarchy', 'Escudo de España (mazonado).svg', '2.16.724', 'Cortes Generales', 'nan', 'ES', '/m/06mkj', 'Spanish', 'Hispanic Monarchy', 'Europe', 'coat of arms of Spain', 18.0, '974222.0', 'Wikipedia:List of articles all languages should have', 'ES', '43.791222222222224', 'free country', 'ES', 1.270000000000000017, 505990.0, 'Spania', 'Español', 'Category:Spain', '118635857', 'EU-Spain.svg', 'c0adb26a-0bdb-4f42-8c12-7d41b56986de', 'Pedro Sánchez', 'ESP', '1204303', '295', '3043', 'place/Spain', 'Cardejón banner1.jpg', 'Category:Films shot in Spain', 230.0, 'Government of Spain', 'Marcha Real', 'Supreme Court of Spain', 82.83171000000000105, '.es', 'sovereign state', 'Teide', 'Category:Births in Spain', 'right', '71.0', 'Mina de Las Cruces', 'spain', 'Lb-Spuenien.ogg', '026376296', 'plazas de soberanía', 'E', 'n79006971', 21959.0, '40.2', 'Catholic Encyclopedia', 'spanien', '1412', 'Spanien', 'countries/sp', 'Spanish', 'spanien', 'spain', '24810', '85633129', 'Battle of Porto Bello', '6774', '7965', '3372', '840-849', 'culture of Spain', 'NgN1jZ', '9496', 'Category:Maps of Spain', 'spagna', 'Espagne', 'Spain', 'España', 'Spagna', 'pays/Espagne/118438', 'lccn-n79006971', 'nan', '863', 'ispanya', 'Europe', 'Spain open data portal', 'Spain', '+1715-00-00T00:00:00Z', '386.0', 'A30', 'i84082', '11856', 'economy of Spain', '12960', 'H0010330', 'spain', 'p/43369cca-be00-41fd-804a-873cf1c50294', 'e2f8a55c-e941-4638-8f8b-5086aa7744f8', 'spain', '스페인', '09045691-n', 'demographics of Spain', 'espannja', 'Y105209', '18-177171', 'c302m85qenvt', 'T84-703', 'Template:Spain topics', '16484.0', '19592266.0', '2074390', 'Spanien', 'strany_mira/ISPANIYA.html', '30', 'SG--541', '987007552531805171', 8.119999999999999218, '4169050.0', '3290', 'Felipe VI of Spain', 'spanien', 'Spanien', '2333.0', '48451', '23', '724.0', 'Іспанія', 'Spanish', 'Spanien', 'Spain', 'http://www.spain.info/', 'spain', 0.9050000000000000266, 'geo/F9FEFF96-EEF8-45D8-BA7A-3C8BAC93164D', 'Q7', 'nan', 34.29999999999999715, '591.0', 'node/148332300', 52.29999999999999716, '64.0', 'T080265', 'spain', 35822.0, '3035-527', '2--46')
Traceback (most recent call last):
  File "/home/lkruger/bachelorthesis/bachelorthesis/evaluation.py", line 134, in run_experiment
    insert_query_handler.handle_insert_query(query)
  File "/home/lkruger/bachelorthesis/bachelorthesis/system/insert_query_handler.py", line 27, in handle_insert_query
    query_data.table = self.strategy.predict_table_name(query_data)
  File "/home/lkruger/bachelorthesis/bachelorthesis/system/strategies/llama2/llama2_model.py", line 103, in predict_table_name
    self.run_prompt(
  File "/home/lkruger/bachelorthesis/bachelorthesis/system/strategies/llama2/llama2_model.py", line 87, in run_prompt
    return self.pipe(prompt_text)[0]["generated_text"]
  File "/home/lkruger/bachelorthesis/bachelorthesis/fine_tuning/venv/lib/python3.9/site-packages/transformers/pipelines/text_generation.py", line 240, in __call__
    return super().__call__(text_inputs, **kwargs)
  File "/home/lkruger/bachelorthesis/bachelorthesis/fine_tuning/venv/lib/python3.9/site-packages/transformers/pipelines/base.py", line 1242, in __call__
    return self.run_single(inputs, preprocess_params, forward_params, postprocess_params)
  File "/home/lkruger/bachelorthesis/bachelorthesis/fine_tuning/venv/lib/python3.9/site-packages/transformers/pipelines/base.py", line 1249, in run_single
    model_outputs = self.forward(model_inputs, **forward_params)
  File "/home/lkruger/bachelorthesis/bachelorthesis/fine_tuning/venv/lib/python3.9/site-packages/transformers/pipelines/base.py", line 1149, in forward
    model_outputs = self._forward(model_inputs, **forward_params)
  File "/home/lkruger/bachelorthesis/bachelorthesis/fine_tuning/venv/lib/python3.9/site-packages/transformers/pipelines/text_generation.py", line 327, in _forward
    generated_sequence = self.model.generate(input_ids=input_ids, attention_mask=attention_mask, **generate_kwargs)
  File "/home/lkruger/bachelorthesis/bachelorthesis/fine_tuning/venv/lib/python3.9/site-packages/torch/utils/_contextlib.py", line 115, in decorate_context
    return func(*args, **kwargs)
  File "/home/lkruger/bachelorthesis/bachelorthesis/fine_tuning/venv/lib/python3.9/site-packages/transformers/generation/utils.py", line 1622, in generate
    result = self._sample(
  File "/home/lkruger/bachelorthesis/bachelorthesis/fine_tuning/venv/lib/python3.9/site-packages/transformers/generation/utils.py", line 2791, in _sample
    outputs = self(
  File "/home/lkruger/bachelorthesis/bachelorthesis/fine_tuning/venv/lib/python3.9/site-packages/torch/nn/modules/module.py", line 1511, in _wrapped_call_impl
    return self._call_impl(*args, **kwargs)
  File "/home/lkruger/bachelorthesis/bachelorthesis/fine_tuning/venv/lib/python3.9/site-packages/torch/nn/modules/module.py", line 1520, in _call_impl
    return forward_call(*args, **kwargs)
  File "/home/lkruger/bachelorthesis/bachelorthesis/fine_tuning/venv/lib/python3.9/site-packages/accelerate/hooks.py", line 166, in new_forward
    output = module._old_forward(*args, **kwargs)
  File "/home/lkruger/bachelorthesis/bachelorthesis/fine_tuning/venv/lib/python3.9/site-packages/transformers/models/llama/modeling_llama.py", line 1208, in forward
    outputs = self.model(
  File "/home/lkruger/bachelorthesis/bachelorthesis/fine_tuning/venv/lib/python3.9/site-packages/torch/nn/modules/module.py", line 1511, in _wrapped_call_impl
    return self._call_impl(*args, **kwargs)
  File "/home/lkruger/bachelorthesis/bachelorthesis/fine_tuning/venv/lib/python3.9/site-packages/torch/nn/modules/module.py", line 1520, in _call_impl
    return forward_call(*args, **kwargs)
  File "/home/lkruger/bachelorthesis/bachelorthesis/fine_tuning/venv/lib/python3.9/site-packages/transformers/models/llama/modeling_llama.py", line 1018, in forward
    layer_outputs = decoder_layer(
  File "/home/lkruger/bachelorthesis/bachelorthesis/fine_tuning/venv/lib/python3.9/site-packages/torch/nn/modules/module.py", line 1511, in _wrapped_call_impl
    return self._call_impl(*args, **kwargs)
  File "/home/lkruger/bachelorthesis/bachelorthesis/fine_tuning/venv/lib/python3.9/site-packages/torch/nn/modules/module.py", line 1520, in _call_impl
    return forward_call(*args, **kwargs)
  File "/home/lkruger/bachelorthesis/bachelorthesis/fine_tuning/venv/lib/python3.9/site-packages/accelerate/hooks.py", line 166, in new_forward
    output = module._old_forward(*args, **kwargs)
  File "/home/lkruger/bachelorthesis/bachelorthesis/fine_tuning/venv/lib/python3.9/site-packages/transformers/models/llama/modeling_llama.py", line 756, in forward
    hidden_states = self.mlp(hidden_states)
  File "/home/lkruger/bachelorthesis/bachelorthesis/fine_tuning/venv/lib/python3.9/site-packages/torch/nn/modules/module.py", line 1511, in _wrapped_call_impl
    return self._call_impl(*args, **kwargs)
  File "/home/lkruger/bachelorthesis/bachelorthesis/fine_tuning/venv/lib/python3.9/site-packages/torch/nn/modules/module.py", line 1520, in _call_impl
    return forward_call(*args, **kwargs)
  File "/home/lkruger/bachelorthesis/bachelorthesis/fine_tuning/venv/lib/python3.9/site-packages/accelerate/hooks.py", line 166, in new_forward
    output = module._old_forward(*args, **kwargs)
  File "/home/lkruger/bachelorthesis/bachelorthesis/fine_tuning/venv/lib/python3.9/site-packages/transformers/models/llama/modeling_llama.py", line 240, in forward
    down_proj = self.down_proj(self.act_fn(self.gate_proj(x)) * self.up_proj(x))
torch.cuda.OutOfMemoryError: CUDA out of memory. Tried to allocate 158.00 MiB. GPU 0 has a total capacity of 15.77 GiB of which 135.88 MiB is free. Including non-PyTorch memory, this process has 15.64 GiB memory in use. Of the allocated memory 14.08 GiB is allocated by PyTorch, and 670.41 MiB is reserved by PyTorch but unallocated. If reserved but unallocated memory is large try setting PYTORCH_CUDA_ALLOC_CONF=expandable_segments:True to avoid fragmentation.  See documentation for Memory Management  (https://pytorch.org/docs/stable/notes/cuda.html#environment-variables)


Error while executing query: INSERT INTO (`label`, `description`, `great_russian_encyclopedia_online_id`, `coordinates_of_southernmost_point`, `new_york_times_topic_id`, `gnd_id`, `category_of_associated_people`, `emergency_phone_number`, `electrical_plug_type`, `licence_plate_code`, `hashtag`, `babelnet_id`, `office_held_by_head_of_government`, `curlie_id`, `native_label`, `musicbrainz_area_id`, `public_holiday`, `uic_alphabetical_country_code`, `comic_vine_id`, `insee_countries_and_foreign_territories_code`, `vat_rate`, `diplomatic_relation`, `flag_image`, `commons_gallery`, `viaf_id`, `history_of_topic`, `capital`, `subreddit`, `openstreetmap_relation_id`, `mobile_country_code`, `maritime_identification_digits`, `nkcr_aut_id`, `asc_leiden_thesaurus_id`, `marriageable_age`, `category_of_people_buried_here`, `geoshape`, `coordinates_of_easternmost_point`, `le_monde_diplomatique_subject_id`, `marine_regions_geographic_id`, `member_of`, `unemployment_rate`, `railway_traffic_side`, `located_in_time_zone`, `category_for_people_who_died_here`, `yso_id`, `office_held_by_head_of_state`, `commons_category`, `shares_border_with`, `us_national_archives_identifier`, `nalt_id`, `treccani_id`, `iso_3166_1_numeric_code`, `coordinates_of_westernmost_point`, `country_calling_code`, `stw_thesaurus_for_economics_id`, `statoids_id`, `flag`, `fips_10_4_countries_and_regions`, `dagens_nyheter_topic_id`, `isni`, `nese_id`, `population`, `getty_thesaurus_of_geographic_names_id`, `topics_main_wikimedia_portal`, `wikimedia_outline`, `ndl_authority_id`, `currency`, `geonames_id`, `unicode_character`, `unesco_thesaurus_id`, `geography_of_topic`, `iso_3166_1_alpha_3_code`, `official_name`, `quora_topic_id`, `mesh_descriptor_id`, `guardian_topic_id`, `basic_form_of_government`, `coat_of_arms_image`, `ituisoiec_object_identifier`, `legislative_body`, `trunk_prefix`, `nuts_code`, `freebase_id`, `official_language`, `replaces`, `continent`, `coat_of_arms`, `age_of_majority`, `national_library_of_israel_id_old`, `on_focus_list_of_wikimedia_project`, `wipo_st3`, `coordinates_of_northernmost_point`, `has_quality`, `iso_3166_1_alpha_2_code`, `total_fertility_rate`, `area`, `store_norske_leksikon_id`, `different_from`, `topics_main_category`, `bibliothèque_nationale_de_france_id`, `locator_map_image`, `bbc_things_id`, `head_of_government`, `ioc_country_code`, `fast_id`, `gacs_id`, `archinform_location_id`, `encyclopædia_britannica_online_id`, `page_banner`, `category_for_films_shot_at_this_location`, `mains_voltage`, `executive_body`, `anthem`, `highest_judicial_authority`, `life_expectancy`, `top_level_internet_domain`, `instance_of`, `highest_point`, `category_for_people_born_here`, `driving_side`, `uic_numerical_country_code`, `lowest_point`, `civicus_monitor_country_entry`, `pronunciation_audio`, `idref_id`, `contains_the_administrative_territorial_entity`, `itu_letter_code`, `library_of_congress_authority_id`, `median_income`, `coordinate_location`, `described_by_source`, `brockhaus_enzyklopädie_online_id`, `iab_code`, `klexikon_article_id`, `loc_and_marc_vocabularies_id`, `language_used`, `dr_topic_id`, `world_encyclopedia_of_puppetry_arts_id`, `gran_enciclopèdia_catalana_id`, `whos_on_first_id`, `participant_in`, `inaturalist_place_id`, `omegawiki_defined_meaning`, `hds_id`, `gs1_country_code`, `culture`, `geonlp_id`, `analysis_policy_observatory_term_id`, `category_for_maps`, `treccanis_dizionario_di_storia_id`, `french_vikidia_id`, `english_vikidia_id`, `spanish_vikidia_id`, `italian_vikidia_id`, `larousse_id`, `worldcat_identities_id`, `fandom_article_id`, `eurovoc_id`, `tdv_islam_ansiklopedisi_id`, `part_of`, `open_data_portal`, `kbpedia_id`, `inception`, `rkd_thesaurus_id`, `pm20_geo_code`, `interlingual_index_id`, `jewish_encyclopedia_id_russian`, `economy_of_topic`, `uk_parliament_thesaurus_id`, `edition_humboldt_digital_id`, `tasteatlas_id`, `sapa_id`, `bhcl_uuid`, `github_topic`, `namuwiki_id`, `wordnet_31_synset_id`, `demographics_of_topic`, `ávvir_topic_id`, `ysa_id`, `yle_topic_id`, `bbc_news_topic_id`, `joconde_location_id`, `topics_main_template`, `armeniapedia_id`, `zhihu_topic_id`, `idaigazetteer_id`, `den_store_danske_id`, `krugosvet_article`, `schoenberg_database_of_manuscripts_place_id`, `colon_classification`, `national_library_of_israel_j9u_id`, `democracy_index`, `online_pwn_encyclopedia_id`, `postimees_topic_id`, `head_of_state`, `der_spiegel_topic_id`, `gyldendals_teaterleksikon_id`, `museum_digital_place_id`, `wikisimpsons_id`, `urban_electric_transit_country_id`, `m49_code`, `short_name`, `demonym`, `süddeutsche_zeitung_topic_id`, `country`, `official_website`, `alltrails_trail_id`, `human_development_index`, `national_historical_museums_of_sweden_id`, `eu_knowledge_graph_item_id`, `central_bank`, `gini_coefficient`, `obo_gazetteer_id`, `openstreetmap_element`, `happy_planet_index_score`, `the_top_tens_id`, `grove_art_online_id`, `the_world_factbook_country_id`, `number_of_out_of_school_children`, `giant_bomb_id`, `dewey_decimal_classification`) VALUES ('Austria', 'country in Central Europe', '3935164', '46.372341', 'destination/austria', '4043271-3', 'Category:Austrian people', '112', 'Europlug', 'A', 'Österreich', '00007266n', 'Federal Chancellor of Austria', 'Regional/Europe/Austria/', 'Republik Österreich', 'caac77d1-a5c8-3e6e-8e27-90b44dcc1446', 'New Year''s Day', 'A', '4020-55915', '99110.0', 20.0, 'Italy', 'Flag of Austria.svg', 'Österreich', '148842731', 'history of Austria', 'Vienna', 'austria', '16239', '232', '203.0', 'ge130612', '294899561.0', 18.0, 'Category:Burials in Austria', 'Data:Austria.map', '48.006579', 'pays/autriche', '2146.0', 'United Nations', 5.0, 'nan', 'UTC+01:00', 'Category:Deaths in Austria', '105294', 'President of Austria', 'Austria', 'Germany', '10035760.0', '13959.0', 'austria', '40', '47.270554', '43', '16950-4', 'uat', 'flag of Austria', 'AU', 'osterrike', '0000 0001 2265 1953', 'österrike', 8979894.0, '1000062', 'Portal:Austria', 'outline of Austria', '568970', 'euro', '2782113', '🇦🇹', 'concept890', 'geography of Austria', 'AUT', 'Österreich', 'Austria', 'D001317', 'world/austria', 'federal parliamentary republic', 'Coat of arms of Austria.svg', '2.16.40', 'Austrian Parliament', '0.0', 'AT', '/m/0h7x', 'German', 'Austria-Hungary', 'Europe', 'coat of arms of Austria', 18.0, '13315.0', 'Wikipedia:List of articles all languages should have', 'AT', '49.020608', 'free country', 'AT', 1.479999999999999983, 83858.0, 'Østerrike', 'Austria', 'Category:Austria', '152383744', 'EU-Austria.svg', 'c7734490-bead-471b-8d26-31b162d37278', 'Karl Nehammer', 'AUT', '1204901', '13', '3025', 'place/Austria', 'Austria-banner1.jpg', 'Category:Films shot in Austria', 230.0, 'Austrian Federal Government', 'Land der Berge, Land am Strome', 'Constitutional Court of Austria', 80.8902400000000057, '.at', 'sovereign state', 'Grossglockner', 'Category:Births in Austria', 'right', '81.0', 'Neusiedl Lake', 'austria', 'Lb-Éisträich.ogg', '026359863', 'Burgenland', 'AUT', 'n79040121', 34911.0, '48.0', 'Great Soviet Encyclopedia (1926–1947)', 'österreich', '1243', 'Österreich', 'countries/au', 'German', 'ostrig', 'austria', '6227', '85632785', 'nan', '8057', '5777', '46995', '900-919', 'culture of Austria', '4rFMvC', '11456', 'Category:Maps of Austria', 'austria', 'Autriche', 'Austria', 'Austria', 'Austria', 'pays/wd/106821', 'lccn-n79040121', 'countries:Austria', '4353', 'avusturya', 'Central Europe', 'Open Data Österreich', 'Austria', '+1918-11-12T00:00:00Z', '2284.0', 'A40b', 'i83311', '10050', 'economy of Austria', '8475', 'H0007871', 'austria', 'p/ae5d24e3-cdc2-4b74-aff8-baea8dc23d27', '1a0f8a2d-f920-45df-a84a-8133298922a7', 'austria', '오스트리아', '08864547-n', 'demographics of Austria', 'nuortariika', 'Y105294', '18-199815', 'c1038wnxny7t', 'T84-667', 'Template:Austria topics', '4096.0', '19599421.0', '2062039', 'Østrig', 'strany_mira/AVSTRIYA.html', '24', 'SG--5931', '987007559651305171', 8.160000000000000142, '4168999.0', '2834', 'Alexander Van der Bellen', 'oesterreich', 'Østrig', '236.0', '48351', '7', '40.0', 'AUT', 'Oostenrijker', 'Österreich', 'Austria', 'https://www.austria.info/us', 'austria', 0.9160000000000000364, 'geo/2F4CB131-0AE0-439C-9C4B-86CEF2C93CBD', 'Q16', 'Oesterreichische Nationalbank', 30.19999999999999929, 'nan', 'node/4070744431', 46.79999999999999716, 'nan', 'T005101', 'austria', NULL, '3035-1843', '2--436')
Traceback (most recent call last):
  File "/home/lkruger/bachelorthesis/bachelorthesis/evaluation.py", line 134, in run_experiment
    insert_query_handler.handle_insert_query(query)
  File "/home/lkruger/bachelorthesis/bachelorthesis/system/insert_query_handler.py", line 27, in handle_insert_query
    query_data.table = self.strategy.predict_table_name(query_data)
  File "/home/lkruger/bachelorthesis/bachelorthesis/system/strategies/llama2/llama2_model.py", line 103, in predict_table_name
    self.run_prompt(
  File "/home/lkruger/bachelorthesis/bachelorthesis/system/strategies/llama2/llama2_model.py", line 87, in run_prompt
    return self.pipe(prompt_text)[0]["generated_text"]
  File "/home/lkruger/bachelorthesis/bachelorthesis/fine_tuning/venv/lib/python3.9/site-packages/transformers/pipelines/text_generation.py", line 240, in __call__
    return super().__call__(text_inputs, **kwargs)
  File "/home/lkruger/bachelorthesis/bachelorthesis/fine_tuning/venv/lib/python3.9/site-packages/transformers/pipelines/base.py", line 1242, in __call__
    return self.run_single(inputs, preprocess_params, forward_params, postprocess_params)
  File "/home/lkruger/bachelorthesis/bachelorthesis/fine_tuning/venv/lib/python3.9/site-packages/transformers/pipelines/base.py", line 1249, in run_single
    model_outputs = self.forward(model_inputs, **forward_params)
  File "/home/lkruger/bachelorthesis/bachelorthesis/fine_tuning/venv/lib/python3.9/site-packages/transformers/pipelines/base.py", line 1149, in forward
    model_outputs = self._forward(model_inputs, **forward_params)
  File "/home/lkruger/bachelorthesis/bachelorthesis/fine_tuning/venv/lib/python3.9/site-packages/transformers/pipelines/text_generation.py", line 327, in _forward
    generated_sequence = self.model.generate(input_ids=input_ids, attention_mask=attention_mask, **generate_kwargs)
  File "/home/lkruger/bachelorthesis/bachelorthesis/fine_tuning/venv/lib/python3.9/site-packages/torch/utils/_contextlib.py", line 115, in decorate_context
    return func(*args, **kwargs)
  File "/home/lkruger/bachelorthesis/bachelorthesis/fine_tuning/venv/lib/python3.9/site-packages/transformers/generation/utils.py", line 1622, in generate
    result = self._sample(
  File "/home/lkruger/bachelorthesis/bachelorthesis/fine_tuning/venv/lib/python3.9/site-packages/transformers/generation/utils.py", line 2791, in _sample
    outputs = self(
  File "/home/lkruger/bachelorthesis/bachelorthesis/fine_tuning/venv/lib/python3.9/site-packages/torch/nn/modules/module.py", line 1511, in _wrapped_call_impl
    return self._call_impl(*args, **kwargs)
  File "/home/lkruger/bachelorthesis/bachelorthesis/fine_tuning/venv/lib/python3.9/site-packages/torch/nn/modules/module.py", line 1520, in _call_impl
    return forward_call(*args, **kwargs)
  File "/home/lkruger/bachelorthesis/bachelorthesis/fine_tuning/venv/lib/python3.9/site-packages/accelerate/hooks.py", line 166, in new_forward
    output = module._old_forward(*args, **kwargs)
  File "/home/lkruger/bachelorthesis/bachelorthesis/fine_tuning/venv/lib/python3.9/site-packages/transformers/models/llama/modeling_llama.py", line 1208, in forward
    outputs = self.model(
  File "/home/lkruger/bachelorthesis/bachelorthesis/fine_tuning/venv/lib/python3.9/site-packages/torch/nn/modules/module.py", line 1511, in _wrapped_call_impl
    return self._call_impl(*args, **kwargs)
  File "/home/lkruger/bachelorthesis/bachelorthesis/fine_tuning/venv/lib/python3.9/site-packages/torch/nn/modules/module.py", line 1520, in _call_impl
    return forward_call(*args, **kwargs)
  File "/home/lkruger/bachelorthesis/bachelorthesis/fine_tuning/venv/lib/python3.9/site-packages/transformers/models/llama/modeling_llama.py", line 1018, in forward
    layer_outputs = decoder_layer(
  File "/home/lkruger/bachelorthesis/bachelorthesis/fine_tuning/venv/lib/python3.9/site-packages/torch/nn/modules/module.py", line 1511, in _wrapped_call_impl
    return self._call_impl(*args, **kwargs)
  File "/home/lkruger/bachelorthesis/bachelorthesis/fine_tuning/venv/lib/python3.9/site-packages/torch/nn/modules/module.py", line 1520, in _call_impl
    return forward_call(*args, **kwargs)
  File "/home/lkruger/bachelorthesis/bachelorthesis/fine_tuning/venv/lib/python3.9/site-packages/accelerate/hooks.py", line 166, in new_forward
    output = module._old_forward(*args, **kwargs)
  File "/home/lkruger/bachelorthesis/bachelorthesis/fine_tuning/venv/lib/python3.9/site-packages/transformers/models/llama/modeling_llama.py", line 756, in forward
    hidden_states = self.mlp(hidden_states)
  File "/home/lkruger/bachelorthesis/bachelorthesis/fine_tuning/venv/lib/python3.9/site-packages/torch/nn/modules/module.py", line 1511, in _wrapped_call_impl
    return self._call_impl(*args, **kwargs)
  File "/home/lkruger/bachelorthesis/bachelorthesis/fine_tuning/venv/lib/python3.9/site-packages/torch/nn/modules/module.py", line 1520, in _call_impl
    return forward_call(*args, **kwargs)
  File "/home/lkruger/bachelorthesis/bachelorthesis/fine_tuning/venv/lib/python3.9/site-packages/accelerate/hooks.py", line 166, in new_forward
    output = module._old_forward(*args, **kwargs)
  File "/home/lkruger/bachelorthesis/bachelorthesis/fine_tuning/venv/lib/python3.9/site-packages/transformers/models/llama/modeling_llama.py", line 240, in forward
    down_proj = self.down_proj(self.act_fn(self.gate_proj(x)) * self.up_proj(x))
torch.cuda.OutOfMemoryError: CUDA out of memory. Tried to allocate 158.00 MiB. GPU 0 has a total capacity of 15.77 GiB of which 135.88 MiB is free. Including non-PyTorch memory, this process has 15.64 GiB memory in use. Of the allocated memory 14.08 GiB is allocated by PyTorch, and 672.00 MiB is reserved by PyTorch but unallocated. If reserved but unallocated memory is large try setting PYTORCH_CUDA_ALLOC_CONF=expandable_segments:True to avoid fragmentation.  See documentation for Memory Management  (https://pytorch.org/docs/stable/notes/cuda.html#environment-variables)


Error while executing query: INSERT INTO (`label`, `description`, `great_russian_encyclopedia_online_id`, `coordinates_of_southernmost_point`, `new_york_times_topic_id`, `gnd_id`, `category_of_associated_people`, `emergency_phone_number`, `electrical_plug_type`, `licence_plate_code`, `hashtag`, `babelnet_id`, `office_held_by_head_of_government`, `curlie_id`, `native_label`, `musicbrainz_area_id`, `public_holiday`, `uic_alphabetical_country_code`, `comic_vine_id`, `insee_countries_and_foreign_territories_code`, `vat_rate`, `diplomatic_relation`, `flag_image`, `commons_gallery`, `viaf_id`, `history_of_topic`, `capital`, `subreddit`, `openstreetmap_relation_id`, `mobile_country_code`, `maritime_identification_digits`, `nkcr_aut_id`, `asc_leiden_thesaurus_id`, `marriageable_age`, `category_of_people_buried_here`, `geoshape`, `coordinates_of_easternmost_point`, `le_monde_diplomatique_subject_id`, `marine_regions_geographic_id`, `member_of`, `unemployment_rate`, `railway_traffic_side`, `located_in_time_zone`, `category_for_people_who_died_here`, `yso_id`, `office_held_by_head_of_state`, `commons_category`, `shares_border_with`, `us_national_archives_identifier`, `nalt_id`, `treccani_id`, `iso_3166_1_numeric_code`, `coordinates_of_westernmost_point`, `country_calling_code`, `stw_thesaurus_for_economics_id`, `statoids_id`, `flag`, `fips_10_4_countries_and_regions`, `dagens_nyheter_topic_id`, `isni`, `nese_id`, `population`, `getty_thesaurus_of_geographic_names_id`, `topics_main_wikimedia_portal`, `wikimedia_outline`, `ndl_authority_id`, `currency`, `geonames_id`, `unicode_character`, `unesco_thesaurus_id`, `geography_of_topic`, `iso_3166_1_alpha_3_code`, `official_name`, `quora_topic_id`, `mesh_descriptor_id`, `guardian_topic_id`, `basic_form_of_government`, `coat_of_arms_image`, `ituisoiec_object_identifier`, `legislative_body`, `trunk_prefix`, `nuts_code`, `freebase_id`, `official_language`, `replaces`, `continent`, `coat_of_arms`, `age_of_majority`, `national_library_of_israel_id_old`, `on_focus_list_of_wikimedia_project`, `wipo_st3`, `coordinates_of_northernmost_point`, `has_quality`, `iso_3166_1_alpha_2_code`, `total_fertility_rate`, `area`, `store_norske_leksikon_id`, `different_from`, `topics_main_category`, `bibliothèque_nationale_de_france_id`, `locator_map_image`, `bbc_things_id`, `head_of_government`, `ioc_country_code`, `fast_id`, `gacs_id`, `archinform_location_id`, `encyclopædia_britannica_online_id`, `page_banner`, `category_for_films_shot_at_this_location`, `mains_voltage`, `executive_body`, `anthem`, `highest_judicial_authority`, `life_expectancy`, `top_level_internet_domain`, `instance_of`, `highest_point`, `category_for_people_born_here`, `driving_side`, `uic_numerical_country_code`, `lowest_point`, `civicus_monitor_country_entry`, `pronunciation_audio`, `idref_id`, `contains_the_administrative_territorial_entity`, `itu_letter_code`, `library_of_congress_authority_id`, `median_income`, `coordinate_location`, `described_by_source`, `brockhaus_enzyklopädie_online_id`, `iab_code`, `klexikon_article_id`, `loc_and_marc_vocabularies_id`, `language_used`, `dr_topic_id`, `world_encyclopedia_of_puppetry_arts_id`, `gran_enciclopèdia_catalana_id`, `whos_on_first_id`, `participant_in`, `inaturalist_place_id`, `omegawiki_defined_meaning`, `hds_id`, `gs1_country_code`, `culture`, `geonlp_id`, `analysis_policy_observatory_term_id`, `category_for_maps`, `treccanis_dizionario_di_storia_id`, `french_vikidia_id`, `english_vikidia_id`, `spanish_vikidia_id`, `italian_vikidia_id`, `larousse_id`, `worldcat_identities_id`, `fandom_article_id`, `eurovoc_id`, `tdv_islam_ansiklopedisi_id`, `part_of`, `open_data_portal`, `kbpedia_id`, `inception`, `rkd_thesaurus_id`, `pm20_geo_code`, `interlingual_index_id`, `jewish_encyclopedia_id_russian`, `economy_of_topic`, `uk_parliament_thesaurus_id`, `edition_humboldt_digital_id`, `tasteatlas_id`, `sapa_id`, `bhcl_uuid`, `github_topic`, `namuwiki_id`, `wordnet_31_synset_id`, `demographics_of_topic`, `ávvir_topic_id`, `ysa_id`, `yle_topic_id`, `bbc_news_topic_id`, `joconde_location_id`, `topics_main_template`, `armeniapedia_id`, `zhihu_topic_id`, `idaigazetteer_id`, `den_store_danske_id`, `krugosvet_article`, `schoenberg_database_of_manuscripts_place_id`, `colon_classification`, `national_library_of_israel_j9u_id`, `democracy_index`, `online_pwn_encyclopedia_id`, `postimees_topic_id`, `head_of_state`, `der_spiegel_topic_id`, `gyldendals_teaterleksikon_id`, `museum_digital_place_id`, `wikisimpsons_id`, `urban_electric_transit_country_id`, `m49_code`, `short_name`, `demonym`, `süddeutsche_zeitung_topic_id`, `country`, `official_website`, `alltrails_trail_id`, `human_development_index`, `national_historical_museums_of_sweden_id`, `eu_knowledge_graph_item_id`, `central_bank`, `gini_coefficient`, `obo_gazetteer_id`, `openstreetmap_element`, `happy_planet_index_score`, `the_top_tens_id`, `grove_art_online_id`, `the_world_factbook_country_id`, `number_of_out_of_school_children`, `giant_bomb_id`, `dewey_decimal_classification`) VALUES ('Russia', 'sovereign state in Eastern Europe and Northern Asia', '3515565', '41.215555555555554', 'destination/russia', '4076899-5', 'Category:People of Russia', '112', 'Schuko', 'RUS', 'russia', '00068622n', 'Prime Minister of Russia', 'World/Russian/Страны_и_регионы/Европа/Россия', 'Россия', '1f1fc3a4-9500-39b8-9f10-f0a465557eef', 'Defender of the Fatherland Day', 'RUS', '4020-55706', '99123.0', 20.0, 'Donetsk People''s Republic', 'Flag of Russia.svg', 'Россия', '168830626', 'history of Russia', 'Moscow', 'russia', '60189', '250', '273.0', 'ge130512', '297778617.0', 16.0, 'Category:Burials in Russia', 'Data:Russia.map', '66.08017854', 'pays/russie', 'nan', 'BRIC', NULL, 'right', 'UTC+02:00', 'Category:Deaths in Russia', '94479', 'President of Russia', 'Russia', 'Azerbaijan', '10044286.0', 'nan', 'russia', '643', '54.45826455', '7', '17534-6', 'uru', 'flag of Russia', 'RS', 'ryssland', '0000 0001 2302 7140', 'ryska-federationen', 146804372.0, '7002435', 'Portal:Russia', 'outline of Russia', '569699', 'Russian ruble', '2017370', '🇷🇺', 'concept921', 'geography of Russia', 'RUS', 'Российская Федерация', 'Russia', 'D012426', 'world/russia', 'representative democracy', 'Coat of Arms of the Russian Federation.svg', '2.16.643', 'Federal Assembly of the Russian Federation', '8.0', 'nan', '/m/06bnz', 'Russian', 'Russian Soviet Federative Socialist Republic', 'Europe', 'coat of arms of Russia', 18.0, '1030614.0', 'Wikipedia:List of articles all languages should have', 'RU', '81.85', 'nan', 'RU', 1.699999999999999956, 17075400.0, 'Russland', 'Tsardom of Russia', 'Category:Russia', '122728378', 'Russian Federation (orthographic projection) - Annexed Territories disputed.svg', '39267b85-1784-4f4b-80ed-f8cb4a35f337', 'Mikhail Mishustin', 'RUS', '1207312', '253', '3034', 'place/Russia', 'Izborsk banner.jpg', 'Category:Films shot in Russia', 220.0, 'Government of Russia', 'State Anthem of the Russian Federation', 'Supreme Court of Russia', 71.59292999999999552, '.ru', 'sovereign state', 'Mount Elbrus', 'Category:Births in Russia', 'right', '20.0', 'Caspian Sea', 'russia', 'Lb-Russland.ogg', '031531156', 'Republic of Adygea', 'RUS', 'n92056007', NULL, '66.41666666666667', 'Catholic Encyclopedia', 'russland', '1449', 'Russland', 'countries/ru', 'Russian', 'rusland', 'russia', '57409', '85632685', 'Intermediate-Range Nuclear Forces Treaty', '7161', '8444', '3376', '460-469', 'culture of Russia', 'RWKJBs', '9084', 'Category:Maps of Russia', 'nan', 'Russie', 'Russia', 'Rusia', 'Russia', 'pays/wd/141833', 'lccn-n92056007', 'countries:Russian_Federation', '5876', 'rusya', 'Post-Soviet states', 'Open Data Portal Russia', 'Russia', '+0862-00-00T00:00:00Z', '454.0', 'A50(1)', 'i84002', '13584', 'economy of Russia', '12598', 'H0010689', 'russia', 'p/6e9a29b2-b744-4c53-8aa8-88a6a2b46d78', '8863bd00-37e2-411b-9a76-5f5cafa29284', 'russia', '러시아', '09028783-n', 'demographics of Russia', 'ruossa', 'Y94479', '18-180720', 'ce1qrvlegnyt', 'T84-3549', 'Template:Russia topics', '2469.0', '19566816.0', '2086604', 'Rusland', 'Earth_sciences/geografiya/ROSSIYA_ROSSISKAYA_FEDERATSIYA_RF.html', '967', 'SG--58', '987007530981505171', 3.310000000000000053, '4169129.0', '2883', 'Vladimir Putin', 'russland', 'Rusland', '2178.0', '24882', '1', 'nan', '🇷🇺', 'россияне', 'Russland', 'Russia', 'http://gov.ru/', 'russia', 0.821999999999999953, 'geo/74FBD018-DA7F-4D6A-B4F8-1B7FB6F54D06', 'Q303', 'Central Bank of Russia', 36.0, '2721.0', 'node/424314830', 34.89999999999999858, '54.0', 'T074586', 'russia', 368000.0, 'nan', 'nan')
Traceback (most recent call last):
  File "/home/lkruger/bachelorthesis/bachelorthesis/evaluation.py", line 134, in run_experiment
    insert_query_handler.handle_insert_query(query)
  File "/home/lkruger/bachelorthesis/bachelorthesis/system/insert_query_handler.py", line 27, in handle_insert_query
    query_data.table = self.strategy.predict_table_name(query_data)
  File "/home/lkruger/bachelorthesis/bachelorthesis/system/strategies/llama2/llama2_model.py", line 103, in predict_table_name
    self.run_prompt(
  File "/home/lkruger/bachelorthesis/bachelorthesis/system/strategies/llama2/llama2_model.py", line 87, in run_prompt
    return self.pipe(prompt_text)[0]["generated_text"]
  File "/home/lkruger/bachelorthesis/bachelorthesis/fine_tuning/venv/lib/python3.9/site-packages/transformers/pipelines/text_generation.py", line 240, in __call__
    return super().__call__(text_inputs, **kwargs)
  File "/home/lkruger/bachelorthesis/bachelorthesis/fine_tuning/venv/lib/python3.9/site-packages/transformers/pipelines/base.py", line 1242, in __call__
    return self.run_single(inputs, preprocess_params, forward_params, postprocess_params)
  File "/home/lkruger/bachelorthesis/bachelorthesis/fine_tuning/venv/lib/python3.9/site-packages/transformers/pipelines/base.py", line 1249, in run_single
    model_outputs = self.forward(model_inputs, **forward_params)
  File "/home/lkruger/bachelorthesis/bachelorthesis/fine_tuning/venv/lib/python3.9/site-packages/transformers/pipelines/base.py", line 1149, in forward
    model_outputs = self._forward(model_inputs, **forward_params)
  File "/home/lkruger/bachelorthesis/bachelorthesis/fine_tuning/venv/lib/python3.9/site-packages/transformers/pipelines/text_generation.py", line 327, in _forward
    generated_sequence = self.model.generate(input_ids=input_ids, attention_mask=attention_mask, **generate_kwargs)
  File "/home/lkruger/bachelorthesis/bachelorthesis/fine_tuning/venv/lib/python3.9/site-packages/torch/utils/_contextlib.py", line 115, in decorate_context
    return func(*args, **kwargs)
  File "/home/lkruger/bachelorthesis/bachelorthesis/fine_tuning/venv/lib/python3.9/site-packages/transformers/generation/utils.py", line 1622, in generate
    result = self._sample(
  File "/home/lkruger/bachelorthesis/bachelorthesis/fine_tuning/venv/lib/python3.9/site-packages/transformers/generation/utils.py", line 2791, in _sample
    outputs = self(
  File "/home/lkruger/bachelorthesis/bachelorthesis/fine_tuning/venv/lib/python3.9/site-packages/torch/nn/modules/module.py", line 1511, in _wrapped_call_impl
    return self._call_impl(*args, **kwargs)
  File "/home/lkruger/bachelorthesis/bachelorthesis/fine_tuning/venv/lib/python3.9/site-packages/torch/nn/modules/module.py", line 1520, in _call_impl
    return forward_call(*args, **kwargs)
  File "/home/lkruger/bachelorthesis/bachelorthesis/fine_tuning/venv/lib/python3.9/site-packages/accelerate/hooks.py", line 166, in new_forward
    output = module._old_forward(*args, **kwargs)
  File "/home/lkruger/bachelorthesis/bachelorthesis/fine_tuning/venv/lib/python3.9/site-packages/transformers/models/llama/modeling_llama.py", line 1208, in forward
    outputs = self.model(
  File "/home/lkruger/bachelorthesis/bachelorthesis/fine_tuning/venv/lib/python3.9/site-packages/torch/nn/modules/module.py", line 1511, in _wrapped_call_impl
    return self._call_impl(*args, **kwargs)
  File "/home/lkruger/bachelorthesis/bachelorthesis/fine_tuning/venv/lib/python3.9/site-packages/torch/nn/modules/module.py", line 1520, in _call_impl
    return forward_call(*args, **kwargs)
  File "/home/lkruger/bachelorthesis/bachelorthesis/fine_tuning/venv/lib/python3.9/site-packages/transformers/models/llama/modeling_llama.py", line 1018, in forward
    layer_outputs = decoder_layer(
  File "/home/lkruger/bachelorthesis/bachelorthesis/fine_tuning/venv/lib/python3.9/site-packages/torch/nn/modules/module.py", line 1511, in _wrapped_call_impl
    return self._call_impl(*args, **kwargs)
  File "/home/lkruger/bachelorthesis/bachelorthesis/fine_tuning/venv/lib/python3.9/site-packages/torch/nn/modules/module.py", line 1520, in _call_impl
    return forward_call(*args, **kwargs)
  File "/home/lkruger/bachelorthesis/bachelorthesis/fine_tuning/venv/lib/python3.9/site-packages/accelerate/hooks.py", line 166, in new_forward
    output = module._old_forward(*args, **kwargs)
  File "/home/lkruger/bachelorthesis/bachelorthesis/fine_tuning/venv/lib/python3.9/site-packages/transformers/models/llama/modeling_llama.py", line 756, in forward
    hidden_states = self.mlp(hidden_states)
  File "/home/lkruger/bachelorthesis/bachelorthesis/fine_tuning/venv/lib/python3.9/site-packages/torch/nn/modules/module.py", line 1511, in _wrapped_call_impl
    return self._call_impl(*args, **kwargs)
  File "/home/lkruger/bachelorthesis/bachelorthesis/fine_tuning/venv/lib/python3.9/site-packages/torch/nn/modules/module.py", line 1520, in _call_impl
    return forward_call(*args, **kwargs)
  File "/home/lkruger/bachelorthesis/bachelorthesis/fine_tuning/venv/lib/python3.9/site-packages/accelerate/hooks.py", line 166, in new_forward
    output = module._old_forward(*args, **kwargs)
  File "/home/lkruger/bachelorthesis/bachelorthesis/fine_tuning/venv/lib/python3.9/site-packages/transformers/models/llama/modeling_llama.py", line 240, in forward
    down_proj = self.down_proj(self.act_fn(self.gate_proj(x)) * self.up_proj(x))
torch.cuda.OutOfMemoryError: CUDA out of memory. Tried to allocate 162.00 MiB. GPU 0 has a total capacity of 15.77 GiB of which 135.88 MiB is free. Including non-PyTorch memory, this process has 15.64 GiB memory in use. Of the allocated memory 14.10 GiB is allocated by PyTorch, and 647.02 MiB is reserved by PyTorch but unallocated. If reserved but unallocated memory is large try setting PYTORCH_CUDA_ALLOC_CONF=expandable_segments:True to avoid fragmentation.  See documentation for Memory Management  (https://pytorch.org/docs/stable/notes/cuda.html#environment-variables)


Error while executing query: INSERT INTO (`label`, `description`, `great_russian_encyclopedia_online_id`, `coordinates_of_southernmost_point`, `new_york_times_topic_id`, `gnd_id`, `category_of_associated_people`, `emergency_phone_number`, `electrical_plug_type`, `licence_plate_code`, `hashtag`, `babelnet_id`, `office_held_by_head_of_government`, `curlie_id`, `native_label`, `musicbrainz_area_id`, `public_holiday`, `uic_alphabetical_country_code`, `comic_vine_id`, `insee_countries_and_foreign_territories_code`, `vat_rate`, `diplomatic_relation`, `flag_image`, `commons_gallery`, `viaf_id`, `history_of_topic`, `capital`, `subreddit`, `openstreetmap_relation_id`, `mobile_country_code`, `maritime_identification_digits`, `nkcr_aut_id`, `asc_leiden_thesaurus_id`, `marriageable_age`, `category_of_people_buried_here`, `geoshape`, `coordinates_of_easternmost_point`, `le_monde_diplomatique_subject_id`, `marine_regions_geographic_id`, `member_of`, `unemployment_rate`, `railway_traffic_side`, `located_in_time_zone`, `category_for_people_who_died_here`, `yso_id`, `office_held_by_head_of_state`, `commons_category`, `shares_border_with`, `us_national_archives_identifier`, `nalt_id`, `treccani_id`, `iso_3166_1_numeric_code`, `coordinates_of_westernmost_point`, `country_calling_code`, `stw_thesaurus_for_economics_id`, `statoids_id`, `flag`, `fips_10_4_countries_and_regions`, `dagens_nyheter_topic_id`, `isni`, `nese_id`, `population`, `getty_thesaurus_of_geographic_names_id`, `topics_main_wikimedia_portal`, `wikimedia_outline`, `ndl_authority_id`, `currency`, `geonames_id`, `unicode_character`, `unesco_thesaurus_id`, `geography_of_topic`, `iso_3166_1_alpha_3_code`, `official_name`, `quora_topic_id`, `mesh_descriptor_id`, `guardian_topic_id`, `basic_form_of_government`, `coat_of_arms_image`, `ituisoiec_object_identifier`, `legislative_body`, `trunk_prefix`, `nuts_code`, `freebase_id`, `official_language`, `replaces`, `continent`, `coat_of_arms`, `age_of_majority`, `national_library_of_israel_id_old`, `on_focus_list_of_wikimedia_project`, `wipo_st3`, `coordinates_of_northernmost_point`, `has_quality`, `iso_3166_1_alpha_2_code`, `total_fertility_rate`, `area`, `store_norske_leksikon_id`, `different_from`, `topics_main_category`, `bibliothèque_nationale_de_france_id`, `locator_map_image`, `bbc_things_id`, `head_of_government`, `ioc_country_code`, `fast_id`, `gacs_id`, `archinform_location_id`, `encyclopædia_britannica_online_id`, `page_banner`, `category_for_films_shot_at_this_location`, `mains_voltage`, `executive_body`, `anthem`, `highest_judicial_authority`, `life_expectancy`, `top_level_internet_domain`, `instance_of`, `highest_point`, `category_for_people_born_here`, `driving_side`, `uic_numerical_country_code`, `lowest_point`, `civicus_monitor_country_entry`, `pronunciation_audio`, `idref_id`, `contains_the_administrative_territorial_entity`, `itu_letter_code`, `library_of_congress_authority_id`, `median_income`, `coordinate_location`, `described_by_source`, `brockhaus_enzyklopädie_online_id`, `iab_code`, `klexikon_article_id`, `loc_and_marc_vocabularies_id`, `language_used`, `dr_topic_id`, `world_encyclopedia_of_puppetry_arts_id`, `gran_enciclopèdia_catalana_id`, `whos_on_first_id`, `participant_in`, `inaturalist_place_id`, `omegawiki_defined_meaning`, `hds_id`, `gs1_country_code`, `culture`, `geonlp_id`, `analysis_policy_observatory_term_id`, `category_for_maps`, `treccanis_dizionario_di_storia_id`, `french_vikidia_id`, `english_vikidia_id`, `spanish_vikidia_id`, `italian_vikidia_id`, `larousse_id`, `worldcat_identities_id`, `fandom_article_id`, `eurovoc_id`, `tdv_islam_ansiklopedisi_id`, `part_of`, `open_data_portal`, `kbpedia_id`, `inception`, `rkd_thesaurus_id`, `pm20_geo_code`, `interlingual_index_id`, `jewish_encyclopedia_id_russian`, `economy_of_topic`, `uk_parliament_thesaurus_id`, `edition_humboldt_digital_id`, `tasteatlas_id`, `sapa_id`, `bhcl_uuid`, `github_topic`, `namuwiki_id`, `wordnet_31_synset_id`, `demographics_of_topic`, `ávvir_topic_id`, `ysa_id`, `yle_topic_id`, `bbc_news_topic_id`, `joconde_location_id`, `topics_main_template`, `armeniapedia_id`, `zhihu_topic_id`, `idaigazetteer_id`, `den_store_danske_id`, `krugosvet_article`, `schoenberg_database_of_manuscripts_place_id`, `colon_classification`, `national_library_of_israel_j9u_id`, `democracy_index`, `online_pwn_encyclopedia_id`, `postimees_topic_id`, `head_of_state`, `der_spiegel_topic_id`, `gyldendals_teaterleksikon_id`, `museum_digital_place_id`, `wikisimpsons_id`, `urban_electric_transit_country_id`, `m49_code`, `short_name`, `demonym`, `süddeutsche_zeitung_topic_id`, `country`, `official_website`, `alltrails_trail_id`, `human_development_index`, `national_historical_museums_of_sweden_id`, `eu_knowledge_graph_item_id`, `central_bank`, `gini_coefficient`, `obo_gazetteer_id`, `openstreetmap_element`, `happy_planet_index_score`, `the_top_tens_id`, `grove_art_online_id`, `the_world_factbook_country_id`, `number_of_out_of_school_children`, `giant_bomb_id`, `dewey_decimal_classification`) VALUES ('Germany', 'country in Central Europe', '2354371', '47.2700279', 'destination/germany', '4011882-4', 'Category:German people', '112', 'Schuko', 'D', 'Deutschland', '00026684n', 'Federal Chancellor of Germany', 'Regional/Europe/Germany/', 'Bundesrepublik Deutschland', '85752fda-13c4-31a3-bee5-0e5cb1f51dad', 'German Unity Day', 'D', '4020-55777', '99109.0', 19.0, 'Yemen', 'Flag of Germany.svg', 'Deutschland', '189116956', 'history of Germany', 'Berlin', 'deutschland', '51477', '262', '211.0', 'ge135889', '294913572.0', 18.0, 'Category:Burials in Germany', 'Data:Germany.map', '51.27279981', 'pays/allemagne', '2101.0', 'World Trade Organization', 5.0, 'right', 'UTC+01:00', 'Category:Deaths in Germany', '105087', 'president of Germany', 'Germany', 'Czech Republic', '10044480.0', '15494.0', 'germania', '276', '51.05110016', '49', '18012-3', 'ude', 'flag of Germany', 'GM', 'tyskland', '0000 0001 2285 4945', 'tyskland', 83149300.0, '7000084', 'Portal:Germany', 'outline of Germany', '561571', 'euro', '2921044', '🇩🇪', 'concept904', 'geography of Germany', 'DEU', 'Bundesrepublik Deutschland', 'Germany', 'D005858', 'world/germany', 'federal parliamentary republic', 'Coat of arms of Germany.svg', '2.16.276', 'Bundesrat', '0.0', 'DE', '/m/0345h', 'German', 'West Germany', 'Europe', 'coat of arms of Germany', 18.0, '981369.0', 'Wikipedia:List of articles all languages should have', 'DE', '55.0584', 'free country', 'DE', 1.389999999999999903, 357587.7700000000186, 'Tyskland', 'Germany', 'Category:Germany', '12205186t', 'Germany (orthographic projection).svg', '2e3befc0-e70a-41c7-b6cb-2f8f0d69a7db', 'Olaf Scholz', 'GER', '1210272', '601', '2979', 'place/Germany', 'Ötlingen - Panoramaansicht klein banner.jpg', 'Category:Films shot in Germany', 230.0, 'federal level of Germany', 'Das Lied der Deutschen', 'Federal Constitutional Court', 80.79999999999999716, '.de', 'sovereign state', 'Zugspitze', 'Category:Births in Germany', 'right', '80.0', 'Neuendorf-Sachsenbande', 'germany', 'De-Deutschland.ogg', '030685435', 'Baden-Württemberg', 'D', 'n80125931', 33333.0, '51.0', 'Ottův slovník naučný', 'deutschland', '1300', 'Deutschland', 'countries/gw', 'Swabian', 'tyskland', 'germany', '220737', '85633111', 'G4 nations', '7207', '7118', '3352', '400-440', 'culture of Germany', 'VwiQvi', '3002', 'Category:Maps of Germany', 'germania', 'Allemagne', 'Germany', 'Alemania', 'Germania', 'pays/wd/104884', 'lccn-n95056124', 'germany:Germany', '1318', 'almanya', 'Western Europe', 'GovData', 'Germany', '+1990-10-03T00:00:00Z', '456.0', 'A10', 'i82954', '11122', 'economy of Germany', '10438', 'H0005517', 'germany', 'p/a7cbf121-4ac8-4cbd-af7d-4d6d25cd7efb', '2bde846d-48ca-4ac0-880c-91f4fe24c210', 'deutschland', '독일', '08784821-n', 'demographics of Germany', 'duiska', 'Y105087', '18-177448', 'c77jz3md4rdt', 'T84-600', 'Template:Germany topics', '4099.0', '19554996.0', '2044274', 'Tyskland', 'strany_mira/GERMANIYA.html', '66', 'SG--55', '987007559778705171', 8.669999999999999929, '4169110.0', '1865', 'Frank-Walter Steinmeier', 'deutschland', 'Tyskland', '209.0', '21469', '10', '276.0', 'Deutschland', 'Deutscher', 'Deutschland', 'Germany', 'https://verwaltung.bund.de', 'germany', 0.941999999999999949, 'geo/5954BE73-910D-4ABC-96C2-6781831F6043', 'Q22', 'Deutsche Bundesbank', 31.69999999999999929, '2646.0', 'node/1683325355', 52.70000000000000284, 'nan', 'nan', 'nan', NULL, 'nan', 'nan')
Traceback (most recent call last):
  File "/home/lkruger/bachelorthesis/bachelorthesis/evaluation.py", line 134, in run_experiment
    insert_query_handler.handle_insert_query(query)
  File "/home/lkruger/bachelorthesis/bachelorthesis/system/insert_query_handler.py", line 27, in handle_insert_query
    query_data.table = self.strategy.predict_table_name(query_data)
  File "/home/lkruger/bachelorthesis/bachelorthesis/system/strategies/llama2/llama2_model.py", line 103, in predict_table_name
    self.run_prompt(
  File "/home/lkruger/bachelorthesis/bachelorthesis/system/strategies/llama2/llama2_model.py", line 87, in run_prompt
    return self.pipe(prompt_text)[0]["generated_text"]
  File "/home/lkruger/bachelorthesis/bachelorthesis/fine_tuning/venv/lib/python3.9/site-packages/transformers/pipelines/text_generation.py", line 240, in __call__
    return super().__call__(text_inputs, **kwargs)
  File "/home/lkruger/bachelorthesis/bachelorthesis/fine_tuning/venv/lib/python3.9/site-packages/transformers/pipelines/base.py", line 1242, in __call__
    return self.run_single(inputs, preprocess_params, forward_params, postprocess_params)
  File "/home/lkruger/bachelorthesis/bachelorthesis/fine_tuning/venv/lib/python3.9/site-packages/transformers/pipelines/base.py", line 1249, in run_single
    model_outputs = self.forward(model_inputs, **forward_params)
  File "/home/lkruger/bachelorthesis/bachelorthesis/fine_tuning/venv/lib/python3.9/site-packages/transformers/pipelines/base.py", line 1149, in forward
    model_outputs = self._forward(model_inputs, **forward_params)
  File "/home/lkruger/bachelorthesis/bachelorthesis/fine_tuning/venv/lib/python3.9/site-packages/transformers/pipelines/text_generation.py", line 327, in _forward
    generated_sequence = self.model.generate(input_ids=input_ids, attention_mask=attention_mask, **generate_kwargs)
  File "/home/lkruger/bachelorthesis/bachelorthesis/fine_tuning/venv/lib/python3.9/site-packages/torch/utils/_contextlib.py", line 115, in decorate_context
    return func(*args, **kwargs)
  File "/home/lkruger/bachelorthesis/bachelorthesis/fine_tuning/venv/lib/python3.9/site-packages/transformers/generation/utils.py", line 1622, in generate
    result = self._sample(
  File "/home/lkruger/bachelorthesis/bachelorthesis/fine_tuning/venv/lib/python3.9/site-packages/transformers/generation/utils.py", line 2791, in _sample
    outputs = self(
  File "/home/lkruger/bachelorthesis/bachelorthesis/fine_tuning/venv/lib/python3.9/site-packages/torch/nn/modules/module.py", line 1511, in _wrapped_call_impl
    return self._call_impl(*args, **kwargs)
  File "/home/lkruger/bachelorthesis/bachelorthesis/fine_tuning/venv/lib/python3.9/site-packages/torch/nn/modules/module.py", line 1520, in _call_impl
    return forward_call(*args, **kwargs)
  File "/home/lkruger/bachelorthesis/bachelorthesis/fine_tuning/venv/lib/python3.9/site-packages/accelerate/hooks.py", line 166, in new_forward
    output = module._old_forward(*args, **kwargs)
  File "/home/lkruger/bachelorthesis/bachelorthesis/fine_tuning/venv/lib/python3.9/site-packages/transformers/models/llama/modeling_llama.py", line 1208, in forward
    outputs = self.model(
  File "/home/lkruger/bachelorthesis/bachelorthesis/fine_tuning/venv/lib/python3.9/site-packages/torch/nn/modules/module.py", line 1511, in _wrapped_call_impl
    return self._call_impl(*args, **kwargs)
  File "/home/lkruger/bachelorthesis/bachelorthesis/fine_tuning/venv/lib/python3.9/site-packages/torch/nn/modules/module.py", line 1520, in _call_impl
    return forward_call(*args, **kwargs)
  File "/home/lkruger/bachelorthesis/bachelorthesis/fine_tuning/venv/lib/python3.9/site-packages/transformers/models/llama/modeling_llama.py", line 1018, in forward
    layer_outputs = decoder_layer(
  File "/home/lkruger/bachelorthesis/bachelorthesis/fine_tuning/venv/lib/python3.9/site-packages/torch/nn/modules/module.py", line 1511, in _wrapped_call_impl
    return self._call_impl(*args, **kwargs)
  File "/home/lkruger/bachelorthesis/bachelorthesis/fine_tuning/venv/lib/python3.9/site-packages/torch/nn/modules/module.py", line 1520, in _call_impl
    return forward_call(*args, **kwargs)
  File "/home/lkruger/bachelorthesis/bachelorthesis/fine_tuning/venv/lib/python3.9/site-packages/accelerate/hooks.py", line 166, in new_forward
    output = module._old_forward(*args, **kwargs)
  File "/home/lkruger/bachelorthesis/bachelorthesis/fine_tuning/venv/lib/python3.9/site-packages/transformers/models/llama/modeling_llama.py", line 756, in forward
    hidden_states = self.mlp(hidden_states)
  File "/home/lkruger/bachelorthesis/bachelorthesis/fine_tuning/venv/lib/python3.9/site-packages/torch/nn/modules/module.py", line 1511, in _wrapped_call_impl
    return self._call_impl(*args, **kwargs)
  File "/home/lkruger/bachelorthesis/bachelorthesis/fine_tuning/venv/lib/python3.9/site-packages/torch/nn/modules/module.py", line 1520, in _call_impl
    return forward_call(*args, **kwargs)
  File "/home/lkruger/bachelorthesis/bachelorthesis/fine_tuning/venv/lib/python3.9/site-packages/accelerate/hooks.py", line 166, in new_forward
    output = module._old_forward(*args, **kwargs)
  File "/home/lkruger/bachelorthesis/bachelorthesis/fine_tuning/venv/lib/python3.9/site-packages/transformers/models/llama/modeling_llama.py", line 240, in forward
    down_proj = self.down_proj(self.act_fn(self.gate_proj(x)) * self.up_proj(x))
torch.cuda.OutOfMemoryError: CUDA out of memory. Tried to allocate 158.00 MiB. GPU 0 has a total capacity of 15.77 GiB of which 135.88 MiB is free. Including non-PyTorch memory, this process has 15.64 GiB memory in use. Of the allocated memory 14.08 GiB is allocated by PyTorch, and 672.40 MiB is reserved by PyTorch but unallocated. If reserved but unallocated memory is large try setting PYTORCH_CUDA_ALLOC_CONF=expandable_segments:True to avoid fragmentation.  See documentation for Memory Management  (https://pytorch.org/docs/stable/notes/cuda.html#environment-variables)


Error while executing query: INSERT INTO (`label`, `description`, `great_russian_encyclopedia_online_id`, `coordinates_of_southernmost_point`, `new_york_times_topic_id`, `gnd_id`, `category_of_associated_people`, `emergency_phone_number`, `electrical_plug_type`, `licence_plate_code`, `hashtag`, `babelnet_id`, `office_held_by_head_of_government`, `curlie_id`, `native_label`, `musicbrainz_area_id`, `public_holiday`, `uic_alphabetical_country_code`, `comic_vine_id`, `insee_countries_and_foreign_territories_code`, `vat_rate`, `diplomatic_relation`, `flag_image`, `commons_gallery`, `viaf_id`, `history_of_topic`, `capital`, `subreddit`, `openstreetmap_relation_id`, `mobile_country_code`, `maritime_identification_digits`, `nkcr_aut_id`, `asc_leiden_thesaurus_id`, `marriageable_age`, `category_of_people_buried_here`, `geoshape`, `coordinates_of_easternmost_point`, `le_monde_diplomatique_subject_id`, `marine_regions_geographic_id`, `member_of`, `unemployment_rate`, `railway_traffic_side`, `located_in_time_zone`, `category_for_people_who_died_here`, `yso_id`, `office_held_by_head_of_state`, `commons_category`, `shares_border_with`, `us_national_archives_identifier`, `nalt_id`, `treccani_id`, `iso_3166_1_numeric_code`, `coordinates_of_westernmost_point`, `country_calling_code`, `stw_thesaurus_for_economics_id`, `statoids_id`, `flag`, `fips_10_4_countries_and_regions`, `dagens_nyheter_topic_id`, `isni`, `nese_id`, `population`, `getty_thesaurus_of_geographic_names_id`, `topics_main_wikimedia_portal`, `wikimedia_outline`, `ndl_authority_id`, `currency`, `geonames_id`, `unicode_character`, `unesco_thesaurus_id`, `geography_of_topic`, `iso_3166_1_alpha_3_code`, `official_name`, `quora_topic_id`, `mesh_descriptor_id`, `guardian_topic_id`, `basic_form_of_government`, `coat_of_arms_image`, `ituisoiec_object_identifier`, `legislative_body`, `trunk_prefix`, `nuts_code`, `freebase_id`, `official_language`, `replaces`, `continent`, `coat_of_arms`, `age_of_majority`, `national_library_of_israel_id_old`, `on_focus_list_of_wikimedia_project`, `wipo_st3`, `coordinates_of_northernmost_point`, `has_quality`, `iso_3166_1_alpha_2_code`, `total_fertility_rate`, `area`, `store_norske_leksikon_id`, `different_from`, `topics_main_category`, `bibliothèque_nationale_de_france_id`, `locator_map_image`, `bbc_things_id`, `head_of_government`, `ioc_country_code`, `fast_id`, `gacs_id`, `archinform_location_id`, `encyclopædia_britannica_online_id`, `page_banner`, `category_for_films_shot_at_this_location`, `mains_voltage`, `executive_body`, `anthem`, `highest_judicial_authority`, `life_expectancy`, `top_level_internet_domain`, `instance_of`, `highest_point`, `category_for_people_born_here`, `driving_side`, `uic_numerical_country_code`, `lowest_point`, `civicus_monitor_country_entry`, `pronunciation_audio`, `idref_id`, `contains_the_administrative_territorial_entity`, `itu_letter_code`, `library_of_congress_authority_id`, `median_income`, `coordinate_location`, `described_by_source`, `brockhaus_enzyklopädie_online_id`, `iab_code`, `klexikon_article_id`, `loc_and_marc_vocabularies_id`, `language_used`, `dr_topic_id`, `world_encyclopedia_of_puppetry_arts_id`, `gran_enciclopèdia_catalana_id`, `whos_on_first_id`, `participant_in`, `inaturalist_place_id`, `omegawiki_defined_meaning`, `hds_id`, `gs1_country_code`, `culture`, `geonlp_id`, `analysis_policy_observatory_term_id`, `category_for_maps`, `treccanis_dizionario_di_storia_id`, `french_vikidia_id`, `english_vikidia_id`, `spanish_vikidia_id`, `italian_vikidia_id`, `larousse_id`, `worldcat_identities_id`, `fandom_article_id`, `eurovoc_id`, `tdv_islam_ansiklopedisi_id`, `part_of`, `open_data_portal`, `kbpedia_id`, `inception`, `rkd_thesaurus_id`, `pm20_geo_code`, `interlingual_index_id`, `jewish_encyclopedia_id_russian`, `economy_of_topic`, `uk_parliament_thesaurus_id`, `edition_humboldt_digital_id`, `tasteatlas_id`, `sapa_id`, `bhcl_uuid`, `github_topic`, `namuwiki_id`, `wordnet_31_synset_id`, `demographics_of_topic`, `ávvir_topic_id`, `ysa_id`, `yle_topic_id`, `bbc_news_topic_id`, `joconde_location_id`, `topics_main_template`, `armeniapedia_id`, `zhihu_topic_id`, `idaigazetteer_id`, `den_store_danske_id`, `krugosvet_article`, `schoenberg_database_of_manuscripts_place_id`, `colon_classification`, `national_library_of_israel_j9u_id`, `democracy_index`, `online_pwn_encyclopedia_id`, `postimees_topic_id`, `head_of_state`, `der_spiegel_topic_id`, `gyldendals_teaterleksikon_id`, `museum_digital_place_id`, `wikisimpsons_id`, `urban_electric_transit_country_id`, `m49_code`, `short_name`, `demonym`, `süddeutsche_zeitung_topic_id`, `country`, `official_website`, `alltrails_trail_id`, `human_development_index`, `national_historical_museums_of_sweden_id`, `eu_knowledge_graph_item_id`, `central_bank`, `gini_coefficient`, `obo_gazetteer_id`, `openstreetmap_element`, `happy_planet_index_score`, `the_top_tens_id`, `grove_art_online_id`, `the_world_factbook_country_id`, `number_of_out_of_school_children`, `giant_bomb_id`, `dewey_decimal_classification`) VALUES ('Netherlands', 'country in Northwestern Europe with territories in the Caribbean', '2265969', '50.75040004', 'destination/netherlands', '4042203-3', 'Category:Dutch people', '112', 'Schuko', 'NL', 'Netherlands', '00044423n', 'Prime Minister of the Netherlands', 'Regional/Europe/Netherlands/', 'Koninkrijk der Nederlanden', 'ef1b7cc0-cd26-36f4-8ea0-04d9623786c7', 'nan', 'NL', 'nan', 'nan', 21.0, 'Italy', 'Flag of the Netherlands.svg', 'Nederland', '156652814', 'history of the Netherlands', 'Amsterdam', 'thenetherlands', '47796', '204', 'nan', 'ge128525', '294928014.0', 18.0, 'Category:Burials in the Netherlands', 'Data:Nederland.map', '53.18021828', 'pays/paysbas', 'nan', 'North Atlantic Treaty Organization', 3.799999999999999823, 'nan', 'UTC+02:00', 'Category:Deaths in the Netherlands', '105190', 'King of the Netherlands', 'Netherlands', 'Germany', '10046275.0', '34523.0', 'paesi-bassi', '528', '51.36899408', '31', '17433-5', 'unl', 'flag of the Netherlands', 'NL', 'nederlanderna', '0000 0001 2369 754X', 'nederländerna', 17282163.0, '7016845', 'Portal:Netherlands', 'outline of the Netherlands', '568908', 'euro', '2750405', '🇳🇱', 'concept917', 'geography of the Netherlands', 'NLD', 'Nederland', 'The-Netherlands', 'D009426', 'nan', 'parliamentary monarchy', 'Royal coat of arms of the Netherlands.svg', 'nan', 'States General', '0.0', 'NL', '/m/059j2', 'Dutch', 'United Kingdom of the Netherlands', 'Europe', 'coat of arms of the Netherlands', 18.0, 'nan', 'Wikipedia:List of articles all languages should have', 'NL', '53.46633589', 'free country', 'NL', 1.679999999999999938, 41543.0, 'Nederland', 'Kingdom of the Netherlands', 'Category:Netherlands', '11862083x', 'EU-Netherlands.svg', 'aa200d4c-217e-4a6a-9e61-733d812cac06', 'Mark Rutte', 'NED', '1204034', '178', '3020', 'place/Netherlands', 'Leiden-NL-Banner-2.jpg', 'Category:Films shot in the Netherlands', 230.0, 'Government of the Netherlands', 'Wilhelmus', 'Supreme Court of the Netherlands', 81.50976, '.nl', 'country of the Kingdom of the Netherlands', 'Mount Scenery', 'Category:Births in the Netherlands', 'right', '84.0', 'Zuidplaspolder', 'netherlands', 'LL-Q143 (epo)-Robin van der Vliet-Nederlando.wav', '026357240', 'Groningen', 'HOL', 'n78085423', 38584.0, '52.316666666667', 'Catholic Encyclopedia', 'niederlande', '1443', 'Niederlande', 'countries/ne', 'Dutch', 'holland', 'netherlands', '48251', '85633337', 'Pacific War', '7506', '5809', '3364', '870-879', 'nan', 'ujDxVI', '13158', 'nan', 'nan', 'nan', 'nan', 'nan', 'nan', 'pays/wd/137338', 'lccn-n78085423', 'netherlands:Netherlands', '2286', 'hollanda', 'Kingdom of the Netherlands', 'Open Data Portal Netherlands', 'Netherlands', '+1795-01-19T00:00:00Z', '1.0', 'A19', 'i83737', '12971', 'economy of the Netherlands', '11867', 'nan', 'nan', 'p/be720c0d-f419-4225-84dc-d65f10d586fd', '7c672690-aa08-4e09-99eb-de5486282524', 'netherlands', '네덜란드', '08968866-n', 'demographics of the Netherlands', 'nan', 'Y105190', '18-303648', 'cvenzmgywd2t', 'T84-3488', 'nan', '7345.0', '19572944.0', '2085493', 'Holland', 'strany_mira/NIDERLANDI.html', '12', 'SG--5962', '987007550359005171', 8.960000000000000853, 'nan', '2647', 'Willem-Alexander of the Netherlands', 'nan', 'Holland', '500.0', '26224', '21', '528.0', '🇳🇱', 'Nederlander', 'nan', 'Kingdom of the Netherlands', 'https://www.rijksoverheid.nl/', 'netherlands', 0.931000000000000049, 'geo/87D4DF9D-0D2D-4067-8AF3-CFB4197BE0F0', 'Q19', 'De Nederlandsche Bank', 25.39999999999999858, '1549.0', 'node/424297217', 54.89999999999999858, '63.0', 'nan', 'netherlands', 18711.0, '3035-1279', '2--492')
Traceback (most recent call last):
  File "/home/lkruger/bachelorthesis/bachelorthesis/evaluation.py", line 134, in run_experiment
    insert_query_handler.handle_insert_query(query)
  File "/home/lkruger/bachelorthesis/bachelorthesis/system/insert_query_handler.py", line 27, in handle_insert_query
    query_data.table = self.strategy.predict_table_name(query_data)
  File "/home/lkruger/bachelorthesis/bachelorthesis/system/strategies/llama2/llama2_model.py", line 103, in predict_table_name
    self.run_prompt(
  File "/home/lkruger/bachelorthesis/bachelorthesis/system/strategies/llama2/llama2_model.py", line 87, in run_prompt
    return self.pipe(prompt_text)[0]["generated_text"]
  File "/home/lkruger/bachelorthesis/bachelorthesis/fine_tuning/venv/lib/python3.9/site-packages/transformers/pipelines/text_generation.py", line 240, in __call__
    return super().__call__(text_inputs, **kwargs)
  File "/home/lkruger/bachelorthesis/bachelorthesis/fine_tuning/venv/lib/python3.9/site-packages/transformers/pipelines/base.py", line 1242, in __call__
    return self.run_single(inputs, preprocess_params, forward_params, postprocess_params)
  File "/home/lkruger/bachelorthesis/bachelorthesis/fine_tuning/venv/lib/python3.9/site-packages/transformers/pipelines/base.py", line 1249, in run_single
    model_outputs = self.forward(model_inputs, **forward_params)
  File "/home/lkruger/bachelorthesis/bachelorthesis/fine_tuning/venv/lib/python3.9/site-packages/transformers/pipelines/base.py", line 1149, in forward
    model_outputs = self._forward(model_inputs, **forward_params)
  File "/home/lkruger/bachelorthesis/bachelorthesis/fine_tuning/venv/lib/python3.9/site-packages/transformers/pipelines/text_generation.py", line 327, in _forward
    generated_sequence = self.model.generate(input_ids=input_ids, attention_mask=attention_mask, **generate_kwargs)
  File "/home/lkruger/bachelorthesis/bachelorthesis/fine_tuning/venv/lib/python3.9/site-packages/torch/utils/_contextlib.py", line 115, in decorate_context
    return func(*args, **kwargs)
  File "/home/lkruger/bachelorthesis/bachelorthesis/fine_tuning/venv/lib/python3.9/site-packages/transformers/generation/utils.py", line 1622, in generate
    result = self._sample(
  File "/home/lkruger/bachelorthesis/bachelorthesis/fine_tuning/venv/lib/python3.9/site-packages/transformers/generation/utils.py", line 2791, in _sample
    outputs = self(
  File "/home/lkruger/bachelorthesis/bachelorthesis/fine_tuning/venv/lib/python3.9/site-packages/torch/nn/modules/module.py", line 1511, in _wrapped_call_impl
    return self._call_impl(*args, **kwargs)
  File "/home/lkruger/bachelorthesis/bachelorthesis/fine_tuning/venv/lib/python3.9/site-packages/torch/nn/modules/module.py", line 1520, in _call_impl
    return forward_call(*args, **kwargs)
  File "/home/lkruger/bachelorthesis/bachelorthesis/fine_tuning/venv/lib/python3.9/site-packages/accelerate/hooks.py", line 166, in new_forward
    output = module._old_forward(*args, **kwargs)
  File "/home/lkruger/bachelorthesis/bachelorthesis/fine_tuning/venv/lib/python3.9/site-packages/transformers/models/llama/modeling_llama.py", line 1208, in forward
    outputs = self.model(
  File "/home/lkruger/bachelorthesis/bachelorthesis/fine_tuning/venv/lib/python3.9/site-packages/torch/nn/modules/module.py", line 1511, in _wrapped_call_impl
    return self._call_impl(*args, **kwargs)
  File "/home/lkruger/bachelorthesis/bachelorthesis/fine_tuning/venv/lib/python3.9/site-packages/torch/nn/modules/module.py", line 1520, in _call_impl
    return forward_call(*args, **kwargs)
  File "/home/lkruger/bachelorthesis/bachelorthesis/fine_tuning/venv/lib/python3.9/site-packages/transformers/models/llama/modeling_llama.py", line 1018, in forward
    layer_outputs = decoder_layer(
  File "/home/lkruger/bachelorthesis/bachelorthesis/fine_tuning/venv/lib/python3.9/site-packages/torch/nn/modules/module.py", line 1511, in _wrapped_call_impl
    return self._call_impl(*args, **kwargs)
  File "/home/lkruger/bachelorthesis/bachelorthesis/fine_tuning/venv/lib/python3.9/site-packages/torch/nn/modules/module.py", line 1520, in _call_impl
    return forward_call(*args, **kwargs)
  File "/home/lkruger/bachelorthesis/bachelorthesis/fine_tuning/venv/lib/python3.9/site-packages/accelerate/hooks.py", line 166, in new_forward
    output = module._old_forward(*args, **kwargs)
  File "/home/lkruger/bachelorthesis/bachelorthesis/fine_tuning/venv/lib/python3.9/site-packages/transformers/models/llama/modeling_llama.py", line 756, in forward
    hidden_states = self.mlp(hidden_states)
  File "/home/lkruger/bachelorthesis/bachelorthesis/fine_tuning/venv/lib/python3.9/site-packages/torch/nn/modules/module.py", line 1511, in _wrapped_call_impl
    return self._call_impl(*args, **kwargs)
  File "/home/lkruger/bachelorthesis/bachelorthesis/fine_tuning/venv/lib/python3.9/site-packages/torch/nn/modules/module.py", line 1520, in _call_impl
    return forward_call(*args, **kwargs)
  File "/home/lkruger/bachelorthesis/bachelorthesis/fine_tuning/venv/lib/python3.9/site-packages/accelerate/hooks.py", line 166, in new_forward
    output = module._old_forward(*args, **kwargs)
  File "/home/lkruger/bachelorthesis/bachelorthesis/fine_tuning/venv/lib/python3.9/site-packages/transformers/models/llama/modeling_llama.py", line 240, in forward
    down_proj = self.down_proj(self.act_fn(self.gate_proj(x)) * self.up_proj(x))
torch.cuda.OutOfMemoryError: CUDA out of memory. Tried to allocate 160.00 MiB. GPU 0 has a total capacity of 15.77 GiB of which 135.88 MiB is free. Including non-PyTorch memory, this process has 15.64 GiB memory in use. Of the allocated memory 14.08 GiB is allocated by PyTorch, and 669.22 MiB is reserved by PyTorch but unallocated. If reserved but unallocated memory is large try setting PYTORCH_CUDA_ALLOC_CONF=expandable_segments:True to avoid fragmentation.  See documentation for Memory Management  (https://pytorch.org/docs/stable/notes/cuda.html#environment-variables)


Error while executing query: INSERT INTO (`label`, `description`, `great_russian_encyclopedia_online_id`, `coordinates_of_southernmost_point`, `new_york_times_topic_id`, `gnd_id`, `category_of_associated_people`, `emergency_phone_number`, `electrical_plug_type`, `licence_plate_code`, `hashtag`, `babelnet_id`, `office_held_by_head_of_government`, `curlie_id`, `native_label`, `musicbrainz_area_id`, `public_holiday`, `uic_alphabetical_country_code`, `comic_vine_id`, `insee_countries_and_foreign_territories_code`, `vat_rate`, `diplomatic_relation`, `flag_image`, `commons_gallery`, `viaf_id`, `history_of_topic`, `capital`, `subreddit`, `openstreetmap_relation_id`, `mobile_country_code`, `maritime_identification_digits`, `nkcr_aut_id`, `asc_leiden_thesaurus_id`, `marriageable_age`, `category_of_people_buried_here`, `geoshape`, `coordinates_of_easternmost_point`, `le_monde_diplomatique_subject_id`, `marine_regions_geographic_id`, `member_of`, `unemployment_rate`, `railway_traffic_side`, `located_in_time_zone`, `category_for_people_who_died_here`, `yso_id`, `office_held_by_head_of_state`, `commons_category`, `shares_border_with`, `us_national_archives_identifier`, `nalt_id`, `treccani_id`, `iso_3166_1_numeric_code`, `coordinates_of_westernmost_point`, `country_calling_code`, `stw_thesaurus_for_economics_id`, `statoids_id`, `flag`, `fips_10_4_countries_and_regions`, `dagens_nyheter_topic_id`, `isni`, `nese_id`, `population`, `getty_thesaurus_of_geographic_names_id`, `topics_main_wikimedia_portal`, `wikimedia_outline`, `ndl_authority_id`, `currency`, `geonames_id`, `unicode_character`, `unesco_thesaurus_id`, `geography_of_topic`, `iso_3166_1_alpha_3_code`, `official_name`, `quora_topic_id`, `mesh_descriptor_id`, `guardian_topic_id`, `basic_form_of_government`, `coat_of_arms_image`, `ituisoiec_object_identifier`, `legislative_body`, `trunk_prefix`, `nuts_code`, `freebase_id`, `official_language`, `replaces`, `continent`, `coat_of_arms`, `age_of_majority`, `national_library_of_israel_id_old`, `on_focus_list_of_wikimedia_project`, `wipo_st3`, `coordinates_of_northernmost_point`, `has_quality`, `iso_3166_1_alpha_2_code`, `total_fertility_rate`, `area`, `store_norske_leksikon_id`, `different_from`, `topics_main_category`, `bibliothèque_nationale_de_france_id`, `locator_map_image`, `bbc_things_id`, `head_of_government`, `ioc_country_code`, `fast_id`, `gacs_id`, `archinform_location_id`, `encyclopædia_britannica_online_id`, `page_banner`, `category_for_films_shot_at_this_location`, `mains_voltage`, `executive_body`, `anthem`, `highest_judicial_authority`, `life_expectancy`, `top_level_internet_domain`, `instance_of`, `highest_point`, `category_for_people_born_here`, `driving_side`, `uic_numerical_country_code`, `lowest_point`, `civicus_monitor_country_entry`, `pronunciation_audio`, `idref_id`, `contains_the_administrative_territorial_entity`, `itu_letter_code`, `library_of_congress_authority_id`, `median_income`, `coordinate_location`, `described_by_source`, `brockhaus_enzyklopädie_online_id`, `iab_code`, `klexikon_article_id`, `loc_and_marc_vocabularies_id`, `language_used`, `dr_topic_id`, `world_encyclopedia_of_puppetry_arts_id`, `gran_enciclopèdia_catalana_id`, `whos_on_first_id`, `participant_in`, `inaturalist_place_id`, `omegawiki_defined_meaning`, `hds_id`, `gs1_country_code`, `culture`, `geonlp_id`, `analysis_policy_observatory_term_id`, `category_for_maps`, `treccanis_dizionario_di_storia_id`, `french_vikidia_id`, `english_vikidia_id`, `spanish_vikidia_id`, `italian_vikidia_id`, `larousse_id`, `worldcat_identities_id`, `fandom_article_id`, `eurovoc_id`, `tdv_islam_ansiklopedisi_id`, `part_of`, `open_data_portal`, `kbpedia_id`, `inception`, `rkd_thesaurus_id`, `pm20_geo_code`, `interlingual_index_id`, `jewish_encyclopedia_id_russian`, `economy_of_topic`, `uk_parliament_thesaurus_id`, `edition_humboldt_digital_id`, `tasteatlas_id`, `sapa_id`, `bhcl_uuid`, `github_topic`, `namuwiki_id`, `wordnet_31_synset_id`, `demographics_of_topic`, `ávvir_topic_id`, `ysa_id`, `yle_topic_id`, `bbc_news_topic_id`, `joconde_location_id`, `topics_main_template`, `armeniapedia_id`, `zhihu_topic_id`, `idaigazetteer_id`, `den_store_danske_id`, `krugosvet_article`, `schoenberg_database_of_manuscripts_place_id`, `colon_classification`, `national_library_of_israel_j9u_id`, `democracy_index`, `online_pwn_encyclopedia_id`, `postimees_topic_id`, `head_of_state`, `der_spiegel_topic_id`, `gyldendals_teaterleksikon_id`, `museum_digital_place_id`, `wikisimpsons_id`, `urban_electric_transit_country_id`, `m49_code`, `short_name`, `demonym`, `süddeutsche_zeitung_topic_id`, `country`, `official_website`, `alltrails_trail_id`, `human_development_index`, `national_historical_museums_of_sweden_id`, `eu_knowledge_graph_item_id`, `central_bank`, `gini_coefficient`, `obo_gazetteer_id`, `openstreetmap_element`, `happy_planet_index_score`, `the_top_tens_id`, `grove_art_online_id`, `the_world_factbook_country_id`, `number_of_out_of_school_children`, `giant_bomb_id`, `dewey_decimal_classification`) VALUES ('Ukraine', 'country in Eastern Europe', '4217406', '44.386416666667', 'destination/ukraine', '4061496-7', 'Category:Ukrainian people', '112', 'Europlug', 'UA', 'україна', '00078872n', 'Prime Minister of Ukraine', 'Regional/Europe/Ukraine/', 'Україна', '904768d0-61ca-3c40-93ac-93adc36fef4b', 'Independence Day of Ukraine', 'UA', '4020-56166', '99155.0', 20.0, 'Canada', 'Flag of Ukraine.svg', 'Україна', '134334037', 'History of Ukraine', 'Kyiv', 'ukraine', '60199', '255', '272.0', 'ge131211', 'nan', 18.0, 'Category:Burials in Ukraine', 'Data:Ukraine.map', '49.260277777778', 'pays/ukraine', '2196.0', 'Council of Europe', 8.0, 'right', 'UTC+02:00', 'Category:Deaths in Ukraine', '107664', 'President of Ukraine', 'Ukraine', 'European Union', '10045282.0', '38637.0', 'ucraina', '804', '48.419166666667', '380', '17485-0', 'uua', 'flag of Ukraine', 'UP', 'ukraina', '0000 0001 2358 7973', 'ukraina', 41588354.0, '7006660', 'Portal:Ukraine', 'outline of Ukraine', '573982', 'hryvnia', '690791', '🇺🇦', 'concept926', 'geography of Ukraine', 'UKR', 'Україна', 'Ukraine', 'D014455', 'world/ukraine', 'semi-presidential system', 'Lesser Coat of Arms of Ukraine.svg', '2.16.804', 'Verkhovna Rada', '0.0', 'nan', '/m/07t21', 'Ukrainian', 'Ukrainian Soviet Socialist Republic', 'Europe', 'coat of arms of Ukraine', 18.0, '983173.0', 'Wikipedia:List of articles all languages should have', 'UA', '52.379528888889', 'partly free country', 'UA', 1.497999999999999999, 603550.0, 'Ukraina', 'Ukraine', 'Category:Ukraine', '11865672n', 'Europe-Ukraine (disputed territory).svg', 'ee8750ed-a7fb-453f-bfca-2aa8b3fb064c', 'Denys Shmyhal', 'UKR', '1211738', '622', '3055', 'place/Ukraine', 'Chernivtsi-banner.jpg', 'Category:Films shot in Ukraine', 230.0, 'Cabinet of Ministers of Ukraine', 'Shche ne Vmerla Ukrainy i Slava, i volia', 'Supreme Court of Ukraine', 71.47633999999999332, '.ua', 'sovereign state', 'Hoverla', 'Category:Births in Ukraine', 'right', '22.0', 'Kuyalnik Estuary', 'ukraine', 'Fr-l''Ukraine-fr Be.ogg', '02640267X', 'Kyiv', 'UKR', 'n81017756', 9218.0, '49.0', 'Brockhaus and Efron Encyclopedic Dictionary', 'ukraine', '1467', 'Ukraine', 'countries/un', 'Russian', 'ukraine', 'ukraine', '68156', '85633805', '2022 Russian invasion of Ukraine', '8860', '8331', '25007', '482', 'Ukrainian culture', 'h9S4H5', '3007', 'Category:Maps of Ukraine', 'ucraina', 'Ukraine', 'Ukraine', 'Ucrania', 'Ucraina', 'pays/Ukraine/147832', 'lccn-n81017756', 'ukraine:Ukraine', '5946', 'ukrayna', 'Eastern Europe', 'data.gov.ua', 'Ukraine', '+1991-08-24T00:00:00Z', 'nan', 'A54', 'i84044', '14209', 'economy of Ukraine', '13438', 'H0009637', 'ukraine', 'p/4d375393-126c-44d3-8078-1dd92b4c2fb5', '973d6c80-d1e5-4830-a9cf-2529a3cddd3a', 'ukraine', '우크라이나', '09037349-n', 'demographics of Ukraine', 'ukraina', 'Y107664', '18-185076', 'cx1m7zg0gzdt', 'T84-3585', 'Template:Ukraine topics', '4103.0', '19642259.0', '2069309', 'Ukraine', 'strany_mira/UKRAINA.html', '4073', 'SG--587', '987007548162505171', 5.80999999999999961, '4169170.0', '8497', 'Volodymyr Zelenskyy', 'ukraine', 'nan', '939.0', '43280', '3', 'nan', '🇺🇦', 'українці', 'Ukraine', 'Ukraine', 'https://ukraine.ua', 'ukraine', 0.7730000000000000204, 'geo/00FF2E4F-C147-45FA-9014-EAEB7F789A58', 'Q313', 'National Bank of Ukraine', 25.60000000000000142, '2724.0', 'node/1648342273', 40.89999999999999858, '130.0', 'T086947', 'ukraine', 117710.0, '3035-2881', '2--477')
Traceback (most recent call last):
  File "/home/lkruger/bachelorthesis/bachelorthesis/evaluation.py", line 134, in run_experiment
    insert_query_handler.handle_insert_query(query)
  File "/home/lkruger/bachelorthesis/bachelorthesis/system/insert_query_handler.py", line 27, in handle_insert_query
    query_data.table = self.strategy.predict_table_name(query_data)
  File "/home/lkruger/bachelorthesis/bachelorthesis/system/strategies/llama2/llama2_model.py", line 103, in predict_table_name
    self.run_prompt(
  File "/home/lkruger/bachelorthesis/bachelorthesis/system/strategies/llama2/llama2_model.py", line 87, in run_prompt
    return self.pipe(prompt_text)[0]["generated_text"]
  File "/home/lkruger/bachelorthesis/bachelorthesis/fine_tuning/venv/lib/python3.9/site-packages/transformers/pipelines/text_generation.py", line 240, in __call__
    return super().__call__(text_inputs, **kwargs)
  File "/home/lkruger/bachelorthesis/bachelorthesis/fine_tuning/venv/lib/python3.9/site-packages/transformers/pipelines/base.py", line 1242, in __call__
    return self.run_single(inputs, preprocess_params, forward_params, postprocess_params)
  File "/home/lkruger/bachelorthesis/bachelorthesis/fine_tuning/venv/lib/python3.9/site-packages/transformers/pipelines/base.py", line 1249, in run_single
    model_outputs = self.forward(model_inputs, **forward_params)
  File "/home/lkruger/bachelorthesis/bachelorthesis/fine_tuning/venv/lib/python3.9/site-packages/transformers/pipelines/base.py", line 1149, in forward
    model_outputs = self._forward(model_inputs, **forward_params)
  File "/home/lkruger/bachelorthesis/bachelorthesis/fine_tuning/venv/lib/python3.9/site-packages/transformers/pipelines/text_generation.py", line 327, in _forward
    generated_sequence = self.model.generate(input_ids=input_ids, attention_mask=attention_mask, **generate_kwargs)
  File "/home/lkruger/bachelorthesis/bachelorthesis/fine_tuning/venv/lib/python3.9/site-packages/torch/utils/_contextlib.py", line 115, in decorate_context
    return func(*args, **kwargs)
  File "/home/lkruger/bachelorthesis/bachelorthesis/fine_tuning/venv/lib/python3.9/site-packages/transformers/generation/utils.py", line 1622, in generate
    result = self._sample(
  File "/home/lkruger/bachelorthesis/bachelorthesis/fine_tuning/venv/lib/python3.9/site-packages/transformers/generation/utils.py", line 2791, in _sample
    outputs = self(
  File "/home/lkruger/bachelorthesis/bachelorthesis/fine_tuning/venv/lib/python3.9/site-packages/torch/nn/modules/module.py", line 1511, in _wrapped_call_impl
    return self._call_impl(*args, **kwargs)
  File "/home/lkruger/bachelorthesis/bachelorthesis/fine_tuning/venv/lib/python3.9/site-packages/torch/nn/modules/module.py", line 1520, in _call_impl
    return forward_call(*args, **kwargs)
  File "/home/lkruger/bachelorthesis/bachelorthesis/fine_tuning/venv/lib/python3.9/site-packages/accelerate/hooks.py", line 166, in new_forward
    output = module._old_forward(*args, **kwargs)
  File "/home/lkruger/bachelorthesis/bachelorthesis/fine_tuning/venv/lib/python3.9/site-packages/transformers/models/llama/modeling_llama.py", line 1208, in forward
    outputs = self.model(
  File "/home/lkruger/bachelorthesis/bachelorthesis/fine_tuning/venv/lib/python3.9/site-packages/torch/nn/modules/module.py", line 1511, in _wrapped_call_impl
    return self._call_impl(*args, **kwargs)
  File "/home/lkruger/bachelorthesis/bachelorthesis/fine_tuning/venv/lib/python3.9/site-packages/torch/nn/modules/module.py", line 1520, in _call_impl
    return forward_call(*args, **kwargs)
  File "/home/lkruger/bachelorthesis/bachelorthesis/fine_tuning/venv/lib/python3.9/site-packages/transformers/models/llama/modeling_llama.py", line 1018, in forward
    layer_outputs = decoder_layer(
  File "/home/lkruger/bachelorthesis/bachelorthesis/fine_tuning/venv/lib/python3.9/site-packages/torch/nn/modules/module.py", line 1511, in _wrapped_call_impl
    return self._call_impl(*args, **kwargs)
  File "/home/lkruger/bachelorthesis/bachelorthesis/fine_tuning/venv/lib/python3.9/site-packages/torch/nn/modules/module.py", line 1520, in _call_impl
    return forward_call(*args, **kwargs)
  File "/home/lkruger/bachelorthesis/bachelorthesis/fine_tuning/venv/lib/python3.9/site-packages/accelerate/hooks.py", line 166, in new_forward
    output = module._old_forward(*args, **kwargs)
  File "/home/lkruger/bachelorthesis/bachelorthesis/fine_tuning/venv/lib/python3.9/site-packages/transformers/models/llama/modeling_llama.py", line 756, in forward
    hidden_states = self.mlp(hidden_states)
  File "/home/lkruger/bachelorthesis/bachelorthesis/fine_tuning/venv/lib/python3.9/site-packages/torch/nn/modules/module.py", line 1511, in _wrapped_call_impl
    return self._call_impl(*args, **kwargs)
  File "/home/lkruger/bachelorthesis/bachelorthesis/fine_tuning/venv/lib/python3.9/site-packages/torch/nn/modules/module.py", line 1520, in _call_impl
    return forward_call(*args, **kwargs)
  File "/home/lkruger/bachelorthesis/bachelorthesis/fine_tuning/venv/lib/python3.9/site-packages/accelerate/hooks.py", line 166, in new_forward
    output = module._old_forward(*args, **kwargs)
  File "/home/lkruger/bachelorthesis/bachelorthesis/fine_tuning/venv/lib/python3.9/site-packages/transformers/models/llama/modeling_llama.py", line 240, in forward
    down_proj = self.down_proj(self.act_fn(self.gate_proj(x)) * self.up_proj(x))
torch.cuda.OutOfMemoryError: CUDA out of memory. Tried to allocate 162.00 MiB. GPU 0 has a total capacity of 15.77 GiB of which 135.88 MiB is free. Including non-PyTorch memory, this process has 15.64 GiB memory in use. Of the allocated memory 14.10 GiB is allocated by PyTorch, and 645.03 MiB is reserved by PyTorch but unallocated. If reserved but unallocated memory is large try setting PYTORCH_CUDA_ALLOC_CONF=expandable_segments:True to avoid fragmentation.  See documentation for Memory Management  (https://pytorch.org/docs/stable/notes/cuda.html#environment-variables)


Error while executing query: INSERT INTO (`label`, `description`, `great_russian_encyclopedia_online_id`, `coordinates_of_southernmost_point`, `new_york_times_topic_id`, `gnd_id`, `category_of_associated_people`, `emergency_phone_number`, `electrical_plug_type`, `licence_plate_code`, `hashtag`, `babelnet_id`, `office_held_by_head_of_government`, `curlie_id`, `native_label`, `musicbrainz_area_id`, `public_holiday`, `uic_alphabetical_country_code`, `comic_vine_id`, `insee_countries_and_foreign_territories_code`, `vat_rate`, `diplomatic_relation`, `flag_image`, `commons_gallery`, `viaf_id`, `history_of_topic`, `capital`, `subreddit`, `openstreetmap_relation_id`, `mobile_country_code`, `maritime_identification_digits`, `nkcr_aut_id`, `asc_leiden_thesaurus_id`, `marriageable_age`, `category_of_people_buried_here`, `geoshape`, `coordinates_of_easternmost_point`, `le_monde_diplomatique_subject_id`, `marine_regions_geographic_id`, `member_of`, `unemployment_rate`, `railway_traffic_side`, `located_in_time_zone`, `category_for_people_who_died_here`, `yso_id`, `office_held_by_head_of_state`, `commons_category`, `shares_border_with`, `us_national_archives_identifier`, `nalt_id`, `treccani_id`, `iso_3166_1_numeric_code`, `coordinates_of_westernmost_point`, `country_calling_code`, `stw_thesaurus_for_economics_id`, `statoids_id`, `flag`, `fips_10_4_countries_and_regions`, `dagens_nyheter_topic_id`, `isni`, `nese_id`, `population`, `getty_thesaurus_of_geographic_names_id`, `topics_main_wikimedia_portal`, `wikimedia_outline`, `ndl_authority_id`, `currency`, `geonames_id`, `unicode_character`, `unesco_thesaurus_id`, `geography_of_topic`, `iso_3166_1_alpha_3_code`, `official_name`, `quora_topic_id`, `mesh_descriptor_id`, `guardian_topic_id`, `basic_form_of_government`, `coat_of_arms_image`, `ituisoiec_object_identifier`, `legislative_body`, `trunk_prefix`, `nuts_code`, `freebase_id`, `official_language`, `replaces`, `continent`, `coat_of_arms`, `age_of_majority`, `national_library_of_israel_id_old`, `on_focus_list_of_wikimedia_project`, `wipo_st3`, `coordinates_of_northernmost_point`, `has_quality`, `iso_3166_1_alpha_2_code`, `total_fertility_rate`, `area`, `store_norske_leksikon_id`, `different_from`, `topics_main_category`, `bibliothèque_nationale_de_france_id`, `locator_map_image`, `bbc_things_id`, `head_of_government`, `ioc_country_code`, `fast_id`, `gacs_id`, `archinform_location_id`, `encyclopædia_britannica_online_id`, `page_banner`, `category_for_films_shot_at_this_location`, `mains_voltage`, `executive_body`, `anthem`, `highest_judicial_authority`, `life_expectancy`, `top_level_internet_domain`, `instance_of`, `highest_point`, `category_for_people_born_here`, `driving_side`, `uic_numerical_country_code`, `lowest_point`, `civicus_monitor_country_entry`, `pronunciation_audio`, `idref_id`, `contains_the_administrative_territorial_entity`, `itu_letter_code`, `library_of_congress_authority_id`, `median_income`, `coordinate_location`, `described_by_source`, `brockhaus_enzyklopädie_online_id`, `iab_code`, `klexikon_article_id`, `loc_and_marc_vocabularies_id`, `language_used`, `dr_topic_id`, `world_encyclopedia_of_puppetry_arts_id`, `gran_enciclopèdia_catalana_id`, `whos_on_first_id`, `participant_in`, `inaturalist_place_id`, `omegawiki_defined_meaning`, `hds_id`, `gs1_country_code`, `culture`, `geonlp_id`, `analysis_policy_observatory_term_id`, `category_for_maps`, `treccanis_dizionario_di_storia_id`, `french_vikidia_id`, `english_vikidia_id`, `spanish_vikidia_id`, `italian_vikidia_id`, `larousse_id`, `worldcat_identities_id`, `fandom_article_id`, `eurovoc_id`, `tdv_islam_ansiklopedisi_id`, `part_of`, `open_data_portal`, `kbpedia_id`, `inception`, `rkd_thesaurus_id`, `pm20_geo_code`, `interlingual_index_id`, `jewish_encyclopedia_id_russian`, `economy_of_topic`, `uk_parliament_thesaurus_id`, `edition_humboldt_digital_id`, `tasteatlas_id`, `sapa_id`, `bhcl_uuid`, `github_topic`, `namuwiki_id`, `wordnet_31_synset_id`, `demographics_of_topic`, `ávvir_topic_id`, `ysa_id`, `yle_topic_id`, `bbc_news_topic_id`, `joconde_location_id`, `topics_main_template`, `armeniapedia_id`, `zhihu_topic_id`, `idaigazetteer_id`, `den_store_danske_id`, `krugosvet_article`, `schoenberg_database_of_manuscripts_place_id`, `colon_classification`, `national_library_of_israel_j9u_id`, `democracy_index`, `online_pwn_encyclopedia_id`, `postimees_topic_id`, `head_of_state`, `der_spiegel_topic_id`, `gyldendals_teaterleksikon_id`, `museum_digital_place_id`, `wikisimpsons_id`, `urban_electric_transit_country_id`, `m49_code`, `short_name`, `demonym`, `süddeutsche_zeitung_topic_id`, `country`, `official_website`, `alltrails_trail_id`, `human_development_index`, `national_historical_museums_of_sweden_id`, `eu_knowledge_graph_item_id`, `central_bank`, `gini_coefficient`, `obo_gazetteer_id`, `openstreetmap_element`, `happy_planet_index_score`, `the_top_tens_id`, `grove_art_online_id`, `the_world_factbook_country_id`, `number_of_out_of_school_children`, `giant_bomb_id`, `dewey_decimal_classification`) VALUES ('Belgium', 'country in western Europe', '4075290', '49.49699', 'destination/belgium', '4005406-8', 'Category:Belgian people', '112', 'Europlug', 'B', 'Belgium', '00009714n', 'Prime Minister of Belgium', 'Regional/Europe/Belgium/', 'Koninkrijk België', '5b8a5ee5-0bb3-34cf-9a75-c27c44e341fc', 'New Year''s Day', 'B', '4020-55916', '99131.0', 21.0, 'Luxembourg', 'Flag of Belgium (civil).svg', 'België / Belgique / Belgien', '144248059', 'history of Belgium', 'Brussels', 'belgium', '52411', '206', '205.0', 'ge128735', '294901094.0', 18.0, 'Category:Burials in Belgium', 'Data:Belgium.map', '50.3358193', 'pays/belgique', '14.0', 'European Union', 5.549999999999999823, 'left', 'UTC+01:00', 'Category:Deaths in Belgium', '105206', 'King of the Belgians', 'Belgium', 'Kingdom of the Netherlands', '10035761.0', '10580.0', 'belgio', '56', '51.08944972391368', '32', '17201-5', 'ube', 'flag of Belgium', 'BE', 'belgien', '0000 0001 2353 6287', 'belgien', 11584008.0, '1000063', 'Portal:Belgium', 'outline of Belgium', '560624', 'euro', '2802361', '🇧🇪', 'concept893', 'geography of Belgium', 'BEL', 'Royaume de Belgique', 'Belgium', 'D001530', 'world/belgium', 'constitutional monarchy', 'State Coat of Arms of Belgium.svg', '2.16.56', 'Belgian Federal Parliament', '0.0', 'BE', '/m/0154j', 'Dutch', 'United Kingdom of the Netherlands', 'Europe', 'coat of arms of Belgium', 18.0, '981380.0', 'WikiProject Zika Corpus', 'BE', '51.50508', 'free country', 'BE', 1.75, 30688.0, 'Belgia', 'Belgium', 'Category:Belgium', '15238382r', 'EU-Belgium.svg', 'e68c5b82-50e8-47d8-953c-bf61a2de0a85', 'Alexander De Croo', 'BEL', '1210278', '766', '2969', 'place/Belgium', 'Belgium Banner.jpg', 'Category:Films shot in Belgium', 230.0, 'Federal Government of Belgium', 'The Brabançonne', 'Constitutional Court of Belgium', 80.79000000000000626, '.be', 'sovereign state', 'Signal de Botrange', 'Category:Births in Belgium', 'right', '88.0', 'De Moeren', 'belgium', 'Lb-Belsch.ogg', '026360608', 'Flemish Region', 'BEL', 'n80126041', 31112.0, '50.641111111111', 'Catholic Encyclopedia', 'belgien', '1249', 'Belgien', 'countries/be', 'West Flemish', 'belgien', 'belgium', '8719', '85632997', 'Battle of the Lys', '7008', '5689', '3349', '540-549', 'culture of Belgium', 'wxtrbw', '6826', 'Category:Maps of Belgium', 'belgio', 'Belgique', 'Belgium', 'Bélgica', 'Belgio', 'pays/wd/108227', 'lccn-n80126041', 'nan', '4839', 'belcika', 'Allies of the First World War', 'data.gov.be', 'Belgium', '+1830-10-04T00:00:00Z', '3995.0', 'A21', 'i83329', '10489', 'economy of Belgium', '8617', 'H0005189', 'belgium', 'p/b4bc3740-2d3e-4ce2-875c-a2f6eb090a45', 'ffd382be-2f2b-4c19-ae5a-6ba50f65aec5', 'belgium', '벨기에', '08868745-n', 'demographics of Belgium', 'belgia', 'Y105206', '18-193836', 'cz4pr2gdgrdt', 'T84-674', 'Template:Subdivisions of Belgium', '2405.0', '19627981.0', '2075743', 'Belgien', 'strany_mira/BELGIYA.html', '1062', 'SG--5961', '987007559777605171', 7.509999999999999787, '4169005.0', '149', 'Philippe I of Belgium', 'belgien', 'Belgien', '1292.0', '48360', '37', '56.0', '🇧🇪', 'Belg', 'Belgien', 'Belgium', 'https://www.belgium.be/', 'belgium', 0.937000000000000055, 'geo/60FCC1CF-7151-4EFB-A99A-E23A77B27C7E', 'Q8', 'National Bank of Belgium', 27.19999999999999929, '2938.0', 'node/1684793666', 42.5, '124.0', 'T007414', 'belgium', 8330.0, '3035-254', '2--493')
Traceback (most recent call last):
  File "/home/lkruger/bachelorthesis/bachelorthesis/evaluation.py", line 134, in run_experiment
    insert_query_handler.handle_insert_query(query)
  File "/home/lkruger/bachelorthesis/bachelorthesis/system/insert_query_handler.py", line 27, in handle_insert_query
    query_data.table = self.strategy.predict_table_name(query_data)
  File "/home/lkruger/bachelorthesis/bachelorthesis/system/strategies/llama2/llama2_model.py", line 103, in predict_table_name
    self.run_prompt(
  File "/home/lkruger/bachelorthesis/bachelorthesis/system/strategies/llama2/llama2_model.py", line 87, in run_prompt
    return self.pipe(prompt_text)[0]["generated_text"]
  File "/home/lkruger/bachelorthesis/bachelorthesis/fine_tuning/venv/lib/python3.9/site-packages/transformers/pipelines/text_generation.py", line 240, in __call__
    return super().__call__(text_inputs, **kwargs)
  File "/home/lkruger/bachelorthesis/bachelorthesis/fine_tuning/venv/lib/python3.9/site-packages/transformers/pipelines/base.py", line 1242, in __call__
    return self.run_single(inputs, preprocess_params, forward_params, postprocess_params)
  File "/home/lkruger/bachelorthesis/bachelorthesis/fine_tuning/venv/lib/python3.9/site-packages/transformers/pipelines/base.py", line 1249, in run_single
    model_outputs = self.forward(model_inputs, **forward_params)
  File "/home/lkruger/bachelorthesis/bachelorthesis/fine_tuning/venv/lib/python3.9/site-packages/transformers/pipelines/base.py", line 1149, in forward
    model_outputs = self._forward(model_inputs, **forward_params)
  File "/home/lkruger/bachelorthesis/bachelorthesis/fine_tuning/venv/lib/python3.9/site-packages/transformers/pipelines/text_generation.py", line 327, in _forward
    generated_sequence = self.model.generate(input_ids=input_ids, attention_mask=attention_mask, **generate_kwargs)
  File "/home/lkruger/bachelorthesis/bachelorthesis/fine_tuning/venv/lib/python3.9/site-packages/torch/utils/_contextlib.py", line 115, in decorate_context
    return func(*args, **kwargs)
  File "/home/lkruger/bachelorthesis/bachelorthesis/fine_tuning/venv/lib/python3.9/site-packages/transformers/generation/utils.py", line 1622, in generate
    result = self._sample(
  File "/home/lkruger/bachelorthesis/bachelorthesis/fine_tuning/venv/lib/python3.9/site-packages/transformers/generation/utils.py", line 2791, in _sample
    outputs = self(
  File "/home/lkruger/bachelorthesis/bachelorthesis/fine_tuning/venv/lib/python3.9/site-packages/torch/nn/modules/module.py", line 1511, in _wrapped_call_impl
    return self._call_impl(*args, **kwargs)
  File "/home/lkruger/bachelorthesis/bachelorthesis/fine_tuning/venv/lib/python3.9/site-packages/torch/nn/modules/module.py", line 1520, in _call_impl
    return forward_call(*args, **kwargs)
  File "/home/lkruger/bachelorthesis/bachelorthesis/fine_tuning/venv/lib/python3.9/site-packages/accelerate/hooks.py", line 166, in new_forward
    output = module._old_forward(*args, **kwargs)
  File "/home/lkruger/bachelorthesis/bachelorthesis/fine_tuning/venv/lib/python3.9/site-packages/transformers/models/llama/modeling_llama.py", line 1208, in forward
    outputs = self.model(
  File "/home/lkruger/bachelorthesis/bachelorthesis/fine_tuning/venv/lib/python3.9/site-packages/torch/nn/modules/module.py", line 1511, in _wrapped_call_impl
    return self._call_impl(*args, **kwargs)
  File "/home/lkruger/bachelorthesis/bachelorthesis/fine_tuning/venv/lib/python3.9/site-packages/torch/nn/modules/module.py", line 1520, in _call_impl
    return forward_call(*args, **kwargs)
  File "/home/lkruger/bachelorthesis/bachelorthesis/fine_tuning/venv/lib/python3.9/site-packages/transformers/models/llama/modeling_llama.py", line 1018, in forward
    layer_outputs = decoder_layer(
  File "/home/lkruger/bachelorthesis/bachelorthesis/fine_tuning/venv/lib/python3.9/site-packages/torch/nn/modules/module.py", line 1511, in _wrapped_call_impl
    return self._call_impl(*args, **kwargs)
  File "/home/lkruger/bachelorthesis/bachelorthesis/fine_tuning/venv/lib/python3.9/site-packages/torch/nn/modules/module.py", line 1520, in _call_impl
    return forward_call(*args, **kwargs)
  File "/home/lkruger/bachelorthesis/bachelorthesis/fine_tuning/venv/lib/python3.9/site-packages/accelerate/hooks.py", line 166, in new_forward
    output = module._old_forward(*args, **kwargs)
  File "/home/lkruger/bachelorthesis/bachelorthesis/fine_tuning/venv/lib/python3.9/site-packages/transformers/models/llama/modeling_llama.py", line 756, in forward
    hidden_states = self.mlp(hidden_states)
  File "/home/lkruger/bachelorthesis/bachelorthesis/fine_tuning/venv/lib/python3.9/site-packages/torch/nn/modules/module.py", line 1511, in _wrapped_call_impl
    return self._call_impl(*args, **kwargs)
  File "/home/lkruger/bachelorthesis/bachelorthesis/fine_tuning/venv/lib/python3.9/site-packages/torch/nn/modules/module.py", line 1520, in _call_impl
    return forward_call(*args, **kwargs)
  File "/home/lkruger/bachelorthesis/bachelorthesis/fine_tuning/venv/lib/python3.9/site-packages/accelerate/hooks.py", line 166, in new_forward
    output = module._old_forward(*args, **kwargs)
  File "/home/lkruger/bachelorthesis/bachelorthesis/fine_tuning/venv/lib/python3.9/site-packages/transformers/models/llama/modeling_llama.py", line 240, in forward
    down_proj = self.down_proj(self.act_fn(self.gate_proj(x)) * self.up_proj(x))
torch.cuda.OutOfMemoryError: CUDA out of memory. Tried to allocate 160.00 MiB. GPU 0 has a total capacity of 15.77 GiB of which 135.88 MiB is free. Including non-PyTorch memory, this process has 15.64 GiB memory in use. Of the allocated memory 14.09 GiB is allocated by PyTorch, and 653.36 MiB is reserved by PyTorch but unallocated. If reserved but unallocated memory is large try setting PYTORCH_CUDA_ALLOC_CONF=expandable_segments:True to avoid fragmentation.  See documentation for Memory Management  (https://pytorch.org/docs/stable/notes/cuda.html#environment-variables)


Error while executing query: INSERT INTO (`label`, `description`, `great_russian_encyclopedia_online_id`, `coordinates_of_southernmost_point`, `new_york_times_topic_id`, `gnd_id`, `category_of_associated_people`, `emergency_phone_number`, `electrical_plug_type`, `licence_plate_code`, `hashtag`, `babelnet_id`, `office_held_by_head_of_government`, `curlie_id`, `native_label`, `musicbrainz_area_id`, `public_holiday`, `uic_alphabetical_country_code`, `comic_vine_id`, `insee_countries_and_foreign_territories_code`, `vat_rate`, `diplomatic_relation`, `flag_image`, `commons_gallery`, `viaf_id`, `history_of_topic`, `capital`, `subreddit`, `openstreetmap_relation_id`, `mobile_country_code`, `maritime_identification_digits`, `nkcr_aut_id`, `asc_leiden_thesaurus_id`, `marriageable_age`, `category_of_people_buried_here`, `geoshape`, `coordinates_of_easternmost_point`, `le_monde_diplomatique_subject_id`, `marine_regions_geographic_id`, `member_of`, `unemployment_rate`, `railway_traffic_side`, `located_in_time_zone`, `category_for_people_who_died_here`, `yso_id`, `office_held_by_head_of_state`, `commons_category`, `shares_border_with`, `us_national_archives_identifier`, `nalt_id`, `treccani_id`, `iso_3166_1_numeric_code`, `coordinates_of_westernmost_point`, `country_calling_code`, `stw_thesaurus_for_economics_id`, `statoids_id`, `flag`, `fips_10_4_countries_and_regions`, `dagens_nyheter_topic_id`, `isni`, `nese_id`, `population`, `getty_thesaurus_of_geographic_names_id`, `topics_main_wikimedia_portal`, `wikimedia_outline`, `ndl_authority_id`, `currency`, `geonames_id`, `unicode_character`, `unesco_thesaurus_id`, `geography_of_topic`, `iso_3166_1_alpha_3_code`, `official_name`, `quora_topic_id`, `mesh_descriptor_id`, `guardian_topic_id`, `basic_form_of_government`, `coat_of_arms_image`, `ituisoiec_object_identifier`, `legislative_body`, `trunk_prefix`, `nuts_code`, `freebase_id`, `official_language`, `replaces`, `continent`, `coat_of_arms`, `age_of_majority`, `national_library_of_israel_id_old`, `on_focus_list_of_wikimedia_project`, `wipo_st3`, `coordinates_of_northernmost_point`, `has_quality`, `iso_3166_1_alpha_2_code`, `total_fertility_rate`, `area`, `store_norske_leksikon_id`, `different_from`, `topics_main_category`, `bibliothèque_nationale_de_france_id`, `locator_map_image`, `bbc_things_id`, `head_of_government`, `ioc_country_code`, `fast_id`, `gacs_id`, `archinform_location_id`, `encyclopædia_britannica_online_id`, `page_banner`, `category_for_films_shot_at_this_location`, `mains_voltage`, `executive_body`, `anthem`, `highest_judicial_authority`, `life_expectancy`, `top_level_internet_domain`, `instance_of`, `highest_point`, `category_for_people_born_here`, `driving_side`, `uic_numerical_country_code`, `lowest_point`, `civicus_monitor_country_entry`, `pronunciation_audio`, `idref_id`, `contains_the_administrative_territorial_entity`, `itu_letter_code`, `library_of_congress_authority_id`, `median_income`, `coordinate_location`, `described_by_source`, `brockhaus_enzyklopädie_online_id`, `iab_code`, `klexikon_article_id`, `loc_and_marc_vocabularies_id`, `language_used`, `dr_topic_id`, `world_encyclopedia_of_puppetry_arts_id`, `gran_enciclopèdia_catalana_id`, `whos_on_first_id`, `participant_in`, `inaturalist_place_id`, `omegawiki_defined_meaning`, `hds_id`, `gs1_country_code`, `culture`, `geonlp_id`, `analysis_policy_observatory_term_id`, `category_for_maps`, `treccanis_dizionario_di_storia_id`, `french_vikidia_id`, `english_vikidia_id`, `spanish_vikidia_id`, `italian_vikidia_id`, `larousse_id`, `worldcat_identities_id`, `fandom_article_id`, `eurovoc_id`, `tdv_islam_ansiklopedisi_id`, `part_of`, `open_data_portal`, `kbpedia_id`, `inception`, `rkd_thesaurus_id`, `pm20_geo_code`, `interlingual_index_id`, `jewish_encyclopedia_id_russian`, `economy_of_topic`, `uk_parliament_thesaurus_id`, `edition_humboldt_digital_id`, `tasteatlas_id`, `sapa_id`, `bhcl_uuid`, `github_topic`, `namuwiki_id`, `wordnet_31_synset_id`, `demographics_of_topic`, `ávvir_topic_id`, `ysa_id`, `yle_topic_id`, `bbc_news_topic_id`, `joconde_location_id`, `topics_main_template`, `armeniapedia_id`, `zhihu_topic_id`, `idaigazetteer_id`, `den_store_danske_id`, `krugosvet_article`, `schoenberg_database_of_manuscripts_place_id`, `colon_classification`, `national_library_of_israel_j9u_id`, `democracy_index`, `online_pwn_encyclopedia_id`, `postimees_topic_id`, `head_of_state`, `der_spiegel_topic_id`, `gyldendals_teaterleksikon_id`, `museum_digital_place_id`, `wikisimpsons_id`, `urban_electric_transit_country_id`, `m49_code`, `short_name`, `demonym`, `süddeutsche_zeitung_topic_id`, `country`, `official_website`, `alltrails_trail_id`, `human_development_index`, `national_historical_museums_of_sweden_id`, `eu_knowledge_graph_item_id`, `central_bank`, `gini_coefficient`, `obo_gazetteer_id`, `openstreetmap_element`, `happy_planet_index_score`, `the_top_tens_id`, `grove_art_online_id`, `the_world_factbook_country_id`, `number_of_out_of_school_children`, `giant_bomb_id`, `dewey_decimal_classification`) VALUES ('Romania', 'country in Central and Eastern Europe', '3519916', '43.6233705', 'destination/romania', '4050939-4', 'Category:Romanian people', '112', 'Europlug', 'RO', 'Romania', '00068196n', 'Prime Minister of Romania', 'Regional/Europe/Romania/', 'România', '61ed84b8-5a10-30a7-8376-ccd51801d6d1', 'nan', 'RO', '4020-55923', '99114.0', 19.0, 'Canada', 'Flag of Romania.svg', 'România', '124251001', 'history of Romania', 'Bucharest', 'Romania', '90689', '226', '264.0', 'ge130694', '294935274.0', 18.0, 'Category:Burials in Romania', 'Data:Romania.map', '45.16381636', 'pays/roumanie', '2241.0', 'European Union', 7.0, 'right', 'UTC+02:00', 'Category:Deaths in Romania', '105030', 'President of Romania', 'Romania', 'Moldova', '10035825.0', '15648.0', 'nan', '642', '46.12168563', '40', '17177-4', 'uro', 'flag of Romania', 'RO', 'rumanien', '0000 0001 2358 7092', 'nan', 19053815.0, '1000091', 'Portal:Romania', 'outline of Romania', '569801', 'Romanian Leu', '798549', '🇷🇴', 'concept920', 'geography of Romania', 'ROU', 'România', 'Romania', 'D012383', 'world/romania', 'semi-presidential system', 'Coat of arms of Romania.svg', '2.16.642', 'Parliament of Romania', '0.0', 'RO', '/m/06c1y', 'Romanian', 'United Principalities of Moldavia and Wallachia', 'Europe', 'coat of arms of Romania', 18.0, '975271.0', 'Wikipedia:Vital articles/Level/4', 'RO', '48.27', 'free country', 'RO', 1.409999999999999921, 238397.0, 'Romania', 'Romagna', 'Category:Romania', '11865467h', 'Romania on the globe (Europe centered).svg', 'nan', 'Nicolae Ciucă', 'ROU', '1205085', '355', '3033', 'place/Romania', 'Romania banner.jpg', 'Category:Films shot in Romania', 230.0, 'Government of Romania', 'Deșteaptă-te, române!', 'nan', 75.0122000000000071, '.ro', 'sovereign state', 'Moldoveanu Peak', 'Category:Births in Romania', 'right', '53.0', 'Black Sea', 'romania', 'Lb-Rumänien.ogg', '026400030', 'Alba County', 'ROU', 'n79049551', NULL, '46.0', 'Brockhaus and Efron Encyclopedic Dictionary', 'rumänien', '1386', 'Rumänien', 'countries/rm', 'Romanian', 'rumaenien', 'romania', '56632', '85633745', 'Global System of Trade Preferences among Developing Countries', '8858', '154307', '3369', '594', 'culture of Romania', '2cPcLg', '86081', 'Category:Maps of Romania', 'romania', 'Roumanie', 'Romania', 'Rumania', 'Romania', 'nan', 'lccn-n79049551', 'countries:Romania', '3763', 'romanya', 'Eastern Europe', 'data.gov.ro', 'Romania', '+1859-01-24T00:00:00Z', '1146.0', 'A47', 'i83166', '13620', 'economy of Romania', '12554', 'nan', 'romania', 'p/c3c9ec87-44d9-4013-b551-1df1757d37b5', 'c42e62f5-e5fb-4fc2-ae20-2f5df5ce7aca', 'romania', '루마니아', '08831830-n', 'demographics of Romania', 'nan', 'Y105030', '18-185666', 'cnx753jennet', 'T84-3546', 'nan', '4101.0', 'nan', '2067292', 'Rumænien', 'strany_mira/RUMINIYA.html', '880', 'SG--5921', '987007561817905171', 6.400000000000000355, '4169131.0', '944', 'Klaus Iohannis', 'rumaenien', 'Rumænien', '2568.0', '48551', '39', '642.0', '🇷🇴', 'rumänisch', 'Rumänien', 'Romania', 'http://www.guv.ro/', 'romania', 0.8209999999999999521, 'geo/6BAAFA64-E83D-4B69-8F59-D5693B1CA8EF', 'Q28', 'National Bank of Romania', 34.79999999999999715, '2951.0', 'node/432425064', 46.20000000000000284, '117.0', 'T073141', 'romania', 332312.0, '3035-4279', '2--498')
Traceback (most recent call last):
  File "/home/lkruger/bachelorthesis/bachelorthesis/evaluation.py", line 134, in run_experiment
    insert_query_handler.handle_insert_query(query)
  File "/home/lkruger/bachelorthesis/bachelorthesis/system/insert_query_handler.py", line 27, in handle_insert_query
    query_data.table = self.strategy.predict_table_name(query_data)
  File "/home/lkruger/bachelorthesis/bachelorthesis/system/strategies/llama2/llama2_model.py", line 103, in predict_table_name
    self.run_prompt(
  File "/home/lkruger/bachelorthesis/bachelorthesis/system/strategies/llama2/llama2_model.py", line 87, in run_prompt
    return self.pipe(prompt_text)[0]["generated_text"]
  File "/home/lkruger/bachelorthesis/bachelorthesis/fine_tuning/venv/lib/python3.9/site-packages/transformers/pipelines/text_generation.py", line 240, in __call__
    return super().__call__(text_inputs, **kwargs)
  File "/home/lkruger/bachelorthesis/bachelorthesis/fine_tuning/venv/lib/python3.9/site-packages/transformers/pipelines/base.py", line 1242, in __call__
    return self.run_single(inputs, preprocess_params, forward_params, postprocess_params)
  File "/home/lkruger/bachelorthesis/bachelorthesis/fine_tuning/venv/lib/python3.9/site-packages/transformers/pipelines/base.py", line 1249, in run_single
    model_outputs = self.forward(model_inputs, **forward_params)
  File "/home/lkruger/bachelorthesis/bachelorthesis/fine_tuning/venv/lib/python3.9/site-packages/transformers/pipelines/base.py", line 1149, in forward
    model_outputs = self._forward(model_inputs, **forward_params)
  File "/home/lkruger/bachelorthesis/bachelorthesis/fine_tuning/venv/lib/python3.9/site-packages/transformers/pipelines/text_generation.py", line 327, in _forward
    generated_sequence = self.model.generate(input_ids=input_ids, attention_mask=attention_mask, **generate_kwargs)
  File "/home/lkruger/bachelorthesis/bachelorthesis/fine_tuning/venv/lib/python3.9/site-packages/torch/utils/_contextlib.py", line 115, in decorate_context
    return func(*args, **kwargs)
  File "/home/lkruger/bachelorthesis/bachelorthesis/fine_tuning/venv/lib/python3.9/site-packages/transformers/generation/utils.py", line 1622, in generate
    result = self._sample(
  File "/home/lkruger/bachelorthesis/bachelorthesis/fine_tuning/venv/lib/python3.9/site-packages/transformers/generation/utils.py", line 2791, in _sample
    outputs = self(
  File "/home/lkruger/bachelorthesis/bachelorthesis/fine_tuning/venv/lib/python3.9/site-packages/torch/nn/modules/module.py", line 1511, in _wrapped_call_impl
    return self._call_impl(*args, **kwargs)
  File "/home/lkruger/bachelorthesis/bachelorthesis/fine_tuning/venv/lib/python3.9/site-packages/torch/nn/modules/module.py", line 1520, in _call_impl
    return forward_call(*args, **kwargs)
  File "/home/lkruger/bachelorthesis/bachelorthesis/fine_tuning/venv/lib/python3.9/site-packages/accelerate/hooks.py", line 166, in new_forward
    output = module._old_forward(*args, **kwargs)
  File "/home/lkruger/bachelorthesis/bachelorthesis/fine_tuning/venv/lib/python3.9/site-packages/transformers/models/llama/modeling_llama.py", line 1208, in forward
    outputs = self.model(
  File "/home/lkruger/bachelorthesis/bachelorthesis/fine_tuning/venv/lib/python3.9/site-packages/torch/nn/modules/module.py", line 1511, in _wrapped_call_impl
    return self._call_impl(*args, **kwargs)
  File "/home/lkruger/bachelorthesis/bachelorthesis/fine_tuning/venv/lib/python3.9/site-packages/torch/nn/modules/module.py", line 1520, in _call_impl
    return forward_call(*args, **kwargs)
  File "/home/lkruger/bachelorthesis/bachelorthesis/fine_tuning/venv/lib/python3.9/site-packages/transformers/models/llama/modeling_llama.py", line 1018, in forward
    layer_outputs = decoder_layer(
  File "/home/lkruger/bachelorthesis/bachelorthesis/fine_tuning/venv/lib/python3.9/site-packages/torch/nn/modules/module.py", line 1511, in _wrapped_call_impl
    return self._call_impl(*args, **kwargs)
  File "/home/lkruger/bachelorthesis/bachelorthesis/fine_tuning/venv/lib/python3.9/site-packages/torch/nn/modules/module.py", line 1520, in _call_impl
    return forward_call(*args, **kwargs)
  File "/home/lkruger/bachelorthesis/bachelorthesis/fine_tuning/venv/lib/python3.9/site-packages/accelerate/hooks.py", line 166, in new_forward
    output = module._old_forward(*args, **kwargs)
  File "/home/lkruger/bachelorthesis/bachelorthesis/fine_tuning/venv/lib/python3.9/site-packages/transformers/models/llama/modeling_llama.py", line 756, in forward
    hidden_states = self.mlp(hidden_states)
  File "/home/lkruger/bachelorthesis/bachelorthesis/fine_tuning/venv/lib/python3.9/site-packages/torch/nn/modules/module.py", line 1511, in _wrapped_call_impl
    return self._call_impl(*args, **kwargs)
  File "/home/lkruger/bachelorthesis/bachelorthesis/fine_tuning/venv/lib/python3.9/site-packages/torch/nn/modules/module.py", line 1520, in _call_impl
    return forward_call(*args, **kwargs)
  File "/home/lkruger/bachelorthesis/bachelorthesis/fine_tuning/venv/lib/python3.9/site-packages/accelerate/hooks.py", line 166, in new_forward
    output = module._old_forward(*args, **kwargs)
  File "/home/lkruger/bachelorthesis/bachelorthesis/fine_tuning/venv/lib/python3.9/site-packages/transformers/models/llama/modeling_llama.py", line 240, in forward
    down_proj = self.down_proj(self.act_fn(self.gate_proj(x)) * self.up_proj(x))
torch.cuda.OutOfMemoryError: CUDA out of memory. Tried to allocate 158.00 MiB. GPU 0 has a total capacity of 15.77 GiB of which 135.88 MiB is free. Including non-PyTorch memory, this process has 15.64 GiB memory in use. Of the allocated memory 14.07 GiB is allocated by PyTorch, and 675.96 MiB is reserved by PyTorch but unallocated. If reserved but unallocated memory is large try setting PYTORCH_CUDA_ALLOC_CONF=expandable_segments:True to avoid fragmentation.  See documentation for Memory Management  (https://pytorch.org/docs/stable/notes/cuda.html#environment-variables)


Error while executing query: INSERT INTO (`label`, `description`, `great_russian_encyclopedia_online_id`, `coordinates_of_southernmost_point`, `new_york_times_topic_id`, `gnd_id`, `category_of_associated_people`, `emergency_phone_number`, `electrical_plug_type`, `licence_plate_code`, `hashtag`, `babelnet_id`, `office_held_by_head_of_government`, `curlie_id`, `native_label`, `musicbrainz_area_id`, `public_holiday`, `uic_alphabetical_country_code`, `comic_vine_id`, `insee_countries_and_foreign_territories_code`, `vat_rate`, `diplomatic_relation`, `flag_image`, `commons_gallery`, `viaf_id`, `history_of_topic`, `capital`, `subreddit`, `openstreetmap_relation_id`, `mobile_country_code`, `maritime_identification_digits`, `nkcr_aut_id`, `asc_leiden_thesaurus_id`, `marriageable_age`, `category_of_people_buried_here`, `geoshape`, `coordinates_of_easternmost_point`, `le_monde_diplomatique_subject_id`, `marine_regions_geographic_id`, `member_of`, `unemployment_rate`, `railway_traffic_side`, `located_in_time_zone`, `category_for_people_who_died_here`, `yso_id`, `office_held_by_head_of_state`, `commons_category`, `shares_border_with`, `us_national_archives_identifier`, `nalt_id`, `treccani_id`, `iso_3166_1_numeric_code`, `coordinates_of_westernmost_point`, `country_calling_code`, `stw_thesaurus_for_economics_id`, `statoids_id`, `flag`, `fips_10_4_countries_and_regions`, `dagens_nyheter_topic_id`, `isni`, `nese_id`, `population`, `getty_thesaurus_of_geographic_names_id`, `topics_main_wikimedia_portal`, `wikimedia_outline`, `ndl_authority_id`, `currency`, `geonames_id`, `unicode_character`, `unesco_thesaurus_id`, `geography_of_topic`, `iso_3166_1_alpha_3_code`, `official_name`, `quora_topic_id`, `mesh_descriptor_id`, `guardian_topic_id`, `basic_form_of_government`, `coat_of_arms_image`, `ituisoiec_object_identifier`, `legislative_body`, `trunk_prefix`, `nuts_code`, `freebase_id`, `official_language`, `replaces`, `continent`, `coat_of_arms`, `age_of_majority`, `national_library_of_israel_id_old`, `on_focus_list_of_wikimedia_project`, `wipo_st3`, `coordinates_of_northernmost_point`, `has_quality`, `iso_3166_1_alpha_2_code`, `total_fertility_rate`, `area`, `store_norske_leksikon_id`, `different_from`, `topics_main_category`, `bibliothèque_nationale_de_france_id`, `locator_map_image`, `bbc_things_id`, `head_of_government`, `ioc_country_code`, `fast_id`, `gacs_id`, `archinform_location_id`, `encyclopædia_britannica_online_id`, `page_banner`, `category_for_films_shot_at_this_location`, `mains_voltage`, `executive_body`, `anthem`, `highest_judicial_authority`, `life_expectancy`, `top_level_internet_domain`, `instance_of`, `highest_point`, `category_for_people_born_here`, `driving_side`, `uic_numerical_country_code`, `lowest_point`, `civicus_monitor_country_entry`, `pronunciation_audio`, `idref_id`, `contains_the_administrative_territorial_entity`, `itu_letter_code`, `library_of_congress_authority_id`, `median_income`, `coordinate_location`, `described_by_source`, `brockhaus_enzyklopädie_online_id`, `iab_code`, `klexikon_article_id`, `loc_and_marc_vocabularies_id`, `language_used`, `dr_topic_id`, `world_encyclopedia_of_puppetry_arts_id`, `gran_enciclopèdia_catalana_id`, `whos_on_first_id`, `participant_in`, `inaturalist_place_id`, `omegawiki_defined_meaning`, `hds_id`, `gs1_country_code`, `culture`, `geonlp_id`, `analysis_policy_observatory_term_id`, `category_for_maps`, `treccanis_dizionario_di_storia_id`, `french_vikidia_id`, `english_vikidia_id`, `spanish_vikidia_id`, `italian_vikidia_id`, `larousse_id`, `worldcat_identities_id`, `fandom_article_id`, `eurovoc_id`, `tdv_islam_ansiklopedisi_id`, `part_of`, `open_data_portal`, `kbpedia_id`, `inception`, `rkd_thesaurus_id`, `pm20_geo_code`, `interlingual_index_id`, `jewish_encyclopedia_id_russian`, `economy_of_topic`, `uk_parliament_thesaurus_id`, `edition_humboldt_digital_id`, `tasteatlas_id`, `sapa_id`, `bhcl_uuid`, `github_topic`, `namuwiki_id`, `wordnet_31_synset_id`, `demographics_of_topic`, `ávvir_topic_id`, `ysa_id`, `yle_topic_id`, `bbc_news_topic_id`, `joconde_location_id`, `topics_main_template`, `armeniapedia_id`, `zhihu_topic_id`, `idaigazetteer_id`, `den_store_danske_id`, `krugosvet_article`, `schoenberg_database_of_manuscripts_place_id`, `colon_classification`, `national_library_of_israel_j9u_id`, `democracy_index`, `online_pwn_encyclopedia_id`, `postimees_topic_id`, `head_of_state`, `der_spiegel_topic_id`, `gyldendals_teaterleksikon_id`, `museum_digital_place_id`, `wikisimpsons_id`, `urban_electric_transit_country_id`, `m49_code`, `short_name`, `demonym`, `süddeutsche_zeitung_topic_id`, `country`, `official_website`, `alltrails_trail_id`, `human_development_index`, `national_historical_museums_of_sweden_id`, `eu_knowledge_graph_item_id`, `central_bank`, `gini_coefficient`, `obo_gazetteer_id`, `openstreetmap_element`, `happy_planet_index_score`, `the_top_tens_id`, `grove_art_online_id`, `the_world_factbook_country_id`, `number_of_out_of_school_children`, `giant_bomb_id`, `dewey_decimal_classification`) VALUES ('Sweden', 'country in Northern Europe', '4692537', '55.336944444444', 'destination/sweden', '4077258-5', 'Category:Swedish people', '112', 'Europlug', 'S', 'Sweden', '00049181n', 'Prime Minister of Sweden', 'Regional/Europe/Sweden/', 'Sverige', '23d10872-f5ae-3f0c-bf55-332788a16ecb', 'New Year''s Day', 'S', '4020-55925', '99104.0', 25.0, 'Canada', 'Flag of Sweden.svg', 'Sverige', '159364209', 'history of Sweden', 'Stockholm', 'sweden', '52822', '240', '265.0', 'ge134629', '294939776.0', 18.0, 'Category:Burials in Sweden', 'Data:Sweden.map', '65.701111111111', 'pays/suede', '2180.0', 'European Union', 1.899999999999999912, 'left', 'UTC+01:00', 'Category:Deaths in Sweden', '94383', 'Monarch of Sweden', 'Sweden', 'Denmark', '10035835.0', '11928.0', 'svezia', '752', '58.928611111111', '46', '16989-5', 'use', 'flag of Sweden', 'SW', 'nan', '0000 0001 2299 7436', 'sverige', 10409248.0, '1000097', 'Portal:Sweden', 'outline of Sweden', '571513', 'Swedish krona', '2661886', '🇸🇪', 'concept10481', 'geography of Sweden', 'SWE', 'Konungariket Sverige', 'Sweden', 'D013548', 'world/sweden', 'constitutional monarchy', 'Shield of arms of Sweden.svg', '2.16.752', 'Parliament of Sweden', '0.0', 'SE', '/m/0d0vqn', 'Swedish', 'nan', 'Europe', 'coat of arms of Sweden', 18.0, '188718.0', 'Wikipedia:Vital articles/Level/4', 'SE', '69.06', 'free country', 'SE', 1.889999999999999903, 447425.1599999999743, 'Sverige', 'Szwecja', 'Category:Sweden', '15238534f', 'EU-Sweden.svg', '4fdf72b9-e477-43e5-80cf-b2ea49baa0bc', 'Ulf Kristersson', 'SWE', '1204537', '160', '3037', 'place/Sweden', 'Nykulla banner.JPG', 'Category:Films shot in Sweden', 230.0, 'Government of Sweden', 'Du gamla, du fria', 'Supreme Court of Sweden', 82.20488000000000283, '.se', 'country', 'Kebnekaise', 'Category:Births in Sweden', 'right', '74.0', 'Kristianstad', 'sweden', 'Fr-la Suède-fr BE.ogg', '026401606', 'Blekinge County', 'S', 'n79021184', 50514.0, '61.0', 'Catholic Encyclopedia', 'schweden', '1418', 'Schweden', 'countries/sw', 'Swedish', 'sverige', 'sweden', '64452', '85633789', 'nan', '7599', '6764', '3371', '730-739', 'culture of Sweden', 'noPfTT', '3006', 'Category:Maps of Sweden', 'svezia', 'Suède', 'Sweden', 'Suecia', 'nan', 'pays/Suède/145432', 'lccn-n79054515', 'sweden:Sweden', '4320', 'nan', 'Kalmar Union', 'Sweden''s data portal', 'Sweden', '+0700-00-00T00:00:00Z', '6699.0', 'A17', 'i82948', '14791', 'economy of Sweden', '13156', 'H0010177', 'sweden', 'p/9002f3cd-18ba-4dd0-9919-5742621b5774', 'dfe028fd-2642-4bb8-aaec-32be15dcbed0', 'sweden', '스웨덴', '08783723-n', 'demographics of Sweden', 'ruotta', 'Y94383', '18-189082', 'c77jz3md4rwt', 'T84-3559', 'nan', '4102.0', '19599463.0', '2064998', 'Sverige', 'strany_mira/SHVETSIYA.html', '208', 'SG--571', '987007554811405171', 9.25999999999999979, '4169155.0', '720', 'Carl XVI Gustaf of Sweden', 'schweden', 'nan', '1004.0', '16666', '33', '752.0', '🇸🇪', 'Zweed', 'Schweden', 'Sweden', 'https://sweden.se', 'sweden', 0.946999999999999953, 'geo/6B39FA2B-447A-4740-A970-2ABF3A06D8A6', 'Q11', 'Sveriges Riksbank', 29.30000000000000071, '2729.0', 'node/424313277', 50.5, '48.0', 'T082574', 'sweden', 9424.0, '3035-922', '2--485')
Traceback (most recent call last):
  File "/home/lkruger/bachelorthesis/bachelorthesis/evaluation.py", line 134, in run_experiment
    insert_query_handler.handle_insert_query(query)
  File "/home/lkruger/bachelorthesis/bachelorthesis/system/insert_query_handler.py", line 27, in handle_insert_query
    query_data.table = self.strategy.predict_table_name(query_data)
  File "/home/lkruger/bachelorthesis/bachelorthesis/system/strategies/llama2/llama2_model.py", line 103, in predict_table_name
    self.run_prompt(
  File "/home/lkruger/bachelorthesis/bachelorthesis/system/strategies/llama2/llama2_model.py", line 87, in run_prompt
    return self.pipe(prompt_text)[0]["generated_text"]
  File "/home/lkruger/bachelorthesis/bachelorthesis/fine_tuning/venv/lib/python3.9/site-packages/transformers/pipelines/text_generation.py", line 240, in __call__
    return super().__call__(text_inputs, **kwargs)
  File "/home/lkruger/bachelorthesis/bachelorthesis/fine_tuning/venv/lib/python3.9/site-packages/transformers/pipelines/base.py", line 1242, in __call__
    return self.run_single(inputs, preprocess_params, forward_params, postprocess_params)
  File "/home/lkruger/bachelorthesis/bachelorthesis/fine_tuning/venv/lib/python3.9/site-packages/transformers/pipelines/base.py", line 1249, in run_single
    model_outputs = self.forward(model_inputs, **forward_params)
  File "/home/lkruger/bachelorthesis/bachelorthesis/fine_tuning/venv/lib/python3.9/site-packages/transformers/pipelines/base.py", line 1149, in forward
    model_outputs = self._forward(model_inputs, **forward_params)
  File "/home/lkruger/bachelorthesis/bachelorthesis/fine_tuning/venv/lib/python3.9/site-packages/transformers/pipelines/text_generation.py", line 327, in _forward
    generated_sequence = self.model.generate(input_ids=input_ids, attention_mask=attention_mask, **generate_kwargs)
  File "/home/lkruger/bachelorthesis/bachelorthesis/fine_tuning/venv/lib/python3.9/site-packages/torch/utils/_contextlib.py", line 115, in decorate_context
    return func(*args, **kwargs)
  File "/home/lkruger/bachelorthesis/bachelorthesis/fine_tuning/venv/lib/python3.9/site-packages/transformers/generation/utils.py", line 1622, in generate
    result = self._sample(
  File "/home/lkruger/bachelorthesis/bachelorthesis/fine_tuning/venv/lib/python3.9/site-packages/transformers/generation/utils.py", line 2791, in _sample
    outputs = self(
  File "/home/lkruger/bachelorthesis/bachelorthesis/fine_tuning/venv/lib/python3.9/site-packages/torch/nn/modules/module.py", line 1511, in _wrapped_call_impl
    return self._call_impl(*args, **kwargs)
  File "/home/lkruger/bachelorthesis/bachelorthesis/fine_tuning/venv/lib/python3.9/site-packages/torch/nn/modules/module.py", line 1520, in _call_impl
    return forward_call(*args, **kwargs)
  File "/home/lkruger/bachelorthesis/bachelorthesis/fine_tuning/venv/lib/python3.9/site-packages/accelerate/hooks.py", line 166, in new_forward
    output = module._old_forward(*args, **kwargs)
  File "/home/lkruger/bachelorthesis/bachelorthesis/fine_tuning/venv/lib/python3.9/site-packages/transformers/models/llama/modeling_llama.py", line 1208, in forward
    outputs = self.model(
  File "/home/lkruger/bachelorthesis/bachelorthesis/fine_tuning/venv/lib/python3.9/site-packages/torch/nn/modules/module.py", line 1511, in _wrapped_call_impl
    return self._call_impl(*args, **kwargs)
  File "/home/lkruger/bachelorthesis/bachelorthesis/fine_tuning/venv/lib/python3.9/site-packages/torch/nn/modules/module.py", line 1520, in _call_impl
    return forward_call(*args, **kwargs)
  File "/home/lkruger/bachelorthesis/bachelorthesis/fine_tuning/venv/lib/python3.9/site-packages/transformers/models/llama/modeling_llama.py", line 1018, in forward
    layer_outputs = decoder_layer(
  File "/home/lkruger/bachelorthesis/bachelorthesis/fine_tuning/venv/lib/python3.9/site-packages/torch/nn/modules/module.py", line 1511, in _wrapped_call_impl
    return self._call_impl(*args, **kwargs)
  File "/home/lkruger/bachelorthesis/bachelorthesis/fine_tuning/venv/lib/python3.9/site-packages/torch/nn/modules/module.py", line 1520, in _call_impl
    return forward_call(*args, **kwargs)
  File "/home/lkruger/bachelorthesis/bachelorthesis/fine_tuning/venv/lib/python3.9/site-packages/accelerate/hooks.py", line 166, in new_forward
    output = module._old_forward(*args, **kwargs)
  File "/home/lkruger/bachelorthesis/bachelorthesis/fine_tuning/venv/lib/python3.9/site-packages/transformers/models/llama/modeling_llama.py", line 756, in forward
    hidden_states = self.mlp(hidden_states)
  File "/home/lkruger/bachelorthesis/bachelorthesis/fine_tuning/venv/lib/python3.9/site-packages/torch/nn/modules/module.py", line 1511, in _wrapped_call_impl
    return self._call_impl(*args, **kwargs)
  File "/home/lkruger/bachelorthesis/bachelorthesis/fine_tuning/venv/lib/python3.9/site-packages/torch/nn/modules/module.py", line 1520, in _call_impl
    return forward_call(*args, **kwargs)
  File "/home/lkruger/bachelorthesis/bachelorthesis/fine_tuning/venv/lib/python3.9/site-packages/accelerate/hooks.py", line 166, in new_forward
    output = module._old_forward(*args, **kwargs)
  File "/home/lkruger/bachelorthesis/bachelorthesis/fine_tuning/venv/lib/python3.9/site-packages/transformers/models/llama/modeling_llama.py", line 240, in forward
    down_proj = self.down_proj(self.act_fn(self.gate_proj(x)) * self.up_proj(x))
torch.cuda.OutOfMemoryError: CUDA out of memory. Tried to allocate 160.00 MiB. GPU 0 has a total capacity of 15.77 GiB of which 135.88 MiB is free. Including non-PyTorch memory, this process has 15.64 GiB memory in use. Of the allocated memory 14.08 GiB is allocated by PyTorch, and 666.84 MiB is reserved by PyTorch but unallocated. If reserved but unallocated memory is large try setting PYTORCH_CUDA_ALLOC_CONF=expandable_segments:True to avoid fragmentation.  See documentation for Memory Management  (https://pytorch.org/docs/stable/notes/cuda.html#environment-variables)


Error while executing query: INSERT INTO (`label`, `description`, `great_russian_encyclopedia_online_id`, `coordinates_of_southernmost_point`, `new_york_times_topic_id`, `gnd_id`, `category_of_associated_people`, `emergency_phone_number`, `electrical_plug_type`, `licence_plate_code`, `hashtag`, `babelnet_id`, `office_held_by_head_of_government`, `curlie_id`, `native_label`, `musicbrainz_area_id`, `public_holiday`, `uic_alphabetical_country_code`, `comic_vine_id`, `insee_countries_and_foreign_territories_code`, `vat_rate`, `diplomatic_relation`, `flag_image`, `commons_gallery`, `viaf_id`, `history_of_topic`, `capital`, `subreddit`, `openstreetmap_relation_id`, `mobile_country_code`, `maritime_identification_digits`, `nkcr_aut_id`, `asc_leiden_thesaurus_id`, `marriageable_age`, `category_of_people_buried_here`, `geoshape`, `coordinates_of_easternmost_point`, `le_monde_diplomatique_subject_id`, `marine_regions_geographic_id`, `member_of`, `unemployment_rate`, `railway_traffic_side`, `located_in_time_zone`, `category_for_people_who_died_here`, `yso_id`, `office_held_by_head_of_state`, `commons_category`, `shares_border_with`, `us_national_archives_identifier`, `nalt_id`, `treccani_id`, `iso_3166_1_numeric_code`, `coordinates_of_westernmost_point`, `country_calling_code`, `stw_thesaurus_for_economics_id`, `statoids_id`, `flag`, `fips_10_4_countries_and_regions`, `dagens_nyheter_topic_id`, `isni`, `nese_id`, `population`, `getty_thesaurus_of_geographic_names_id`, `topics_main_wikimedia_portal`, `wikimedia_outline`, `ndl_authority_id`, `currency`, `geonames_id`, `unicode_character`, `unesco_thesaurus_id`, `geography_of_topic`, `iso_3166_1_alpha_3_code`, `official_name`, `quora_topic_id`, `mesh_descriptor_id`, `guardian_topic_id`, `basic_form_of_government`, `coat_of_arms_image`, `ituisoiec_object_identifier`, `legislative_body`, `trunk_prefix`, `nuts_code`, `freebase_id`, `official_language`, `replaces`, `continent`, `coat_of_arms`, `age_of_majority`, `national_library_of_israel_id_old`, `on_focus_list_of_wikimedia_project`, `wipo_st3`, `coordinates_of_northernmost_point`, `has_quality`, `iso_3166_1_alpha_2_code`, `total_fertility_rate`, `area`, `store_norske_leksikon_id`, `different_from`, `topics_main_category`, `bibliothèque_nationale_de_france_id`, `locator_map_image`, `bbc_things_id`, `head_of_government`, `ioc_country_code`, `fast_id`, `gacs_id`, `archinform_location_id`, `encyclopædia_britannica_online_id`, `page_banner`, `category_for_films_shot_at_this_location`, `mains_voltage`, `executive_body`, `anthem`, `highest_judicial_authority`, `life_expectancy`, `top_level_internet_domain`, `instance_of`, `highest_point`, `category_for_people_born_here`, `driving_side`, `uic_numerical_country_code`, `lowest_point`, `civicus_monitor_country_entry`, `pronunciation_audio`, `idref_id`, `contains_the_administrative_territorial_entity`, `itu_letter_code`, `library_of_congress_authority_id`, `median_income`, `coordinate_location`, `described_by_source`, `brockhaus_enzyklopädie_online_id`, `iab_code`, `klexikon_article_id`, `loc_and_marc_vocabularies_id`, `language_used`, `dr_topic_id`, `world_encyclopedia_of_puppetry_arts_id`, `gran_enciclopèdia_catalana_id`, `whos_on_first_id`, `participant_in`, `inaturalist_place_id`, `omegawiki_defined_meaning`, `hds_id`, `gs1_country_code`, `culture`, `geonlp_id`, `analysis_policy_observatory_term_id`, `category_for_maps`, `treccanis_dizionario_di_storia_id`, `french_vikidia_id`, `english_vikidia_id`, `spanish_vikidia_id`, `italian_vikidia_id`, `larousse_id`, `worldcat_identities_id`, `fandom_article_id`, `eurovoc_id`, `tdv_islam_ansiklopedisi_id`, `part_of`, `open_data_portal`, `kbpedia_id`, `inception`, `rkd_thesaurus_id`, `pm20_geo_code`, `interlingual_index_id`, `jewish_encyclopedia_id_russian`, `economy_of_topic`, `uk_parliament_thesaurus_id`, `edition_humboldt_digital_id`, `tasteatlas_id`, `sapa_id`, `bhcl_uuid`, `github_topic`, `namuwiki_id`, `wordnet_31_synset_id`, `demographics_of_topic`, `ávvir_topic_id`, `ysa_id`, `yle_topic_id`, `bbc_news_topic_id`, `joconde_location_id`, `topics_main_template`, `armeniapedia_id`, `zhihu_topic_id`, `idaigazetteer_id`, `den_store_danske_id`, `krugosvet_article`, `schoenberg_database_of_manuscripts_place_id`, `colon_classification`, `national_library_of_israel_j9u_id`, `democracy_index`, `online_pwn_encyclopedia_id`, `postimees_topic_id`, `head_of_state`, `der_spiegel_topic_id`, `gyldendals_teaterleksikon_id`, `museum_digital_place_id`, `wikisimpsons_id`, `urban_electric_transit_country_id`, `m49_code`, `short_name`, `demonym`, `süddeutsche_zeitung_topic_id`, `country`, `official_website`, `alltrails_trail_id`, `human_development_index`, `national_historical_museums_of_sweden_id`, `eu_knowledge_graph_item_id`, `central_bank`, `gini_coefficient`, `obo_gazetteer_id`, `openstreetmap_element`, `happy_planet_index_score`, `the_top_tens_id`, `grove_art_online_id`, `the_world_factbook_country_id`, `number_of_out_of_school_children`, `giant_bomb_id`, `dewey_decimal_classification`) VALUES ('France', 'country in Western Europe', '4721849', '41.33354648385013', 'destination/france', '4018145-5', 'Category:French people', '112', 'Europlug', 'F', 'France', '00036202n', 'Prime Minister of France', 'Regional/Europe/France/', 'République française', '08310658-51eb-3801-80de-5a0739207115', 'Easter Monday', 'F', '4020-55778', 'nan', 20.0, 'Albania', 'Flag of France (1794–1815, 1830–1974, 2020–present).svg', 'France', '264091107', 'history of France', 'Paris', 'france', '2202162', '208', '226.0', 'ge129152', '294912452.0', 0.0, 'Category:Burials in France', 'Data:France.map', '42.282222222222', 'pays/france', '17.0', 'European Union', 10.0, 'left', 'UTC+01:00', 'Category:Deaths in France', '104968', 'President of the French Republic', 'France', 'Kingdom of the Netherlands', '10035788.0', '7039.0', 'nan', '250', '48.445833333333', '33', '17255-3', 'ufr', 'flag of France', 'FR', 'frankrike', 'nan', 'frankrike', 67749632.0, '1000070', 'Portal:France', 'outline of France', '563689', 'euro', '3017382', '🇫🇷', 'concept902', 'geography of France', 'FRA', 'Francouzská republika', 'France', 'D005602', 'world/france', 'semi-presidential system', 'Armoiries république française.svg', '2.16.250', 'French Parliament', '0.0', 'FR', '/m/0f8l9c', 'French', 'nan', 'Europe', 'coat of arms of France', 18.0, '974208.0', 'Wikipedia:List of articles all languages should have', 'FR', '51.089', 'free country', 'FR', 1.989999999999999992, 643801.0, 'Frankrike', 'nan', 'Category:France', '152383070', 'EU-France (orthographic projection).svg', '61ef4416-de68-49ff-9c97-e0779dafd9d2', 'Élisabeth Borne', 'FRA', '1204289', '619', '2984', 'place/France', 'Sainte-Enimie-Gorges du Tarn France banner.jpg', 'Category:Films shot in France', 230.0, 'Government of France', 'La Marseillaise', 'Court of Cassation', 82.27316999999999325, '.fr', 'country', 'Mont Blanc', 'Category:Births in France', 'right', '87.0', 'Étang de Lavalduc', 'france', 'Hu-francia.ogg', '026378329', 'Clipperton Island', 'F', 'n79006404', 30364.0, '47.0', 'Catholic Encyclopedia', 'frankreich', '1295', 'Frankreich', 'countries/fr', 'standard French', 'frankrig', 'france', '27948', '85633147', 'Rif War', '6753', '7955', '3354', '300-379', 'culture of France', 'JfFJmZ', '6592', 'Category:Maps of France', 'francia', 'France', 'France', 'Francia', 'Francia', 'pays/wd/120114', 'lccn-n79006404', 'france:France', '1085', 'nan', 'Western Europe', 'data.gouv.fr', 'France', '+1792-00-00T00:00:00Z', '455.0', 'A28', 'i83644', '14344', 'economy of France', '10352', 'H0004801', 'france', 'p/804af1fe-911d-449e-9a90-c127110acda5', '00e4cc53-5b5d-4636-a60e-addf9f452f94', 'france', '프랑스', '08949695-n', 'demographics of France', 'frankriika', 'Y104968', '18-193871', 'c302m85qenyt', 'T84-742', 'Template:Regions of France', '3938.0', '19552320.0', '2076466', 'Frankrig', 'strany_mira/FRANTSIYA.html', '13', 'SG--53', '987007552533205171', 7.990000000000000213, '4169037.0', '2706', 'Emmanuel Macron', 'frankreich', 'Frankrig', '330.0', '16355', '29', '250.0', 'France', 'француз', 'Frankreich', 'France', 'https://www.gouvernement.fr/', 'france', 0.9030000000000000248, 'geo/CF4D8D5F-9DE6-4C9C-9F25-F4B3BAC86493', 'Q20', 'Bank of France', 33.10000000000000142, '2940.0', 'node/291222598', 51.79999999999999716, '49.0', 'T029314', 'france', 29418.0, '3035-197', '2--44')
Traceback (most recent call last):
  File "/home/lkruger/bachelorthesis/bachelorthesis/evaluation.py", line 134, in run_experiment
    insert_query_handler.handle_insert_query(query)
  File "/home/lkruger/bachelorthesis/bachelorthesis/system/insert_query_handler.py", line 27, in handle_insert_query
    query_data.table = self.strategy.predict_table_name(query_data)
  File "/home/lkruger/bachelorthesis/bachelorthesis/system/strategies/llama2/llama2_model.py", line 103, in predict_table_name
    self.run_prompt(
  File "/home/lkruger/bachelorthesis/bachelorthesis/system/strategies/llama2/llama2_model.py", line 87, in run_prompt
    return self.pipe(prompt_text)[0]["generated_text"]
  File "/home/lkruger/bachelorthesis/bachelorthesis/fine_tuning/venv/lib/python3.9/site-packages/transformers/pipelines/text_generation.py", line 240, in __call__
    return super().__call__(text_inputs, **kwargs)
  File "/home/lkruger/bachelorthesis/bachelorthesis/fine_tuning/venv/lib/python3.9/site-packages/transformers/pipelines/base.py", line 1242, in __call__
    return self.run_single(inputs, preprocess_params, forward_params, postprocess_params)
  File "/home/lkruger/bachelorthesis/bachelorthesis/fine_tuning/venv/lib/python3.9/site-packages/transformers/pipelines/base.py", line 1249, in run_single
    model_outputs = self.forward(model_inputs, **forward_params)
  File "/home/lkruger/bachelorthesis/bachelorthesis/fine_tuning/venv/lib/python3.9/site-packages/transformers/pipelines/base.py", line 1149, in forward
    model_outputs = self._forward(model_inputs, **forward_params)
  File "/home/lkruger/bachelorthesis/bachelorthesis/fine_tuning/venv/lib/python3.9/site-packages/transformers/pipelines/text_generation.py", line 327, in _forward
    generated_sequence = self.model.generate(input_ids=input_ids, attention_mask=attention_mask, **generate_kwargs)
  File "/home/lkruger/bachelorthesis/bachelorthesis/fine_tuning/venv/lib/python3.9/site-packages/torch/utils/_contextlib.py", line 115, in decorate_context
    return func(*args, **kwargs)
  File "/home/lkruger/bachelorthesis/bachelorthesis/fine_tuning/venv/lib/python3.9/site-packages/transformers/generation/utils.py", line 1622, in generate
    result = self._sample(
  File "/home/lkruger/bachelorthesis/bachelorthesis/fine_tuning/venv/lib/python3.9/site-packages/transformers/generation/utils.py", line 2791, in _sample
    outputs = self(
  File "/home/lkruger/bachelorthesis/bachelorthesis/fine_tuning/venv/lib/python3.9/site-packages/torch/nn/modules/module.py", line 1511, in _wrapped_call_impl
    return self._call_impl(*args, **kwargs)
  File "/home/lkruger/bachelorthesis/bachelorthesis/fine_tuning/venv/lib/python3.9/site-packages/torch/nn/modules/module.py", line 1520, in _call_impl
    return forward_call(*args, **kwargs)
  File "/home/lkruger/bachelorthesis/bachelorthesis/fine_tuning/venv/lib/python3.9/site-packages/accelerate/hooks.py", line 166, in new_forward
    output = module._old_forward(*args, **kwargs)
  File "/home/lkruger/bachelorthesis/bachelorthesis/fine_tuning/venv/lib/python3.9/site-packages/transformers/models/llama/modeling_llama.py", line 1208, in forward
    outputs = self.model(
  File "/home/lkruger/bachelorthesis/bachelorthesis/fine_tuning/venv/lib/python3.9/site-packages/torch/nn/modules/module.py", line 1511, in _wrapped_call_impl
    return self._call_impl(*args, **kwargs)
  File "/home/lkruger/bachelorthesis/bachelorthesis/fine_tuning/venv/lib/python3.9/site-packages/torch/nn/modules/module.py", line 1520, in _call_impl
    return forward_call(*args, **kwargs)
  File "/home/lkruger/bachelorthesis/bachelorthesis/fine_tuning/venv/lib/python3.9/site-packages/transformers/models/llama/modeling_llama.py", line 1018, in forward
    layer_outputs = decoder_layer(
  File "/home/lkruger/bachelorthesis/bachelorthesis/fine_tuning/venv/lib/python3.9/site-packages/torch/nn/modules/module.py", line 1511, in _wrapped_call_impl
    return self._call_impl(*args, **kwargs)
  File "/home/lkruger/bachelorthesis/bachelorthesis/fine_tuning/venv/lib/python3.9/site-packages/torch/nn/modules/module.py", line 1520, in _call_impl
    return forward_call(*args, **kwargs)
  File "/home/lkruger/bachelorthesis/bachelorthesis/fine_tuning/venv/lib/python3.9/site-packages/accelerate/hooks.py", line 166, in new_forward
    output = module._old_forward(*args, **kwargs)
  File "/home/lkruger/bachelorthesis/bachelorthesis/fine_tuning/venv/lib/python3.9/site-packages/transformers/models/llama/modeling_llama.py", line 756, in forward
    hidden_states = self.mlp(hidden_states)
  File "/home/lkruger/bachelorthesis/bachelorthesis/fine_tuning/venv/lib/python3.9/site-packages/torch/nn/modules/module.py", line 1511, in _wrapped_call_impl
    return self._call_impl(*args, **kwargs)
  File "/home/lkruger/bachelorthesis/bachelorthesis/fine_tuning/venv/lib/python3.9/site-packages/torch/nn/modules/module.py", line 1520, in _call_impl
    return forward_call(*args, **kwargs)
  File "/home/lkruger/bachelorthesis/bachelorthesis/fine_tuning/venv/lib/python3.9/site-packages/accelerate/hooks.py", line 166, in new_forward
    output = module._old_forward(*args, **kwargs)
  File "/home/lkruger/bachelorthesis/bachelorthesis/fine_tuning/venv/lib/python3.9/site-packages/transformers/models/llama/modeling_llama.py", line 240, in forward
    down_proj = self.down_proj(self.act_fn(self.gate_proj(x)) * self.up_proj(x))
torch.cuda.OutOfMemoryError: CUDA out of memory. Tried to allocate 158.00 MiB. GPU 0 has a total capacity of 15.77 GiB of which 135.88 MiB is free. Including non-PyTorch memory, this process has 15.64 GiB memory in use. Of the allocated memory 14.07 GiB is allocated by PyTorch, and 673.98 MiB is reserved by PyTorch but unallocated. If reserved but unallocated memory is large try setting PYTORCH_CUDA_ALLOC_CONF=expandable_segments:True to avoid fragmentation.  See documentation for Memory Management  (https://pytorch.org/docs/stable/notes/cuda.html#environment-variables)


Error while executing query: INSERT INTO `country` (`label`, `description`, `great_russian_encyclopedia_online_id`, `coordinates_of_southernmost_point`, `new_york_times_topic_id`, `gnd_id`, `category_of_associated_people`, `emergency_phone_number`, `electrical_plug_type`, `licence_plate_code`, `hashtag`, `babelnet_id`, `office_held_by_head_of_government`, `curlie_id`, `native_label`, `musicbrainz_area_id`, `public_holiday`, `uic_alphabetical_country_code`, `comic_vine_id`, `insee_countries_and_foreign_territories_code`, `vat_rate`, `diplomatic_relation`, `flag_image`, `commons_gallery`, `viaf_id`, `history_of_topic`, `capital`, `subreddit`, `openstreetmap_relation_id`, `mobile_country_code`, `maritime_identification_digits`, `nkcr_aut_id`, `asc_leiden_thesaurus_id`, `marriageable_age`, `category_of_people_buried_here`, `geoshape`, `coordinates_of_easternmost_point`, `le_monde_diplomatique_subject_id`, `marine_regions_geographic_id`, `member_of`, `unemployment_rate`, `railway_traffic_side`, `located_in_time_zone`, `category_for_people_who_died_here`, `yso_id`, `office_held_by_head_of_state`, `commons_category`, `shares_border_with`, `us_national_archives_identifier`, `nalt_id`, `treccani_id`, `iso_3166_1_numeric_code`, `coordinates_of_westernmost_point`, `country_calling_code`, `stw_thesaurus_for_economics_id`, `statoids_id`, `flag`, `fips_10_4_countries_and_regions`, `dagens_nyheter_topic_id`, `isni`, `nese_id`, `population`, `getty_thesaurus_of_geographic_names_id`, `topics_main_wikimedia_portal`, `wikimedia_outline`, `ndl_authority_id`, `currency`, `geonames_id`, `unicode_character`, `unesco_thesaurus_id`, `geography_of_topic`, `iso_3166_1_alpha_3_code`, `official_name`, `quora_topic_id`, `mesh_descriptor_id`, `guardian_topic_id`, `basic_form_of_government`, `coat_of_arms_image`, `ituisoiec_object_identifier`, `legislative_body`, `trunk_prefix`, `nuts_code`, `freebase_id`, `official_language`, `replaces`, `continent`, `coat_of_arms`, `age_of_majority`, `national_library_of_israel_id_old`, `on_focus_list_of_wikimedia_project`, `wipo_st3`, `coordinates_of_northernmost_point`, `has_quality`, `iso_3166_1_alpha_2_code`, `total_fertility_rate`, `area`, `store_norske_leksikon_id`, `different_from`, `topics_main_category`, `bibliothèque_nationale_de_france_id`, `locator_map_image`, `bbc_things_id`, `head_of_government`, `ioc_country_code`, `fast_id`, `gacs_id`, `archinform_location_id`, `encyclopædia_britannica_online_id`, `page_banner`, `category_for_films_shot_at_this_location`, `mains_voltage`, `executive_body`, `anthem`, `highest_judicial_authority`, `life_expectancy`, `top_level_internet_domain`, `instance_of`, `highest_point`, `category_for_people_born_here`, `driving_side`, `uic_numerical_country_code`, `lowest_point`, `civicus_monitor_country_entry`, `pronunciation_audio`, `idref_id`, `contains_the_administrative_territorial_entity`, `itu_letter_code`, `library_of_congress_authority_id`, `median_income`, `coordinate_location`, `described_by_source`, `brockhaus_enzyklopädie_online_id`, `iab_code`, `klexikon_article_id`, `loc_and_marc_vocabularies_id`, `language_used`, `dr_topic_id`, `world_encyclopedia_of_puppetry_arts_id`, `gran_enciclopèdia_catalana_id`, `whos_on_first_id`, `participant_in`, `inaturalist_place_id`, `omegawiki_defined_meaning`, `hds_id`, `gs1_country_code`, `culture`, `geonlp_id`, `analysis_policy_observatory_term_id`, `category_for_maps`, `treccanis_dizionario_di_storia_id`, `french_vikidia_id`, `english_vikidia_id`, `spanish_vikidia_id`, `italian_vikidia_id`, `larousse_id`, `worldcat_identities_id`, `fandom_article_id`, `eurovoc_id`, `tdv_islam_ansiklopedisi_id`, `part_of`, `open_data_portal`, `kbpedia_id`, `inception`, `rkd_thesaurus_id`, `pm20_geo_code`, `interlingual_index_id`, `jewish_encyclopedia_id_russian`, `economy_of_topic`, `uk_parliament_thesaurus_id`, `edition_humboldt_digital_id`, `tasteatlas_id`, `sapa_id`, `bhcl_uuid`, `github_topic`, `namuwiki_id`, `wordnet_31_synset_id`, `demographics_of_topic`, `ávvir_topic_id`, `ysa_id`, `yle_topic_id`, `bbc_news_topic_id`, `joconde_location_id`, `topics_main_template`, `armeniapedia_id`, `zhihu_topic_id`, `idaigazetteer_id`, `den_store_danske_id`, `krugosvet_article`, `schoenberg_database_of_manuscripts_place_id`, `colon_classification`, `national_library_of_israel_j9u_id`, `democracy_index`, `online_pwn_encyclopedia_id`, `postimees_topic_id`, `head_of_state`, `der_spiegel_topic_id`, `gyldendals_teaterleksikon_id`, `museum_digital_place_id`, `wikisimpsons_id`, `urban_electric_transit_country_id`, `m49_code`, `short_name`, `demonym`, `süddeutsche_zeitung_topic_id`, `country`, `official_website`, `alltrails_trail_id`, `human_development_index`, `national_historical_museums_of_sweden_id`, `eu_knowledge_graph_item_id`, `central_bank`, `gini_coefficient`, `obo_gazetteer_id`, `openstreetmap_element`, `happy_planet_index_score`, `the_top_tens_id`, `grove_art_online_id`, `the_world_factbook_country_id`, `number_of_out_of_school_children`, `giant_bomb_id`, `dewey_decimal_classification`) VALUES ('Serbia', 'country in southeastern Europe', '3657248', '41.857661111111', 'destination/serbia', '4054598-2', 'Category:Serbian people', '192', 'Europlug', 'SRB', 'Serbia', '00070583n', 'Prime Minister of Serbia', 'Regional/Europe/Serbia_and_Montenegro/Serbia/', 'Србија', '424c1b50-57f8-34af-ab97-313e2ad40058', 'New Year''s Day', 'SRB', '4020-56405', '99121.0', 20.0, 'Germany', 'Flag of Serbia.svg', 'Србија', '151202876', 'history of Serbia', 'Belgrade', 'serbia', '1741311', '220', '279.0', 'ge130919', 'nan', 18.0, 'Category:Burials in Serbia', 'Data:Serbia.map', '43.18729985', 'pays/serbie', '21449.0', 'Council of Europe', 22.0, 'right', 'UTC+01:00', 'Category:Deaths in Serbia', '107592', 'President of Serbia', 'Serbia', 'European Union', '10045307.0', '39649.0', 'serbia', '688', '45.81651686', '381', '30078-1', 'urs', 'flag of Serbia', 'RI', 'nan', '0000 0000 9526 6709', 'nan', 7022268.0, '7006669', 'Portal:Serbia', 'outline of Serbia', '570825', 'Serbian dinar', '6290252', '🇷🇸', 'concept17058', 'geography of Serbia', 'SRB', 'Србија', 'Serbia', 'D055771', 'world/serbia', 'nan', 'Coat of arms of Serbia.svg', '2.16.688', 'National Assembly of Serbia', '0.0', 'RS', '/m/077qn', 'Serbian', 'Serbia and Montenegro', 'Europe', 'coat of arms of Serbia', 18.0, 'nan', 'Wikipedia:Vital articles/Level/4', 'RS', '46.18', 'free country', 'RS', 1.429999999999999938, 88499.0, 'Serbia', 'Republika Srpska', 'Category:Serbia', 'nan', 'Europe-Serbia.svg', '1791445f-977a-4e6d-b490-51f84bb4fc52', 'Ana Brnabić', 'SRB', '1692602', '286', '12205', 'place/Serbia', 'Danube in Ritopek, Serbia banner.jpg', 'Category:Films shot in Serbia', 230.0, 'Government of Serbia', 'Bože pravde', 'nan', 75.23901999999999646, '.rs', 'sovereign state', 'Velika Rudoka', 'Category:Births in Serbia', 'right', '72.0', 'Timok', 'serbia', 'Lb-Serbien.ogg', 'nan', 'Bor District', 'SRB', 'n85195919', NULL, '43.95', 'Brockhaus and Efron Encyclopedic Dictionary', 'serbien', '1400', 'Serbien', 'countries/rb', 'Serbian', 'serbien', 'serbia', '61922', '85633755', 'nan', '7147', '8071', '41010', '860', 'Serbian culture', 'aGCXIq', '6714', 'Category:Maps of Serbia', 'serbia', 'Serbie', 'nan', 'Serbia', 'nan', 'pays/wd/143964', 'viaf-140423359', 'serbia:serbia', '5892', 'sirbistan', 'post-Yugoslavia states', 'Open data portal Serbia', 'Serbia', '+2006-00-00T00:00:00Z', '25339.0', 'A41', 'i83177', '13768', 'economy of Serbia', '12742', 'nan', 'serbia', 'nan', '9e68967f-4ca3-4b99-8c7f-c4e956949fe6', 'serbia', '세르비아', '08834821-n', 'demographics of Serbia', 'nan', 'Y107592', '18-183600', 'c8nq32jw8yjt', 'T84-3561', 'Template:Serbia topics', '7749.0', '20004553.0', '2293910', 'Serbien', 'strany-mira/serbiya', '1065', 'SG--59221', '987007557617605171', 6.219999999999999752, '3974069.0', '1077', 'Aleksandar Vučić', 'serbien', 'Serbien', '1798.0', '48453', '24', 'nan', '🇷🇸', 'српски', 'Serbien', 'Serbia', 'http://www.srbija.gov.rs/', 'nan', 0.8020000000000000461, 'geo/74A541C5-CFD7-47F6-9F5B-CEA09953BCEC', 'Q332', 'nan', 34.5, '2957.0', 'node/369137525', 53.20000000000000284, 'nan', 'T077654', 'serbia', 33041.0, '3035-717', '2--4971')
Traceback (most recent call last):
  File "/home/lkruger/bachelorthesis/bachelorthesis/evaluation.py", line 134, in run_experiment
    insert_query_handler.handle_insert_query(query)
  File "/home/lkruger/bachelorthesis/bachelorthesis/system/insert_query_handler.py", line 27, in handle_insert_query
    query_data.table = self.strategy.predict_table_name(query_data)
  File "/home/lkruger/bachelorthesis/bachelorthesis/system/strategies/llama2/llama2_model.py", line 103, in predict_table_name
    self.run_prompt(
  File "/home/lkruger/bachelorthesis/bachelorthesis/system/strategies/llama2/llama2_model.py", line 87, in run_prompt
    return self.pipe(prompt_text)[0]["generated_text"]
  File "/home/lkruger/bachelorthesis/bachelorthesis/fine_tuning/venv/lib/python3.9/site-packages/transformers/pipelines/text_generation.py", line 240, in __call__
    return super().__call__(text_inputs, **kwargs)
  File "/home/lkruger/bachelorthesis/bachelorthesis/fine_tuning/venv/lib/python3.9/site-packages/transformers/pipelines/base.py", line 1242, in __call__
    return self.run_single(inputs, preprocess_params, forward_params, postprocess_params)
  File "/home/lkruger/bachelorthesis/bachelorthesis/fine_tuning/venv/lib/python3.9/site-packages/transformers/pipelines/base.py", line 1249, in run_single
    model_outputs = self.forward(model_inputs, **forward_params)
  File "/home/lkruger/bachelorthesis/bachelorthesis/fine_tuning/venv/lib/python3.9/site-packages/transformers/pipelines/base.py", line 1149, in forward
    model_outputs = self._forward(model_inputs, **forward_params)
  File "/home/lkruger/bachelorthesis/bachelorthesis/fine_tuning/venv/lib/python3.9/site-packages/transformers/pipelines/text_generation.py", line 327, in _forward
    generated_sequence = self.model.generate(input_ids=input_ids, attention_mask=attention_mask, **generate_kwargs)
  File "/home/lkruger/bachelorthesis/bachelorthesis/fine_tuning/venv/lib/python3.9/site-packages/torch/utils/_contextlib.py", line 115, in decorate_context
    return func(*args, **kwargs)
  File "/home/lkruger/bachelorthesis/bachelorthesis/fine_tuning/venv/lib/python3.9/site-packages/transformers/generation/utils.py", line 1622, in generate
    result = self._sample(
  File "/home/lkruger/bachelorthesis/bachelorthesis/fine_tuning/venv/lib/python3.9/site-packages/transformers/generation/utils.py", line 2791, in _sample
    outputs = self(
  File "/home/lkruger/bachelorthesis/bachelorthesis/fine_tuning/venv/lib/python3.9/site-packages/torch/nn/modules/module.py", line 1511, in _wrapped_call_impl
    return self._call_impl(*args, **kwargs)
  File "/home/lkruger/bachelorthesis/bachelorthesis/fine_tuning/venv/lib/python3.9/site-packages/torch/nn/modules/module.py", line 1520, in _call_impl
    return forward_call(*args, **kwargs)
  File "/home/lkruger/bachelorthesis/bachelorthesis/fine_tuning/venv/lib/python3.9/site-packages/accelerate/hooks.py", line 166, in new_forward
    output = module._old_forward(*args, **kwargs)
  File "/home/lkruger/bachelorthesis/bachelorthesis/fine_tuning/venv/lib/python3.9/site-packages/transformers/models/llama/modeling_llama.py", line 1208, in forward
    outputs = self.model(
  File "/home/lkruger/bachelorthesis/bachelorthesis/fine_tuning/venv/lib/python3.9/site-packages/torch/nn/modules/module.py", line 1511, in _wrapped_call_impl
    return self._call_impl(*args, **kwargs)
  File "/home/lkruger/bachelorthesis/bachelorthesis/fine_tuning/venv/lib/python3.9/site-packages/torch/nn/modules/module.py", line 1520, in _call_impl
    return forward_call(*args, **kwargs)
  File "/home/lkruger/bachelorthesis/bachelorthesis/fine_tuning/venv/lib/python3.9/site-packages/transformers/models/llama/modeling_llama.py", line 1018, in forward
    layer_outputs = decoder_layer(
  File "/home/lkruger/bachelorthesis/bachelorthesis/fine_tuning/venv/lib/python3.9/site-packages/torch/nn/modules/module.py", line 1511, in _wrapped_call_impl
    return self._call_impl(*args, **kwargs)
  File "/home/lkruger/bachelorthesis/bachelorthesis/fine_tuning/venv/lib/python3.9/site-packages/torch/nn/modules/module.py", line 1520, in _call_impl
    return forward_call(*args, **kwargs)
  File "/home/lkruger/bachelorthesis/bachelorthesis/fine_tuning/venv/lib/python3.9/site-packages/accelerate/hooks.py", line 166, in new_forward
    output = module._old_forward(*args, **kwargs)
  File "/home/lkruger/bachelorthesis/bachelorthesis/fine_tuning/venv/lib/python3.9/site-packages/transformers/models/llama/modeling_llama.py", line 756, in forward
    hidden_states = self.mlp(hidden_states)
  File "/home/lkruger/bachelorthesis/bachelorthesis/fine_tuning/venv/lib/python3.9/site-packages/torch/nn/modules/module.py", line 1511, in _wrapped_call_impl
    return self._call_impl(*args, **kwargs)
  File "/home/lkruger/bachelorthesis/bachelorthesis/fine_tuning/venv/lib/python3.9/site-packages/torch/nn/modules/module.py", line 1520, in _call_impl
    return forward_call(*args, **kwargs)
  File "/home/lkruger/bachelorthesis/bachelorthesis/fine_tuning/venv/lib/python3.9/site-packages/accelerate/hooks.py", line 166, in new_forward
    output = module._old_forward(*args, **kwargs)
  File "/home/lkruger/bachelorthesis/bachelorthesis/fine_tuning/venv/lib/python3.9/site-packages/transformers/models/llama/modeling_llama.py", line 240, in forward
    down_proj = self.down_proj(self.act_fn(self.gate_proj(x)) * self.up_proj(x))
torch.cuda.OutOfMemoryError: CUDA out of memory. Tried to allocate 156.00 MiB. GPU 0 has a total capacity of 15.77 GiB of which 135.88 MiB is free. Including non-PyTorch memory, this process has 15.64 GiB memory in use. Of the allocated memory 14.05 GiB is allocated by PyTorch, and 694.60 MiB is reserved by PyTorch but unallocated. If reserved but unallocated memory is large try setting PYTORCH_CUDA_ALLOC_CONF=expandable_segments:True to avoid fragmentation.  See documentation for Memory Management  (https://pytorch.org/docs/stable/notes/cuda.html#environment-variables)


Error while executing query: INSERT INTO (`label`, `description`, `great_russian_encyclopedia_online_id`, `coordinates_of_southernmost_point`, `new_york_times_topic_id`, `gnd_id`, `category_of_associated_people`, `emergency_phone_number`, `electrical_plug_type`, `licence_plate_code`, `hashtag`, `babelnet_id`, `office_held_by_head_of_government`, `curlie_id`, `native_label`, `musicbrainz_area_id`, `public_holiday`, `uic_alphabetical_country_code`, `comic_vine_id`, `insee_countries_and_foreign_territories_code`, `vat_rate`, `diplomatic_relation`, `flag_image`, `commons_gallery`, `viaf_id`, `history_of_topic`, `capital`, `subreddit`, `openstreetmap_relation_id`, `mobile_country_code`, `maritime_identification_digits`, `nkcr_aut_id`, `asc_leiden_thesaurus_id`, `marriageable_age`, `category_of_people_buried_here`, `geoshape`, `coordinates_of_easternmost_point`, `le_monde_diplomatique_subject_id`, `marine_regions_geographic_id`, `member_of`, `unemployment_rate`, `railway_traffic_side`, `located_in_time_zone`, `category_for_people_who_died_here`, `yso_id`, `office_held_by_head_of_state`, `commons_category`, `shares_border_with`, `us_national_archives_identifier`, `nalt_id`, `treccani_id`, `iso_3166_1_numeric_code`, `coordinates_of_westernmost_point`, `country_calling_code`, `stw_thesaurus_for_economics_id`, `statoids_id`, `flag`, `fips_10_4_countries_and_regions`, `dagens_nyheter_topic_id`, `isni`, `nese_id`, `population`, `getty_thesaurus_of_geographic_names_id`, `topics_main_wikimedia_portal`, `wikimedia_outline`, `ndl_authority_id`, `currency`, `geonames_id`, `unicode_character`, `unesco_thesaurus_id`, `geography_of_topic`, `iso_3166_1_alpha_3_code`, `official_name`, `quora_topic_id`, `mesh_descriptor_id`, `guardian_topic_id`, `basic_form_of_government`, `coat_of_arms_image`, `ituisoiec_object_identifier`, `legislative_body`, `trunk_prefix`, `nuts_code`, `freebase_id`, `official_language`, `replaces`, `continent`, `coat_of_arms`, `age_of_majority`, `national_library_of_israel_id_old`, `on_focus_list_of_wikimedia_project`, `wipo_st3`, `coordinates_of_northernmost_point`, `has_quality`, `iso_3166_1_alpha_2_code`, `total_fertility_rate`, `area`, `store_norske_leksikon_id`, `different_from`, `topics_main_category`, `bibliothèque_nationale_de_france_id`, `locator_map_image`, `bbc_things_id`, `head_of_government`, `ioc_country_code`, `fast_id`, `gacs_id`, `archinform_location_id`, `encyclopædia_britannica_online_id`, `page_banner`, `category_for_films_shot_at_this_location`, `mains_voltage`, `executive_body`, `anthem`, `highest_judicial_authority`, `life_expectancy`, `top_level_internet_domain`, `instance_of`, `highest_point`, `category_for_people_born_here`, `driving_side`, `uic_numerical_country_code`, `lowest_point`, `civicus_monitor_country_entry`, `pronunciation_audio`, `idref_id`, `contains_the_administrative_territorial_entity`, `itu_letter_code`, `library_of_congress_authority_id`, `median_income`, `coordinate_location`, `described_by_source`, `brockhaus_enzyklopädie_online_id`, `iab_code`, `klexikon_article_id`, `loc_and_marc_vocabularies_id`, `language_used`, `dr_topic_id`, `world_encyclopedia_of_puppetry_arts_id`, `gran_enciclopèdia_catalana_id`, `whos_on_first_id`, `participant_in`, `inaturalist_place_id`, `omegawiki_defined_meaning`, `hds_id`, `gs1_country_code`, `culture`, `geonlp_id`, `analysis_policy_observatory_term_id`, `category_for_maps`, `treccanis_dizionario_di_storia_id`, `french_vikidia_id`, `english_vikidia_id`, `spanish_vikidia_id`, `italian_vikidia_id`, `larousse_id`, `worldcat_identities_id`, `fandom_article_id`, `eurovoc_id`, `tdv_islam_ansiklopedisi_id`, `part_of`, `open_data_portal`, `kbpedia_id`, `inception`, `rkd_thesaurus_id`, `pm20_geo_code`, `interlingual_index_id`, `jewish_encyclopedia_id_russian`, `economy_of_topic`, `uk_parliament_thesaurus_id`, `edition_humboldt_digital_id`, `tasteatlas_id`, `sapa_id`, `bhcl_uuid`, `github_topic`, `namuwiki_id`, `wordnet_31_synset_id`, `demographics_of_topic`, `ávvir_topic_id`, `ysa_id`, `yle_topic_id`, `bbc_news_topic_id`, `joconde_location_id`, `topics_main_template`, `armeniapedia_id`, `zhihu_topic_id`, `idaigazetteer_id`, `den_store_danske_id`, `krugosvet_article`, `schoenberg_database_of_manuscripts_place_id`, `colon_classification`, `national_library_of_israel_j9u_id`, `democracy_index`, `online_pwn_encyclopedia_id`, `postimees_topic_id`, `head_of_state`, `der_spiegel_topic_id`, `gyldendals_teaterleksikon_id`, `museum_digital_place_id`, `wikisimpsons_id`, `urban_electric_transit_country_id`, `m49_code`, `short_name`, `demonym`, `süddeutsche_zeitung_topic_id`, `country`, `official_website`, `alltrails_trail_id`, `human_development_index`, `national_historical_museums_of_sweden_id`, `eu_knowledge_graph_item_id`, `central_bank`, `gini_coefficient`, `obo_gazetteer_id`, `openstreetmap_element`, `happy_planet_index_score`, `the_top_tens_id`, `grove_art_online_id`, `the_world_factbook_country_id`, `number_of_out_of_school_children`, `giant_bomb_id`, `dewey_decimal_classification`) VALUES ('United States of America', 'country in North America', '3590227', '24.5442989', 'destination/united-states', '4078704-7', 'Category:American people', '911', 'NEMA 1-15', 'USA', 'usa', '00003341n', 'President of the United States', 'Regional/North_America/United_States/', 'United States of America', '489ce91b-6658-3307-9877-795b68554c98', 'Independence Day', 'nan', 'nan', '99404.0', NULL, 'Afghanistan', 'Flag of the United States.svg', 'United States', '130168302', 'history of the United States', 'Washington, D.C.', 'usa', '148838', '310', '338.0', 'ge128584', '294942807.0', NULL, 'Category:Burials in the United States', 'Data:United States.map', '44.81539337', 'pays/etatsunis', '2204.0', 'World Health Organization', 6.700000000000000177, 'right', 'UTC−06:00', 'Category:Deaths in the United States', '105078', 'President of the United States', 'United States', 'Canada', '10045728.0', '7522.0', 'stati-uniti-d-america', '840', '52.92112', '1', '17829-1', 'uus', 'flag of the United States', 'US', 'nan', '0000 0001 2331 5230', 'united-states', 331449281.0, '7012149', 'Italia', 'outline of the United States', '871907', 'United States dollar', '6252001', '🇺🇸', 'concept806', 'geography of the United States', 'USA', 'the United States of America', 'The-United-States-of-America', 'D014481', 'us-news', 'presidential system', 'Greater coat of arms of the United States.svg', '2.16.840', 'United States Congress', 'nan', 'nan', '/m/09c7w0', 'English', 'Thirteen Colonies', 'North America', 'Great Seal of the United States', NULL, '134032.0', 'Wikipedia:List of articles all languages should have', 'US', '71.38', 'free country', 'US', 1.861499999999999933, 9826675.0, 'USA', 'the Americas', 'Category:United States', '118636082', 'USA orthographic.svg', '82857f8e-8134-462a-bb32-b7b14f4eab75', 'Joe Biden', 'USA', '1204155', '322', '3058', 'place/United-States', 'Statue of Liberty light banner.jpg', 'Category:Films shot in the United States', 120.0, 'federal government of the United States', 'The Star-Spangled Banner', 'Supreme Court of the United States', 78.69024000000000285, '.us', 'country', 'Denali', 'Category:Births in the United States', 'right', 'nan', 'Badwater Basin', 'united-states-america', 'Lb-Amerika.ogg', '026376598', 'Delaware', 'USA', 'n78095330', 43585.0, '39.828175', 'Small Brockhaus and Efron Encyclopedic Dictionary', 'vereinigte-staaten-von-amerika', '1455', 'Vereinigte_Staaten_von_Amerika', 'countries/xxu', 'English', 'usa', 'united-states-of-america', '25184', '85633793', 'atomic bombings of Hiroshima and Nagasaki', '1', '6578', '3380', '000-139', 'culture of the United States', 'wkcbUd', '37862', 'Category:Maps of the United States', 'stati-uniti-d-america', 'États-Unis', 'United_States', 'Estados_Unidos', 'Stati_Uniti_d''America', 'pays/États-Unis/118570', 'lccn-n78095330', 'north-america:United_States', '888', 'amerika-birlesik-devletleri', 'North America', 'data.gov', 'UnitedStatesOfAmerica', '+1784-05-12T00:00:00Z', '1634.0', 'E15', 'i84182', '13881', 'economy of the United States', '13557', 'H0009136', 'USA', 'p/24fee191-fccc-40ac-b5b9-5ce73b29907f', 'c14926bc-96b3-4a7c-a343-9e1640b0f9a9', 'nan', '미국', '09067337-n', 'demographics of the United States', 'usa', 'Y105078', '18-193507', 'cx1m7zg01xyt', 'T84-190', 'Template:United States topics', 'nan', '19551627.0', '2086335', 'USA', 'strany_mira/SOEDINENNIE_SHTATI_AMERIKI.html', '3992', 'SG--73', '987007269139705171', 7.919999999999999929, '4169149.0', '2669', 'Joe Biden', 'usa', 'Amerika', '2312.0', '16224', '8', '840.0', 'USA', 'American', 'USA', 'United States of America', 'https://www.usa.gov/', 'us', 0.9210000000000000408, 'geo/3EED62B5-48F8-4428-A852-9055CEAB288E', 'Q373', 'Federal Reserve System', 47.70000000000000284, '2459.0', 'node/424317935', 37.39999999999999858, '9.0', 'T087095', 'united-states', 2528999.0, '3035-396', '2--73')
Traceback (most recent call last):
  File "/home/lkruger/bachelorthesis/bachelorthesis/evaluation.py", line 134, in run_experiment
    insert_query_handler.handle_insert_query(query)
  File "/home/lkruger/bachelorthesis/bachelorthesis/system/insert_query_handler.py", line 27, in handle_insert_query
    query_data.table = self.strategy.predict_table_name(query_data)
  File "/home/lkruger/bachelorthesis/bachelorthesis/system/strategies/llama2/llama2_model.py", line 103, in predict_table_name
    self.run_prompt(
  File "/home/lkruger/bachelorthesis/bachelorthesis/system/strategies/llama2/llama2_model.py", line 87, in run_prompt
    return self.pipe(prompt_text)[0]["generated_text"]
  File "/home/lkruger/bachelorthesis/bachelorthesis/fine_tuning/venv/lib/python3.9/site-packages/transformers/pipelines/text_generation.py", line 240, in __call__
    return super().__call__(text_inputs, **kwargs)
  File "/home/lkruger/bachelorthesis/bachelorthesis/fine_tuning/venv/lib/python3.9/site-packages/transformers/pipelines/base.py", line 1242, in __call__
    return self.run_single(inputs, preprocess_params, forward_params, postprocess_params)
  File "/home/lkruger/bachelorthesis/bachelorthesis/fine_tuning/venv/lib/python3.9/site-packages/transformers/pipelines/base.py", line 1249, in run_single
    model_outputs = self.forward(model_inputs, **forward_params)
  File "/home/lkruger/bachelorthesis/bachelorthesis/fine_tuning/venv/lib/python3.9/site-packages/transformers/pipelines/base.py", line 1149, in forward
    model_outputs = self._forward(model_inputs, **forward_params)
  File "/home/lkruger/bachelorthesis/bachelorthesis/fine_tuning/venv/lib/python3.9/site-packages/transformers/pipelines/text_generation.py", line 327, in _forward
    generated_sequence = self.model.generate(input_ids=input_ids, attention_mask=attention_mask, **generate_kwargs)
  File "/home/lkruger/bachelorthesis/bachelorthesis/fine_tuning/venv/lib/python3.9/site-packages/torch/utils/_contextlib.py", line 115, in decorate_context
    return func(*args, **kwargs)
  File "/home/lkruger/bachelorthesis/bachelorthesis/fine_tuning/venv/lib/python3.9/site-packages/transformers/generation/utils.py", line 1622, in generate
    result = self._sample(
  File "/home/lkruger/bachelorthesis/bachelorthesis/fine_tuning/venv/lib/python3.9/site-packages/transformers/generation/utils.py", line 2791, in _sample
    outputs = self(
  File "/home/lkruger/bachelorthesis/bachelorthesis/fine_tuning/venv/lib/python3.9/site-packages/torch/nn/modules/module.py", line 1511, in _wrapped_call_impl
    return self._call_impl(*args, **kwargs)
  File "/home/lkruger/bachelorthesis/bachelorthesis/fine_tuning/venv/lib/python3.9/site-packages/torch/nn/modules/module.py", line 1520, in _call_impl
    return forward_call(*args, **kwargs)
  File "/home/lkruger/bachelorthesis/bachelorthesis/fine_tuning/venv/lib/python3.9/site-packages/accelerate/hooks.py", line 166, in new_forward
    output = module._old_forward(*args, **kwargs)
  File "/home/lkruger/bachelorthesis/bachelorthesis/fine_tuning/venv/lib/python3.9/site-packages/transformers/models/llama/modeling_llama.py", line 1208, in forward
    outputs = self.model(
  File "/home/lkruger/bachelorthesis/bachelorthesis/fine_tuning/venv/lib/python3.9/site-packages/torch/nn/modules/module.py", line 1511, in _wrapped_call_impl
    return self._call_impl(*args, **kwargs)
  File "/home/lkruger/bachelorthesis/bachelorthesis/fine_tuning/venv/lib/python3.9/site-packages/torch/nn/modules/module.py", line 1520, in _call_impl
    return forward_call(*args, **kwargs)
  File "/home/lkruger/bachelorthesis/bachelorthesis/fine_tuning/venv/lib/python3.9/site-packages/transformers/models/llama/modeling_llama.py", line 1018, in forward
    layer_outputs = decoder_layer(
  File "/home/lkruger/bachelorthesis/bachelorthesis/fine_tuning/venv/lib/python3.9/site-packages/torch/nn/modules/module.py", line 1511, in _wrapped_call_impl
    return self._call_impl(*args, **kwargs)
  File "/home/lkruger/bachelorthesis/bachelorthesis/fine_tuning/venv/lib/python3.9/site-packages/torch/nn/modules/module.py", line 1520, in _call_impl
    return forward_call(*args, **kwargs)
  File "/home/lkruger/bachelorthesis/bachelorthesis/fine_tuning/venv/lib/python3.9/site-packages/accelerate/hooks.py", line 166, in new_forward
    output = module._old_forward(*args, **kwargs)
  File "/home/lkruger/bachelorthesis/bachelorthesis/fine_tuning/venv/lib/python3.9/site-packages/transformers/models/llama/modeling_llama.py", line 756, in forward
    hidden_states = self.mlp(hidden_states)
  File "/home/lkruger/bachelorthesis/bachelorthesis/fine_tuning/venv/lib/python3.9/site-packages/torch/nn/modules/module.py", line 1511, in _wrapped_call_impl
    return self._call_impl(*args, **kwargs)
  File "/home/lkruger/bachelorthesis/bachelorthesis/fine_tuning/venv/lib/python3.9/site-packages/torch/nn/modules/module.py", line 1520, in _call_impl
    return forward_call(*args, **kwargs)
  File "/home/lkruger/bachelorthesis/bachelorthesis/fine_tuning/venv/lib/python3.9/site-packages/accelerate/hooks.py", line 166, in new_forward
    output = module._old_forward(*args, **kwargs)
  File "/home/lkruger/bachelorthesis/bachelorthesis/fine_tuning/venv/lib/python3.9/site-packages/transformers/models/llama/modeling_llama.py", line 240, in forward
    down_proj = self.down_proj(self.act_fn(self.gate_proj(x)) * self.up_proj(x))
torch.cuda.OutOfMemoryError: CUDA out of memory. Tried to allocate 164.00 MiB. GPU 0 has a total capacity of 15.77 GiB of which 135.88 MiB is free. Including non-PyTorch memory, this process has 15.64 GiB memory in use. Of the allocated memory 14.13 GiB is allocated by PyTorch, and 619.66 MiB is reserved by PyTorch but unallocated. If reserved but unallocated memory is large try setting PYTORCH_CUDA_ALLOC_CONF=expandable_segments:True to avoid fragmentation.  See documentation for Memory Management  (https://pytorch.org/docs/stable/notes/cuda.html#environment-variables)


Error while executing query: INSERT INTO (`label`, `description`, `great_russian_encyclopedia_online_id`, `coordinates_of_southernmost_point`, `new_york_times_topic_id`, `gnd_id`, `category_of_associated_people`, `emergency_phone_number`, `electrical_plug_type`, `licence_plate_code`, `hashtag`, `babelnet_id`, `office_held_by_head_of_government`, `curlie_id`, `native_label`, `musicbrainz_area_id`, `public_holiday`, `uic_alphabetical_country_code`, `comic_vine_id`, `insee_countries_and_foreign_territories_code`, `vat_rate`, `diplomatic_relation`, `flag_image`, `commons_gallery`, `viaf_id`, `history_of_topic`, `capital`, `subreddit`, `openstreetmap_relation_id`, `mobile_country_code`, `maritime_identification_digits`, `nkcr_aut_id`, `asc_leiden_thesaurus_id`, `marriageable_age`, `category_of_people_buried_here`, `geoshape`, `coordinates_of_easternmost_point`, `le_monde_diplomatique_subject_id`, `marine_regions_geographic_id`, `member_of`, `unemployment_rate`, `railway_traffic_side`, `located_in_time_zone`, `category_for_people_who_died_here`, `yso_id`, `office_held_by_head_of_state`, `commons_category`, `shares_border_with`, `us_national_archives_identifier`, `nalt_id`, `treccani_id`, `iso_3166_1_numeric_code`, `coordinates_of_westernmost_point`, `country_calling_code`, `stw_thesaurus_for_economics_id`, `statoids_id`, `flag`, `fips_10_4_countries_and_regions`, `dagens_nyheter_topic_id`, `isni`, `nese_id`, `population`, `getty_thesaurus_of_geographic_names_id`, `topics_main_wikimedia_portal`, `wikimedia_outline`, `ndl_authority_id`, `currency`, `geonames_id`, `unicode_character`, `unesco_thesaurus_id`, `geography_of_topic`, `iso_3166_1_alpha_3_code`, `official_name`, `quora_topic_id`, `mesh_descriptor_id`, `guardian_topic_id`, `basic_form_of_government`, `coat_of_arms_image`, `ituisoiec_object_identifier`, `legislative_body`, `trunk_prefix`, `nuts_code`, `freebase_id`, `official_language`, `replaces`, `continent`, `coat_of_arms`, `age_of_majority`, `national_library_of_israel_id_old`, `on_focus_list_of_wikimedia_project`, `wipo_st3`, `coordinates_of_northernmost_point`, `has_quality`, `iso_3166_1_alpha_2_code`, `total_fertility_rate`, `area`, `store_norske_leksikon_id`, `different_from`, `topics_main_category`, `bibliothèque_nationale_de_france_id`, `locator_map_image`, `bbc_things_id`, `head_of_government`, `ioc_country_code`, `fast_id`, `gacs_id`, `archinform_location_id`, `encyclopædia_britannica_online_id`, `page_banner`, `category_for_films_shot_at_this_location`, `mains_voltage`, `executive_body`, `anthem`, `highest_judicial_authority`, `life_expectancy`, `top_level_internet_domain`, `instance_of`, `highest_point`, `category_for_people_born_here`, `driving_side`, `uic_numerical_country_code`, `lowest_point`, `civicus_monitor_country_entry`, `pronunciation_audio`, `idref_id`, `contains_the_administrative_territorial_entity`, `itu_letter_code`, `library_of_congress_authority_id`, `median_income`, `coordinate_location`, `described_by_source`, `brockhaus_enzyklopädie_online_id`, `iab_code`, `klexikon_article_id`, `loc_and_marc_vocabularies_id`, `language_used`, `dr_topic_id`, `world_encyclopedia_of_puppetry_arts_id`, `gran_enciclopèdia_catalana_id`, `whos_on_first_id`, `participant_in`, `inaturalist_place_id`, `omegawiki_defined_meaning`, `hds_id`, `gs1_country_code`, `culture`, `geonlp_id`, `analysis_policy_observatory_term_id`, `category_for_maps`, `treccanis_dizionario_di_storia_id`, `french_vikidia_id`, `english_vikidia_id`, `spanish_vikidia_id`, `italian_vikidia_id`, `larousse_id`, `worldcat_identities_id`, `fandom_article_id`, `eurovoc_id`, `tdv_islam_ansiklopedisi_id`, `part_of`, `open_data_portal`, `kbpedia_id`, `inception`, `rkd_thesaurus_id`, `pm20_geo_code`, `interlingual_index_id`, `jewish_encyclopedia_id_russian`, `economy_of_topic`, `uk_parliament_thesaurus_id`, `edition_humboldt_digital_id`, `tasteatlas_id`, `sapa_id`, `bhcl_uuid`, `github_topic`, `namuwiki_id`, `wordnet_31_synset_id`, `demographics_of_topic`, `ávvir_topic_id`, `ysa_id`, `yle_topic_id`, `bbc_news_topic_id`, `joconde_location_id`, `topics_main_template`, `armeniapedia_id`, `zhihu_topic_id`, `idaigazetteer_id`, `den_store_danske_id`, `krugosvet_article`, `schoenberg_database_of_manuscripts_place_id`, `colon_classification`, `national_library_of_israel_j9u_id`, `democracy_index`, `online_pwn_encyclopedia_id`, `postimees_topic_id`, `head_of_state`, `der_spiegel_topic_id`, `gyldendals_teaterleksikon_id`, `museum_digital_place_id`, `wikisimpsons_id`, `urban_electric_transit_country_id`, `m49_code`, `short_name`, `demonym`, `süddeutsche_zeitung_topic_id`, `country`, `official_website`, `alltrails_trail_id`, `human_development_index`, `national_historical_museums_of_sweden_id`, `eu_knowledge_graph_item_id`, `central_bank`, `gini_coefficient`, `obo_gazetteer_id`, `openstreetmap_element`, `happy_planet_index_score`, `the_top_tens_id`, `grove_art_online_id`, `the_world_factbook_country_id`, `number_of_out_of_school_children`, `giant_bomb_id`, `dewey_decimal_classification`) VALUES ('United Kingdom', 'country in north-west Europe', '4351848', '49.95673883', 'nan', '4022153-2', 'Category:British people', '999', 'BS 1363', 'GB', 'UnitedKingdom', '00013173n', 'Prime Minister of the United Kingdom', 'Regional/Europe/United_Kingdom/', 'United Kingdom of Great Britain and Northern Ireland', '8a754a16-0027-3a29-b6d7-2b40ea0481ed', 'New Year''s Day', 'GB', 'nan', '99132.0', 20.0, 'Canada', 'Flag of the United Kingdom (3-5).svg', 'United Kingdom', '127756949', 'history of the United Kingdom', 'London', 'unitedkingdom', '62149', '234', '232.0', 'ge134525', '294914161.0', NULL, 'Category:Burials in the United Kingdom', 'Data:United Kingdom.map', '52.48106832', 'pays/royaumeuni', 'nan', 'United Nations', 6.0, 'left', 'UTC±00:00', 'Category:Deaths in the United Kingdom', '104990', 'monarch of the United Kingdom', 'United Kingdom', 'Republic of Ireland', 'nan', '19855.0', 'gran-bretagna-e-irlanda-del-nord-regno-unito-di', '826', '54.46477', '44', '17374-2', 'ugb', 'flag of the United Kingdom', 'UK', 'storbritannien', '0000 0001 2248 3427', 'united-kingdom', 67326569.0, '7008591', 'Portal:United Kingdom', 'outline of the United Kingdom', '871900', 'pound sterling', '2635167', '🇬🇧', 'concept925', 'geography of the United Kingdom', 'GBR', 'United Kingdom of Great Britain and Northern Ireland', 'The-United-Kingdom-1', 'D006113', 'uk-news', 'constitutional monarchy', 'Royal Coat of Arms of the United Kingdom.svg', '2.16.826', 'Parliament of the United Kingdom', '0.0', 'UK', '/m/07ssc', 'English', 'United Kingdom of Great Britain and Ireland', 'Europe', 'royal coat of arms of the United Kingdom', 18.0, '974670.0', 'Wikipedia:List of articles all languages should have', 'GB', '60.87', 'free country', 'GB', 1.830000000000000071, 242495.4067940000096, 'Storbritannia', 'Great Britain', 'Category:United Kingdom', '11872746v', 'Europe-UK.svg', '2e91364c-5c77-4660-b76e-d76202785e64', 'Rishi Sunak', 'GBR', '1204623', '388', '8463', 'place/United-Kingdom', 'Sycamore Gap Banner.jpg', 'Category:Films shot in the United Kingdom', 230.0, 'Government of the United Kingdom', 'God Save the King', 'Supreme Court of the United Kingdom', 80.95610000000000639, '.uk', 'sovereign state', 'Ben Nevis', 'Category:Births in the United Kingdom', 'left', '70.0', 'The Fens', 'united-kingdom', 'Lb-Vereenegt Kinnekräich.ogg', '026488515', 'Northern Ireland', 'G', 'n79023147', 31617.0, '54.6', 'Encyclopædia Britannica 11th edition', 'nan', '1453', 'Großbritannien', 'countries/xxk', 'English', 'storbritannien', 'great-britain', '30805', '85633159', 'Battle of Carillon', '6857', '8302', '3356', '500-509', 'culture of the United Kingdom', 'hOIv1y', '19016', 'Category:Maps of the United Kingdom', 'gran-bretagna', 'Royaume-Uni', 'United_Kingdom', 'Reino_Unido', 'Regno_Unito', 'pays/Grande-Bretagne/122085', 'viaf-127412899', 'united-kingdom:United_Kingdom_of_Great_Britain_and_Northern_Ireland', '3774', 'nan', 'Commonwealth of Nations', 'data.gov.uk', 'UnitedKingdom', '+1927-04-12T00:00:00Z', '26187.0', 'A22', 'i83373', '10872', 'economy of the United Kingdom', '13526', 'H0010934', 'united-kingdom', 'p/f7c88cf6-7901-4dcc-bad4-6002e52b35ce', '07d2d2b9-6788-4e6f-b7ae-d287bd74eb33', 'uk', '영국', '08879115-n', 'demographics of the United Kingdom', 'stuorra-britannia', 'Y104990', '18-229075', 'nan', 'T84-3504', 'Template:Country data United Kingdom', 'nan', '19552360.0', '2290445', 'Storbritannien', 'Earth_sciences/geografiya/SOEDINENNOE_KOROLEVSTVO_VELIKOBRITANII_I_SEVERNO_IRLANDII.html', '3999', 'nan', '987007554952005171', 8.539999999999999147, '4169177.0', '3666', 'Charles III', 'grossbritannien', 'nan', 'nan', '41871', '31', '826.0', 'UK', 'British', 'Großbritannien', 'United Kingdom', 'https://www.gov.uk/', 'nan', 0.929000000000000047, 'geo/95CDA651-011B-44EF-92F9-1F5680FD754A', 'Q21', 'Bank of England', 32.79999999999999715, '2637.0', 'node/838090640', 56.0, '41.0', 'T087093', 'united-kingdom', 62799.0, '3035-492', '2--41')
Traceback (most recent call last):
  File "/home/lkruger/bachelorthesis/bachelorthesis/evaluation.py", line 134, in run_experiment
    insert_query_handler.handle_insert_query(query)
  File "/home/lkruger/bachelorthesis/bachelorthesis/system/insert_query_handler.py", line 27, in handle_insert_query
    query_data.table = self.strategy.predict_table_name(query_data)
  File "/home/lkruger/bachelorthesis/bachelorthesis/system/strategies/llama2/llama2_model.py", line 103, in predict_table_name
    self.run_prompt(
  File "/home/lkruger/bachelorthesis/bachelorthesis/system/strategies/llama2/llama2_model.py", line 87, in run_prompt
    return self.pipe(prompt_text)[0]["generated_text"]
  File "/home/lkruger/bachelorthesis/bachelorthesis/fine_tuning/venv/lib/python3.9/site-packages/transformers/pipelines/text_generation.py", line 240, in __call__
    return super().__call__(text_inputs, **kwargs)
  File "/home/lkruger/bachelorthesis/bachelorthesis/fine_tuning/venv/lib/python3.9/site-packages/transformers/pipelines/base.py", line 1242, in __call__
    return self.run_single(inputs, preprocess_params, forward_params, postprocess_params)
  File "/home/lkruger/bachelorthesis/bachelorthesis/fine_tuning/venv/lib/python3.9/site-packages/transformers/pipelines/base.py", line 1249, in run_single
    model_outputs = self.forward(model_inputs, **forward_params)
  File "/home/lkruger/bachelorthesis/bachelorthesis/fine_tuning/venv/lib/python3.9/site-packages/transformers/pipelines/base.py", line 1149, in forward
    model_outputs = self._forward(model_inputs, **forward_params)
  File "/home/lkruger/bachelorthesis/bachelorthesis/fine_tuning/venv/lib/python3.9/site-packages/transformers/pipelines/text_generation.py", line 327, in _forward
    generated_sequence = self.model.generate(input_ids=input_ids, attention_mask=attention_mask, **generate_kwargs)
  File "/home/lkruger/bachelorthesis/bachelorthesis/fine_tuning/venv/lib/python3.9/site-packages/torch/utils/_contextlib.py", line 115, in decorate_context
    return func(*args, **kwargs)
  File "/home/lkruger/bachelorthesis/bachelorthesis/fine_tuning/venv/lib/python3.9/site-packages/transformers/generation/utils.py", line 1622, in generate
    result = self._sample(
  File "/home/lkruger/bachelorthesis/bachelorthesis/fine_tuning/venv/lib/python3.9/site-packages/transformers/generation/utils.py", line 2791, in _sample
    outputs = self(
  File "/home/lkruger/bachelorthesis/bachelorthesis/fine_tuning/venv/lib/python3.9/site-packages/torch/nn/modules/module.py", line 1511, in _wrapped_call_impl
    return self._call_impl(*args, **kwargs)
  File "/home/lkruger/bachelorthesis/bachelorthesis/fine_tuning/venv/lib/python3.9/site-packages/torch/nn/modules/module.py", line 1520, in _call_impl
    return forward_call(*args, **kwargs)
  File "/home/lkruger/bachelorthesis/bachelorthesis/fine_tuning/venv/lib/python3.9/site-packages/accelerate/hooks.py", line 166, in new_forward
    output = module._old_forward(*args, **kwargs)
  File "/home/lkruger/bachelorthesis/bachelorthesis/fine_tuning/venv/lib/python3.9/site-packages/transformers/models/llama/modeling_llama.py", line 1208, in forward
    outputs = self.model(
  File "/home/lkruger/bachelorthesis/bachelorthesis/fine_tuning/venv/lib/python3.9/site-packages/torch/nn/modules/module.py", line 1511, in _wrapped_call_impl
    return self._call_impl(*args, **kwargs)
  File "/home/lkruger/bachelorthesis/bachelorthesis/fine_tuning/venv/lib/python3.9/site-packages/torch/nn/modules/module.py", line 1520, in _call_impl
    return forward_call(*args, **kwargs)
  File "/home/lkruger/bachelorthesis/bachelorthesis/fine_tuning/venv/lib/python3.9/site-packages/transformers/models/llama/modeling_llama.py", line 1018, in forward
    layer_outputs = decoder_layer(
  File "/home/lkruger/bachelorthesis/bachelorthesis/fine_tuning/venv/lib/python3.9/site-packages/torch/nn/modules/module.py", line 1511, in _wrapped_call_impl
    return self._call_impl(*args, **kwargs)
  File "/home/lkruger/bachelorthesis/bachelorthesis/fine_tuning/venv/lib/python3.9/site-packages/torch/nn/modules/module.py", line 1520, in _call_impl
    return forward_call(*args, **kwargs)
  File "/home/lkruger/bachelorthesis/bachelorthesis/fine_tuning/venv/lib/python3.9/site-packages/accelerate/hooks.py", line 166, in new_forward
    output = module._old_forward(*args, **kwargs)
  File "/home/lkruger/bachelorthesis/bachelorthesis/fine_tuning/venv/lib/python3.9/site-packages/transformers/models/llama/modeling_llama.py", line 756, in forward
    hidden_states = self.mlp(hidden_states)
  File "/home/lkruger/bachelorthesis/bachelorthesis/fine_tuning/venv/lib/python3.9/site-packages/torch/nn/modules/module.py", line 1511, in _wrapped_call_impl
    return self._call_impl(*args, **kwargs)
  File "/home/lkruger/bachelorthesis/bachelorthesis/fine_tuning/venv/lib/python3.9/site-packages/torch/nn/modules/module.py", line 1520, in _call_impl
    return forward_call(*args, **kwargs)
  File "/home/lkruger/bachelorthesis/bachelorthesis/fine_tuning/venv/lib/python3.9/site-packages/accelerate/hooks.py", line 166, in new_forward
    output = module._old_forward(*args, **kwargs)
  File "/home/lkruger/bachelorthesis/bachelorthesis/fine_tuning/venv/lib/python3.9/site-packages/transformers/models/llama/modeling_llama.py", line 240, in forward
    down_proj = self.down_proj(self.act_fn(self.gate_proj(x)) * self.up_proj(x))
torch.cuda.OutOfMemoryError: CUDA out of memory. Tried to allocate 166.00 MiB. GPU 0 has a total capacity of 15.77 GiB of which 135.88 MiB is free. Including non-PyTorch memory, this process has 15.64 GiB memory in use. Of the allocated memory 14.14 GiB is allocated by PyTorch, and 606.98 MiB is reserved by PyTorch but unallocated. If reserved but unallocated memory is large try setting PYTORCH_CUDA_ALLOC_CONF=expandable_segments:True to avoid fragmentation.  See documentation for Memory Management  (https://pytorch.org/docs/stable/notes/cuda.html#environment-variables)


Error while executing query: INSERT INTO (`label`, `description`, `great_russian_encyclopedia_online_id`, `coordinates_of_southernmost_point`, `new_york_times_topic_id`, `gnd_id`, `category_of_associated_people`, `emergency_phone_number`, `electrical_plug_type`, `licence_plate_code`, `hashtag`, `babelnet_id`, `office_held_by_head_of_government`, `curlie_id`, `native_label`, `musicbrainz_area_id`, `public_holiday`, `uic_alphabetical_country_code`, `comic_vine_id`, `insee_countries_and_foreign_territories_code`, `vat_rate`, `diplomatic_relation`, `flag_image`, `commons_gallery`, `viaf_id`, `history_of_topic`, `capital`, `subreddit`, `openstreetmap_relation_id`, `mobile_country_code`, `maritime_identification_digits`, `nkcr_aut_id`, `asc_leiden_thesaurus_id`, `marriageable_age`, `category_of_people_buried_here`, `geoshape`, `coordinates_of_easternmost_point`, `le_monde_diplomatique_subject_id`, `marine_regions_geographic_id`, `member_of`, `unemployment_rate`, `railway_traffic_side`, `located_in_time_zone`, `category_for_people_who_died_here`, `yso_id`, `office_held_by_head_of_state`, `commons_category`, `shares_border_with`, `us_national_archives_identifier`, `nalt_id`, `treccani_id`, `iso_3166_1_numeric_code`, `coordinates_of_westernmost_point`, `country_calling_code`, `stw_thesaurus_for_economics_id`, `statoids_id`, `flag`, `fips_10_4_countries_and_regions`, `dagens_nyheter_topic_id`, `isni`, `nese_id`, `population`, `getty_thesaurus_of_geographic_names_id`, `topics_main_wikimedia_portal`, `wikimedia_outline`, `ndl_authority_id`, `currency`, `geonames_id`, `unicode_character`, `unesco_thesaurus_id`, `geography_of_topic`, `iso_3166_1_alpha_3_code`, `official_name`, `quora_topic_id`, `mesh_descriptor_id`, `guardian_topic_id`, `basic_form_of_government`, `coat_of_arms_image`, `ituisoiec_object_identifier`, `legislative_body`, `trunk_prefix`, `nuts_code`, `freebase_id`, `official_language`, `replaces`, `continent`, `coat_of_arms`, `age_of_majority`, `national_library_of_israel_id_old`, `on_focus_list_of_wikimedia_project`, `wipo_st3`, `coordinates_of_northernmost_point`, `has_quality`, `iso_3166_1_alpha_2_code`, `total_fertility_rate`, `area`, `store_norske_leksikon_id`, `different_from`, `topics_main_category`, `bibliothèque_nationale_de_france_id`, `locator_map_image`, `bbc_things_id`, `head_of_government`, `ioc_country_code`, `fast_id`, `gacs_id`, `archinform_location_id`, `encyclopædia_britannica_online_id`, `page_banner`, `category_for_films_shot_at_this_location`, `mains_voltage`, `executive_body`, `anthem`, `highest_judicial_authority`, `life_expectancy`, `top_level_internet_domain`, `instance_of`, `highest_point`, `category_for_people_born_here`, `driving_side`, `uic_numerical_country_code`, `lowest_point`, `civicus_monitor_country_entry`, `pronunciation_audio`, `idref_id`, `contains_the_administrative_territorial_entity`, `itu_letter_code`, `library_of_congress_authority_id`, `median_income`, `coordinate_location`, `described_by_source`, `brockhaus_enzyklopädie_online_id`, `iab_code`, `klexikon_article_id`, `loc_and_marc_vocabularies_id`, `language_used`, `dr_topic_id`, `world_encyclopedia_of_puppetry_arts_id`, `gran_enciclopèdia_catalana_id`, `whos_on_first_id`, `participant_in`, `inaturalist_place_id`, `omegawiki_defined_meaning`, `hds_id`, `gs1_country_code`, `culture`, `geonlp_id`, `analysis_policy_observatory_term_id`, `category_for_maps`, `treccanis_dizionario_di_storia_id`, `french_vikidia_id`, `english_vikidia_id`, `spanish_vikidia_id`, `italian_vikidia_id`, `larousse_id`, `worldcat_identities_id`, `fandom_article_id`, `eurovoc_id`, `tdv_islam_ansiklopedisi_id`, `part_of`, `open_data_portal`, `kbpedia_id`, `inception`, `rkd_thesaurus_id`, `pm20_geo_code`, `interlingual_index_id`, `jewish_encyclopedia_id_russian`, `economy_of_topic`, `uk_parliament_thesaurus_id`, `edition_humboldt_digital_id`, `tasteatlas_id`, `sapa_id`, `bhcl_uuid`, `github_topic`, `namuwiki_id`, `wordnet_31_synset_id`, `demographics_of_topic`, `ávvir_topic_id`, `ysa_id`, `yle_topic_id`, `bbc_news_topic_id`, `joconde_location_id`, `topics_main_template`, `armeniapedia_id`, `zhihu_topic_id`, `idaigazetteer_id`, `den_store_danske_id`, `krugosvet_article`, `schoenberg_database_of_manuscripts_place_id`, `colon_classification`, `national_library_of_israel_j9u_id`, `democracy_index`, `online_pwn_encyclopedia_id`, `postimees_topic_id`, `head_of_state`, `der_spiegel_topic_id`, `gyldendals_teaterleksikon_id`, `museum_digital_place_id`, `wikisimpsons_id`, `urban_electric_transit_country_id`, `m49_code`, `short_name`, `demonym`, `süddeutsche_zeitung_topic_id`, `country`, `official_website`, `alltrails_trail_id`, `human_development_index`, `national_historical_museums_of_sweden_id`, `eu_knowledge_graph_item_id`, `central_bank`, `gini_coefficient`, `obo_gazetteer_id`, `openstreetmap_element`, `happy_planet_index_score`, `the_top_tens_id`, `grove_art_online_id`, `the_world_factbook_country_id`, `number_of_out_of_school_children`, `giant_bomb_id`, `dewey_decimal_classification`) VALUES ('Spain', 'country in southwestern Europe with territories in Africa', '2632850', '27.641944444444444', 'destination/spain', '4055964-6', 'Category:Spanish people', '112', 'Europlug', 'E', 'Spain', '00031605n', 'Prime Minister of Spain', 'Regional/Europe/Spain/', 'Reino de España', '471c46a7-afc5-31c4-923c-d0444f5053a4', 'New Year''s Day', 'E', '4020-55776', '99134.0', 21.0, 'Italy', 'Flag of Spain.svg', 'España', '133609710', 'history of Spain', 'Madrid', 'es', '1311341', '214', '224.0', 'ge131543', '294938850.0', 16.0, 'Category:Burials in Spain', 'Data:Spain.map', '39.87672222222222', 'pays/espagne', '2185.0', 'North Atlantic Treaty Organization', 16.0, 'nan', 'UTC+01:00', 'Category:Deaths in Spain', '105209', 'Monarch of Spain', 'Spain', 'Gibraltar', '10035826.0', '21750.0', 'spagna', '724', '27.704167', '34', '17161-5', 'ues', 'flag of Spain', 'SP', 'spanien', '0000 0001 2324 3505', 'spanien', 47415750.0, '1000095', 'Portal:Spain', 'outline of Spain', '571694', 'euro', '2510769', '🇪🇸', 'concept923', 'geography of Spain', 'ESP', 'Španělské království', 'Spain', 'D013030', 'world/spain', 'parliamentary monarchy', 'Escudo de España (mazonado).svg', '2.16.724', 'Cortes Generales', 'nan', 'ES', '/m/06mkj', 'Spanish', 'Hispanic Monarchy', 'Europe', 'coat of arms of Spain', 18.0, '974222.0', 'Wikipedia:List of articles all languages should have', 'ES', '43.791222222222224', 'free country', 'ES', 1.270000000000000017, 505990.0, 'Spania', 'Español', 'Category:Spain', '118635857', 'EU-Spain.svg', 'c0adb26a-0bdb-4f42-8c12-7d41b56986de', 'Pedro Sánchez', 'ESP', '1204303', '295', '3043', 'place/Spain', 'Cardejón banner1.jpg', 'Category:Films shot in Spain', 230.0, 'Government of Spain', 'Marcha Real', 'Supreme Court of Spain', 82.83171000000000105, '.es', 'sovereign state', 'Teide', 'Category:Births in Spain', 'right', '71.0', 'Mina de Las Cruces', 'spain', 'Lb-Spuenien.ogg', '026376296', 'plazas de soberanía', 'E', 'n79006971', 21959.0, '40.2', 'Catholic Encyclopedia', 'spanien', '1412', 'Spanien', 'countries/sp', 'Spanish', 'spanien', 'spain', '24810', '85633129', 'Battle of Porto Bello', '6774', '7965', '3372', '840-849', 'culture of Spain', 'NgN1jZ', '9496', 'Category:Maps of Spain', 'spagna', 'Espagne', 'Spain', 'España', 'Spagna', 'pays/Espagne/118438', 'lccn-n79006971', 'nan', '863', 'ispanya', 'Europe', 'Spain open data portal', 'Spain', '+1715-00-00T00:00:00Z', '386.0', 'A30', 'i84082', '11856', 'economy of Spain', '12960', 'H0010330', 'spain', 'p/43369cca-be00-41fd-804a-873cf1c50294', 'e2f8a55c-e941-4638-8f8b-5086aa7744f8', 'spain', '스페인', '09045691-n', 'demographics of Spain', 'espannja', 'Y105209', '18-177171', 'c302m85qenvt', 'T84-703', 'Template:Spain topics', '16484.0', '19592266.0', '2074390', 'Spanien', 'strany_mira/ISPANIYA.html', '30', 'SG--541', '987007552531805171', 8.119999999999999218, '4169050.0', '3290', 'Felipe VI of Spain', 'spanien', 'Spanien', '2333.0', '48451', '23', '724.0', 'Іспанія', 'Spanish', 'Spanien', 'Spain', 'http://www.spain.info/', 'spain', 0.9050000000000000266, 'geo/F9FEFF96-EEF8-45D8-BA7A-3C8BAC93164D', 'Q7', 'nan', 34.29999999999999715, '591.0', 'node/148332300', 52.29999999999999716, '64.0', 'T080265', 'spain', 35822.0, '3035-527', '2--46')
Traceback (most recent call last):
  File "/home/lkruger/bachelorthesis/bachelorthesis/evaluation.py", line 134, in run_experiment
    insert_query_handler.handle_insert_query(query)
  File "/home/lkruger/bachelorthesis/bachelorthesis/system/insert_query_handler.py", line 27, in handle_insert_query
    query_data.table = self.strategy.predict_table_name(query_data)
  File "/home/lkruger/bachelorthesis/bachelorthesis/system/strategies/llama2/llama2_model.py", line 103, in predict_table_name
    self.run_prompt(
  File "/home/lkruger/bachelorthesis/bachelorthesis/system/strategies/llama2/llama2_model.py", line 87, in run_prompt
    return self.pipe(prompt_text)[0]["generated_text"]
  File "/home/lkruger/bachelorthesis/bachelorthesis/fine_tuning/venv/lib/python3.9/site-packages/transformers/pipelines/text_generation.py", line 240, in __call__
    return super().__call__(text_inputs, **kwargs)
  File "/home/lkruger/bachelorthesis/bachelorthesis/fine_tuning/venv/lib/python3.9/site-packages/transformers/pipelines/base.py", line 1242, in __call__
    return self.run_single(inputs, preprocess_params, forward_params, postprocess_params)
  File "/home/lkruger/bachelorthesis/bachelorthesis/fine_tuning/venv/lib/python3.9/site-packages/transformers/pipelines/base.py", line 1249, in run_single
    model_outputs = self.forward(model_inputs, **forward_params)
  File "/home/lkruger/bachelorthesis/bachelorthesis/fine_tuning/venv/lib/python3.9/site-packages/transformers/pipelines/base.py", line 1149, in forward
    model_outputs = self._forward(model_inputs, **forward_params)
  File "/home/lkruger/bachelorthesis/bachelorthesis/fine_tuning/venv/lib/python3.9/site-packages/transformers/pipelines/text_generation.py", line 327, in _forward
    generated_sequence = self.model.generate(input_ids=input_ids, attention_mask=attention_mask, **generate_kwargs)
  File "/home/lkruger/bachelorthesis/bachelorthesis/fine_tuning/venv/lib/python3.9/site-packages/torch/utils/_contextlib.py", line 115, in decorate_context
    return func(*args, **kwargs)
  File "/home/lkruger/bachelorthesis/bachelorthesis/fine_tuning/venv/lib/python3.9/site-packages/transformers/generation/utils.py", line 1622, in generate
    result = self._sample(
  File "/home/lkruger/bachelorthesis/bachelorthesis/fine_tuning/venv/lib/python3.9/site-packages/transformers/generation/utils.py", line 2791, in _sample
    outputs = self(
  File "/home/lkruger/bachelorthesis/bachelorthesis/fine_tuning/venv/lib/python3.9/site-packages/torch/nn/modules/module.py", line 1511, in _wrapped_call_impl
    return self._call_impl(*args, **kwargs)
  File "/home/lkruger/bachelorthesis/bachelorthesis/fine_tuning/venv/lib/python3.9/site-packages/torch/nn/modules/module.py", line 1520, in _call_impl
    return forward_call(*args, **kwargs)
  File "/home/lkruger/bachelorthesis/bachelorthesis/fine_tuning/venv/lib/python3.9/site-packages/accelerate/hooks.py", line 166, in new_forward
    output = module._old_forward(*args, **kwargs)
  File "/home/lkruger/bachelorthesis/bachelorthesis/fine_tuning/venv/lib/python3.9/site-packages/transformers/models/llama/modeling_llama.py", line 1208, in forward
    outputs = self.model(
  File "/home/lkruger/bachelorthesis/bachelorthesis/fine_tuning/venv/lib/python3.9/site-packages/torch/nn/modules/module.py", line 1511, in _wrapped_call_impl
    return self._call_impl(*args, **kwargs)
  File "/home/lkruger/bachelorthesis/bachelorthesis/fine_tuning/venv/lib/python3.9/site-packages/torch/nn/modules/module.py", line 1520, in _call_impl
    return forward_call(*args, **kwargs)
  File "/home/lkruger/bachelorthesis/bachelorthesis/fine_tuning/venv/lib/python3.9/site-packages/transformers/models/llama/modeling_llama.py", line 1018, in forward
    layer_outputs = decoder_layer(
  File "/home/lkruger/bachelorthesis/bachelorthesis/fine_tuning/venv/lib/python3.9/site-packages/torch/nn/modules/module.py", line 1511, in _wrapped_call_impl
    return self._call_impl(*args, **kwargs)
  File "/home/lkruger/bachelorthesis/bachelorthesis/fine_tuning/venv/lib/python3.9/site-packages/torch/nn/modules/module.py", line 1520, in _call_impl
    return forward_call(*args, **kwargs)
  File "/home/lkruger/bachelorthesis/bachelorthesis/fine_tuning/venv/lib/python3.9/site-packages/accelerate/hooks.py", line 166, in new_forward
    output = module._old_forward(*args, **kwargs)
  File "/home/lkruger/bachelorthesis/bachelorthesis/fine_tuning/venv/lib/python3.9/site-packages/transformers/models/llama/modeling_llama.py", line 756, in forward
    hidden_states = self.mlp(hidden_states)
  File "/home/lkruger/bachelorthesis/bachelorthesis/fine_tuning/venv/lib/python3.9/site-packages/torch/nn/modules/module.py", line 1511, in _wrapped_call_impl
    return self._call_impl(*args, **kwargs)
  File "/home/lkruger/bachelorthesis/bachelorthesis/fine_tuning/venv/lib/python3.9/site-packages/torch/nn/modules/module.py", line 1520, in _call_impl
    return forward_call(*args, **kwargs)
  File "/home/lkruger/bachelorthesis/bachelorthesis/fine_tuning/venv/lib/python3.9/site-packages/accelerate/hooks.py", line 166, in new_forward
    output = module._old_forward(*args, **kwargs)
  File "/home/lkruger/bachelorthesis/bachelorthesis/fine_tuning/venv/lib/python3.9/site-packages/transformers/models/llama/modeling_llama.py", line 240, in forward
    down_proj = self.down_proj(self.act_fn(self.gate_proj(x)) * self.up_proj(x))
torch.cuda.OutOfMemoryError: CUDA out of memory. Tried to allocate 160.00 MiB. GPU 0 has a total capacity of 15.77 GiB of which 135.88 MiB is free. Including non-PyTorch memory, this process has 15.64 GiB memory in use. Of the allocated memory 14.08 GiB is allocated by PyTorch, and 667.24 MiB is reserved by PyTorch but unallocated. If reserved but unallocated memory is large try setting PYTORCH_CUDA_ALLOC_CONF=expandable_segments:True to avoid fragmentation.  See documentation for Memory Management  (https://pytorch.org/docs/stable/notes/cuda.html#environment-variables)


Error while executing query: INSERT INTO (`label`, `description`, `great_russian_encyclopedia_online_id`, `coordinates_of_southernmost_point`, `new_york_times_topic_id`, `gnd_id`, `category_of_associated_people`, `emergency_phone_number`, `electrical_plug_type`, `licence_plate_code`, `hashtag`, `babelnet_id`, `office_held_by_head_of_government`, `curlie_id`, `native_label`, `musicbrainz_area_id`, `public_holiday`, `uic_alphabetical_country_code`, `comic_vine_id`, `insee_countries_and_foreign_territories_code`, `vat_rate`, `diplomatic_relation`, `flag_image`, `commons_gallery`, `viaf_id`, `history_of_topic`, `capital`, `subreddit`, `openstreetmap_relation_id`, `mobile_country_code`, `maritime_identification_digits`, `nkcr_aut_id`, `asc_leiden_thesaurus_id`, `marriageable_age`, `category_of_people_buried_here`, `geoshape`, `coordinates_of_easternmost_point`, `le_monde_diplomatique_subject_id`, `marine_regions_geographic_id`, `member_of`, `unemployment_rate`, `railway_traffic_side`, `located_in_time_zone`, `category_for_people_who_died_here`, `yso_id`, `office_held_by_head_of_state`, `commons_category`, `shares_border_with`, `us_national_archives_identifier`, `nalt_id`, `treccani_id`, `iso_3166_1_numeric_code`, `coordinates_of_westernmost_point`, `country_calling_code`, `stw_thesaurus_for_economics_id`, `statoids_id`, `flag`, `fips_10_4_countries_and_regions`, `dagens_nyheter_topic_id`, `isni`, `nese_id`, `population`, `getty_thesaurus_of_geographic_names_id`, `topics_main_wikimedia_portal`, `wikimedia_outline`, `ndl_authority_id`, `currency`, `geonames_id`, `unicode_character`, `unesco_thesaurus_id`, `geography_of_topic`, `iso_3166_1_alpha_3_code`, `official_name`, `quora_topic_id`, `mesh_descriptor_id`, `guardian_topic_id`, `basic_form_of_government`, `coat_of_arms_image`, `ituisoiec_object_identifier`, `legislative_body`, `trunk_prefix`, `nuts_code`, `freebase_id`, `official_language`, `replaces`, `continent`, `coat_of_arms`, `age_of_majority`, `national_library_of_israel_id_old`, `on_focus_list_of_wikimedia_project`, `wipo_st3`, `coordinates_of_northernmost_point`, `has_quality`, `iso_3166_1_alpha_2_code`, `total_fertility_rate`, `area`, `store_norske_leksikon_id`, `different_from`, `topics_main_category`, `bibliothèque_nationale_de_france_id`, `locator_map_image`, `bbc_things_id`, `head_of_government`, `ioc_country_code`, `fast_id`, `gacs_id`, `archinform_location_id`, `encyclopædia_britannica_online_id`, `page_banner`, `category_for_films_shot_at_this_location`, `mains_voltage`, `executive_body`, `anthem`, `highest_judicial_authority`, `life_expectancy`, `top_level_internet_domain`, `instance_of`, `highest_point`, `category_for_people_born_here`, `driving_side`, `uic_numerical_country_code`, `lowest_point`, `civicus_monitor_country_entry`, `pronunciation_audio`, `idref_id`, `contains_the_administrative_territorial_entity`, `itu_letter_code`, `library_of_congress_authority_id`, `median_income`, `coordinate_location`, `described_by_source`, `brockhaus_enzyklopädie_online_id`, `iab_code`, `klexikon_article_id`, `loc_and_marc_vocabularies_id`, `language_used`, `dr_topic_id`, `world_encyclopedia_of_puppetry_arts_id`, `gran_enciclopèdia_catalana_id`, `whos_on_first_id`, `participant_in`, `inaturalist_place_id`, `omegawiki_defined_meaning`, `hds_id`, `gs1_country_code`, `culture`, `geonlp_id`, `analysis_policy_observatory_term_id`, `category_for_maps`, `treccanis_dizionario_di_storia_id`, `french_vikidia_id`, `english_vikidia_id`, `spanish_vikidia_id`, `italian_vikidia_id`, `larousse_id`, `worldcat_identities_id`, `fandom_article_id`, `eurovoc_id`, `tdv_islam_ansiklopedisi_id`, `part_of`, `open_data_portal`, `kbpedia_id`, `inception`, `rkd_thesaurus_id`, `pm20_geo_code`, `interlingual_index_id`, `jewish_encyclopedia_id_russian`, `economy_of_topic`, `uk_parliament_thesaurus_id`, `edition_humboldt_digital_id`, `tasteatlas_id`, `sapa_id`, `bhcl_uuid`, `github_topic`, `namuwiki_id`, `wordnet_31_synset_id`, `demographics_of_topic`, `ávvir_topic_id`, `ysa_id`, `yle_topic_id`, `bbc_news_topic_id`, `joconde_location_id`, `topics_main_template`, `armeniapedia_id`, `zhihu_topic_id`, `idaigazetteer_id`, `den_store_danske_id`, `krugosvet_article`, `schoenberg_database_of_manuscripts_place_id`, `colon_classification`, `national_library_of_israel_j9u_id`, `democracy_index`, `online_pwn_encyclopedia_id`, `postimees_topic_id`, `head_of_state`, `der_spiegel_topic_id`, `gyldendals_teaterleksikon_id`, `museum_digital_place_id`, `wikisimpsons_id`, `urban_electric_transit_country_id`, `m49_code`, `short_name`, `demonym`, `süddeutsche_zeitung_topic_id`, `country`, `official_website`, `alltrails_trail_id`, `human_development_index`, `national_historical_museums_of_sweden_id`, `eu_knowledge_graph_item_id`, `central_bank`, `gini_coefficient`, `obo_gazetteer_id`, `openstreetmap_element`, `happy_planet_index_score`, `the_top_tens_id`, `grove_art_online_id`, `the_world_factbook_country_id`, `number_of_out_of_school_children`, `giant_bomb_id`, `dewey_decimal_classification`) VALUES ('Austria', 'country in Central Europe', '3935164', '46.372341', 'destination/austria', '4043271-3', 'Category:Austrian people', '112', 'Europlug', 'A', 'Österreich', '00007266n', 'Federal Chancellor of Austria', 'Regional/Europe/Austria/', 'Republik Österreich', 'caac77d1-a5c8-3e6e-8e27-90b44dcc1446', 'New Year''s Day', 'A', '4020-55915', '99110.0', 20.0, 'Italy', 'Flag of Austria.svg', 'Österreich', '148842731', 'history of Austria', 'Vienna', 'austria', '16239', '232', '203.0', 'ge130612', '294899561.0', 18.0, 'Category:Burials in Austria', 'Data:Austria.map', '48.006579', 'pays/autriche', '2146.0', 'United Nations', 5.0, 'nan', 'UTC+01:00', 'Category:Deaths in Austria', '105294', 'President of Austria', 'Austria', 'Germany', '10035760.0', '13959.0', 'austria', '40', '47.270554', '43', '16950-4', 'uat', 'flag of Austria', 'AU', 'osterrike', '0000 0001 2265 1953', 'österrike', 8979894.0, '1000062', 'Portal:Austria', 'outline of Austria', '568970', 'euro', '2782113', '🇦🇹', 'concept890', 'geography of Austria', 'AUT', 'Österreich', 'Austria', 'D001317', 'world/austria', 'federal parliamentary republic', 'Coat of arms of Austria.svg', '2.16.40', 'Austrian Parliament', '0.0', 'AT', '/m/0h7x', 'German', 'Austria-Hungary', 'Europe', 'coat of arms of Austria', 18.0, '13315.0', 'Wikipedia:List of articles all languages should have', 'AT', '49.020608', 'free country', 'AT', 1.479999999999999983, 83858.0, 'Østerrike', 'Austria', 'Category:Austria', '152383744', 'EU-Austria.svg', 'c7734490-bead-471b-8d26-31b162d37278', 'Karl Nehammer', 'AUT', '1204901', '13', '3025', 'place/Austria', 'Austria-banner1.jpg', 'Category:Films shot in Austria', 230.0, 'Austrian Federal Government', 'Land der Berge, Land am Strome', 'Constitutional Court of Austria', 80.8902400000000057, '.at', 'sovereign state', 'Grossglockner', 'Category:Births in Austria', 'right', '81.0', 'Neusiedl Lake', 'austria', 'Lb-Éisträich.ogg', '026359863', 'Burgenland', 'AUT', 'n79040121', 34911.0, '48.0', 'Great Soviet Encyclopedia (1926–1947)', 'österreich', '1243', 'Österreich', 'countries/au', 'German', 'ostrig', 'austria', '6227', '85632785', 'nan', '8057', '5777', '46995', '900-919', 'culture of Austria', '4rFMvC', '11456', 'Category:Maps of Austria', 'austria', 'Autriche', 'Austria', 'Austria', 'Austria', 'pays/wd/106821', 'lccn-n79040121', 'countries:Austria', '4353', 'avusturya', 'Central Europe', 'Open Data Österreich', 'Austria', '+1918-11-12T00:00:00Z', '2284.0', 'A40b', 'i83311', '10050', 'economy of Austria', '8475', 'H0007871', 'austria', 'p/ae5d24e3-cdc2-4b74-aff8-baea8dc23d27', '1a0f8a2d-f920-45df-a84a-8133298922a7', 'austria', '오스트리아', '08864547-n', 'demographics of Austria', 'nuortariika', 'Y105294', '18-199815', 'c1038wnxny7t', 'T84-667', 'Template:Austria topics', '4096.0', '19599421.0', '2062039', 'Østrig', 'strany_mira/AVSTRIYA.html', '24', 'SG--5931', '987007559651305171', 8.160000000000000142, '4168999.0', '2834', 'Alexander Van der Bellen', 'oesterreich', 'Østrig', '236.0', '48351', '7', '40.0', 'AUT', 'Oostenrijker', 'Österreich', 'Austria', 'https://www.austria.info/us', 'austria', 0.9160000000000000364, 'geo/2F4CB131-0AE0-439C-9C4B-86CEF2C93CBD', 'Q16', 'Oesterreichische Nationalbank', 30.19999999999999929, 'nan', 'node/4070744431', 46.79999999999999716, 'nan', 'T005101', 'austria', NULL, '3035-1843', '2--436')
Traceback (most recent call last):
  File "/home/lkruger/bachelorthesis/bachelorthesis/evaluation.py", line 134, in run_experiment
    insert_query_handler.handle_insert_query(query)
  File "/home/lkruger/bachelorthesis/bachelorthesis/system/insert_query_handler.py", line 27, in handle_insert_query
    query_data.table = self.strategy.predict_table_name(query_data)
  File "/home/lkruger/bachelorthesis/bachelorthesis/system/strategies/llama2/llama2_model.py", line 103, in predict_table_name
    self.run_prompt(
  File "/home/lkruger/bachelorthesis/bachelorthesis/system/strategies/llama2/llama2_model.py", line 87, in run_prompt
    return self.pipe(prompt_text)[0]["generated_text"]
  File "/home/lkruger/bachelorthesis/bachelorthesis/fine_tuning/venv/lib/python3.9/site-packages/transformers/pipelines/text_generation.py", line 240, in __call__
    return super().__call__(text_inputs, **kwargs)
  File "/home/lkruger/bachelorthesis/bachelorthesis/fine_tuning/venv/lib/python3.9/site-packages/transformers/pipelines/base.py", line 1242, in __call__
    return self.run_single(inputs, preprocess_params, forward_params, postprocess_params)
  File "/home/lkruger/bachelorthesis/bachelorthesis/fine_tuning/venv/lib/python3.9/site-packages/transformers/pipelines/base.py", line 1249, in run_single
    model_outputs = self.forward(model_inputs, **forward_params)
  File "/home/lkruger/bachelorthesis/bachelorthesis/fine_tuning/venv/lib/python3.9/site-packages/transformers/pipelines/base.py", line 1149, in forward
    model_outputs = self._forward(model_inputs, **forward_params)
  File "/home/lkruger/bachelorthesis/bachelorthesis/fine_tuning/venv/lib/python3.9/site-packages/transformers/pipelines/text_generation.py", line 327, in _forward
    generated_sequence = self.model.generate(input_ids=input_ids, attention_mask=attention_mask, **generate_kwargs)
  File "/home/lkruger/bachelorthesis/bachelorthesis/fine_tuning/venv/lib/python3.9/site-packages/torch/utils/_contextlib.py", line 115, in decorate_context
    return func(*args, **kwargs)
  File "/home/lkruger/bachelorthesis/bachelorthesis/fine_tuning/venv/lib/python3.9/site-packages/transformers/generation/utils.py", line 1622, in generate
    result = self._sample(
  File "/home/lkruger/bachelorthesis/bachelorthesis/fine_tuning/venv/lib/python3.9/site-packages/transformers/generation/utils.py", line 2791, in _sample
    outputs = self(
  File "/home/lkruger/bachelorthesis/bachelorthesis/fine_tuning/venv/lib/python3.9/site-packages/torch/nn/modules/module.py", line 1511, in _wrapped_call_impl
    return self._call_impl(*args, **kwargs)
  File "/home/lkruger/bachelorthesis/bachelorthesis/fine_tuning/venv/lib/python3.9/site-packages/torch/nn/modules/module.py", line 1520, in _call_impl
    return forward_call(*args, **kwargs)
  File "/home/lkruger/bachelorthesis/bachelorthesis/fine_tuning/venv/lib/python3.9/site-packages/accelerate/hooks.py", line 166, in new_forward
    output = module._old_forward(*args, **kwargs)
  File "/home/lkruger/bachelorthesis/bachelorthesis/fine_tuning/venv/lib/python3.9/site-packages/transformers/models/llama/modeling_llama.py", line 1208, in forward
    outputs = self.model(
  File "/home/lkruger/bachelorthesis/bachelorthesis/fine_tuning/venv/lib/python3.9/site-packages/torch/nn/modules/module.py", line 1511, in _wrapped_call_impl
    return self._call_impl(*args, **kwargs)
  File "/home/lkruger/bachelorthesis/bachelorthesis/fine_tuning/venv/lib/python3.9/site-packages/torch/nn/modules/module.py", line 1520, in _call_impl
    return forward_call(*args, **kwargs)
  File "/home/lkruger/bachelorthesis/bachelorthesis/fine_tuning/venv/lib/python3.9/site-packages/transformers/models/llama/modeling_llama.py", line 1018, in forward
    layer_outputs = decoder_layer(
  File "/home/lkruger/bachelorthesis/bachelorthesis/fine_tuning/venv/lib/python3.9/site-packages/torch/nn/modules/module.py", line 1511, in _wrapped_call_impl
    return self._call_impl(*args, **kwargs)
  File "/home/lkruger/bachelorthesis/bachelorthesis/fine_tuning/venv/lib/python3.9/site-packages/torch/nn/modules/module.py", line 1520, in _call_impl
    return forward_call(*args, **kwargs)
  File "/home/lkruger/bachelorthesis/bachelorthesis/fine_tuning/venv/lib/python3.9/site-packages/accelerate/hooks.py", line 166, in new_forward
    output = module._old_forward(*args, **kwargs)
  File "/home/lkruger/bachelorthesis/bachelorthesis/fine_tuning/venv/lib/python3.9/site-packages/transformers/models/llama/modeling_llama.py", line 756, in forward
    hidden_states = self.mlp(hidden_states)
  File "/home/lkruger/bachelorthesis/bachelorthesis/fine_tuning/venv/lib/python3.9/site-packages/torch/nn/modules/module.py", line 1511, in _wrapped_call_impl
    return self._call_impl(*args, **kwargs)
  File "/home/lkruger/bachelorthesis/bachelorthesis/fine_tuning/venv/lib/python3.9/site-packages/torch/nn/modules/module.py", line 1520, in _call_impl
    return forward_call(*args, **kwargs)
  File "/home/lkruger/bachelorthesis/bachelorthesis/fine_tuning/venv/lib/python3.9/site-packages/accelerate/hooks.py", line 166, in new_forward
    output = module._old_forward(*args, **kwargs)
  File "/home/lkruger/bachelorthesis/bachelorthesis/fine_tuning/venv/lib/python3.9/site-packages/transformers/models/llama/modeling_llama.py", line 240, in forward
    down_proj = self.down_proj(self.act_fn(self.gate_proj(x)) * self.up_proj(x))
torch.cuda.OutOfMemoryError: CUDA out of memory. Tried to allocate 160.00 MiB. GPU 0 has a total capacity of 15.77 GiB of which 135.88 MiB is free. Including non-PyTorch memory, this process has 15.64 GiB memory in use. Of the allocated memory 14.08 GiB is allocated by PyTorch, and 668.83 MiB is reserved by PyTorch but unallocated. If reserved but unallocated memory is large try setting PYTORCH_CUDA_ALLOC_CONF=expandable_segments:True to avoid fragmentation.  See documentation for Memory Management  (https://pytorch.org/docs/stable/notes/cuda.html#environment-variables)


Error while executing query: INSERT INTO `country` (`label`, `description`, `great_russian_encyclopedia_online_id`, `coordinates_of_southernmost_point`, `new_york_times_topic_id`, `gnd_id`, `category_of_associated_people`, `emergency_phone_number`, `electrical_plug_type`, `licence_plate_code`, `hashtag`, `babelnet_id`, `office_held_by_head_of_government`, `curlie_id`, `native_label`, `musicbrainz_area_id`, `public_holiday`, `uic_alphabetical_country_code`, `comic_vine_id`, `insee_countries_and_foreign_territories_code`, `vat_rate`, `diplomatic_relation`, `flag_image`, `commons_gallery`, `viaf_id`, `history_of_topic`, `capital`, `subreddit`, `openstreetmap_relation_id`, `mobile_country_code`, `maritime_identification_digits`, `nkcr_aut_id`, `asc_leiden_thesaurus_id`, `marriageable_age`, `category_of_people_buried_here`, `geoshape`, `coordinates_of_easternmost_point`, `le_monde_diplomatique_subject_id`, `marine_regions_geographic_id`, `member_of`, `unemployment_rate`, `railway_traffic_side`, `located_in_time_zone`, `category_for_people_who_died_here`, `yso_id`, `office_held_by_head_of_state`, `commons_category`, `shares_border_with`, `us_national_archives_identifier`, `nalt_id`, `treccani_id`, `iso_3166_1_numeric_code`, `coordinates_of_westernmost_point`, `country_calling_code`, `stw_thesaurus_for_economics_id`, `statoids_id`, `flag`, `fips_10_4_countries_and_regions`, `dagens_nyheter_topic_id`, `isni`, `nese_id`, `population`, `getty_thesaurus_of_geographic_names_id`, `topics_main_wikimedia_portal`, `wikimedia_outline`, `ndl_authority_id`, `currency`, `geonames_id`, `unicode_character`, `unesco_thesaurus_id`, `geography_of_topic`, `iso_3166_1_alpha_3_code`, `official_name`, `quora_topic_id`, `mesh_descriptor_id`, `guardian_topic_id`, `basic_form_of_government`, `coat_of_arms_image`, `ituisoiec_object_identifier`, `legislative_body`, `trunk_prefix`, `nuts_code`, `freebase_id`, `official_language`, `replaces`, `continent`, `coat_of_arms`, `age_of_majority`, `national_library_of_israel_id_old`, `on_focus_list_of_wikimedia_project`, `wipo_st3`, `coordinates_of_northernmost_point`, `has_quality`, `iso_3166_1_alpha_2_code`, `total_fertility_rate`, `area`, `store_norske_leksikon_id`, `different_from`, `topics_main_category`, `bibliothèque_nationale_de_france_id`, `locator_map_image`, `bbc_things_id`, `head_of_government`, `ioc_country_code`, `fast_id`, `gacs_id`, `archinform_location_id`, `encyclopædia_britannica_online_id`, `page_banner`, `category_for_films_shot_at_this_location`, `mains_voltage`, `executive_body`, `anthem`, `highest_judicial_authority`, `life_expectancy`, `top_level_internet_domain`, `instance_of`, `highest_point`, `category_for_people_born_here`, `driving_side`, `uic_numerical_country_code`, `lowest_point`, `civicus_monitor_country_entry`, `pronunciation_audio`, `idref_id`, `contains_the_administrative_territorial_entity`, `itu_letter_code`, `library_of_congress_authority_id`, `median_income`, `coordinate_location`, `described_by_source`, `brockhaus_enzyklopädie_online_id`, `iab_code`, `klexikon_article_id`, `loc_and_marc_vocabularies_id`, `language_used`, `dr_topic_id`, `world_encyclopedia_of_puppetry_arts_id`, `gran_enciclopèdia_catalana_id`, `whos_on_first_id`, `participant_in`, `inaturalist_place_id`, `omegawiki_defined_meaning`, `hds_id`, `gs1_country_code`, `culture`, `geonlp_id`, `analysis_policy_observatory_term_id`, `category_for_maps`, `treccanis_dizionario_di_storia_id`, `french_vikidia_id`, `english_vikidia_id`, `spanish_vikidia_id`, `italian_vikidia_id`, `larousse_id`, `worldcat_identities_id`, `fandom_article_id`, `eurovoc_id`, `tdv_islam_ansiklopedisi_id`, `part_of`, `open_data_portal`, `kbpedia_id`, `inception`, `rkd_thesaurus_id`, `pm20_geo_code`, `interlingual_index_id`, `jewish_encyclopedia_id_russian`, `economy_of_topic`, `uk_parliament_thesaurus_id`, `edition_humboldt_digital_id`, `tasteatlas_id`, `sapa_id`, `bhcl_uuid`, `github_topic`, `namuwiki_id`, `wordnet_31_synset_id`, `demographics_of_topic`, `ávvir_topic_id`, `ysa_id`, `yle_topic_id`, `bbc_news_topic_id`, `joconde_location_id`, `topics_main_template`, `armeniapedia_id`, `zhihu_topic_id`, `idaigazetteer_id`, `den_store_danske_id`, `krugosvet_article`, `schoenberg_database_of_manuscripts_place_id`, `colon_classification`, `national_library_of_israel_j9u_id`, `democracy_index`, `online_pwn_encyclopedia_id`, `postimees_topic_id`, `head_of_state`, `der_spiegel_topic_id`, `gyldendals_teaterleksikon_id`, `museum_digital_place_id`, `wikisimpsons_id`, `urban_electric_transit_country_id`, `m49_code`, `short_name`, `demonym`, `süddeutsche_zeitung_topic_id`, `country`, `official_website`, `alltrails_trail_id`, `human_development_index`, `national_historical_museums_of_sweden_id`, `eu_knowledge_graph_item_id`, `central_bank`, `gini_coefficient`, `obo_gazetteer_id`, `openstreetmap_element`, `happy_planet_index_score`, `the_top_tens_id`, `grove_art_online_id`, `the_world_factbook_country_id`, `number_of_out_of_school_children`, `giant_bomb_id`, `dewey_decimal_classification`) VALUES ('Russia', 'sovereign state in Eastern Europe and Northern Asia', '3515565', '41.215555555555554', 'destination/russia', '4076899-5', 'Category:People of Russia', '112', 'Schuko', 'RUS', 'russia', '00068622n', 'Prime Minister of Russia', 'World/Russian/Страны_и_регионы/Европа/Россия', 'Россия', '1f1fc3a4-9500-39b8-9f10-f0a465557eef', 'Defender of the Fatherland Day', 'RUS', '4020-55706', '99123.0', 20.0, 'Donetsk People''s Republic', 'Flag of Russia.svg', 'Россия', '168830626', 'history of Russia', 'Moscow', 'russia', '60189', '250', '273.0', 'ge130512', '297778617.0', 16.0, 'Category:Burials in Russia', 'Data:Russia.map', '66.08017854', 'pays/russie', 'nan', 'BRIC', NULL, 'right', 'UTC+02:00', 'Category:Deaths in Russia', '94479', 'President of Russia', 'Russia', 'Azerbaijan', '10044286.0', 'nan', 'russia', '643', '54.45826455', '7', '17534-6', 'uru', 'flag of Russia', 'RS', 'ryssland', '0000 0001 2302 7140', 'ryska-federationen', 146804372.0, '7002435', 'Portal:Russia', 'outline of Russia', '569699', 'Russian ruble', '2017370', '🇷🇺', 'concept921', 'geography of Russia', 'RUS', 'Российская Федерация', 'Russia', 'D012426', 'world/russia', 'representative democracy', 'Coat of Arms of the Russian Federation.svg', '2.16.643', 'Federal Assembly of the Russian Federation', '8.0', 'nan', '/m/06bnz', 'Russian', 'Russian Soviet Federative Socialist Republic', 'Europe', 'coat of arms of Russia', 18.0, '1030614.0', 'Wikipedia:List of articles all languages should have', 'RU', '81.85', 'nan', 'RU', 1.699999999999999956, 17075400.0, 'Russland', 'Tsardom of Russia', 'Category:Russia', '122728378', 'Russian Federation (orthographic projection) - Annexed Territories disputed.svg', '39267b85-1784-4f4b-80ed-f8cb4a35f337', 'Mikhail Mishustin', 'RUS', '1207312', '253', '3034', 'place/Russia', 'Izborsk banner.jpg', 'Category:Films shot in Russia', 220.0, 'Government of Russia', 'State Anthem of the Russian Federation', 'Supreme Court of Russia', 71.59292999999999552, '.ru', 'sovereign state', 'Mount Elbrus', 'Category:Births in Russia', 'right', '20.0', 'Caspian Sea', 'russia', 'Lb-Russland.ogg', '031531156', 'Republic of Adygea', 'RUS', 'n92056007', NULL, '66.41666666666667', 'Catholic Encyclopedia', 'russland', '1449', 'Russland', 'countries/ru', 'Russian', 'rusland', 'russia', '57409', '85632685', 'Intermediate-Range Nuclear Forces Treaty', '7161', '8444', '3376', '460-469', 'culture of Russia', 'RWKJBs', '9084', 'Category:Maps of Russia', 'nan', 'Russie', 'Russia', 'Rusia', 'Russia', 'pays/wd/141833', 'lccn-n92056007', 'countries:Russian_Federation', '5876', 'rusya', 'Post-Soviet states', 'Open Data Portal Russia', 'Russia', '+0862-00-00T00:00:00Z', '454.0', 'A50(1)', 'i84002', '13584', 'economy of Russia', '12598', 'H0010689', 'russia', 'p/6e9a29b2-b744-4c53-8aa8-88a6a2b46d78', '8863bd00-37e2-411b-9a76-5f5cafa29284', 'russia', '러시아', '09028783-n', 'demographics of Russia', 'ruossa', 'Y94479', '18-180720', 'ce1qrvlegnyt', 'T84-3549', 'Template:Russia topics', '2469.0', '19566816.0', '2086604', 'Rusland', 'Earth_sciences/geografiya/ROSSIYA_ROSSISKAYA_FEDERATSIYA_RF.html', '967', 'SG--58', '987007530981505171', 3.310000000000000053, '4169129.0', '2883', 'Vladimir Putin', 'russland', 'Rusland', '2178.0', '24882', '1', 'nan', '🇷🇺', 'россияне', 'Russland', 'Russia', 'http://gov.ru/', 'russia', 0.821999999999999953, 'geo/74FBD018-DA7F-4D6A-B4F8-1B7FB6F54D06', 'Q303', 'Central Bank of Russia', 36.0, '2721.0', 'node/424314830', 34.89999999999999858, '54.0', 'T074586', 'russia', 368000.0, 'nan', 'nan')
Traceback (most recent call last):
  File "/home/lkruger/bachelorthesis/bachelorthesis/evaluation.py", line 134, in run_experiment
    insert_query_handler.handle_insert_query(query)
  File "/home/lkruger/bachelorthesis/bachelorthesis/system/insert_query_handler.py", line 27, in handle_insert_query
    query_data.table = self.strategy.predict_table_name(query_data)
  File "/home/lkruger/bachelorthesis/bachelorthesis/system/strategies/llama2/llama2_model.py", line 103, in predict_table_name
    self.run_prompt(
  File "/home/lkruger/bachelorthesis/bachelorthesis/system/strategies/llama2/llama2_model.py", line 87, in run_prompt
    return self.pipe(prompt_text)[0]["generated_text"]
  File "/home/lkruger/bachelorthesis/bachelorthesis/fine_tuning/venv/lib/python3.9/site-packages/transformers/pipelines/text_generation.py", line 240, in __call__
    return super().__call__(text_inputs, **kwargs)
  File "/home/lkruger/bachelorthesis/bachelorthesis/fine_tuning/venv/lib/python3.9/site-packages/transformers/pipelines/base.py", line 1242, in __call__
    return self.run_single(inputs, preprocess_params, forward_params, postprocess_params)
  File "/home/lkruger/bachelorthesis/bachelorthesis/fine_tuning/venv/lib/python3.9/site-packages/transformers/pipelines/base.py", line 1249, in run_single
    model_outputs = self.forward(model_inputs, **forward_params)
  File "/home/lkruger/bachelorthesis/bachelorthesis/fine_tuning/venv/lib/python3.9/site-packages/transformers/pipelines/base.py", line 1149, in forward
    model_outputs = self._forward(model_inputs, **forward_params)
  File "/home/lkruger/bachelorthesis/bachelorthesis/fine_tuning/venv/lib/python3.9/site-packages/transformers/pipelines/text_generation.py", line 327, in _forward
    generated_sequence = self.model.generate(input_ids=input_ids, attention_mask=attention_mask, **generate_kwargs)
  File "/home/lkruger/bachelorthesis/bachelorthesis/fine_tuning/venv/lib/python3.9/site-packages/torch/utils/_contextlib.py", line 115, in decorate_context
    return func(*args, **kwargs)
  File "/home/lkruger/bachelorthesis/bachelorthesis/fine_tuning/venv/lib/python3.9/site-packages/transformers/generation/utils.py", line 1622, in generate
    result = self._sample(
  File "/home/lkruger/bachelorthesis/bachelorthesis/fine_tuning/venv/lib/python3.9/site-packages/transformers/generation/utils.py", line 2791, in _sample
    outputs = self(
  File "/home/lkruger/bachelorthesis/bachelorthesis/fine_tuning/venv/lib/python3.9/site-packages/torch/nn/modules/module.py", line 1511, in _wrapped_call_impl
    return self._call_impl(*args, **kwargs)
  File "/home/lkruger/bachelorthesis/bachelorthesis/fine_tuning/venv/lib/python3.9/site-packages/torch/nn/modules/module.py", line 1520, in _call_impl
    return forward_call(*args, **kwargs)
  File "/home/lkruger/bachelorthesis/bachelorthesis/fine_tuning/venv/lib/python3.9/site-packages/accelerate/hooks.py", line 166, in new_forward
    output = module._old_forward(*args, **kwargs)
  File "/home/lkruger/bachelorthesis/bachelorthesis/fine_tuning/venv/lib/python3.9/site-packages/transformers/models/llama/modeling_llama.py", line 1208, in forward
    outputs = self.model(
  File "/home/lkruger/bachelorthesis/bachelorthesis/fine_tuning/venv/lib/python3.9/site-packages/torch/nn/modules/module.py", line 1511, in _wrapped_call_impl
    return self._call_impl(*args, **kwargs)
  File "/home/lkruger/bachelorthesis/bachelorthesis/fine_tuning/venv/lib/python3.9/site-packages/torch/nn/modules/module.py", line 1520, in _call_impl
    return forward_call(*args, **kwargs)
  File "/home/lkruger/bachelorthesis/bachelorthesis/fine_tuning/venv/lib/python3.9/site-packages/transformers/models/llama/modeling_llama.py", line 1018, in forward
    layer_outputs = decoder_layer(
  File "/home/lkruger/bachelorthesis/bachelorthesis/fine_tuning/venv/lib/python3.9/site-packages/torch/nn/modules/module.py", line 1511, in _wrapped_call_impl
    return self._call_impl(*args, **kwargs)
  File "/home/lkruger/bachelorthesis/bachelorthesis/fine_tuning/venv/lib/python3.9/site-packages/torch/nn/modules/module.py", line 1520, in _call_impl
    return forward_call(*args, **kwargs)
  File "/home/lkruger/bachelorthesis/bachelorthesis/fine_tuning/venv/lib/python3.9/site-packages/accelerate/hooks.py", line 166, in new_forward
    output = module._old_forward(*args, **kwargs)
  File "/home/lkruger/bachelorthesis/bachelorthesis/fine_tuning/venv/lib/python3.9/site-packages/transformers/models/llama/modeling_llama.py", line 756, in forward
    hidden_states = self.mlp(hidden_states)
  File "/home/lkruger/bachelorthesis/bachelorthesis/fine_tuning/venv/lib/python3.9/site-packages/torch/nn/modules/module.py", line 1511, in _wrapped_call_impl
    return self._call_impl(*args, **kwargs)
  File "/home/lkruger/bachelorthesis/bachelorthesis/fine_tuning/venv/lib/python3.9/site-packages/torch/nn/modules/module.py", line 1520, in _call_impl
    return forward_call(*args, **kwargs)
  File "/home/lkruger/bachelorthesis/bachelorthesis/fine_tuning/venv/lib/python3.9/site-packages/accelerate/hooks.py", line 166, in new_forward
    output = module._old_forward(*args, **kwargs)
  File "/home/lkruger/bachelorthesis/bachelorthesis/fine_tuning/venv/lib/python3.9/site-packages/transformers/models/llama/modeling_llama.py", line 240, in forward
    down_proj = self.down_proj(self.act_fn(self.gate_proj(x)) * self.up_proj(x))
torch.cuda.OutOfMemoryError: CUDA out of memory. Tried to allocate 162.00 MiB. GPU 0 has a total capacity of 15.77 GiB of which 135.88 MiB is free. Including non-PyTorch memory, this process has 15.64 GiB memory in use. Of the allocated memory 14.10 GiB is allocated by PyTorch, and 643.45 MiB is reserved by PyTorch but unallocated. If reserved but unallocated memory is large try setting PYTORCH_CUDA_ALLOC_CONF=expandable_segments:True to avoid fragmentation.  See documentation for Memory Management  (https://pytorch.org/docs/stable/notes/cuda.html#environment-variables)


Error while executing query: INSERT INTO `country` (`label`, `description`, `great_russian_encyclopedia_online_id`, `coordinates_of_southernmost_point`, `new_york_times_topic_id`, `gnd_id`, `category_of_associated_people`, `emergency_phone_number`, `electrical_plug_type`, `licence_plate_code`, `hashtag`, `babelnet_id`, `office_held_by_head_of_government`, `curlie_id`, `native_label`, `musicbrainz_area_id`, `public_holiday`, `uic_alphabetical_country_code`, `comic_vine_id`, `insee_countries_and_foreign_territories_code`, `vat_rate`, `diplomatic_relation`, `flag_image`, `commons_gallery`, `viaf_id`, `history_of_topic`, `capital`, `subreddit`, `openstreetmap_relation_id`, `mobile_country_code`, `maritime_identification_digits`, `nkcr_aut_id`, `asc_leiden_thesaurus_id`, `marriageable_age`, `category_of_people_buried_here`, `geoshape`, `coordinates_of_easternmost_point`, `le_monde_diplomatique_subject_id`, `marine_regions_geographic_id`, `member_of`, `unemployment_rate`, `railway_traffic_side`, `located_in_time_zone`, `category_for_people_who_died_here`, `yso_id`, `office_held_by_head_of_state`, `commons_category`, `shares_border_with`, `us_national_archives_identifier`, `nalt_id`, `treccani_id`, `iso_3166_1_numeric_code`, `coordinates_of_westernmost_point`, `country_calling_code`, `stw_thesaurus_for_economics_id`, `statoids_id`, `flag`, `fips_10_4_countries_and_regions`, `dagens_nyheter_topic_id`, `isni`, `nese_id`, `population`, `getty_thesaurus_of_geographic_names_id`, `topics_main_wikimedia_portal`, `wikimedia_outline`, `ndl_authority_id`, `currency`, `geonames_id`, `unicode_character`, `unesco_thesaurus_id`, `geography_of_topic`, `iso_3166_1_alpha_3_code`, `official_name`, `quora_topic_id`, `mesh_descriptor_id`, `guardian_topic_id`, `basic_form_of_government`, `coat_of_arms_image`, `ituisoiec_object_identifier`, `legislative_body`, `trunk_prefix`, `nuts_code`, `freebase_id`, `official_language`, `replaces`, `continent`, `coat_of_arms`, `age_of_majority`, `national_library_of_israel_id_old`, `on_focus_list_of_wikimedia_project`, `wipo_st3`, `coordinates_of_northernmost_point`, `has_quality`, `iso_3166_1_alpha_2_code`, `total_fertility_rate`, `area`, `store_norske_leksikon_id`, `different_from`, `topics_main_category`, `bibliothèque_nationale_de_france_id`, `locator_map_image`, `bbc_things_id`, `head_of_government`, `ioc_country_code`, `fast_id`, `gacs_id`, `archinform_location_id`, `encyclopædia_britannica_online_id`, `page_banner`, `category_for_films_shot_at_this_location`, `mains_voltage`, `executive_body`, `anthem`, `highest_judicial_authority`, `life_expectancy`, `top_level_internet_domain`, `instance_of`, `highest_point`, `category_for_people_born_here`, `driving_side`, `uic_numerical_country_code`, `lowest_point`, `civicus_monitor_country_entry`, `pronunciation_audio`, `idref_id`, `contains_the_administrative_territorial_entity`, `itu_letter_code`, `library_of_congress_authority_id`, `median_income`, `coordinate_location`, `described_by_source`, `brockhaus_enzyklopädie_online_id`, `iab_code`, `klexikon_article_id`, `loc_and_marc_vocabularies_id`, `language_used`, `dr_topic_id`, `world_encyclopedia_of_puppetry_arts_id`, `gran_enciclopèdia_catalana_id`, `whos_on_first_id`, `participant_in`, `inaturalist_place_id`, `omegawiki_defined_meaning`, `hds_id`, `gs1_country_code`, `culture`, `geonlp_id`, `analysis_policy_observatory_term_id`, `category_for_maps`, `treccanis_dizionario_di_storia_id`, `french_vikidia_id`, `english_vikidia_id`, `spanish_vikidia_id`, `italian_vikidia_id`, `larousse_id`, `worldcat_identities_id`, `fandom_article_id`, `eurovoc_id`, `tdv_islam_ansiklopedisi_id`, `part_of`, `open_data_portal`, `kbpedia_id`, `inception`, `rkd_thesaurus_id`, `pm20_geo_code`, `interlingual_index_id`, `jewish_encyclopedia_id_russian`, `economy_of_topic`, `uk_parliament_thesaurus_id`, `edition_humboldt_digital_id`, `tasteatlas_id`, `sapa_id`, `bhcl_uuid`, `github_topic`, `namuwiki_id`, `wordnet_31_synset_id`, `demographics_of_topic`, `ávvir_topic_id`, `ysa_id`, `yle_topic_id`, `bbc_news_topic_id`, `joconde_location_id`, `topics_main_template`, `armeniapedia_id`, `zhihu_topic_id`, `idaigazetteer_id`, `den_store_danske_id`, `krugosvet_article`, `schoenberg_database_of_manuscripts_place_id`, `colon_classification`, `national_library_of_israel_j9u_id`, `democracy_index`, `online_pwn_encyclopedia_id`, `postimees_topic_id`, `head_of_state`, `der_spiegel_topic_id`, `gyldendals_teaterleksikon_id`, `museum_digital_place_id`, `wikisimpsons_id`, `urban_electric_transit_country_id`, `m49_code`, `short_name`, `demonym`, `süddeutsche_zeitung_topic_id`, `country`, `official_website`, `alltrails_trail_id`, `human_development_index`, `national_historical_museums_of_sweden_id`, `eu_knowledge_graph_item_id`, `central_bank`, `gini_coefficient`, `obo_gazetteer_id`, `openstreetmap_element`, `happy_planet_index_score`, `the_top_tens_id`, `grove_art_online_id`, `the_world_factbook_country_id`, `number_of_out_of_school_children`, `giant_bomb_id`, `dewey_decimal_classification`) VALUES ('Germany', 'country in Central Europe', '2354371', '47.2700279', 'destination/germany', '4011882-4', 'Category:German people', '112', 'Schuko', 'D', 'Deutschland', '00026684n', 'Federal Chancellor of Germany', 'Regional/Europe/Germany/', 'Bundesrepublik Deutschland', '85752fda-13c4-31a3-bee5-0e5cb1f51dad', 'German Unity Day', 'D', '4020-55777', '99109.0', 19.0, 'Yemen', 'Flag of Germany.svg', 'Deutschland', '189116956', 'history of Germany', 'Berlin', 'deutschland', '51477', '262', '211.0', 'ge135889', '294913572.0', 18.0, 'Category:Burials in Germany', 'Data:Germany.map', '51.27279981', 'pays/allemagne', '2101.0', 'World Trade Organization', 5.0, 'right', 'UTC+01:00', 'Category:Deaths in Germany', '105087', 'president of Germany', 'Germany', 'Czech Republic', '10044480.0', '15494.0', 'germania', '276', '51.05110016', '49', '18012-3', 'ude', 'flag of Germany', 'GM', 'tyskland', '0000 0001 2285 4945', 'tyskland', 83149300.0, '7000084', 'Portal:Germany', 'outline of Germany', '561571', 'euro', '2921044', '🇩🇪', 'concept904', 'geography of Germany', 'DEU', 'Bundesrepublik Deutschland', 'Germany', 'D005858', 'world/germany', 'federal parliamentary republic', 'Coat of arms of Germany.svg', '2.16.276', 'Bundesrat', '0.0', 'DE', '/m/0345h', 'German', 'West Germany', 'Europe', 'coat of arms of Germany', 18.0, '981369.0', 'Wikipedia:List of articles all languages should have', 'DE', '55.0584', 'free country', 'DE', 1.389999999999999903, 357587.7700000000186, 'Tyskland', 'Germany', 'Category:Germany', '12205186t', 'Germany (orthographic projection).svg', '2e3befc0-e70a-41c7-b6cb-2f8f0d69a7db', 'Olaf Scholz', 'GER', '1210272', '601', '2979', 'place/Germany', 'Ötlingen - Panoramaansicht klein banner.jpg', 'Category:Films shot in Germany', 230.0, 'federal level of Germany', 'Das Lied der Deutschen', 'Federal Constitutional Court', 80.79999999999999716, '.de', 'sovereign state', 'Zugspitze', 'Category:Births in Germany', 'right', '80.0', 'Neuendorf-Sachsenbande', 'germany', 'De-Deutschland.ogg', '030685435', 'Baden-Württemberg', 'D', 'n80125931', 33333.0, '51.0', 'Ottův slovník naučný', 'deutschland', '1300', 'Deutschland', 'countries/gw', 'Swabian', 'tyskland', 'germany', '220737', '85633111', 'G4 nations', '7207', '7118', '3352', '400-440', 'culture of Germany', 'VwiQvi', '3002', 'Category:Maps of Germany', 'germania', 'Allemagne', 'Germany', 'Alemania', 'Germania', 'pays/wd/104884', 'lccn-n95056124', 'germany:Germany', '1318', 'almanya', 'Western Europe', 'GovData', 'Germany', '+1990-10-03T00:00:00Z', '456.0', 'A10', 'i82954', '11122', 'economy of Germany', '10438', 'H0005517', 'germany', 'p/a7cbf121-4ac8-4cbd-af7d-4d6d25cd7efb', '2bde846d-48ca-4ac0-880c-91f4fe24c210', 'deutschland', '독일', '08784821-n', 'demographics of Germany', 'duiska', 'Y105087', '18-177448', 'c77jz3md4rdt', 'T84-600', 'Template:Germany topics', '4099.0', '19554996.0', '2044274', 'Tyskland', 'strany_mira/GERMANIYA.html', '66', 'SG--55', '987007559778705171', 8.669999999999999929, '4169110.0', '1865', 'Frank-Walter Steinmeier', 'deutschland', 'Tyskland', '209.0', '21469', '10', '276.0', 'Deutschland', 'Deutscher', 'Deutschland', 'Germany', 'https://verwaltung.bund.de', 'germany', 0.941999999999999949, 'geo/5954BE73-910D-4ABC-96C2-6781831F6043', 'Q22', 'Deutsche Bundesbank', 31.69999999999999929, '2646.0', 'node/1683325355', 52.70000000000000284, 'nan', 'nan', 'nan', NULL, 'nan', 'nan')
Traceback (most recent call last):
  File "/home/lkruger/bachelorthesis/bachelorthesis/evaluation.py", line 134, in run_experiment
    insert_query_handler.handle_insert_query(query)
  File "/home/lkruger/bachelorthesis/bachelorthesis/system/insert_query_handler.py", line 27, in handle_insert_query
    query_data.table = self.strategy.predict_table_name(query_data)
  File "/home/lkruger/bachelorthesis/bachelorthesis/system/strategies/llama2/llama2_model.py", line 103, in predict_table_name
    self.run_prompt(
  File "/home/lkruger/bachelorthesis/bachelorthesis/system/strategies/llama2/llama2_model.py", line 87, in run_prompt
    return self.pipe(prompt_text)[0]["generated_text"]
  File "/home/lkruger/bachelorthesis/bachelorthesis/fine_tuning/venv/lib/python3.9/site-packages/transformers/pipelines/text_generation.py", line 240, in __call__
    return super().__call__(text_inputs, **kwargs)
  File "/home/lkruger/bachelorthesis/bachelorthesis/fine_tuning/venv/lib/python3.9/site-packages/transformers/pipelines/base.py", line 1242, in __call__
    return self.run_single(inputs, preprocess_params, forward_params, postprocess_params)
  File "/home/lkruger/bachelorthesis/bachelorthesis/fine_tuning/venv/lib/python3.9/site-packages/transformers/pipelines/base.py", line 1249, in run_single
    model_outputs = self.forward(model_inputs, **forward_params)
  File "/home/lkruger/bachelorthesis/bachelorthesis/fine_tuning/venv/lib/python3.9/site-packages/transformers/pipelines/base.py", line 1149, in forward
    model_outputs = self._forward(model_inputs, **forward_params)
  File "/home/lkruger/bachelorthesis/bachelorthesis/fine_tuning/venv/lib/python3.9/site-packages/transformers/pipelines/text_generation.py", line 327, in _forward
    generated_sequence = self.model.generate(input_ids=input_ids, attention_mask=attention_mask, **generate_kwargs)
  File "/home/lkruger/bachelorthesis/bachelorthesis/fine_tuning/venv/lib/python3.9/site-packages/torch/utils/_contextlib.py", line 115, in decorate_context
    return func(*args, **kwargs)
  File "/home/lkruger/bachelorthesis/bachelorthesis/fine_tuning/venv/lib/python3.9/site-packages/transformers/generation/utils.py", line 1622, in generate
    result = self._sample(
  File "/home/lkruger/bachelorthesis/bachelorthesis/fine_tuning/venv/lib/python3.9/site-packages/transformers/generation/utils.py", line 2791, in _sample
    outputs = self(
  File "/home/lkruger/bachelorthesis/bachelorthesis/fine_tuning/venv/lib/python3.9/site-packages/torch/nn/modules/module.py", line 1511, in _wrapped_call_impl
    return self._call_impl(*args, **kwargs)
  File "/home/lkruger/bachelorthesis/bachelorthesis/fine_tuning/venv/lib/python3.9/site-packages/torch/nn/modules/module.py", line 1520, in _call_impl
    return forward_call(*args, **kwargs)
  File "/home/lkruger/bachelorthesis/bachelorthesis/fine_tuning/venv/lib/python3.9/site-packages/accelerate/hooks.py", line 166, in new_forward
    output = module._old_forward(*args, **kwargs)
  File "/home/lkruger/bachelorthesis/bachelorthesis/fine_tuning/venv/lib/python3.9/site-packages/transformers/models/llama/modeling_llama.py", line 1208, in forward
    outputs = self.model(
  File "/home/lkruger/bachelorthesis/bachelorthesis/fine_tuning/venv/lib/python3.9/site-packages/torch/nn/modules/module.py", line 1511, in _wrapped_call_impl
    return self._call_impl(*args, **kwargs)
  File "/home/lkruger/bachelorthesis/bachelorthesis/fine_tuning/venv/lib/python3.9/site-packages/torch/nn/modules/module.py", line 1520, in _call_impl
    return forward_call(*args, **kwargs)
  File "/home/lkruger/bachelorthesis/bachelorthesis/fine_tuning/venv/lib/python3.9/site-packages/transformers/models/llama/modeling_llama.py", line 1018, in forward
    layer_outputs = decoder_layer(
  File "/home/lkruger/bachelorthesis/bachelorthesis/fine_tuning/venv/lib/python3.9/site-packages/torch/nn/modules/module.py", line 1511, in _wrapped_call_impl
    return self._call_impl(*args, **kwargs)
  File "/home/lkruger/bachelorthesis/bachelorthesis/fine_tuning/venv/lib/python3.9/site-packages/torch/nn/modules/module.py", line 1520, in _call_impl
    return forward_call(*args, **kwargs)
  File "/home/lkruger/bachelorthesis/bachelorthesis/fine_tuning/venv/lib/python3.9/site-packages/accelerate/hooks.py", line 166, in new_forward
    output = module._old_forward(*args, **kwargs)
  File "/home/lkruger/bachelorthesis/bachelorthesis/fine_tuning/venv/lib/python3.9/site-packages/transformers/models/llama/modeling_llama.py", line 756, in forward
    hidden_states = self.mlp(hidden_states)
  File "/home/lkruger/bachelorthesis/bachelorthesis/fine_tuning/venv/lib/python3.9/site-packages/torch/nn/modules/module.py", line 1511, in _wrapped_call_impl
    return self._call_impl(*args, **kwargs)
  File "/home/lkruger/bachelorthesis/bachelorthesis/fine_tuning/venv/lib/python3.9/site-packages/torch/nn/modules/module.py", line 1520, in _call_impl
    return forward_call(*args, **kwargs)
  File "/home/lkruger/bachelorthesis/bachelorthesis/fine_tuning/venv/lib/python3.9/site-packages/accelerate/hooks.py", line 166, in new_forward
    output = module._old_forward(*args, **kwargs)
  File "/home/lkruger/bachelorthesis/bachelorthesis/fine_tuning/venv/lib/python3.9/site-packages/transformers/models/llama/modeling_llama.py", line 240, in forward
    down_proj = self.down_proj(self.act_fn(self.gate_proj(x)) * self.up_proj(x))
torch.cuda.OutOfMemoryError: CUDA out of memory. Tried to allocate 160.00 MiB. GPU 0 has a total capacity of 15.77 GiB of which 135.88 MiB is free. Including non-PyTorch memory, this process has 15.64 GiB memory in use. Of the allocated memory 14.08 GiB is allocated by PyTorch, and 668.83 MiB is reserved by PyTorch but unallocated. If reserved but unallocated memory is large try setting PYTORCH_CUDA_ALLOC_CONF=expandable_segments:True to avoid fragmentation.  See documentation for Memory Management  (https://pytorch.org/docs/stable/notes/cuda.html#environment-variables)


Error while executing query: INSERT INTO `country` (`label`, `description`, `great_russian_encyclopedia_online_id`, `coordinates_of_southernmost_point`, `new_york_times_topic_id`, `gnd_id`, `category_of_associated_people`, `emergency_phone_number`, `electrical_plug_type`, `licence_plate_code`, `hashtag`, `babelnet_id`, `office_held_by_head_of_government`, `curlie_id`, `native_label`, `musicbrainz_area_id`, `public_holiday`, `uic_alphabetical_country_code`, `comic_vine_id`, `insee_countries_and_foreign_territories_code`, `vat_rate`, `diplomatic_relation`, `flag_image`, `commons_gallery`, `viaf_id`, `history_of_topic`, `capital`, `subreddit`, `openstreetmap_relation_id`, `mobile_country_code`, `maritime_identification_digits`, `nkcr_aut_id`, `asc_leiden_thesaurus_id`, `marriageable_age`, `category_of_people_buried_here`, `geoshape`, `coordinates_of_easternmost_point`, `le_monde_diplomatique_subject_id`, `marine_regions_geographic_id`, `member_of`, `unemployment_rate`, `railway_traffic_side`, `located_in_time_zone`, `category_for_people_who_died_here`, `yso_id`, `office_held_by_head_of_state`, `commons_category`, `shares_border_with`, `us_national_archives_identifier`, `nalt_id`, `treccani_id`, `iso_3166_1_numeric_code`, `coordinates_of_westernmost_point`, `country_calling_code`, `stw_thesaurus_for_economics_id`, `statoids_id`, `flag`, `fips_10_4_countries_and_regions`, `dagens_nyheter_topic_id`, `isni`, `nese_id`, `population`, `getty_thesaurus_of_geographic_names_id`, `topics_main_wikimedia_portal`, `wikimedia_outline`, `ndl_authority_id`, `currency`, `geonames_id`, `unicode_character`, `unesco_thesaurus_id`, `geography_of_topic`, `iso_3166_1_alpha_3_code`, `official_name`, `quora_topic_id`, `mesh_descriptor_id`, `guardian_topic_id`, `basic_form_of_government`, `coat_of_arms_image`, `ituisoiec_object_identifier`, `legislative_body`, `trunk_prefix`, `nuts_code`, `freebase_id`, `official_language`, `replaces`, `continent`, `coat_of_arms`, `age_of_majority`, `national_library_of_israel_id_old`, `on_focus_list_of_wikimedia_project`, `wipo_st3`, `coordinates_of_northernmost_point`, `has_quality`, `iso_3166_1_alpha_2_code`, `total_fertility_rate`, `area`, `store_norske_leksikon_id`, `different_from`, `topics_main_category`, `bibliothèque_nationale_de_france_id`, `locator_map_image`, `bbc_things_id`, `head_of_government`, `ioc_country_code`, `fast_id`, `gacs_id`, `archinform_location_id`, `encyclopædia_britannica_online_id`, `page_banner`, `category_for_films_shot_at_this_location`, `mains_voltage`, `executive_body`, `anthem`, `highest_judicial_authority`, `life_expectancy`, `top_level_internet_domain`, `instance_of`, `highest_point`, `category_for_people_born_here`, `driving_side`, `uic_numerical_country_code`, `lowest_point`, `civicus_monitor_country_entry`, `pronunciation_audio`, `idref_id`, `contains_the_administrative_territorial_entity`, `itu_letter_code`, `library_of_congress_authority_id`, `median_income`, `coordinate_location`, `described_by_source`, `brockhaus_enzyklopädie_online_id`, `iab_code`, `klexikon_article_id`, `loc_and_marc_vocabularies_id`, `language_used`, `dr_topic_id`, `world_encyclopedia_of_puppetry_arts_id`, `gran_enciclopèdia_catalana_id`, `whos_on_first_id`, `participant_in`, `inaturalist_place_id`, `omegawiki_defined_meaning`, `hds_id`, `gs1_country_code`, `culture`, `geonlp_id`, `analysis_policy_observatory_term_id`, `category_for_maps`, `treccanis_dizionario_di_storia_id`, `french_vikidia_id`, `english_vikidia_id`, `spanish_vikidia_id`, `italian_vikidia_id`, `larousse_id`, `worldcat_identities_id`, `fandom_article_id`, `eurovoc_id`, `tdv_islam_ansiklopedisi_id`, `part_of`, `open_data_portal`, `kbpedia_id`, `inception`, `rkd_thesaurus_id`, `pm20_geo_code`, `interlingual_index_id`, `jewish_encyclopedia_id_russian`, `economy_of_topic`, `uk_parliament_thesaurus_id`, `edition_humboldt_digital_id`, `tasteatlas_id`, `sapa_id`, `bhcl_uuid`, `github_topic`, `namuwiki_id`, `wordnet_31_synset_id`, `demographics_of_topic`, `ávvir_topic_id`, `ysa_id`, `yle_topic_id`, `bbc_news_topic_id`, `joconde_location_id`, `topics_main_template`, `armeniapedia_id`, `zhihu_topic_id`, `idaigazetteer_id`, `den_store_danske_id`, `krugosvet_article`, `schoenberg_database_of_manuscripts_place_id`, `colon_classification`, `national_library_of_israel_j9u_id`, `democracy_index`, `online_pwn_encyclopedia_id`, `postimees_topic_id`, `head_of_state`, `der_spiegel_topic_id`, `gyldendals_teaterleksikon_id`, `museum_digital_place_id`, `wikisimpsons_id`, `urban_electric_transit_country_id`, `m49_code`, `short_name`, `demonym`, `süddeutsche_zeitung_topic_id`, `country`, `official_website`, `alltrails_trail_id`, `human_development_index`, `national_historical_museums_of_sweden_id`, `eu_knowledge_graph_item_id`, `central_bank`, `gini_coefficient`, `obo_gazetteer_id`, `openstreetmap_element`, `happy_planet_index_score`, `the_top_tens_id`, `grove_art_online_id`, `the_world_factbook_country_id`, `number_of_out_of_school_children`, `giant_bomb_id`, `dewey_decimal_classification`) VALUES ('Netherlands', 'country in Northwestern Europe with territories in the Caribbean', '2265969', '50.75040004', 'destination/netherlands', '4042203-3', 'Category:Dutch people', '112', 'Schuko', 'NL', 'Netherlands', '00044423n', 'Prime Minister of the Netherlands', 'Regional/Europe/Netherlands/', 'Koninkrijk der Nederlanden', 'ef1b7cc0-cd26-36f4-8ea0-04d9623786c7', 'nan', 'NL', 'nan', 'nan', 21.0, 'Italy', 'Flag of the Netherlands.svg', 'Nederland', '156652814', 'history of the Netherlands', 'Amsterdam', 'thenetherlands', '47796', '204', 'nan', 'ge128525', '294928014.0', 18.0, 'Category:Burials in the Netherlands', 'Data:Nederland.map', '53.18021828', 'pays/paysbas', 'nan', 'North Atlantic Treaty Organization', 3.799999999999999823, 'nan', 'UTC+02:00', 'Category:Deaths in the Netherlands', '105190', 'King of the Netherlands', 'Netherlands', 'Germany', '10046275.0', '34523.0', 'paesi-bassi', '528', '51.36899408', '31', '17433-5', 'unl', 'flag of the Netherlands', 'NL', 'nederlanderna', '0000 0001 2369 754X', 'nederländerna', 17282163.0, '7016845', 'Portal:Netherlands', 'outline of the Netherlands', '568908', 'euro', '2750405', '🇳🇱', 'concept917', 'geography of the Netherlands', 'NLD', 'Nederland', 'The-Netherlands', 'D009426', 'nan', 'parliamentary monarchy', 'Royal coat of arms of the Netherlands.svg', 'nan', 'States General', '0.0', 'NL', '/m/059j2', 'Dutch', 'United Kingdom of the Netherlands', 'Europe', 'coat of arms of the Netherlands', 18.0, 'nan', 'Wikipedia:List of articles all languages should have', 'NL', '53.46633589', 'free country', 'NL', 1.679999999999999938, 41543.0, 'Nederland', 'Kingdom of the Netherlands', 'Category:Netherlands', '11862083x', 'EU-Netherlands.svg', 'aa200d4c-217e-4a6a-9e61-733d812cac06', 'Mark Rutte', 'NED', '1204034', '178', '3020', 'place/Netherlands', 'Leiden-NL-Banner-2.jpg', 'Category:Films shot in the Netherlands', 230.0, 'Government of the Netherlands', 'Wilhelmus', 'Supreme Court of the Netherlands', 81.50976, '.nl', 'country of the Kingdom of the Netherlands', 'Mount Scenery', 'Category:Births in the Netherlands', 'right', '84.0', 'Zuidplaspolder', 'netherlands', 'LL-Q143 (epo)-Robin van der Vliet-Nederlando.wav', '026357240', 'Groningen', 'HOL', 'n78085423', 38584.0, '52.316666666667', 'Catholic Encyclopedia', 'niederlande', '1443', 'Niederlande', 'countries/ne', 'Dutch', 'holland', 'netherlands', '48251', '85633337', 'Pacific War', '7506', '5809', '3364', '870-879', 'nan', 'ujDxVI', '13158', 'nan', 'nan', 'nan', 'nan', 'nan', 'nan', 'pays/wd/137338', 'lccn-n78085423', 'netherlands:Netherlands', '2286', 'hollanda', 'Kingdom of the Netherlands', 'Open Data Portal Netherlands', 'Netherlands', '+1795-01-19T00:00:00Z', '1.0', 'A19', 'i83737', '12971', 'economy of the Netherlands', '11867', 'nan', 'nan', 'p/be720c0d-f419-4225-84dc-d65f10d586fd', '7c672690-aa08-4e09-99eb-de5486282524', 'netherlands', '네덜란드', '08968866-n', 'demographics of the Netherlands', 'nan', 'Y105190', '18-303648', 'cvenzmgywd2t', 'T84-3488', 'nan', '7345.0', '19572944.0', '2085493', 'Holland', 'strany_mira/NIDERLANDI.html', '12', 'SG--5962', '987007550359005171', 8.960000000000000853, 'nan', '2647', 'Willem-Alexander of the Netherlands', 'nan', 'Holland', '500.0', '26224', '21', '528.0', '🇳🇱', 'Nederlander', 'nan', 'Kingdom of the Netherlands', 'https://www.rijksoverheid.nl/', 'netherlands', 0.931000000000000049, 'geo/87D4DF9D-0D2D-4067-8AF3-CFB4197BE0F0', 'Q19', 'De Nederlandsche Bank', 25.39999999999999858, '1549.0', 'node/424297217', 54.89999999999999858, '63.0', 'nan', 'netherlands', 18711.0, '3035-1279', '2--492')
Traceback (most recent call last):
  File "/home/lkruger/bachelorthesis/bachelorthesis/evaluation.py", line 134, in run_experiment
    insert_query_handler.handle_insert_query(query)
  File "/home/lkruger/bachelorthesis/bachelorthesis/system/insert_query_handler.py", line 27, in handle_insert_query
    query_data.table = self.strategy.predict_table_name(query_data)
  File "/home/lkruger/bachelorthesis/bachelorthesis/system/strategies/llama2/llama2_model.py", line 103, in predict_table_name
    self.run_prompt(
  File "/home/lkruger/bachelorthesis/bachelorthesis/system/strategies/llama2/llama2_model.py", line 87, in run_prompt
    return self.pipe(prompt_text)[0]["generated_text"]
  File "/home/lkruger/bachelorthesis/bachelorthesis/fine_tuning/venv/lib/python3.9/site-packages/transformers/pipelines/text_generation.py", line 240, in __call__
    return super().__call__(text_inputs, **kwargs)
  File "/home/lkruger/bachelorthesis/bachelorthesis/fine_tuning/venv/lib/python3.9/site-packages/transformers/pipelines/base.py", line 1242, in __call__
    return self.run_single(inputs, preprocess_params, forward_params, postprocess_params)
  File "/home/lkruger/bachelorthesis/bachelorthesis/fine_tuning/venv/lib/python3.9/site-packages/transformers/pipelines/base.py", line 1249, in run_single
    model_outputs = self.forward(model_inputs, **forward_params)
  File "/home/lkruger/bachelorthesis/bachelorthesis/fine_tuning/venv/lib/python3.9/site-packages/transformers/pipelines/base.py", line 1149, in forward
    model_outputs = self._forward(model_inputs, **forward_params)
  File "/home/lkruger/bachelorthesis/bachelorthesis/fine_tuning/venv/lib/python3.9/site-packages/transformers/pipelines/text_generation.py", line 327, in _forward
    generated_sequence = self.model.generate(input_ids=input_ids, attention_mask=attention_mask, **generate_kwargs)
  File "/home/lkruger/bachelorthesis/bachelorthesis/fine_tuning/venv/lib/python3.9/site-packages/torch/utils/_contextlib.py", line 115, in decorate_context
    return func(*args, **kwargs)
  File "/home/lkruger/bachelorthesis/bachelorthesis/fine_tuning/venv/lib/python3.9/site-packages/transformers/generation/utils.py", line 1622, in generate
    result = self._sample(
  File "/home/lkruger/bachelorthesis/bachelorthesis/fine_tuning/venv/lib/python3.9/site-packages/transformers/generation/utils.py", line 2791, in _sample
    outputs = self(
  File "/home/lkruger/bachelorthesis/bachelorthesis/fine_tuning/venv/lib/python3.9/site-packages/torch/nn/modules/module.py", line 1511, in _wrapped_call_impl
    return self._call_impl(*args, **kwargs)
  File "/home/lkruger/bachelorthesis/bachelorthesis/fine_tuning/venv/lib/python3.9/site-packages/torch/nn/modules/module.py", line 1520, in _call_impl
    return forward_call(*args, **kwargs)
  File "/home/lkruger/bachelorthesis/bachelorthesis/fine_tuning/venv/lib/python3.9/site-packages/accelerate/hooks.py", line 166, in new_forward
    output = module._old_forward(*args, **kwargs)
  File "/home/lkruger/bachelorthesis/bachelorthesis/fine_tuning/venv/lib/python3.9/site-packages/transformers/models/llama/modeling_llama.py", line 1208, in forward
    outputs = self.model(
  File "/home/lkruger/bachelorthesis/bachelorthesis/fine_tuning/venv/lib/python3.9/site-packages/torch/nn/modules/module.py", line 1511, in _wrapped_call_impl
    return self._call_impl(*args, **kwargs)
  File "/home/lkruger/bachelorthesis/bachelorthesis/fine_tuning/venv/lib/python3.9/site-packages/torch/nn/modules/module.py", line 1520, in _call_impl
    return forward_call(*args, **kwargs)
  File "/home/lkruger/bachelorthesis/bachelorthesis/fine_tuning/venv/lib/python3.9/site-packages/transformers/models/llama/modeling_llama.py", line 1018, in forward
    layer_outputs = decoder_layer(
  File "/home/lkruger/bachelorthesis/bachelorthesis/fine_tuning/venv/lib/python3.9/site-packages/torch/nn/modules/module.py", line 1511, in _wrapped_call_impl
    return self._call_impl(*args, **kwargs)
  File "/home/lkruger/bachelorthesis/bachelorthesis/fine_tuning/venv/lib/python3.9/site-packages/torch/nn/modules/module.py", line 1520, in _call_impl
    return forward_call(*args, **kwargs)
  File "/home/lkruger/bachelorthesis/bachelorthesis/fine_tuning/venv/lib/python3.9/site-packages/accelerate/hooks.py", line 166, in new_forward
    output = module._old_forward(*args, **kwargs)
  File "/home/lkruger/bachelorthesis/bachelorthesis/fine_tuning/venv/lib/python3.9/site-packages/transformers/models/llama/modeling_llama.py", line 756, in forward
    hidden_states = self.mlp(hidden_states)
  File "/home/lkruger/bachelorthesis/bachelorthesis/fine_tuning/venv/lib/python3.9/site-packages/torch/nn/modules/module.py", line 1511, in _wrapped_call_impl
    return self._call_impl(*args, **kwargs)
  File "/home/lkruger/bachelorthesis/bachelorthesis/fine_tuning/venv/lib/python3.9/site-packages/torch/nn/modules/module.py", line 1520, in _call_impl
    return forward_call(*args, **kwargs)
  File "/home/lkruger/bachelorthesis/bachelorthesis/fine_tuning/venv/lib/python3.9/site-packages/accelerate/hooks.py", line 166, in new_forward
    output = module._old_forward(*args, **kwargs)
  File "/home/lkruger/bachelorthesis/bachelorthesis/fine_tuning/venv/lib/python3.9/site-packages/transformers/models/llama/modeling_llama.py", line 240, in forward
    down_proj = self.down_proj(self.act_fn(self.gate_proj(x)) * self.up_proj(x))
torch.cuda.OutOfMemoryError: CUDA out of memory. Tried to allocate 160.00 MiB. GPU 0 has a total capacity of 15.77 GiB of which 135.88 MiB is free. Including non-PyTorch memory, this process has 15.64 GiB memory in use. Of the allocated memory 14.08 GiB is allocated by PyTorch, and 665.65 MiB is reserved by PyTorch but unallocated. If reserved but unallocated memory is large try setting PYTORCH_CUDA_ALLOC_CONF=expandable_segments:True to avoid fragmentation.  See documentation for Memory Management  (https://pytorch.org/docs/stable/notes/cuda.html#environment-variables)


Error while executing query: INSERT INTO (`label`, `description`, `great_russian_encyclopedia_online_id`, `coordinates_of_southernmost_point`, `new_york_times_topic_id`, `gnd_id`, `category_of_associated_people`, `emergency_phone_number`, `electrical_plug_type`, `licence_plate_code`, `hashtag`, `babelnet_id`, `office_held_by_head_of_government`, `curlie_id`, `native_label`, `musicbrainz_area_id`, `public_holiday`, `uic_alphabetical_country_code`, `comic_vine_id`, `insee_countries_and_foreign_territories_code`, `vat_rate`, `diplomatic_relation`, `flag_image`, `commons_gallery`, `viaf_id`, `history_of_topic`, `capital`, `subreddit`, `openstreetmap_relation_id`, `mobile_country_code`, `maritime_identification_digits`, `nkcr_aut_id`, `asc_leiden_thesaurus_id`, `marriageable_age`, `category_of_people_buried_here`, `geoshape`, `coordinates_of_easternmost_point`, `le_monde_diplomatique_subject_id`, `marine_regions_geographic_id`, `member_of`, `unemployment_rate`, `railway_traffic_side`, `located_in_time_zone`, `category_for_people_who_died_here`, `yso_id`, `office_held_by_head_of_state`, `commons_category`, `shares_border_with`, `us_national_archives_identifier`, `nalt_id`, `treccani_id`, `iso_3166_1_numeric_code`, `coordinates_of_westernmost_point`, `country_calling_code`, `stw_thesaurus_for_economics_id`, `statoids_id`, `flag`, `fips_10_4_countries_and_regions`, `dagens_nyheter_topic_id`, `isni`, `nese_id`, `population`, `getty_thesaurus_of_geographic_names_id`, `topics_main_wikimedia_portal`, `wikimedia_outline`, `ndl_authority_id`, `currency`, `geonames_id`, `unicode_character`, `unesco_thesaurus_id`, `geography_of_topic`, `iso_3166_1_alpha_3_code`, `official_name`, `quora_topic_id`, `mesh_descriptor_id`, `guardian_topic_id`, `basic_form_of_government`, `coat_of_arms_image`, `ituisoiec_object_identifier`, `legislative_body`, `trunk_prefix`, `nuts_code`, `freebase_id`, `official_language`, `replaces`, `continent`, `coat_of_arms`, `age_of_majority`, `national_library_of_israel_id_old`, `on_focus_list_of_wikimedia_project`, `wipo_st3`, `coordinates_of_northernmost_point`, `has_quality`, `iso_3166_1_alpha_2_code`, `total_fertility_rate`, `area`, `store_norske_leksikon_id`, `different_from`, `topics_main_category`, `bibliothèque_nationale_de_france_id`, `locator_map_image`, `bbc_things_id`, `head_of_government`, `ioc_country_code`, `fast_id`, `gacs_id`, `archinform_location_id`, `encyclopædia_britannica_online_id`, `page_banner`, `category_for_films_shot_at_this_location`, `mains_voltage`, `executive_body`, `anthem`, `highest_judicial_authority`, `life_expectancy`, `top_level_internet_domain`, `instance_of`, `highest_point`, `category_for_people_born_here`, `driving_side`, `uic_numerical_country_code`, `lowest_point`, `civicus_monitor_country_entry`, `pronunciation_audio`, `idref_id`, `contains_the_administrative_territorial_entity`, `itu_letter_code`, `library_of_congress_authority_id`, `median_income`, `coordinate_location`, `described_by_source`, `brockhaus_enzyklopädie_online_id`, `iab_code`, `klexikon_article_id`, `loc_and_marc_vocabularies_id`, `language_used`, `dr_topic_id`, `world_encyclopedia_of_puppetry_arts_id`, `gran_enciclopèdia_catalana_id`, `whos_on_first_id`, `participant_in`, `inaturalist_place_id`, `omegawiki_defined_meaning`, `hds_id`, `gs1_country_code`, `culture`, `geonlp_id`, `analysis_policy_observatory_term_id`, `category_for_maps`, `treccanis_dizionario_di_storia_id`, `french_vikidia_id`, `english_vikidia_id`, `spanish_vikidia_id`, `italian_vikidia_id`, `larousse_id`, `worldcat_identities_id`, `fandom_article_id`, `eurovoc_id`, `tdv_islam_ansiklopedisi_id`, `part_of`, `open_data_portal`, `kbpedia_id`, `inception`, `rkd_thesaurus_id`, `pm20_geo_code`, `interlingual_index_id`, `jewish_encyclopedia_id_russian`, `economy_of_topic`, `uk_parliament_thesaurus_id`, `edition_humboldt_digital_id`, `tasteatlas_id`, `sapa_id`, `bhcl_uuid`, `github_topic`, `namuwiki_id`, `wordnet_31_synset_id`, `demographics_of_topic`, `ávvir_topic_id`, `ysa_id`, `yle_topic_id`, `bbc_news_topic_id`, `joconde_location_id`, `topics_main_template`, `armeniapedia_id`, `zhihu_topic_id`, `idaigazetteer_id`, `den_store_danske_id`, `krugosvet_article`, `schoenberg_database_of_manuscripts_place_id`, `colon_classification`, `national_library_of_israel_j9u_id`, `democracy_index`, `online_pwn_encyclopedia_id`, `postimees_topic_id`, `head_of_state`, `der_spiegel_topic_id`, `gyldendals_teaterleksikon_id`, `museum_digital_place_id`, `wikisimpsons_id`, `urban_electric_transit_country_id`, `m49_code`, `short_name`, `demonym`, `süddeutsche_zeitung_topic_id`, `country`, `official_website`, `alltrails_trail_id`, `human_development_index`, `national_historical_museums_of_sweden_id`, `eu_knowledge_graph_item_id`, `central_bank`, `gini_coefficient`, `obo_gazetteer_id`, `openstreetmap_element`, `happy_planet_index_score`, `the_top_tens_id`, `grove_art_online_id`, `the_world_factbook_country_id`, `number_of_out_of_school_children`, `giant_bomb_id`, `dewey_decimal_classification`) VALUES ('Ukraine', 'country in Eastern Europe', '4217406', '44.386416666667', 'destination/ukraine', '4061496-7', 'Category:Ukrainian people', '112', 'Europlug', 'UA', 'україна', '00078872n', 'Prime Minister of Ukraine', 'Regional/Europe/Ukraine/', 'Україна', '904768d0-61ca-3c40-93ac-93adc36fef4b', 'Independence Day of Ukraine', 'UA', '4020-56166', '99155.0', 20.0, 'Canada', 'Flag of Ukraine.svg', 'Україна', '134334037', 'History of Ukraine', 'Kyiv', 'ukraine', '60199', '255', '272.0', 'ge131211', 'nan', 18.0, 'Category:Burials in Ukraine', 'Data:Ukraine.map', '49.260277777778', 'pays/ukraine', '2196.0', 'Council of Europe', 8.0, 'right', 'UTC+02:00', 'Category:Deaths in Ukraine', '107664', 'President of Ukraine', 'Ukraine', 'European Union', '10045282.0', '38637.0', 'ucraina', '804', '48.419166666667', '380', '17485-0', 'uua', 'flag of Ukraine', 'UP', 'ukraina', '0000 0001 2358 7973', 'ukraina', 41588354.0, '7006660', 'Portal:Ukraine', 'outline of Ukraine', '573982', 'hryvnia', '690791', '🇺🇦', 'concept926', 'geography of Ukraine', 'UKR', 'Україна', 'Ukraine', 'D014455', 'world/ukraine', 'semi-presidential system', 'Lesser Coat of Arms of Ukraine.svg', '2.16.804', 'Verkhovna Rada', '0.0', 'nan', '/m/07t21', 'Ukrainian', 'Ukrainian Soviet Socialist Republic', 'Europe', 'coat of arms of Ukraine', 18.0, '983173.0', 'Wikipedia:List of articles all languages should have', 'UA', '52.379528888889', 'partly free country', 'UA', 1.497999999999999999, 603550.0, 'Ukraina', 'Ukraine', 'Category:Ukraine', '11865672n', 'Europe-Ukraine (disputed territory).svg', 'ee8750ed-a7fb-453f-bfca-2aa8b3fb064c', 'Denys Shmyhal', 'UKR', '1211738', '622', '3055', 'place/Ukraine', 'Chernivtsi-banner.jpg', 'Category:Films shot in Ukraine', 230.0, 'Cabinet of Ministers of Ukraine', 'Shche ne Vmerla Ukrainy i Slava, i volia', 'Supreme Court of Ukraine', 71.47633999999999332, '.ua', 'sovereign state', 'Hoverla', 'Category:Births in Ukraine', 'right', '22.0', 'Kuyalnik Estuary', 'ukraine', 'Fr-l''Ukraine-fr Be.ogg', '02640267X', 'Kyiv', 'UKR', 'n81017756', 9218.0, '49.0', 'Brockhaus and Efron Encyclopedic Dictionary', 'ukraine', '1467', 'Ukraine', 'countries/un', 'Russian', 'ukraine', 'ukraine', '68156', '85633805', '2022 Russian invasion of Ukraine', '8860', '8331', '25007', '482', 'Ukrainian culture', 'h9S4H5', '3007', 'Category:Maps of Ukraine', 'ucraina', 'Ukraine', 'Ukraine', 'Ucrania', 'Ucraina', 'pays/Ukraine/147832', 'lccn-n81017756', 'ukraine:Ukraine', '5946', 'ukrayna', 'Eastern Europe', 'data.gov.ua', 'Ukraine', '+1991-08-24T00:00:00Z', 'nan', 'A54', 'i84044', '14209', 'economy of Ukraine', '13438', 'H0009637', 'ukraine', 'p/4d375393-126c-44d3-8078-1dd92b4c2fb5', '973d6c80-d1e5-4830-a9cf-2529a3cddd3a', 'ukraine', '우크라이나', '09037349-n', 'demographics of Ukraine', 'ukraina', 'Y107664', '18-185076', 'cx1m7zg0gzdt', 'T84-3585', 'Template:Ukraine topics', '4103.0', '19642259.0', '2069309', 'Ukraine', 'strany_mira/UKRAINA.html', '4073', 'SG--587', '987007548162505171', 5.80999999999999961, '4169170.0', '8497', 'Volodymyr Zelenskyy', 'ukraine', 'nan', '939.0', '43280', '3', 'nan', '🇺🇦', 'українці', 'Ukraine', 'Ukraine', 'https://ukraine.ua', 'ukraine', 0.7730000000000000204, 'geo/00FF2E4F-C147-45FA-9014-EAEB7F789A58', 'Q313', 'National Bank of Ukraine', 25.60000000000000142, '2724.0', 'node/1648342273', 40.89999999999999858, '130.0', 'T086947', 'ukraine', 117710.0, '3035-2881', '2--477')
Traceback (most recent call last):
  File "/home/lkruger/bachelorthesis/bachelorthesis/evaluation.py", line 134, in run_experiment
    insert_query_handler.handle_insert_query(query)
  File "/home/lkruger/bachelorthesis/bachelorthesis/system/insert_query_handler.py", line 27, in handle_insert_query
    query_data.table = self.strategy.predict_table_name(query_data)
  File "/home/lkruger/bachelorthesis/bachelorthesis/system/strategies/llama2/llama2_model.py", line 103, in predict_table_name
    self.run_prompt(
  File "/home/lkruger/bachelorthesis/bachelorthesis/system/strategies/llama2/llama2_model.py", line 87, in run_prompt
    return self.pipe(prompt_text)[0]["generated_text"]
  File "/home/lkruger/bachelorthesis/bachelorthesis/fine_tuning/venv/lib/python3.9/site-packages/transformers/pipelines/text_generation.py", line 240, in __call__
    return super().__call__(text_inputs, **kwargs)
  File "/home/lkruger/bachelorthesis/bachelorthesis/fine_tuning/venv/lib/python3.9/site-packages/transformers/pipelines/base.py", line 1242, in __call__
    return self.run_single(inputs, preprocess_params, forward_params, postprocess_params)
  File "/home/lkruger/bachelorthesis/bachelorthesis/fine_tuning/venv/lib/python3.9/site-packages/transformers/pipelines/base.py", line 1249, in run_single
    model_outputs = self.forward(model_inputs, **forward_params)
  File "/home/lkruger/bachelorthesis/bachelorthesis/fine_tuning/venv/lib/python3.9/site-packages/transformers/pipelines/base.py", line 1149, in forward
    model_outputs = self._forward(model_inputs, **forward_params)
  File "/home/lkruger/bachelorthesis/bachelorthesis/fine_tuning/venv/lib/python3.9/site-packages/transformers/pipelines/text_generation.py", line 327, in _forward
    generated_sequence = self.model.generate(input_ids=input_ids, attention_mask=attention_mask, **generate_kwargs)
  File "/home/lkruger/bachelorthesis/bachelorthesis/fine_tuning/venv/lib/python3.9/site-packages/torch/utils/_contextlib.py", line 115, in decorate_context
    return func(*args, **kwargs)
  File "/home/lkruger/bachelorthesis/bachelorthesis/fine_tuning/venv/lib/python3.9/site-packages/transformers/generation/utils.py", line 1622, in generate
    result = self._sample(
  File "/home/lkruger/bachelorthesis/bachelorthesis/fine_tuning/venv/lib/python3.9/site-packages/transformers/generation/utils.py", line 2791, in _sample
    outputs = self(
  File "/home/lkruger/bachelorthesis/bachelorthesis/fine_tuning/venv/lib/python3.9/site-packages/torch/nn/modules/module.py", line 1511, in _wrapped_call_impl
    return self._call_impl(*args, **kwargs)
  File "/home/lkruger/bachelorthesis/bachelorthesis/fine_tuning/venv/lib/python3.9/site-packages/torch/nn/modules/module.py", line 1520, in _call_impl
    return forward_call(*args, **kwargs)
  File "/home/lkruger/bachelorthesis/bachelorthesis/fine_tuning/venv/lib/python3.9/site-packages/accelerate/hooks.py", line 166, in new_forward
    output = module._old_forward(*args, **kwargs)
  File "/home/lkruger/bachelorthesis/bachelorthesis/fine_tuning/venv/lib/python3.9/site-packages/transformers/models/llama/modeling_llama.py", line 1208, in forward
    outputs = self.model(
  File "/home/lkruger/bachelorthesis/bachelorthesis/fine_tuning/venv/lib/python3.9/site-packages/torch/nn/modules/module.py", line 1511, in _wrapped_call_impl
    return self._call_impl(*args, **kwargs)
  File "/home/lkruger/bachelorthesis/bachelorthesis/fine_tuning/venv/lib/python3.9/site-packages/torch/nn/modules/module.py", line 1520, in _call_impl
    return forward_call(*args, **kwargs)
  File "/home/lkruger/bachelorthesis/bachelorthesis/fine_tuning/venv/lib/python3.9/site-packages/transformers/models/llama/modeling_llama.py", line 1018, in forward
    layer_outputs = decoder_layer(
  File "/home/lkruger/bachelorthesis/bachelorthesis/fine_tuning/venv/lib/python3.9/site-packages/torch/nn/modules/module.py", line 1511, in _wrapped_call_impl
    return self._call_impl(*args, **kwargs)
  File "/home/lkruger/bachelorthesis/bachelorthesis/fine_tuning/venv/lib/python3.9/site-packages/torch/nn/modules/module.py", line 1520, in _call_impl
    return forward_call(*args, **kwargs)
  File "/home/lkruger/bachelorthesis/bachelorthesis/fine_tuning/venv/lib/python3.9/site-packages/accelerate/hooks.py", line 166, in new_forward
    output = module._old_forward(*args, **kwargs)
  File "/home/lkruger/bachelorthesis/bachelorthesis/fine_tuning/venv/lib/python3.9/site-packages/transformers/models/llama/modeling_llama.py", line 756, in forward
    hidden_states = self.mlp(hidden_states)
  File "/home/lkruger/bachelorthesis/bachelorthesis/fine_tuning/venv/lib/python3.9/site-packages/torch/nn/modules/module.py", line 1511, in _wrapped_call_impl
    return self._call_impl(*args, **kwargs)
  File "/home/lkruger/bachelorthesis/bachelorthesis/fine_tuning/venv/lib/python3.9/site-packages/torch/nn/modules/module.py", line 1520, in _call_impl
    return forward_call(*args, **kwargs)
  File "/home/lkruger/bachelorthesis/bachelorthesis/fine_tuning/venv/lib/python3.9/site-packages/accelerate/hooks.py", line 166, in new_forward
    output = module._old_forward(*args, **kwargs)
  File "/home/lkruger/bachelorthesis/bachelorthesis/fine_tuning/venv/lib/python3.9/site-packages/transformers/models/llama/modeling_llama.py", line 240, in forward
    down_proj = self.down_proj(self.act_fn(self.gate_proj(x)) * self.up_proj(x))
torch.cuda.OutOfMemoryError: CUDA out of memory. Tried to allocate 162.00 MiB. GPU 0 has a total capacity of 15.77 GiB of which 135.88 MiB is free. Including non-PyTorch memory, this process has 15.64 GiB memory in use. Of the allocated memory 14.11 GiB is allocated by PyTorch, and 641.86 MiB is reserved by PyTorch but unallocated. If reserved but unallocated memory is large try setting PYTORCH_CUDA_ALLOC_CONF=expandable_segments:True to avoid fragmentation.  See documentation for Memory Management  (https://pytorch.org/docs/stable/notes/cuda.html#environment-variables)


Error while executing query: INSERT INTO (`label`, `description`, `great_russian_encyclopedia_online_id`, `coordinates_of_southernmost_point`, `new_york_times_topic_id`, `gnd_id`, `category_of_associated_people`, `emergency_phone_number`, `electrical_plug_type`, `licence_plate_code`, `hashtag`, `babelnet_id`, `office_held_by_head_of_government`, `curlie_id`, `native_label`, `musicbrainz_area_id`, `public_holiday`, `uic_alphabetical_country_code`, `comic_vine_id`, `insee_countries_and_foreign_territories_code`, `vat_rate`, `diplomatic_relation`, `flag_image`, `commons_gallery`, `viaf_id`, `history_of_topic`, `capital`, `subreddit`, `openstreetmap_relation_id`, `mobile_country_code`, `maritime_identification_digits`, `nkcr_aut_id`, `asc_leiden_thesaurus_id`, `marriageable_age`, `category_of_people_buried_here`, `geoshape`, `coordinates_of_easternmost_point`, `le_monde_diplomatique_subject_id`, `marine_regions_geographic_id`, `member_of`, `unemployment_rate`, `railway_traffic_side`, `located_in_time_zone`, `category_for_people_who_died_here`, `yso_id`, `office_held_by_head_of_state`, `commons_category`, `shares_border_with`, `us_national_archives_identifier`, `nalt_id`, `treccani_id`, `iso_3166_1_numeric_code`, `coordinates_of_westernmost_point`, `country_calling_code`, `stw_thesaurus_for_economics_id`, `statoids_id`, `flag`, `fips_10_4_countries_and_regions`, `dagens_nyheter_topic_id`, `isni`, `nese_id`, `population`, `getty_thesaurus_of_geographic_names_id`, `topics_main_wikimedia_portal`, `wikimedia_outline`, `ndl_authority_id`, `currency`, `geonames_id`, `unicode_character`, `unesco_thesaurus_id`, `geography_of_topic`, `iso_3166_1_alpha_3_code`, `official_name`, `quora_topic_id`, `mesh_descriptor_id`, `guardian_topic_id`, `basic_form_of_government`, `coat_of_arms_image`, `ituisoiec_object_identifier`, `legislative_body`, `trunk_prefix`, `nuts_code`, `freebase_id`, `official_language`, `replaces`, `continent`, `coat_of_arms`, `age_of_majority`, `national_library_of_israel_id_old`, `on_focus_list_of_wikimedia_project`, `wipo_st3`, `coordinates_of_northernmost_point`, `has_quality`, `iso_3166_1_alpha_2_code`, `total_fertility_rate`, `area`, `store_norske_leksikon_id`, `different_from`, `topics_main_category`, `bibliothèque_nationale_de_france_id`, `locator_map_image`, `bbc_things_id`, `head_of_government`, `ioc_country_code`, `fast_id`, `gacs_id`, `archinform_location_id`, `encyclopædia_britannica_online_id`, `page_banner`, `category_for_films_shot_at_this_location`, `mains_voltage`, `executive_body`, `anthem`, `highest_judicial_authority`, `life_expectancy`, `top_level_internet_domain`, `instance_of`, `highest_point`, `category_for_people_born_here`, `driving_side`, `uic_numerical_country_code`, `lowest_point`, `civicus_monitor_country_entry`, `pronunciation_audio`, `idref_id`, `contains_the_administrative_territorial_entity`, `itu_letter_code`, `library_of_congress_authority_id`, `median_income`, `coordinate_location`, `described_by_source`, `brockhaus_enzyklopädie_online_id`, `iab_code`, `klexikon_article_id`, `loc_and_marc_vocabularies_id`, `language_used`, `dr_topic_id`, `world_encyclopedia_of_puppetry_arts_id`, `gran_enciclopèdia_catalana_id`, `whos_on_first_id`, `participant_in`, `inaturalist_place_id`, `omegawiki_defined_meaning`, `hds_id`, `gs1_country_code`, `culture`, `geonlp_id`, `analysis_policy_observatory_term_id`, `category_for_maps`, `treccanis_dizionario_di_storia_id`, `french_vikidia_id`, `english_vikidia_id`, `spanish_vikidia_id`, `italian_vikidia_id`, `larousse_id`, `worldcat_identities_id`, `fandom_article_id`, `eurovoc_id`, `tdv_islam_ansiklopedisi_id`, `part_of`, `open_data_portal`, `kbpedia_id`, `inception`, `rkd_thesaurus_id`, `pm20_geo_code`, `interlingual_index_id`, `jewish_encyclopedia_id_russian`, `economy_of_topic`, `uk_parliament_thesaurus_id`, `edition_humboldt_digital_id`, `tasteatlas_id`, `sapa_id`, `bhcl_uuid`, `github_topic`, `namuwiki_id`, `wordnet_31_synset_id`, `demographics_of_topic`, `ávvir_topic_id`, `ysa_id`, `yle_topic_id`, `bbc_news_topic_id`, `joconde_location_id`, `topics_main_template`, `armeniapedia_id`, `zhihu_topic_id`, `idaigazetteer_id`, `den_store_danske_id`, `krugosvet_article`, `schoenberg_database_of_manuscripts_place_id`, `colon_classification`, `national_library_of_israel_j9u_id`, `democracy_index`, `online_pwn_encyclopedia_id`, `postimees_topic_id`, `head_of_state`, `der_spiegel_topic_id`, `gyldendals_teaterleksikon_id`, `museum_digital_place_id`, `wikisimpsons_id`, `urban_electric_transit_country_id`, `m49_code`, `short_name`, `demonym`, `süddeutsche_zeitung_topic_id`, `country`, `official_website`, `alltrails_trail_id`, `human_development_index`, `national_historical_museums_of_sweden_id`, `eu_knowledge_graph_item_id`, `central_bank`, `gini_coefficient`, `obo_gazetteer_id`, `openstreetmap_element`, `happy_planet_index_score`, `the_top_tens_id`, `grove_art_online_id`, `the_world_factbook_country_id`, `number_of_out_of_school_children`, `giant_bomb_id`, `dewey_decimal_classification`) VALUES ('Belgium', 'country in western Europe', '4075290', '49.49699', 'destination/belgium', '4005406-8', 'Category:Belgian people', '112', 'Europlug', 'B', 'Belgium', '00009714n', 'Prime Minister of Belgium', 'Regional/Europe/Belgium/', 'Koninkrijk België', '5b8a5ee5-0bb3-34cf-9a75-c27c44e341fc', 'New Year''s Day', 'B', '4020-55916', '99131.0', 21.0, 'Luxembourg', 'Flag of Belgium (civil).svg', 'België / Belgique / Belgien', '144248059', 'history of Belgium', 'Brussels', 'belgium', '52411', '206', '205.0', 'ge128735', '294901094.0', 18.0, 'Category:Burials in Belgium', 'Data:Belgium.map', '50.3358193', 'pays/belgique', '14.0', 'European Union', 5.549999999999999823, 'left', 'UTC+01:00', 'Category:Deaths in Belgium', '105206', 'King of the Belgians', 'Belgium', 'Kingdom of the Netherlands', '10035761.0', '10580.0', 'belgio', '56', '51.08944972391368', '32', '17201-5', 'ube', 'flag of Belgium', 'BE', 'belgien', '0000 0001 2353 6287', 'belgien', 11584008.0, '1000063', 'Portal:Belgium', 'outline of Belgium', '560624', 'euro', '2802361', '🇧🇪', 'concept893', 'geography of Belgium', 'BEL', 'Royaume de Belgique', 'Belgium', 'D001530', 'world/belgium', 'constitutional monarchy', 'State Coat of Arms of Belgium.svg', '2.16.56', 'Belgian Federal Parliament', '0.0', 'BE', '/m/0154j', 'Dutch', 'United Kingdom of the Netherlands', 'Europe', 'coat of arms of Belgium', 18.0, '981380.0', 'WikiProject Zika Corpus', 'BE', '51.50508', 'free country', 'BE', 1.75, 30688.0, 'Belgia', 'Belgium', 'Category:Belgium', '15238382r', 'EU-Belgium.svg', 'e68c5b82-50e8-47d8-953c-bf61a2de0a85', 'Alexander De Croo', 'BEL', '1210278', '766', '2969', 'place/Belgium', 'Belgium Banner.jpg', 'Category:Films shot in Belgium', 230.0, 'Federal Government of Belgium', 'The Brabançonne', 'Constitutional Court of Belgium', 80.79000000000000626, '.be', 'sovereign state', 'Signal de Botrange', 'Category:Births in Belgium', 'right', '88.0', 'De Moeren', 'belgium', 'Lb-Belsch.ogg', '026360608', 'Flemish Region', 'BEL', 'n80126041', 31112.0, '50.641111111111', 'Catholic Encyclopedia', 'belgien', '1249', 'Belgien', 'countries/be', 'West Flemish', 'belgien', 'belgium', '8719', '85632997', 'Battle of the Lys', '7008', '5689', '3349', '540-549', 'culture of Belgium', 'wxtrbw', '6826', 'Category:Maps of Belgium', 'belgio', 'Belgique', 'Belgium', 'Bélgica', 'Belgio', 'pays/wd/108227', 'lccn-n80126041', 'nan', '4839', 'belcika', 'Allies of the First World War', 'data.gov.be', 'Belgium', '+1830-10-04T00:00:00Z', '3995.0', 'A21', 'i83329', '10489', 'economy of Belgium', '8617', 'H0005189', 'belgium', 'p/b4bc3740-2d3e-4ce2-875c-a2f6eb090a45', 'ffd382be-2f2b-4c19-ae5a-6ba50f65aec5', 'belgium', '벨기에', '08868745-n', 'demographics of Belgium', 'belgia', 'Y105206', '18-193836', 'cz4pr2gdgrdt', 'T84-674', 'Template:Subdivisions of Belgium', '2405.0', '19627981.0', '2075743', 'Belgien', 'strany_mira/BELGIYA.html', '1062', 'SG--5961', '987007559777605171', 7.509999999999999787, '4169005.0', '149', 'Philippe I of Belgium', 'belgien', 'Belgien', '1292.0', '48360', '37', '56.0', '🇧🇪', 'Belg', 'Belgien', 'Belgium', 'https://www.belgium.be/', 'belgium', 0.937000000000000055, 'geo/60FCC1CF-7151-4EFB-A99A-E23A77B27C7E', 'Q8', 'National Bank of Belgium', 27.19999999999999929, '2938.0', 'node/1684793666', 42.5, '124.0', 'T007414', 'belgium', 8330.0, '3035-254', '2--493')
Traceback (most recent call last):
  File "/home/lkruger/bachelorthesis/bachelorthesis/evaluation.py", line 134, in run_experiment
    insert_query_handler.handle_insert_query(query)
  File "/home/lkruger/bachelorthesis/bachelorthesis/system/insert_query_handler.py", line 27, in handle_insert_query
    query_data.table = self.strategy.predict_table_name(query_data)
  File "/home/lkruger/bachelorthesis/bachelorthesis/system/strategies/llama2/llama2_model.py", line 103, in predict_table_name
    self.run_prompt(
  File "/home/lkruger/bachelorthesis/bachelorthesis/system/strategies/llama2/llama2_model.py", line 87, in run_prompt
    return self.pipe(prompt_text)[0]["generated_text"]
  File "/home/lkruger/bachelorthesis/bachelorthesis/fine_tuning/venv/lib/python3.9/site-packages/transformers/pipelines/text_generation.py", line 240, in __call__
    return super().__call__(text_inputs, **kwargs)
  File "/home/lkruger/bachelorthesis/bachelorthesis/fine_tuning/venv/lib/python3.9/site-packages/transformers/pipelines/base.py", line 1242, in __call__
    return self.run_single(inputs, preprocess_params, forward_params, postprocess_params)
  File "/home/lkruger/bachelorthesis/bachelorthesis/fine_tuning/venv/lib/python3.9/site-packages/transformers/pipelines/base.py", line 1249, in run_single
    model_outputs = self.forward(model_inputs, **forward_params)
  File "/home/lkruger/bachelorthesis/bachelorthesis/fine_tuning/venv/lib/python3.9/site-packages/transformers/pipelines/base.py", line 1149, in forward
    model_outputs = self._forward(model_inputs, **forward_params)
  File "/home/lkruger/bachelorthesis/bachelorthesis/fine_tuning/venv/lib/python3.9/site-packages/transformers/pipelines/text_generation.py", line 327, in _forward
    generated_sequence = self.model.generate(input_ids=input_ids, attention_mask=attention_mask, **generate_kwargs)
  File "/home/lkruger/bachelorthesis/bachelorthesis/fine_tuning/venv/lib/python3.9/site-packages/torch/utils/_contextlib.py", line 115, in decorate_context
    return func(*args, **kwargs)
  File "/home/lkruger/bachelorthesis/bachelorthesis/fine_tuning/venv/lib/python3.9/site-packages/transformers/generation/utils.py", line 1622, in generate
    result = self._sample(
  File "/home/lkruger/bachelorthesis/bachelorthesis/fine_tuning/venv/lib/python3.9/site-packages/transformers/generation/utils.py", line 2791, in _sample
    outputs = self(
  File "/home/lkruger/bachelorthesis/bachelorthesis/fine_tuning/venv/lib/python3.9/site-packages/torch/nn/modules/module.py", line 1511, in _wrapped_call_impl
    return self._call_impl(*args, **kwargs)
  File "/home/lkruger/bachelorthesis/bachelorthesis/fine_tuning/venv/lib/python3.9/site-packages/torch/nn/modules/module.py", line 1520, in _call_impl
    return forward_call(*args, **kwargs)
  File "/home/lkruger/bachelorthesis/bachelorthesis/fine_tuning/venv/lib/python3.9/site-packages/accelerate/hooks.py", line 166, in new_forward
    output = module._old_forward(*args, **kwargs)
  File "/home/lkruger/bachelorthesis/bachelorthesis/fine_tuning/venv/lib/python3.9/site-packages/transformers/models/llama/modeling_llama.py", line 1208, in forward
    outputs = self.model(
  File "/home/lkruger/bachelorthesis/bachelorthesis/fine_tuning/venv/lib/python3.9/site-packages/torch/nn/modules/module.py", line 1511, in _wrapped_call_impl
    return self._call_impl(*args, **kwargs)
  File "/home/lkruger/bachelorthesis/bachelorthesis/fine_tuning/venv/lib/python3.9/site-packages/torch/nn/modules/module.py", line 1520, in _call_impl
    return forward_call(*args, **kwargs)
  File "/home/lkruger/bachelorthesis/bachelorthesis/fine_tuning/venv/lib/python3.9/site-packages/transformers/models/llama/modeling_llama.py", line 1018, in forward
    layer_outputs = decoder_layer(
  File "/home/lkruger/bachelorthesis/bachelorthesis/fine_tuning/venv/lib/python3.9/site-packages/torch/nn/modules/module.py", line 1511, in _wrapped_call_impl
    return self._call_impl(*args, **kwargs)
  File "/home/lkruger/bachelorthesis/bachelorthesis/fine_tuning/venv/lib/python3.9/site-packages/torch/nn/modules/module.py", line 1520, in _call_impl
    return forward_call(*args, **kwargs)
  File "/home/lkruger/bachelorthesis/bachelorthesis/fine_tuning/venv/lib/python3.9/site-packages/accelerate/hooks.py", line 166, in new_forward
    output = module._old_forward(*args, **kwargs)
  File "/home/lkruger/bachelorthesis/bachelorthesis/fine_tuning/venv/lib/python3.9/site-packages/transformers/models/llama/modeling_llama.py", line 756, in forward
    hidden_states = self.mlp(hidden_states)
  File "/home/lkruger/bachelorthesis/bachelorthesis/fine_tuning/venv/lib/python3.9/site-packages/torch/nn/modules/module.py", line 1511, in _wrapped_call_impl
    return self._call_impl(*args, **kwargs)
  File "/home/lkruger/bachelorthesis/bachelorthesis/fine_tuning/venv/lib/python3.9/site-packages/torch/nn/modules/module.py", line 1520, in _call_impl
    return forward_call(*args, **kwargs)
  File "/home/lkruger/bachelorthesis/bachelorthesis/fine_tuning/venv/lib/python3.9/site-packages/accelerate/hooks.py", line 166, in new_forward
    output = module._old_forward(*args, **kwargs)
  File "/home/lkruger/bachelorthesis/bachelorthesis/fine_tuning/venv/lib/python3.9/site-packages/transformers/models/llama/modeling_llama.py", line 240, in forward
    down_proj = self.down_proj(self.act_fn(self.gate_proj(x)) * self.up_proj(x))
torch.cuda.OutOfMemoryError: CUDA out of memory. Tried to allocate 162.00 MiB. GPU 0 has a total capacity of 15.77 GiB of which 135.88 MiB is free. Including non-PyTorch memory, this process has 15.64 GiB memory in use. Of the allocated memory 14.10 GiB is allocated by PyTorch, and 650.19 MiB is reserved by PyTorch but unallocated. If reserved but unallocated memory is large try setting PYTORCH_CUDA_ALLOC_CONF=expandable_segments:True to avoid fragmentation.  See documentation for Memory Management  (https://pytorch.org/docs/stable/notes/cuda.html#environment-variables)


Error while executing query: INSERT INTO (`label`, `description`, `great_russian_encyclopedia_online_id`, `coordinates_of_southernmost_point`, `new_york_times_topic_id`, `gnd_id`, `category_of_associated_people`, `emergency_phone_number`, `electrical_plug_type`, `licence_plate_code`, `hashtag`, `babelnet_id`, `office_held_by_head_of_government`, `curlie_id`, `native_label`, `musicbrainz_area_id`, `public_holiday`, `uic_alphabetical_country_code`, `comic_vine_id`, `insee_countries_and_foreign_territories_code`, `vat_rate`, `diplomatic_relation`, `flag_image`, `commons_gallery`, `viaf_id`, `history_of_topic`, `capital`, `subreddit`, `openstreetmap_relation_id`, `mobile_country_code`, `maritime_identification_digits`, `nkcr_aut_id`, `asc_leiden_thesaurus_id`, `marriageable_age`, `category_of_people_buried_here`, `geoshape`, `coordinates_of_easternmost_point`, `le_monde_diplomatique_subject_id`, `marine_regions_geographic_id`, `member_of`, `unemployment_rate`, `railway_traffic_side`, `located_in_time_zone`, `category_for_people_who_died_here`, `yso_id`, `office_held_by_head_of_state`, `commons_category`, `shares_border_with`, `us_national_archives_identifier`, `nalt_id`, `treccani_id`, `iso_3166_1_numeric_code`, `coordinates_of_westernmost_point`, `country_calling_code`, `stw_thesaurus_for_economics_id`, `statoids_id`, `flag`, `fips_10_4_countries_and_regions`, `dagens_nyheter_topic_id`, `isni`, `nese_id`, `population`, `getty_thesaurus_of_geographic_names_id`, `topics_main_wikimedia_portal`, `wikimedia_outline`, `ndl_authority_id`, `currency`, `geonames_id`, `unicode_character`, `unesco_thesaurus_id`, `geography_of_topic`, `iso_3166_1_alpha_3_code`, `official_name`, `quora_topic_id`, `mesh_descriptor_id`, `guardian_topic_id`, `basic_form_of_government`, `coat_of_arms_image`, `ituisoiec_object_identifier`, `legislative_body`, `trunk_prefix`, `nuts_code`, `freebase_id`, `official_language`, `replaces`, `continent`, `coat_of_arms`, `age_of_majority`, `national_library_of_israel_id_old`, `on_focus_list_of_wikimedia_project`, `wipo_st3`, `coordinates_of_northernmost_point`, `has_quality`, `iso_3166_1_alpha_2_code`, `total_fertility_rate`, `area`, `store_norske_leksikon_id`, `different_from`, `topics_main_category`, `bibliothèque_nationale_de_france_id`, `locator_map_image`, `bbc_things_id`, `head_of_government`, `ioc_country_code`, `fast_id`, `gacs_id`, `archinform_location_id`, `encyclopædia_britannica_online_id`, `page_banner`, `category_for_films_shot_at_this_location`, `mains_voltage`, `executive_body`, `anthem`, `highest_judicial_authority`, `life_expectancy`, `top_level_internet_domain`, `instance_of`, `highest_point`, `category_for_people_born_here`, `driving_side`, `uic_numerical_country_code`, `lowest_point`, `civicus_monitor_country_entry`, `pronunciation_audio`, `idref_id`, `contains_the_administrative_territorial_entity`, `itu_letter_code`, `library_of_congress_authority_id`, `median_income`, `coordinate_location`, `described_by_source`, `brockhaus_enzyklopädie_online_id`, `iab_code`, `klexikon_article_id`, `loc_and_marc_vocabularies_id`, `language_used`, `dr_topic_id`, `world_encyclopedia_of_puppetry_arts_id`, `gran_enciclopèdia_catalana_id`, `whos_on_first_id`, `participant_in`, `inaturalist_place_id`, `omegawiki_defined_meaning`, `hds_id`, `gs1_country_code`, `culture`, `geonlp_id`, `analysis_policy_observatory_term_id`, `category_for_maps`, `treccanis_dizionario_di_storia_id`, `french_vikidia_id`, `english_vikidia_id`, `spanish_vikidia_id`, `italian_vikidia_id`, `larousse_id`, `worldcat_identities_id`, `fandom_article_id`, `eurovoc_id`, `tdv_islam_ansiklopedisi_id`, `part_of`, `open_data_portal`, `kbpedia_id`, `inception`, `rkd_thesaurus_id`, `pm20_geo_code`, `interlingual_index_id`, `jewish_encyclopedia_id_russian`, `economy_of_topic`, `uk_parliament_thesaurus_id`, `edition_humboldt_digital_id`, `tasteatlas_id`, `sapa_id`, `bhcl_uuid`, `github_topic`, `namuwiki_id`, `wordnet_31_synset_id`, `demographics_of_topic`, `ávvir_topic_id`, `ysa_id`, `yle_topic_id`, `bbc_news_topic_id`, `joconde_location_id`, `topics_main_template`, `armeniapedia_id`, `zhihu_topic_id`, `idaigazetteer_id`, `den_store_danske_id`, `krugosvet_article`, `schoenberg_database_of_manuscripts_place_id`, `colon_classification`, `national_library_of_israel_j9u_id`, `democracy_index`, `online_pwn_encyclopedia_id`, `postimees_topic_id`, `head_of_state`, `der_spiegel_topic_id`, `gyldendals_teaterleksikon_id`, `museum_digital_place_id`, `wikisimpsons_id`, `urban_electric_transit_country_id`, `m49_code`, `short_name`, `demonym`, `süddeutsche_zeitung_topic_id`, `country`, `official_website`, `alltrails_trail_id`, `human_development_index`, `national_historical_museums_of_sweden_id`, `eu_knowledge_graph_item_id`, `central_bank`, `gini_coefficient`, `obo_gazetteer_id`, `openstreetmap_element`, `happy_planet_index_score`, `the_top_tens_id`, `grove_art_online_id`, `the_world_factbook_country_id`, `number_of_out_of_school_children`, `giant_bomb_id`, `dewey_decimal_classification`) VALUES ('Romania', 'country in Central and Eastern Europe', '3519916', '43.6233705', 'destination/romania', '4050939-4', 'Category:Romanian people', '112', 'Europlug', 'RO', 'Romania', '00068196n', 'Prime Minister of Romania', 'Regional/Europe/Romania/', 'România', '61ed84b8-5a10-30a7-8376-ccd51801d6d1', 'nan', 'RO', '4020-55923', '99114.0', 19.0, 'Canada', 'Flag of Romania.svg', 'România', '124251001', 'history of Romania', 'Bucharest', 'Romania', '90689', '226', '264.0', 'ge130694', '294935274.0', 18.0, 'Category:Burials in Romania', 'Data:Romania.map', '45.16381636', 'pays/roumanie', '2241.0', 'European Union', 7.0, 'right', 'UTC+02:00', 'Category:Deaths in Romania', '105030', 'President of Romania', 'Romania', 'Moldova', '10035825.0', '15648.0', 'nan', '642', '46.12168563', '40', '17177-4', 'uro', 'flag of Romania', 'RO', 'rumanien', '0000 0001 2358 7092', 'nan', 19053815.0, '1000091', 'Portal:Romania', 'outline of Romania', '569801', 'Romanian Leu', '798549', '🇷🇴', 'concept920', 'geography of Romania', 'ROU', 'România', 'Romania', 'D012383', 'world/romania', 'semi-presidential system', 'Coat of arms of Romania.svg', '2.16.642', 'Parliament of Romania', '0.0', 'RO', '/m/06c1y', 'Romanian', 'United Principalities of Moldavia and Wallachia', 'Europe', 'coat of arms of Romania', 18.0, '975271.0', 'Wikipedia:Vital articles/Level/4', 'RO', '48.27', 'free country', 'RO', 1.409999999999999921, 238397.0, 'Romania', 'Romagna', 'Category:Romania', '11865467h', 'Romania on the globe (Europe centered).svg', 'nan', 'Nicolae Ciucă', 'ROU', '1205085', '355', '3033', 'place/Romania', 'Romania banner.jpg', 'Category:Films shot in Romania', 230.0, 'Government of Romania', 'Deșteaptă-te, române!', 'nan', 75.0122000000000071, '.ro', 'sovereign state', 'Moldoveanu Peak', 'Category:Births in Romania', 'right', '53.0', 'Black Sea', 'romania', 'Lb-Rumänien.ogg', '026400030', 'Alba County', 'ROU', 'n79049551', NULL, '46.0', 'Brockhaus and Efron Encyclopedic Dictionary', 'rumänien', '1386', 'Rumänien', 'countries/rm', 'Romanian', 'rumaenien', 'romania', '56632', '85633745', 'Global System of Trade Preferences among Developing Countries', '8858', '154307', '3369', '594', 'culture of Romania', '2cPcLg', '86081', 'Category:Maps of Romania', 'romania', 'Roumanie', 'Romania', 'Rumania', 'Romania', 'nan', 'lccn-n79049551', 'countries:Romania', '3763', 'romanya', 'Eastern Europe', 'data.gov.ro', 'Romania', '+1859-01-24T00:00:00Z', '1146.0', 'A47', 'i83166', '13620', 'economy of Romania', '12554', 'nan', 'romania', 'p/c3c9ec87-44d9-4013-b551-1df1757d37b5', 'c42e62f5-e5fb-4fc2-ae20-2f5df5ce7aca', 'romania', '루마니아', '08831830-n', 'demographics of Romania', 'nan', 'Y105030', '18-185666', 'cnx753jennet', 'T84-3546', 'nan', '4101.0', 'nan', '2067292', 'Rumænien', 'strany_mira/RUMINIYA.html', '880', 'SG--5921', '987007561817905171', 6.400000000000000355, '4169131.0', '944', 'Klaus Iohannis', 'rumaenien', 'Rumænien', '2568.0', '48551', '39', '642.0', '🇷🇴', 'rumänisch', 'Rumänien', 'Romania', 'http://www.guv.ro/', 'romania', 0.8209999999999999521, 'geo/6BAAFA64-E83D-4B69-8F59-D5693B1CA8EF', 'Q28', 'National Bank of Romania', 34.79999999999999715, '2951.0', 'node/432425064', 46.20000000000000284, '117.0', 'T073141', 'romania', 332312.0, '3035-4279', '2--498')
Traceback (most recent call last):
  File "/home/lkruger/bachelorthesis/bachelorthesis/evaluation.py", line 134, in run_experiment
    insert_query_handler.handle_insert_query(query)
  File "/home/lkruger/bachelorthesis/bachelorthesis/system/insert_query_handler.py", line 27, in handle_insert_query
    query_data.table = self.strategy.predict_table_name(query_data)
  File "/home/lkruger/bachelorthesis/bachelorthesis/system/strategies/llama2/llama2_model.py", line 103, in predict_table_name
    self.run_prompt(
  File "/home/lkruger/bachelorthesis/bachelorthesis/system/strategies/llama2/llama2_model.py", line 87, in run_prompt
    return self.pipe(prompt_text)[0]["generated_text"]
  File "/home/lkruger/bachelorthesis/bachelorthesis/fine_tuning/venv/lib/python3.9/site-packages/transformers/pipelines/text_generation.py", line 240, in __call__
    return super().__call__(text_inputs, **kwargs)
  File "/home/lkruger/bachelorthesis/bachelorthesis/fine_tuning/venv/lib/python3.9/site-packages/transformers/pipelines/base.py", line 1242, in __call__
    return self.run_single(inputs, preprocess_params, forward_params, postprocess_params)
  File "/home/lkruger/bachelorthesis/bachelorthesis/fine_tuning/venv/lib/python3.9/site-packages/transformers/pipelines/base.py", line 1249, in run_single
    model_outputs = self.forward(model_inputs, **forward_params)
  File "/home/lkruger/bachelorthesis/bachelorthesis/fine_tuning/venv/lib/python3.9/site-packages/transformers/pipelines/base.py", line 1149, in forward
    model_outputs = self._forward(model_inputs, **forward_params)
  File "/home/lkruger/bachelorthesis/bachelorthesis/fine_tuning/venv/lib/python3.9/site-packages/transformers/pipelines/text_generation.py", line 327, in _forward
    generated_sequence = self.model.generate(input_ids=input_ids, attention_mask=attention_mask, **generate_kwargs)
  File "/home/lkruger/bachelorthesis/bachelorthesis/fine_tuning/venv/lib/python3.9/site-packages/torch/utils/_contextlib.py", line 115, in decorate_context
    return func(*args, **kwargs)
  File "/home/lkruger/bachelorthesis/bachelorthesis/fine_tuning/venv/lib/python3.9/site-packages/transformers/generation/utils.py", line 1622, in generate
    result = self._sample(
  File "/home/lkruger/bachelorthesis/bachelorthesis/fine_tuning/venv/lib/python3.9/site-packages/transformers/generation/utils.py", line 2791, in _sample
    outputs = self(
  File "/home/lkruger/bachelorthesis/bachelorthesis/fine_tuning/venv/lib/python3.9/site-packages/torch/nn/modules/module.py", line 1511, in _wrapped_call_impl
    return self._call_impl(*args, **kwargs)
  File "/home/lkruger/bachelorthesis/bachelorthesis/fine_tuning/venv/lib/python3.9/site-packages/torch/nn/modules/module.py", line 1520, in _call_impl
    return forward_call(*args, **kwargs)
  File "/home/lkruger/bachelorthesis/bachelorthesis/fine_tuning/venv/lib/python3.9/site-packages/accelerate/hooks.py", line 166, in new_forward
    output = module._old_forward(*args, **kwargs)
  File "/home/lkruger/bachelorthesis/bachelorthesis/fine_tuning/venv/lib/python3.9/site-packages/transformers/models/llama/modeling_llama.py", line 1208, in forward
    outputs = self.model(
  File "/home/lkruger/bachelorthesis/bachelorthesis/fine_tuning/venv/lib/python3.9/site-packages/torch/nn/modules/module.py", line 1511, in _wrapped_call_impl
    return self._call_impl(*args, **kwargs)
  File "/home/lkruger/bachelorthesis/bachelorthesis/fine_tuning/venv/lib/python3.9/site-packages/torch/nn/modules/module.py", line 1520, in _call_impl
    return forward_call(*args, **kwargs)
  File "/home/lkruger/bachelorthesis/bachelorthesis/fine_tuning/venv/lib/python3.9/site-packages/transformers/models/llama/modeling_llama.py", line 1018, in forward
    layer_outputs = decoder_layer(
  File "/home/lkruger/bachelorthesis/bachelorthesis/fine_tuning/venv/lib/python3.9/site-packages/torch/nn/modules/module.py", line 1511, in _wrapped_call_impl
    return self._call_impl(*args, **kwargs)
  File "/home/lkruger/bachelorthesis/bachelorthesis/fine_tuning/venv/lib/python3.9/site-packages/torch/nn/modules/module.py", line 1520, in _call_impl
    return forward_call(*args, **kwargs)
  File "/home/lkruger/bachelorthesis/bachelorthesis/fine_tuning/venv/lib/python3.9/site-packages/accelerate/hooks.py", line 166, in new_forward
    output = module._old_forward(*args, **kwargs)
  File "/home/lkruger/bachelorthesis/bachelorthesis/fine_tuning/venv/lib/python3.9/site-packages/transformers/models/llama/modeling_llama.py", line 756, in forward
    hidden_states = self.mlp(hidden_states)
  File "/home/lkruger/bachelorthesis/bachelorthesis/fine_tuning/venv/lib/python3.9/site-packages/torch/nn/modules/module.py", line 1511, in _wrapped_call_impl
    return self._call_impl(*args, **kwargs)
  File "/home/lkruger/bachelorthesis/bachelorthesis/fine_tuning/venv/lib/python3.9/site-packages/torch/nn/modules/module.py", line 1520, in _call_impl
    return forward_call(*args, **kwargs)
  File "/home/lkruger/bachelorthesis/bachelorthesis/fine_tuning/venv/lib/python3.9/site-packages/accelerate/hooks.py", line 166, in new_forward
    output = module._old_forward(*args, **kwargs)
  File "/home/lkruger/bachelorthesis/bachelorthesis/fine_tuning/venv/lib/python3.9/site-packages/transformers/models/llama/modeling_llama.py", line 240, in forward
    down_proj = self.down_proj(self.act_fn(self.gate_proj(x)) * self.up_proj(x))
torch.cuda.OutOfMemoryError: CUDA out of memory. Tried to allocate 158.00 MiB. GPU 0 has a total capacity of 15.77 GiB of which 135.88 MiB is free. Including non-PyTorch memory, this process has 15.64 GiB memory in use. Of the allocated memory 14.08 GiB is allocated by PyTorch, and 672.79 MiB is reserved by PyTorch but unallocated. If reserved but unallocated memory is large try setting PYTORCH_CUDA_ALLOC_CONF=expandable_segments:True to avoid fragmentation.  See documentation for Memory Management  (https://pytorch.org/docs/stable/notes/cuda.html#environment-variables)


Error while executing query: INSERT INTO `country` (`label`, `description`, `great_russian_encyclopedia_online_id`, `coordinates_of_southernmost_point`, `new_york_times_topic_id`, `gnd_id`, `category_of_associated_people`, `emergency_phone_number`, `electrical_plug_type`, `licence_plate_code`, `hashtag`, `babelnet_id`, `office_held_by_head_of_government`, `curlie_id`, `native_label`, `musicbrainz_area_id`, `public_holiday`, `uic_alphabetical_country_code`, `comic_vine_id`, `insee_countries_and_foreign_territories_code`, `vat_rate`, `diplomatic_relation`, `flag_image`, `commons_gallery`, `viaf_id`, `history_of_topic`, `capital`, `subreddit`, `openstreetmap_relation_id`, `mobile_country_code`, `maritime_identification_digits`, `nkcr_aut_id`, `asc_leiden_thesaurus_id`, `marriageable_age`, `category_of_people_buried_here`, `geoshape`, `coordinates_of_easternmost_point`, `le_monde_diplomatique_subject_id`, `marine_regions_geographic_id`, `member_of`, `unemployment_rate`, `railway_traffic_side`, `located_in_time_zone`, `category_for_people_who_died_here`, `yso_id`, `office_held_by_head_of_state`, `commons_category`, `shares_border_with`, `us_national_archives_identifier`, `nalt_id`, `treccani_id`, `iso_3166_1_numeric_code`, `coordinates_of_westernmost_point`, `country_calling_code`, `stw_thesaurus_for_economics_id`, `statoids_id`, `flag`, `fips_10_4_countries_and_regions`, `dagens_nyheter_topic_id`, `isni`, `nese_id`, `population`, `getty_thesaurus_of_geographic_names_id`, `topics_main_wikimedia_portal`, `wikimedia_outline`, `ndl_authority_id`, `currency`, `geonames_id`, `unicode_character`, `unesco_thesaurus_id`, `geography_of_topic`, `iso_3166_1_alpha_3_code`, `official_name`, `quora_topic_id`, `mesh_descriptor_id`, `guardian_topic_id`, `basic_form_of_government`, `coat_of_arms_image`, `ituisoiec_object_identifier`, `legislative_body`, `trunk_prefix`, `nuts_code`, `freebase_id`, `official_language`, `replaces`, `continent`, `coat_of_arms`, `age_of_majority`, `national_library_of_israel_id_old`, `on_focus_list_of_wikimedia_project`, `wipo_st3`, `coordinates_of_northernmost_point`, `has_quality`, `iso_3166_1_alpha_2_code`, `total_fertility_rate`, `area`, `store_norske_leksikon_id`, `different_from`, `topics_main_category`, `bibliothèque_nationale_de_france_id`, `locator_map_image`, `bbc_things_id`, `head_of_government`, `ioc_country_code`, `fast_id`, `gacs_id`, `archinform_location_id`, `encyclopædia_britannica_online_id`, `page_banner`, `category_for_films_shot_at_this_location`, `mains_voltage`, `executive_body`, `anthem`, `highest_judicial_authority`, `life_expectancy`, `top_level_internet_domain`, `instance_of`, `highest_point`, `category_for_people_born_here`, `driving_side`, `uic_numerical_country_code`, `lowest_point`, `civicus_monitor_country_entry`, `pronunciation_audio`, `idref_id`, `contains_the_administrative_territorial_entity`, `itu_letter_code`, `library_of_congress_authority_id`, `median_income`, `coordinate_location`, `described_by_source`, `brockhaus_enzyklopädie_online_id`, `iab_code`, `klexikon_article_id`, `loc_and_marc_vocabularies_id`, `language_used`, `dr_topic_id`, `world_encyclopedia_of_puppetry_arts_id`, `gran_enciclopèdia_catalana_id`, `whos_on_first_id`, `participant_in`, `inaturalist_place_id`, `omegawiki_defined_meaning`, `hds_id`, `gs1_country_code`, `culture`, `geonlp_id`, `analysis_policy_observatory_term_id`, `category_for_maps`, `treccanis_dizionario_di_storia_id`, `french_vikidia_id`, `english_vikidia_id`, `spanish_vikidia_id`, `italian_vikidia_id`, `larousse_id`, `worldcat_identities_id`, `fandom_article_id`, `eurovoc_id`, `tdv_islam_ansiklopedisi_id`, `part_of`, `open_data_portal`, `kbpedia_id`, `inception`, `rkd_thesaurus_id`, `pm20_geo_code`, `interlingual_index_id`, `jewish_encyclopedia_id_russian`, `economy_of_topic`, `uk_parliament_thesaurus_id`, `edition_humboldt_digital_id`, `tasteatlas_id`, `sapa_id`, `bhcl_uuid`, `github_topic`, `namuwiki_id`, `wordnet_31_synset_id`, `demographics_of_topic`, `ávvir_topic_id`, `ysa_id`, `yle_topic_id`, `bbc_news_topic_id`, `joconde_location_id`, `topics_main_template`, `armeniapedia_id`, `zhihu_topic_id`, `idaigazetteer_id`, `den_store_danske_id`, `krugosvet_article`, `schoenberg_database_of_manuscripts_place_id`, `colon_classification`, `national_library_of_israel_j9u_id`, `democracy_index`, `online_pwn_encyclopedia_id`, `postimees_topic_id`, `head_of_state`, `der_spiegel_topic_id`, `gyldendals_teaterleksikon_id`, `museum_digital_place_id`, `wikisimpsons_id`, `urban_electric_transit_country_id`, `m49_code`, `short_name`, `demonym`, `süddeutsche_zeitung_topic_id`, `country`, `official_website`, `alltrails_trail_id`, `human_development_index`, `national_historical_museums_of_sweden_id`, `eu_knowledge_graph_item_id`, `central_bank`, `gini_coefficient`, `obo_gazetteer_id`, `openstreetmap_element`, `happy_planet_index_score`, `the_top_tens_id`, `grove_art_online_id`, `the_world_factbook_country_id`, `number_of_out_of_school_children`, `giant_bomb_id`, `dewey_decimal_classification`) VALUES ('Sweden', 'country in Northern Europe', '4692537', '55.336944444444', 'destination/sweden', '4077258-5', 'Category:Swedish people', '112', 'Europlug', 'S', 'Sweden', '00049181n', 'Prime Minister of Sweden', 'Regional/Europe/Sweden/', 'Sverige', '23d10872-f5ae-3f0c-bf55-332788a16ecb', 'New Year''s Day', 'S', '4020-55925', '99104.0', 25.0, 'Canada', 'Flag of Sweden.svg', 'Sverige', '159364209', 'history of Sweden', 'Stockholm', 'sweden', '52822', '240', '265.0', 'ge134629', '294939776.0', 18.0, 'Category:Burials in Sweden', 'Data:Sweden.map', '65.701111111111', 'pays/suede', '2180.0', 'European Union', 1.899999999999999912, 'left', 'UTC+01:00', 'Category:Deaths in Sweden', '94383', 'Monarch of Sweden', 'Sweden', 'Denmark', '10035835.0', '11928.0', 'svezia', '752', '58.928611111111', '46', '16989-5', 'use', 'flag of Sweden', 'SW', 'nan', '0000 0001 2299 7436', 'sverige', 10409248.0, '1000097', 'Portal:Sweden', 'outline of Sweden', '571513', 'Swedish krona', '2661886', '🇸🇪', 'concept10481', 'geography of Sweden', 'SWE', 'Konungariket Sverige', 'Sweden', 'D013548', 'world/sweden', 'constitutional monarchy', 'Shield of arms of Sweden.svg', '2.16.752', 'Parliament of Sweden', '0.0', 'SE', '/m/0d0vqn', 'Swedish', 'nan', 'Europe', 'coat of arms of Sweden', 18.0, '188718.0', 'Wikipedia:Vital articles/Level/4', 'SE', '69.06', 'free country', 'SE', 1.889999999999999903, 447425.1599999999743, 'Sverige', 'Szwecja', 'Category:Sweden', '15238534f', 'EU-Sweden.svg', '4fdf72b9-e477-43e5-80cf-b2ea49baa0bc', 'Ulf Kristersson', 'SWE', '1204537', '160', '3037', 'place/Sweden', 'Nykulla banner.JPG', 'Category:Films shot in Sweden', 230.0, 'Government of Sweden', 'Du gamla, du fria', 'Supreme Court of Sweden', 82.20488000000000283, '.se', 'country', 'Kebnekaise', 'Category:Births in Sweden', 'right', '74.0', 'Kristianstad', 'sweden', 'Fr-la Suède-fr BE.ogg', '026401606', 'Blekinge County', 'S', 'n79021184', 50514.0, '61.0', 'Catholic Encyclopedia', 'schweden', '1418', 'Schweden', 'countries/sw', 'Swedish', 'sverige', 'sweden', '64452', '85633789', 'nan', '7599', '6764', '3371', '730-739', 'culture of Sweden', 'noPfTT', '3006', 'Category:Maps of Sweden', 'svezia', 'Suède', 'Sweden', 'Suecia', 'nan', 'pays/Suède/145432', 'lccn-n79054515', 'sweden:Sweden', '4320', 'nan', 'Kalmar Union', 'Sweden''s data portal', 'Sweden', '+0700-00-00T00:00:00Z', '6699.0', 'A17', 'i82948', '14791', 'economy of Sweden', '13156', 'H0010177', 'sweden', 'p/9002f3cd-18ba-4dd0-9919-5742621b5774', 'dfe028fd-2642-4bb8-aaec-32be15dcbed0', 'sweden', '스웨덴', '08783723-n', 'demographics of Sweden', 'ruotta', 'Y94383', '18-189082', 'c77jz3md4rwt', 'T84-3559', 'nan', '4102.0', '19599463.0', '2064998', 'Sverige', 'strany_mira/SHVETSIYA.html', '208', 'SG--571', '987007554811405171', 9.25999999999999979, '4169155.0', '720', 'Carl XVI Gustaf of Sweden', 'schweden', 'nan', '1004.0', '16666', '33', '752.0', '🇸🇪', 'Zweed', 'Schweden', 'Sweden', 'https://sweden.se', 'sweden', 0.946999999999999953, 'geo/6B39FA2B-447A-4740-A970-2ABF3A06D8A6', 'Q11', 'Sveriges Riksbank', 29.30000000000000071, '2729.0', 'node/424313277', 50.5, '48.0', 'T082574', 'sweden', 9424.0, '3035-922', '2--485')
Traceback (most recent call last):
  File "/home/lkruger/bachelorthesis/bachelorthesis/evaluation.py", line 134, in run_experiment
    insert_query_handler.handle_insert_query(query)
  File "/home/lkruger/bachelorthesis/bachelorthesis/system/insert_query_handler.py", line 27, in handle_insert_query
    query_data.table = self.strategy.predict_table_name(query_data)
  File "/home/lkruger/bachelorthesis/bachelorthesis/system/strategies/llama2/llama2_model.py", line 103, in predict_table_name
    self.run_prompt(
  File "/home/lkruger/bachelorthesis/bachelorthesis/system/strategies/llama2/llama2_model.py", line 87, in run_prompt
    return self.pipe(prompt_text)[0]["generated_text"]
  File "/home/lkruger/bachelorthesis/bachelorthesis/fine_tuning/venv/lib/python3.9/site-packages/transformers/pipelines/text_generation.py", line 240, in __call__
    return super().__call__(text_inputs, **kwargs)
  File "/home/lkruger/bachelorthesis/bachelorthesis/fine_tuning/venv/lib/python3.9/site-packages/transformers/pipelines/base.py", line 1242, in __call__
    return self.run_single(inputs, preprocess_params, forward_params, postprocess_params)
  File "/home/lkruger/bachelorthesis/bachelorthesis/fine_tuning/venv/lib/python3.9/site-packages/transformers/pipelines/base.py", line 1249, in run_single
    model_outputs = self.forward(model_inputs, **forward_params)
  File "/home/lkruger/bachelorthesis/bachelorthesis/fine_tuning/venv/lib/python3.9/site-packages/transformers/pipelines/base.py", line 1149, in forward
    model_outputs = self._forward(model_inputs, **forward_params)
  File "/home/lkruger/bachelorthesis/bachelorthesis/fine_tuning/venv/lib/python3.9/site-packages/transformers/pipelines/text_generation.py", line 327, in _forward
    generated_sequence = self.model.generate(input_ids=input_ids, attention_mask=attention_mask, **generate_kwargs)
  File "/home/lkruger/bachelorthesis/bachelorthesis/fine_tuning/venv/lib/python3.9/site-packages/torch/utils/_contextlib.py", line 115, in decorate_context
    return func(*args, **kwargs)
  File "/home/lkruger/bachelorthesis/bachelorthesis/fine_tuning/venv/lib/python3.9/site-packages/transformers/generation/utils.py", line 1622, in generate
    result = self._sample(
  File "/home/lkruger/bachelorthesis/bachelorthesis/fine_tuning/venv/lib/python3.9/site-packages/transformers/generation/utils.py", line 2791, in _sample
    outputs = self(
  File "/home/lkruger/bachelorthesis/bachelorthesis/fine_tuning/venv/lib/python3.9/site-packages/torch/nn/modules/module.py", line 1511, in _wrapped_call_impl
    return self._call_impl(*args, **kwargs)
  File "/home/lkruger/bachelorthesis/bachelorthesis/fine_tuning/venv/lib/python3.9/site-packages/torch/nn/modules/module.py", line 1520, in _call_impl
    return forward_call(*args, **kwargs)
  File "/home/lkruger/bachelorthesis/bachelorthesis/fine_tuning/venv/lib/python3.9/site-packages/accelerate/hooks.py", line 166, in new_forward
    output = module._old_forward(*args, **kwargs)
  File "/home/lkruger/bachelorthesis/bachelorthesis/fine_tuning/venv/lib/python3.9/site-packages/transformers/models/llama/modeling_llama.py", line 1208, in forward
    outputs = self.model(
  File "/home/lkruger/bachelorthesis/bachelorthesis/fine_tuning/venv/lib/python3.9/site-packages/torch/nn/modules/module.py", line 1511, in _wrapped_call_impl
    return self._call_impl(*args, **kwargs)
  File "/home/lkruger/bachelorthesis/bachelorthesis/fine_tuning/venv/lib/python3.9/site-packages/torch/nn/modules/module.py", line 1520, in _call_impl
    return forward_call(*args, **kwargs)
  File "/home/lkruger/bachelorthesis/bachelorthesis/fine_tuning/venv/lib/python3.9/site-packages/transformers/models/llama/modeling_llama.py", line 1018, in forward
    layer_outputs = decoder_layer(
  File "/home/lkruger/bachelorthesis/bachelorthesis/fine_tuning/venv/lib/python3.9/site-packages/torch/nn/modules/module.py", line 1511, in _wrapped_call_impl
    return self._call_impl(*args, **kwargs)
  File "/home/lkruger/bachelorthesis/bachelorthesis/fine_tuning/venv/lib/python3.9/site-packages/torch/nn/modules/module.py", line 1520, in _call_impl
    return forward_call(*args, **kwargs)
  File "/home/lkruger/bachelorthesis/bachelorthesis/fine_tuning/venv/lib/python3.9/site-packages/accelerate/hooks.py", line 166, in new_forward
    output = module._old_forward(*args, **kwargs)
  File "/home/lkruger/bachelorthesis/bachelorthesis/fine_tuning/venv/lib/python3.9/site-packages/transformers/models/llama/modeling_llama.py", line 756, in forward
    hidden_states = self.mlp(hidden_states)
  File "/home/lkruger/bachelorthesis/bachelorthesis/fine_tuning/venv/lib/python3.9/site-packages/torch/nn/modules/module.py", line 1511, in _wrapped_call_impl
    return self._call_impl(*args, **kwargs)
  File "/home/lkruger/bachelorthesis/bachelorthesis/fine_tuning/venv/lib/python3.9/site-packages/torch/nn/modules/module.py", line 1520, in _call_impl
    return forward_call(*args, **kwargs)
  File "/home/lkruger/bachelorthesis/bachelorthesis/fine_tuning/venv/lib/python3.9/site-packages/accelerate/hooks.py", line 166, in new_forward
    output = module._old_forward(*args, **kwargs)
  File "/home/lkruger/bachelorthesis/bachelorthesis/fine_tuning/venv/lib/python3.9/site-packages/transformers/models/llama/modeling_llama.py", line 240, in forward
    down_proj = self.down_proj(self.act_fn(self.gate_proj(x)) * self.up_proj(x))
torch.cuda.OutOfMemoryError: CUDA out of memory. Tried to allocate 160.00 MiB. GPU 0 has a total capacity of 15.77 GiB of which 135.88 MiB is free. Including non-PyTorch memory, this process has 15.64 GiB memory in use. Of the allocated memory 14.08 GiB is allocated by PyTorch, and 666.45 MiB is reserved by PyTorch but unallocated. If reserved but unallocated memory is large try setting PYTORCH_CUDA_ALLOC_CONF=expandable_segments:True to avoid fragmentation.  See documentation for Memory Management  (https://pytorch.org/docs/stable/notes/cuda.html#environment-variables)


Error while executing query: INSERT INTO (`label`, `description`, `great_russian_encyclopedia_online_id`, `coordinates_of_southernmost_point`, `new_york_times_topic_id`, `gnd_id`, `category_of_associated_people`, `emergency_phone_number`, `electrical_plug_type`, `licence_plate_code`, `hashtag`, `babelnet_id`, `office_held_by_head_of_government`, `curlie_id`, `native_label`, `musicbrainz_area_id`, `public_holiday`, `uic_alphabetical_country_code`, `comic_vine_id`, `insee_countries_and_foreign_territories_code`, `vat_rate`, `diplomatic_relation`, `flag_image`, `commons_gallery`, `viaf_id`, `history_of_topic`, `capital`, `subreddit`, `openstreetmap_relation_id`, `mobile_country_code`, `maritime_identification_digits`, `nkcr_aut_id`, `asc_leiden_thesaurus_id`, `marriageable_age`, `category_of_people_buried_here`, `geoshape`, `coordinates_of_easternmost_point`, `le_monde_diplomatique_subject_id`, `marine_regions_geographic_id`, `member_of`, `unemployment_rate`, `railway_traffic_side`, `located_in_time_zone`, `category_for_people_who_died_here`, `yso_id`, `office_held_by_head_of_state`, `commons_category`, `shares_border_with`, `us_national_archives_identifier`, `nalt_id`, `treccani_id`, `iso_3166_1_numeric_code`, `coordinates_of_westernmost_point`, `country_calling_code`, `stw_thesaurus_for_economics_id`, `statoids_id`, `flag`, `fips_10_4_countries_and_regions`, `dagens_nyheter_topic_id`, `isni`, `nese_id`, `population`, `getty_thesaurus_of_geographic_names_id`, `topics_main_wikimedia_portal`, `wikimedia_outline`, `ndl_authority_id`, `currency`, `geonames_id`, `unicode_character`, `unesco_thesaurus_id`, `geography_of_topic`, `iso_3166_1_alpha_3_code`, `official_name`, `quora_topic_id`, `mesh_descriptor_id`, `guardian_topic_id`, `basic_form_of_government`, `coat_of_arms_image`, `ituisoiec_object_identifier`, `legislative_body`, `trunk_prefix`, `nuts_code`, `freebase_id`, `official_language`, `replaces`, `continent`, `coat_of_arms`, `age_of_majority`, `national_library_of_israel_id_old`, `on_focus_list_of_wikimedia_project`, `wipo_st3`, `coordinates_of_northernmost_point`, `has_quality`, `iso_3166_1_alpha_2_code`, `total_fertility_rate`, `area`, `store_norske_leksikon_id`, `different_from`, `topics_main_category`, `bibliothèque_nationale_de_france_id`, `locator_map_image`, `bbc_things_id`, `head_of_government`, `ioc_country_code`, `fast_id`, `gacs_id`, `archinform_location_id`, `encyclopædia_britannica_online_id`, `page_banner`, `category_for_films_shot_at_this_location`, `mains_voltage`, `executive_body`, `anthem`, `highest_judicial_authority`, `life_expectancy`, `top_level_internet_domain`, `instance_of`, `highest_point`, `category_for_people_born_here`, `driving_side`, `uic_numerical_country_code`, `lowest_point`, `civicus_monitor_country_entry`, `pronunciation_audio`, `idref_id`, `contains_the_administrative_territorial_entity`, `itu_letter_code`, `library_of_congress_authority_id`, `median_income`, `coordinate_location`, `described_by_source`, `brockhaus_enzyklopädie_online_id`, `iab_code`, `klexikon_article_id`, `loc_and_marc_vocabularies_id`, `language_used`, `dr_topic_id`, `world_encyclopedia_of_puppetry_arts_id`, `gran_enciclopèdia_catalana_id`, `whos_on_first_id`, `participant_in`, `inaturalist_place_id`, `omegawiki_defined_meaning`, `hds_id`, `gs1_country_code`, `culture`, `geonlp_id`, `analysis_policy_observatory_term_id`, `category_for_maps`, `treccanis_dizionario_di_storia_id`, `french_vikidia_id`, `english_vikidia_id`, `spanish_vikidia_id`, `italian_vikidia_id`, `larousse_id`, `worldcat_identities_id`, `fandom_article_id`, `eurovoc_id`, `tdv_islam_ansiklopedisi_id`, `part_of`, `open_data_portal`, `kbpedia_id`, `inception`, `rkd_thesaurus_id`, `pm20_geo_code`, `interlingual_index_id`, `jewish_encyclopedia_id_russian`, `economy_of_topic`, `uk_parliament_thesaurus_id`, `edition_humboldt_digital_id`, `tasteatlas_id`, `sapa_id`, `bhcl_uuid`, `github_topic`, `namuwiki_id`, `wordnet_31_synset_id`, `demographics_of_topic`, `ávvir_topic_id`, `ysa_id`, `yle_topic_id`, `bbc_news_topic_id`, `joconde_location_id`, `topics_main_template`, `armeniapedia_id`, `zhihu_topic_id`, `idaigazetteer_id`, `den_store_danske_id`, `krugosvet_article`, `schoenberg_database_of_manuscripts_place_id`, `colon_classification`, `national_library_of_israel_j9u_id`, `democracy_index`, `online_pwn_encyclopedia_id`, `postimees_topic_id`, `head_of_state`, `der_spiegel_topic_id`, `gyldendals_teaterleksikon_id`, `museum_digital_place_id`, `wikisimpsons_id`, `urban_electric_transit_country_id`, `m49_code`, `short_name`, `demonym`, `süddeutsche_zeitung_topic_id`, `country`, `official_website`, `alltrails_trail_id`, `human_development_index`, `national_historical_museums_of_sweden_id`, `eu_knowledge_graph_item_id`, `central_bank`, `gini_coefficient`, `obo_gazetteer_id`, `openstreetmap_element`, `happy_planet_index_score`, `the_top_tens_id`, `grove_art_online_id`, `the_world_factbook_country_id`, `number_of_out_of_school_children`, `giant_bomb_id`, `dewey_decimal_classification`) VALUES ('France', 'country in Western Europe', '4721849', '41.33354648385013', 'destination/france', '4018145-5', 'Category:French people', '112', 'Europlug', 'F', 'France', '00036202n', 'Prime Minister of France', 'Regional/Europe/France/', 'République française', '08310658-51eb-3801-80de-5a0739207115', 'Easter Monday', 'F', '4020-55778', 'nan', 20.0, 'Albania', 'Flag of France (1794–1815, 1830–1974, 2020–present).svg', 'France', '264091107', 'history of France', 'Paris', 'france', '2202162', '208', '226.0', 'ge129152', '294912452.0', 0.0, 'Category:Burials in France', 'Data:France.map', '42.282222222222', 'pays/france', '17.0', 'European Union', 10.0, 'left', 'UTC+01:00', 'Category:Deaths in France', '104968', 'President of the French Republic', 'France', 'Kingdom of the Netherlands', '10035788.0', '7039.0', 'nan', '250', '48.445833333333', '33', '17255-3', 'ufr', 'flag of France', 'FR', 'frankrike', 'nan', 'frankrike', 67749632.0, '1000070', 'Portal:France', 'outline of France', '563689', 'euro', '3017382', '🇫🇷', 'concept902', 'geography of France', 'FRA', 'Francouzská republika', 'France', 'D005602', 'world/france', 'semi-presidential system', 'Armoiries république française.svg', '2.16.250', 'French Parliament', '0.0', 'FR', '/m/0f8l9c', 'French', 'nan', 'Europe', 'coat of arms of France', 18.0, '974208.0', 'Wikipedia:List of articles all languages should have', 'FR', '51.089', 'free country', 'FR', 1.989999999999999992, 643801.0, 'Frankrike', 'nan', 'Category:France', '152383070', 'EU-France (orthographic projection).svg', '61ef4416-de68-49ff-9c97-e0779dafd9d2', 'Élisabeth Borne', 'FRA', '1204289', '619', '2984', 'place/France', 'Sainte-Enimie-Gorges du Tarn France banner.jpg', 'Category:Films shot in France', 230.0, 'Government of France', 'La Marseillaise', 'Court of Cassation', 82.27316999999999325, '.fr', 'country', 'Mont Blanc', 'Category:Births in France', 'right', '87.0', 'Étang de Lavalduc', 'france', 'Hu-francia.ogg', '026378329', 'Clipperton Island', 'F', 'n79006404', 30364.0, '47.0', 'Catholic Encyclopedia', 'frankreich', '1295', 'Frankreich', 'countries/fr', 'standard French', 'frankrig', 'france', '27948', '85633147', 'Rif War', '6753', '7955', '3354', '300-379', 'culture of France', 'JfFJmZ', '6592', 'Category:Maps of France', 'francia', 'France', 'France', 'Francia', 'Francia', 'pays/wd/120114', 'lccn-n79006404', 'france:France', '1085', 'nan', 'Western Europe', 'data.gouv.fr', 'France', '+1792-00-00T00:00:00Z', '455.0', 'A28', 'i83644', '14344', 'economy of France', '10352', 'H0004801', 'france', 'p/804af1fe-911d-449e-9a90-c127110acda5', '00e4cc53-5b5d-4636-a60e-addf9f452f94', 'france', '프랑스', '08949695-n', 'demographics of France', 'frankriika', 'Y104968', '18-193871', 'c302m85qenyt', 'T84-742', 'Template:Regions of France', '3938.0', '19552320.0', '2076466', 'Frankrig', 'strany_mira/FRANTSIYA.html', '13', 'SG--53', '987007552533205171', 7.990000000000000213, '4169037.0', '2706', 'Emmanuel Macron', 'frankreich', 'Frankrig', '330.0', '16355', '29', '250.0', 'France', 'француз', 'Frankreich', 'France', 'https://www.gouvernement.fr/', 'france', 0.9030000000000000248, 'geo/CF4D8D5F-9DE6-4C9C-9F25-F4B3BAC86493', 'Q20', 'Bank of France', 33.10000000000000142, '2940.0', 'node/291222598', 51.79999999999999716, '49.0', 'T029314', 'france', 29418.0, '3035-197', '2--44')
Traceback (most recent call last):
  File "/home/lkruger/bachelorthesis/bachelorthesis/evaluation.py", line 134, in run_experiment
    insert_query_handler.handle_insert_query(query)
  File "/home/lkruger/bachelorthesis/bachelorthesis/system/insert_query_handler.py", line 27, in handle_insert_query
    query_data.table = self.strategy.predict_table_name(query_data)
  File "/home/lkruger/bachelorthesis/bachelorthesis/system/strategies/llama2/llama2_model.py", line 103, in predict_table_name
    self.run_prompt(
  File "/home/lkruger/bachelorthesis/bachelorthesis/system/strategies/llama2/llama2_model.py", line 87, in run_prompt
    return self.pipe(prompt_text)[0]["generated_text"]
  File "/home/lkruger/bachelorthesis/bachelorthesis/fine_tuning/venv/lib/python3.9/site-packages/transformers/pipelines/text_generation.py", line 240, in __call__
    return super().__call__(text_inputs, **kwargs)
  File "/home/lkruger/bachelorthesis/bachelorthesis/fine_tuning/venv/lib/python3.9/site-packages/transformers/pipelines/base.py", line 1242, in __call__
    return self.run_single(inputs, preprocess_params, forward_params, postprocess_params)
  File "/home/lkruger/bachelorthesis/bachelorthesis/fine_tuning/venv/lib/python3.9/site-packages/transformers/pipelines/base.py", line 1249, in run_single
    model_outputs = self.forward(model_inputs, **forward_params)
  File "/home/lkruger/bachelorthesis/bachelorthesis/fine_tuning/venv/lib/python3.9/site-packages/transformers/pipelines/base.py", line 1149, in forward
    model_outputs = self._forward(model_inputs, **forward_params)
  File "/home/lkruger/bachelorthesis/bachelorthesis/fine_tuning/venv/lib/python3.9/site-packages/transformers/pipelines/text_generation.py", line 327, in _forward
    generated_sequence = self.model.generate(input_ids=input_ids, attention_mask=attention_mask, **generate_kwargs)
  File "/home/lkruger/bachelorthesis/bachelorthesis/fine_tuning/venv/lib/python3.9/site-packages/torch/utils/_contextlib.py", line 115, in decorate_context
    return func(*args, **kwargs)
  File "/home/lkruger/bachelorthesis/bachelorthesis/fine_tuning/venv/lib/python3.9/site-packages/transformers/generation/utils.py", line 1622, in generate
    result = self._sample(
  File "/home/lkruger/bachelorthesis/bachelorthesis/fine_tuning/venv/lib/python3.9/site-packages/transformers/generation/utils.py", line 2791, in _sample
    outputs = self(
  File "/home/lkruger/bachelorthesis/bachelorthesis/fine_tuning/venv/lib/python3.9/site-packages/torch/nn/modules/module.py", line 1511, in _wrapped_call_impl
    return self._call_impl(*args, **kwargs)
  File "/home/lkruger/bachelorthesis/bachelorthesis/fine_tuning/venv/lib/python3.9/site-packages/torch/nn/modules/module.py", line 1520, in _call_impl
    return forward_call(*args, **kwargs)
  File "/home/lkruger/bachelorthesis/bachelorthesis/fine_tuning/venv/lib/python3.9/site-packages/accelerate/hooks.py", line 166, in new_forward
    output = module._old_forward(*args, **kwargs)
  File "/home/lkruger/bachelorthesis/bachelorthesis/fine_tuning/venv/lib/python3.9/site-packages/transformers/models/llama/modeling_llama.py", line 1208, in forward
    outputs = self.model(
  File "/home/lkruger/bachelorthesis/bachelorthesis/fine_tuning/venv/lib/python3.9/site-packages/torch/nn/modules/module.py", line 1511, in _wrapped_call_impl
    return self._call_impl(*args, **kwargs)
  File "/home/lkruger/bachelorthesis/bachelorthesis/fine_tuning/venv/lib/python3.9/site-packages/torch/nn/modules/module.py", line 1520, in _call_impl
    return forward_call(*args, **kwargs)
  File "/home/lkruger/bachelorthesis/bachelorthesis/fine_tuning/venv/lib/python3.9/site-packages/transformers/models/llama/modeling_llama.py", line 1018, in forward
    layer_outputs = decoder_layer(
  File "/home/lkruger/bachelorthesis/bachelorthesis/fine_tuning/venv/lib/python3.9/site-packages/torch/nn/modules/module.py", line 1511, in _wrapped_call_impl
    return self._call_impl(*args, **kwargs)
  File "/home/lkruger/bachelorthesis/bachelorthesis/fine_tuning/venv/lib/python3.9/site-packages/torch/nn/modules/module.py", line 1520, in _call_impl
    return forward_call(*args, **kwargs)
  File "/home/lkruger/bachelorthesis/bachelorthesis/fine_tuning/venv/lib/python3.9/site-packages/accelerate/hooks.py", line 166, in new_forward
    output = module._old_forward(*args, **kwargs)
  File "/home/lkruger/bachelorthesis/bachelorthesis/fine_tuning/venv/lib/python3.9/site-packages/transformers/models/llama/modeling_llama.py", line 756, in forward
    hidden_states = self.mlp(hidden_states)
  File "/home/lkruger/bachelorthesis/bachelorthesis/fine_tuning/venv/lib/python3.9/site-packages/torch/nn/modules/module.py", line 1511, in _wrapped_call_impl
    return self._call_impl(*args, **kwargs)
  File "/home/lkruger/bachelorthesis/bachelorthesis/fine_tuning/venv/lib/python3.9/site-packages/torch/nn/modules/module.py", line 1520, in _call_impl
    return forward_call(*args, **kwargs)
  File "/home/lkruger/bachelorthesis/bachelorthesis/fine_tuning/venv/lib/python3.9/site-packages/accelerate/hooks.py", line 166, in new_forward
    output = module._old_forward(*args, **kwargs)
  File "/home/lkruger/bachelorthesis/bachelorthesis/fine_tuning/venv/lib/python3.9/site-packages/transformers/models/llama/modeling_llama.py", line 240, in forward
    down_proj = self.down_proj(self.act_fn(self.gate_proj(x)) * self.up_proj(x))
torch.cuda.OutOfMemoryError: CUDA out of memory. Tried to allocate 158.00 MiB. GPU 0 has a total capacity of 15.77 GiB of which 135.88 MiB is free. Including non-PyTorch memory, this process has 15.64 GiB memory in use. Of the allocated memory 14.07 GiB is allocated by PyTorch, and 673.98 MiB is reserved by PyTorch but unallocated. If reserved but unallocated memory is large try setting PYTORCH_CUDA_ALLOC_CONF=expandable_segments:True to avoid fragmentation.  See documentation for Memory Management  (https://pytorch.org/docs/stable/notes/cuda.html#environment-variables)


Error while executing query: INSERT INTO (`label`, `description`, `great_russian_encyclopedia_online_id`, `coordinates_of_southernmost_point`, `new_york_times_topic_id`, `gnd_id`, `category_of_associated_people`, `emergency_phone_number`, `electrical_plug_type`, `licence_plate_code`, `hashtag`, `babelnet_id`, `office_held_by_head_of_government`, `curlie_id`, `native_label`, `musicbrainz_area_id`, `public_holiday`, `uic_alphabetical_country_code`, `comic_vine_id`, `insee_countries_and_foreign_territories_code`, `vat_rate`, `diplomatic_relation`, `flag_image`, `commons_gallery`, `viaf_id`, `history_of_topic`, `capital`, `subreddit`, `openstreetmap_relation_id`, `mobile_country_code`, `maritime_identification_digits`, `nkcr_aut_id`, `asc_leiden_thesaurus_id`, `marriageable_age`, `category_of_people_buried_here`, `geoshape`, `coordinates_of_easternmost_point`, `le_monde_diplomatique_subject_id`, `marine_regions_geographic_id`, `member_of`, `unemployment_rate`, `railway_traffic_side`, `located_in_time_zone`, `category_for_people_who_died_here`, `yso_id`, `office_held_by_head_of_state`, `commons_category`, `shares_border_with`, `us_national_archives_identifier`, `nalt_id`, `treccani_id`, `iso_3166_1_numeric_code`, `coordinates_of_westernmost_point`, `country_calling_code`, `stw_thesaurus_for_economics_id`, `statoids_id`, `flag`, `fips_10_4_countries_and_regions`, `dagens_nyheter_topic_id`, `isni`, `nese_id`, `population`, `getty_thesaurus_of_geographic_names_id`, `topics_main_wikimedia_portal`, `wikimedia_outline`, `ndl_authority_id`, `currency`, `geonames_id`, `unicode_character`, `unesco_thesaurus_id`, `geography_of_topic`, `iso_3166_1_alpha_3_code`, `official_name`, `quora_topic_id`, `mesh_descriptor_id`, `guardian_topic_id`, `basic_form_of_government`, `coat_of_arms_image`, `ituisoiec_object_identifier`, `legislative_body`, `trunk_prefix`, `nuts_code`, `freebase_id`, `official_language`, `replaces`, `continent`, `coat_of_arms`, `age_of_majority`, `national_library_of_israel_id_old`, `on_focus_list_of_wikimedia_project`, `wipo_st3`, `coordinates_of_northernmost_point`, `has_quality`, `iso_3166_1_alpha_2_code`, `total_fertility_rate`, `area`, `store_norske_leksikon_id`, `different_from`, `topics_main_category`, `bibliothèque_nationale_de_france_id`, `locator_map_image`, `bbc_things_id`, `head_of_government`, `ioc_country_code`, `fast_id`, `gacs_id`, `archinform_location_id`, `encyclopædia_britannica_online_id`, `page_banner`, `category_for_films_shot_at_this_location`, `mains_voltage`, `executive_body`, `anthem`, `highest_judicial_authority`, `life_expectancy`, `top_level_internet_domain`, `instance_of`, `highest_point`, `category_for_people_born_here`, `driving_side`, `uic_numerical_country_code`, `lowest_point`, `civicus_monitor_country_entry`, `pronunciation_audio`, `idref_id`, `contains_the_administrative_territorial_entity`, `itu_letter_code`, `library_of_congress_authority_id`, `median_income`, `coordinate_location`, `described_by_source`, `brockhaus_enzyklopädie_online_id`, `iab_code`, `klexikon_article_id`, `loc_and_marc_vocabularies_id`, `language_used`, `dr_topic_id`, `world_encyclopedia_of_puppetry_arts_id`, `gran_enciclopèdia_catalana_id`, `whos_on_first_id`, `participant_in`, `inaturalist_place_id`, `omegawiki_defined_meaning`, `hds_id`, `gs1_country_code`, `culture`, `geonlp_id`, `analysis_policy_observatory_term_id`, `category_for_maps`, `treccanis_dizionario_di_storia_id`, `french_vikidia_id`, `english_vikidia_id`, `spanish_vikidia_id`, `italian_vikidia_id`, `larousse_id`, `worldcat_identities_id`, `fandom_article_id`, `eurovoc_id`, `tdv_islam_ansiklopedisi_id`, `part_of`, `open_data_portal`, `kbpedia_id`, `inception`, `rkd_thesaurus_id`, `pm20_geo_code`, `interlingual_index_id`, `jewish_encyclopedia_id_russian`, `economy_of_topic`, `uk_parliament_thesaurus_id`, `edition_humboldt_digital_id`, `tasteatlas_id`, `sapa_id`, `bhcl_uuid`, `github_topic`, `namuwiki_id`, `wordnet_31_synset_id`, `demographics_of_topic`, `ávvir_topic_id`, `ysa_id`, `yle_topic_id`, `bbc_news_topic_id`, `joconde_location_id`, `topics_main_template`, `armeniapedia_id`, `zhihu_topic_id`, `idaigazetteer_id`, `den_store_danske_id`, `krugosvet_article`, `schoenberg_database_of_manuscripts_place_id`, `colon_classification`, `national_library_of_israel_j9u_id`, `democracy_index`, `online_pwn_encyclopedia_id`, `postimees_topic_id`, `head_of_state`, `der_spiegel_topic_id`, `gyldendals_teaterleksikon_id`, `museum_digital_place_id`, `wikisimpsons_id`, `urban_electric_transit_country_id`, `m49_code`, `short_name`, `demonym`, `süddeutsche_zeitung_topic_id`, `country`, `official_website`, `alltrails_trail_id`, `human_development_index`, `national_historical_museums_of_sweden_id`, `eu_knowledge_graph_item_id`, `central_bank`, `gini_coefficient`, `obo_gazetteer_id`, `openstreetmap_element`, `happy_planet_index_score`, `the_top_tens_id`, `grove_art_online_id`, `the_world_factbook_country_id`, `number_of_out_of_school_children`, `giant_bomb_id`, `dewey_decimal_classification`) VALUES ('Serbia', 'country in southeastern Europe', '3657248', '41.857661111111', 'destination/serbia', '4054598-2', 'Category:Serbian people', '192', 'Europlug', 'SRB', 'Serbia', '00070583n', 'Prime Minister of Serbia', 'Regional/Europe/Serbia_and_Montenegro/Serbia/', 'Србија', '424c1b50-57f8-34af-ab97-313e2ad40058', 'New Year''s Day', 'SRB', '4020-56405', '99121.0', 20.0, 'Germany', 'Flag of Serbia.svg', 'Србија', '151202876', 'history of Serbia', 'Belgrade', 'serbia', '1741311', '220', '279.0', 'ge130919', 'nan', 18.0, 'Category:Burials in Serbia', 'Data:Serbia.map', '43.18729985', 'pays/serbie', '21449.0', 'Council of Europe', 22.0, 'right', 'UTC+01:00', 'Category:Deaths in Serbia', '107592', 'President of Serbia', 'Serbia', 'European Union', '10045307.0', '39649.0', 'serbia', '688', '45.81651686', '381', '30078-1', 'urs', 'flag of Serbia', 'RI', 'nan', '0000 0000 9526 6709', 'nan', 7022268.0, '7006669', 'Portal:Serbia', 'outline of Serbia', '570825', 'Serbian dinar', '6290252', '🇷🇸', 'concept17058', 'geography of Serbia', 'SRB', 'Србија', 'Serbia', 'D055771', 'world/serbia', 'nan', 'Coat of arms of Serbia.svg', '2.16.688', 'National Assembly of Serbia', '0.0', 'RS', '/m/077qn', 'Serbian', 'Serbia and Montenegro', 'Europe', 'coat of arms of Serbia', 18.0, 'nan', 'Wikipedia:Vital articles/Level/4', 'RS', '46.18', 'free country', 'RS', 1.429999999999999938, 88499.0, 'Serbia', 'Republika Srpska', 'Category:Serbia', 'nan', 'Europe-Serbia.svg', '1791445f-977a-4e6d-b490-51f84bb4fc52', 'Ana Brnabić', 'SRB', '1692602', '286', '12205', 'place/Serbia', 'Danube in Ritopek, Serbia banner.jpg', 'Category:Films shot in Serbia', 230.0, 'Government of Serbia', 'Bože pravde', 'nan', 75.23901999999999646, '.rs', 'sovereign state', 'Velika Rudoka', 'Category:Births in Serbia', 'right', '72.0', 'Timok', 'serbia', 'Lb-Serbien.ogg', 'nan', 'Bor District', 'SRB', 'n85195919', NULL, '43.95', 'Brockhaus and Efron Encyclopedic Dictionary', 'serbien', '1400', 'Serbien', 'countries/rb', 'Serbian', 'serbien', 'serbia', '61922', '85633755', 'nan', '7147', '8071', '41010', '860', 'Serbian culture', 'aGCXIq', '6714', 'Category:Maps of Serbia', 'serbia', 'Serbie', 'nan', 'Serbia', 'nan', 'pays/wd/143964', 'viaf-140423359', 'serbia:serbia', '5892', 'sirbistan', 'post-Yugoslavia states', 'Open data portal Serbia', 'Serbia', '+2006-00-00T00:00:00Z', '25339.0', 'A41', 'i83177', '13768', 'economy of Serbia', '12742', 'nan', 'serbia', 'nan', '9e68967f-4ca3-4b99-8c7f-c4e956949fe6', 'serbia', '세르비아', '08834821-n', 'demographics of Serbia', 'nan', 'Y107592', '18-183600', 'c8nq32jw8yjt', 'T84-3561', 'Template:Serbia topics', '7749.0', '20004553.0', '2293910', 'Serbien', 'strany-mira/serbiya', '1065', 'SG--59221', '987007557617605171', 6.219999999999999752, '3974069.0', '1077', 'Aleksandar Vučić', 'serbien', 'Serbien', '1798.0', '48453', '24', 'nan', '🇷🇸', 'српски', 'Serbien', 'Serbia', 'http://www.srbija.gov.rs/', 'nan', 0.8020000000000000461, 'geo/74A541C5-CFD7-47F6-9F5B-CEA09953BCEC', 'Q332', 'nan', 34.5, '2957.0', 'node/369137525', 53.20000000000000284, 'nan', 'T077654', 'serbia', 33041.0, '3035-717', '2--4971')
Traceback (most recent call last):
  File "/home/lkruger/bachelorthesis/bachelorthesis/evaluation.py", line 134, in run_experiment
    insert_query_handler.handle_insert_query(query)
  File "/home/lkruger/bachelorthesis/bachelorthesis/system/insert_query_handler.py", line 27, in handle_insert_query
    query_data.table = self.strategy.predict_table_name(query_data)
  File "/home/lkruger/bachelorthesis/bachelorthesis/system/strategies/llama2/llama2_model.py", line 103, in predict_table_name
    self.run_prompt(
  File "/home/lkruger/bachelorthesis/bachelorthesis/system/strategies/llama2/llama2_model.py", line 87, in run_prompt
    return self.pipe(prompt_text)[0]["generated_text"]
  File "/home/lkruger/bachelorthesis/bachelorthesis/fine_tuning/venv/lib/python3.9/site-packages/transformers/pipelines/text_generation.py", line 240, in __call__
    return super().__call__(text_inputs, **kwargs)
  File "/home/lkruger/bachelorthesis/bachelorthesis/fine_tuning/venv/lib/python3.9/site-packages/transformers/pipelines/base.py", line 1242, in __call__
    return self.run_single(inputs, preprocess_params, forward_params, postprocess_params)
  File "/home/lkruger/bachelorthesis/bachelorthesis/fine_tuning/venv/lib/python3.9/site-packages/transformers/pipelines/base.py", line 1249, in run_single
    model_outputs = self.forward(model_inputs, **forward_params)
  File "/home/lkruger/bachelorthesis/bachelorthesis/fine_tuning/venv/lib/python3.9/site-packages/transformers/pipelines/base.py", line 1149, in forward
    model_outputs = self._forward(model_inputs, **forward_params)
  File "/home/lkruger/bachelorthesis/bachelorthesis/fine_tuning/venv/lib/python3.9/site-packages/transformers/pipelines/text_generation.py", line 327, in _forward
    generated_sequence = self.model.generate(input_ids=input_ids, attention_mask=attention_mask, **generate_kwargs)
  File "/home/lkruger/bachelorthesis/bachelorthesis/fine_tuning/venv/lib/python3.9/site-packages/torch/utils/_contextlib.py", line 115, in decorate_context
    return func(*args, **kwargs)
  File "/home/lkruger/bachelorthesis/bachelorthesis/fine_tuning/venv/lib/python3.9/site-packages/transformers/generation/utils.py", line 1622, in generate
    result = self._sample(
  File "/home/lkruger/bachelorthesis/bachelorthesis/fine_tuning/venv/lib/python3.9/site-packages/transformers/generation/utils.py", line 2791, in _sample
    outputs = self(
  File "/home/lkruger/bachelorthesis/bachelorthesis/fine_tuning/venv/lib/python3.9/site-packages/torch/nn/modules/module.py", line 1511, in _wrapped_call_impl
    return self._call_impl(*args, **kwargs)
  File "/home/lkruger/bachelorthesis/bachelorthesis/fine_tuning/venv/lib/python3.9/site-packages/torch/nn/modules/module.py", line 1520, in _call_impl
    return forward_call(*args, **kwargs)
  File "/home/lkruger/bachelorthesis/bachelorthesis/fine_tuning/venv/lib/python3.9/site-packages/accelerate/hooks.py", line 166, in new_forward
    output = module._old_forward(*args, **kwargs)
  File "/home/lkruger/bachelorthesis/bachelorthesis/fine_tuning/venv/lib/python3.9/site-packages/transformers/models/llama/modeling_llama.py", line 1208, in forward
    outputs = self.model(
  File "/home/lkruger/bachelorthesis/bachelorthesis/fine_tuning/venv/lib/python3.9/site-packages/torch/nn/modules/module.py", line 1511, in _wrapped_call_impl
    return self._call_impl(*args, **kwargs)
  File "/home/lkruger/bachelorthesis/bachelorthesis/fine_tuning/venv/lib/python3.9/site-packages/torch/nn/modules/module.py", line 1520, in _call_impl
    return forward_call(*args, **kwargs)
  File "/home/lkruger/bachelorthesis/bachelorthesis/fine_tuning/venv/lib/python3.9/site-packages/transformers/models/llama/modeling_llama.py", line 1018, in forward
    layer_outputs = decoder_layer(
  File "/home/lkruger/bachelorthesis/bachelorthesis/fine_tuning/venv/lib/python3.9/site-packages/torch/nn/modules/module.py", line 1511, in _wrapped_call_impl
    return self._call_impl(*args, **kwargs)
  File "/home/lkruger/bachelorthesis/bachelorthesis/fine_tuning/venv/lib/python3.9/site-packages/torch/nn/modules/module.py", line 1520, in _call_impl
    return forward_call(*args, **kwargs)
  File "/home/lkruger/bachelorthesis/bachelorthesis/fine_tuning/venv/lib/python3.9/site-packages/accelerate/hooks.py", line 166, in new_forward
    output = module._old_forward(*args, **kwargs)
  File "/home/lkruger/bachelorthesis/bachelorthesis/fine_tuning/venv/lib/python3.9/site-packages/transformers/models/llama/modeling_llama.py", line 756, in forward
    hidden_states = self.mlp(hidden_states)
  File "/home/lkruger/bachelorthesis/bachelorthesis/fine_tuning/venv/lib/python3.9/site-packages/torch/nn/modules/module.py", line 1511, in _wrapped_call_impl
    return self._call_impl(*args, **kwargs)
  File "/home/lkruger/bachelorthesis/bachelorthesis/fine_tuning/venv/lib/python3.9/site-packages/torch/nn/modules/module.py", line 1520, in _call_impl
    return forward_call(*args, **kwargs)
  File "/home/lkruger/bachelorthesis/bachelorthesis/fine_tuning/venv/lib/python3.9/site-packages/accelerate/hooks.py", line 166, in new_forward
    output = module._old_forward(*args, **kwargs)
  File "/home/lkruger/bachelorthesis/bachelorthesis/fine_tuning/venv/lib/python3.9/site-packages/transformers/models/llama/modeling_llama.py", line 240, in forward
    down_proj = self.down_proj(self.act_fn(self.gate_proj(x)) * self.up_proj(x))
torch.cuda.OutOfMemoryError: CUDA out of memory. Tried to allocate 156.00 MiB. GPU 0 has a total capacity of 15.77 GiB of which 135.88 MiB is free. Including non-PyTorch memory, this process has 15.64 GiB memory in use. Of the allocated memory 14.05 GiB is allocated by PyTorch, and 695.00 MiB is reserved by PyTorch but unallocated. If reserved but unallocated memory is large try setting PYTORCH_CUDA_ALLOC_CONF=expandable_segments:True to avoid fragmentation.  See documentation for Memory Management  (https://pytorch.org/docs/stable/notes/cuda.html#environment-variables)


Error while executing query: INSERT INTO (`label`, `description`, `great_russian_encyclopedia_online_id`, `coordinates_of_southernmost_point`, `new_york_times_topic_id`, `gnd_id`, `category_of_associated_people`, `emergency_phone_number`, `electrical_plug_type`, `licence_plate_code`, `hashtag`, `babelnet_id`, `office_held_by_head_of_government`, `curlie_id`, `native_label`, `musicbrainz_area_id`, `public_holiday`, `uic_alphabetical_country_code`, `comic_vine_id`, `insee_countries_and_foreign_territories_code`, `vat_rate`, `diplomatic_relation`, `flag_image`, `commons_gallery`, `viaf_id`, `history_of_topic`, `capital`, `subreddit`, `openstreetmap_relation_id`, `mobile_country_code`, `maritime_identification_digits`, `nkcr_aut_id`, `asc_leiden_thesaurus_id`, `marriageable_age`, `category_of_people_buried_here`, `geoshape`, `coordinates_of_easternmost_point`, `le_monde_diplomatique_subject_id`, `marine_regions_geographic_id`, `member_of`, `unemployment_rate`, `railway_traffic_side`, `located_in_time_zone`, `category_for_people_who_died_here`, `yso_id`, `office_held_by_head_of_state`, `commons_category`, `shares_border_with`, `us_national_archives_identifier`, `nalt_id`, `treccani_id`, `iso_3166_1_numeric_code`, `coordinates_of_westernmost_point`, `country_calling_code`, `stw_thesaurus_for_economics_id`, `statoids_id`, `flag`, `fips_10_4_countries_and_regions`, `dagens_nyheter_topic_id`, `isni`, `nese_id`, `population`, `getty_thesaurus_of_geographic_names_id`, `topics_main_wikimedia_portal`, `wikimedia_outline`, `ndl_authority_id`, `currency`, `geonames_id`, `unicode_character`, `unesco_thesaurus_id`, `geography_of_topic`, `iso_3166_1_alpha_3_code`, `official_name`, `quora_topic_id`, `mesh_descriptor_id`, `guardian_topic_id`, `basic_form_of_government`, `coat_of_arms_image`, `ituisoiec_object_identifier`, `legislative_body`, `trunk_prefix`, `nuts_code`, `freebase_id`, `official_language`, `replaces`, `continent`, `coat_of_arms`, `age_of_majority`, `national_library_of_israel_id_old`, `on_focus_list_of_wikimedia_project`, `wipo_st3`, `coordinates_of_northernmost_point`, `has_quality`, `iso_3166_1_alpha_2_code`, `total_fertility_rate`, `area`, `store_norske_leksikon_id`, `different_from`, `topics_main_category`, `bibliothèque_nationale_de_france_id`, `locator_map_image`, `bbc_things_id`, `head_of_government`, `ioc_country_code`, `fast_id`, `gacs_id`, `archinform_location_id`, `encyclopædia_britannica_online_id`, `page_banner`, `category_for_films_shot_at_this_location`, `mains_voltage`, `executive_body`, `anthem`, `highest_judicial_authority`, `life_expectancy`, `top_level_internet_domain`, `instance_of`, `highest_point`, `category_for_people_born_here`, `driving_side`, `uic_numerical_country_code`, `lowest_point`, `civicus_monitor_country_entry`, `pronunciation_audio`, `idref_id`, `contains_the_administrative_territorial_entity`, `itu_letter_code`, `library_of_congress_authority_id`, `median_income`, `coordinate_location`, `described_by_source`, `brockhaus_enzyklopädie_online_id`, `iab_code`, `klexikon_article_id`, `loc_and_marc_vocabularies_id`, `language_used`, `dr_topic_id`, `world_encyclopedia_of_puppetry_arts_id`, `gran_enciclopèdia_catalana_id`, `whos_on_first_id`, `participant_in`, `inaturalist_place_id`, `omegawiki_defined_meaning`, `hds_id`, `gs1_country_code`, `culture`, `geonlp_id`, `analysis_policy_observatory_term_id`, `category_for_maps`, `treccanis_dizionario_di_storia_id`, `french_vikidia_id`, `english_vikidia_id`, `spanish_vikidia_id`, `italian_vikidia_id`, `larousse_id`, `worldcat_identities_id`, `fandom_article_id`, `eurovoc_id`, `tdv_islam_ansiklopedisi_id`, `part_of`, `open_data_portal`, `kbpedia_id`, `inception`, `rkd_thesaurus_id`, `pm20_geo_code`, `interlingual_index_id`, `jewish_encyclopedia_id_russian`, `economy_of_topic`, `uk_parliament_thesaurus_id`, `edition_humboldt_digital_id`, `tasteatlas_id`, `sapa_id`, `bhcl_uuid`, `github_topic`, `namuwiki_id`, `wordnet_31_synset_id`, `demographics_of_topic`, `ávvir_topic_id`, `ysa_id`, `yle_topic_id`, `bbc_news_topic_id`, `joconde_location_id`, `topics_main_template`, `armeniapedia_id`, `zhihu_topic_id`, `idaigazetteer_id`, `den_store_danske_id`, `krugosvet_article`, `schoenberg_database_of_manuscripts_place_id`, `colon_classification`, `national_library_of_israel_j9u_id`, `democracy_index`, `online_pwn_encyclopedia_id`, `postimees_topic_id`, `head_of_state`, `der_spiegel_topic_id`, `gyldendals_teaterleksikon_id`, `museum_digital_place_id`, `wikisimpsons_id`, `urban_electric_transit_country_id`, `m49_code`, `short_name`, `demonym`, `süddeutsche_zeitung_topic_id`, `country`, `official_website`, `alltrails_trail_id`, `human_development_index`, `national_historical_museums_of_sweden_id`, `eu_knowledge_graph_item_id`, `central_bank`, `gini_coefficient`, `obo_gazetteer_id`, `openstreetmap_element`, `happy_planet_index_score`, `the_top_tens_id`, `grove_art_online_id`, `the_world_factbook_country_id`, `number_of_out_of_school_children`, `giant_bomb_id`, `dewey_decimal_classification`) VALUES ('United States of America', 'country in North America', '3590227', '24.5442989', 'destination/united-states', '4078704-7', 'Category:American people', '911', 'NEMA 1-15', 'USA', 'usa', '00003341n', 'President of the United States', 'Regional/North_America/United_States/', 'United States of America', '489ce91b-6658-3307-9877-795b68554c98', 'Independence Day', 'nan', 'nan', '99404.0', NULL, 'Afghanistan', 'Flag of the United States.svg', 'United States', '130168302', 'history of the United States', 'Washington, D.C.', 'usa', '148838', '310', '338.0', 'ge128584', '294942807.0', NULL, 'Category:Burials in the United States', 'Data:United States.map', '44.81539337', 'pays/etatsunis', '2204.0', 'World Health Organization', 6.700000000000000177, 'right', 'UTC−06:00', 'Category:Deaths in the United States', '105078', 'President of the United States', 'United States', 'Canada', '10045728.0', '7522.0', 'stati-uniti-d-america', '840', '52.92112', '1', '17829-1', 'uus', 'flag of the United States', 'US', 'nan', '0000 0001 2331 5230', 'united-states', 331449281.0, '7012149', 'Italia', 'outline of the United States', '871907', 'United States dollar', '6252001', '🇺🇸', 'concept806', 'geography of the United States', 'USA', 'the United States of America', 'The-United-States-of-America', 'D014481', 'us-news', 'presidential system', 'Greater coat of arms of the United States.svg', '2.16.840', 'United States Congress', 'nan', 'nan', '/m/09c7w0', 'English', 'Thirteen Colonies', 'North America', 'Great Seal of the United States', NULL, '134032.0', 'Wikipedia:List of articles all languages should have', 'US', '71.38', 'free country', 'US', 1.861499999999999933, 9826675.0, 'USA', 'the Americas', 'Category:United States', '118636082', 'USA orthographic.svg', '82857f8e-8134-462a-bb32-b7b14f4eab75', 'Joe Biden', 'USA', '1204155', '322', '3058', 'place/United-States', 'Statue of Liberty light banner.jpg', 'Category:Films shot in the United States', 120.0, 'federal government of the United States', 'The Star-Spangled Banner', 'Supreme Court of the United States', 78.69024000000000285, '.us', 'country', 'Denali', 'Category:Births in the United States', 'right', 'nan', 'Badwater Basin', 'united-states-america', 'Lb-Amerika.ogg', '026376598', 'Delaware', 'USA', 'n78095330', 43585.0, '39.828175', 'Small Brockhaus and Efron Encyclopedic Dictionary', 'vereinigte-staaten-von-amerika', '1455', 'Vereinigte_Staaten_von_Amerika', 'countries/xxu', 'English', 'usa', 'united-states-of-america', '25184', '85633793', 'atomic bombings of Hiroshima and Nagasaki', '1', '6578', '3380', '000-139', 'culture of the United States', 'wkcbUd', '37862', 'Category:Maps of the United States', 'stati-uniti-d-america', 'États-Unis', 'United_States', 'Estados_Unidos', 'Stati_Uniti_d''America', 'pays/États-Unis/118570', 'lccn-n78095330', 'north-america:United_States', '888', 'amerika-birlesik-devletleri', 'North America', 'data.gov', 'UnitedStatesOfAmerica', '+1784-05-12T00:00:00Z', '1634.0', 'E15', 'i84182', '13881', 'economy of the United States', '13557', 'H0009136', 'USA', 'p/24fee191-fccc-40ac-b5b9-5ce73b29907f', 'c14926bc-96b3-4a7c-a343-9e1640b0f9a9', 'nan', '미국', '09067337-n', 'demographics of the United States', 'usa', 'Y105078', '18-193507', 'cx1m7zg01xyt', 'T84-190', 'Template:United States topics', 'nan', '19551627.0', '2086335', 'USA', 'strany_mira/SOEDINENNIE_SHTATI_AMERIKI.html', '3992', 'SG--73', '987007269139705171', 7.919999999999999929, '4169149.0', '2669', 'Joe Biden', 'usa', 'Amerika', '2312.0', '16224', '8', '840.0', 'USA', 'American', 'USA', 'United States of America', 'https://www.usa.gov/', 'us', 0.9210000000000000408, 'geo/3EED62B5-48F8-4428-A852-9055CEAB288E', 'Q373', 'Federal Reserve System', 47.70000000000000284, '2459.0', 'node/424317935', 37.39999999999999858, '9.0', 'T087095', 'united-states', 2528999.0, '3035-396', '2--73')
Traceback (most recent call last):
  File "/home/lkruger/bachelorthesis/bachelorthesis/evaluation.py", line 134, in run_experiment
    insert_query_handler.handle_insert_query(query)
  File "/home/lkruger/bachelorthesis/bachelorthesis/system/insert_query_handler.py", line 27, in handle_insert_query
    query_data.table = self.strategy.predict_table_name(query_data)
  File "/home/lkruger/bachelorthesis/bachelorthesis/system/strategies/llama2/llama2_model.py", line 103, in predict_table_name
    self.run_prompt(
  File "/home/lkruger/bachelorthesis/bachelorthesis/system/strategies/llama2/llama2_model.py", line 87, in run_prompt
    return self.pipe(prompt_text)[0]["generated_text"]
  File "/home/lkruger/bachelorthesis/bachelorthesis/fine_tuning/venv/lib/python3.9/site-packages/transformers/pipelines/text_generation.py", line 240, in __call__
    return super().__call__(text_inputs, **kwargs)
  File "/home/lkruger/bachelorthesis/bachelorthesis/fine_tuning/venv/lib/python3.9/site-packages/transformers/pipelines/base.py", line 1242, in __call__
    return self.run_single(inputs, preprocess_params, forward_params, postprocess_params)
  File "/home/lkruger/bachelorthesis/bachelorthesis/fine_tuning/venv/lib/python3.9/site-packages/transformers/pipelines/base.py", line 1249, in run_single
    model_outputs = self.forward(model_inputs, **forward_params)
  File "/home/lkruger/bachelorthesis/bachelorthesis/fine_tuning/venv/lib/python3.9/site-packages/transformers/pipelines/base.py", line 1149, in forward
    model_outputs = self._forward(model_inputs, **forward_params)
  File "/home/lkruger/bachelorthesis/bachelorthesis/fine_tuning/venv/lib/python3.9/site-packages/transformers/pipelines/text_generation.py", line 327, in _forward
    generated_sequence = self.model.generate(input_ids=input_ids, attention_mask=attention_mask, **generate_kwargs)
  File "/home/lkruger/bachelorthesis/bachelorthesis/fine_tuning/venv/lib/python3.9/site-packages/torch/utils/_contextlib.py", line 115, in decorate_context
    return func(*args, **kwargs)
  File "/home/lkruger/bachelorthesis/bachelorthesis/fine_tuning/venv/lib/python3.9/site-packages/transformers/generation/utils.py", line 1622, in generate
    result = self._sample(
  File "/home/lkruger/bachelorthesis/bachelorthesis/fine_tuning/venv/lib/python3.9/site-packages/transformers/generation/utils.py", line 2791, in _sample
    outputs = self(
  File "/home/lkruger/bachelorthesis/bachelorthesis/fine_tuning/venv/lib/python3.9/site-packages/torch/nn/modules/module.py", line 1511, in _wrapped_call_impl
    return self._call_impl(*args, **kwargs)
  File "/home/lkruger/bachelorthesis/bachelorthesis/fine_tuning/venv/lib/python3.9/site-packages/torch/nn/modules/module.py", line 1520, in _call_impl
    return forward_call(*args, **kwargs)
  File "/home/lkruger/bachelorthesis/bachelorthesis/fine_tuning/venv/lib/python3.9/site-packages/accelerate/hooks.py", line 166, in new_forward
    output = module._old_forward(*args, **kwargs)
  File "/home/lkruger/bachelorthesis/bachelorthesis/fine_tuning/venv/lib/python3.9/site-packages/transformers/models/llama/modeling_llama.py", line 1208, in forward
    outputs = self.model(
  File "/home/lkruger/bachelorthesis/bachelorthesis/fine_tuning/venv/lib/python3.9/site-packages/torch/nn/modules/module.py", line 1511, in _wrapped_call_impl
    return self._call_impl(*args, **kwargs)
  File "/home/lkruger/bachelorthesis/bachelorthesis/fine_tuning/venv/lib/python3.9/site-packages/torch/nn/modules/module.py", line 1520, in _call_impl
    return forward_call(*args, **kwargs)
  File "/home/lkruger/bachelorthesis/bachelorthesis/fine_tuning/venv/lib/python3.9/site-packages/transformers/models/llama/modeling_llama.py", line 1018, in forward
    layer_outputs = decoder_layer(
  File "/home/lkruger/bachelorthesis/bachelorthesis/fine_tuning/venv/lib/python3.9/site-packages/torch/nn/modules/module.py", line 1511, in _wrapped_call_impl
    return self._call_impl(*args, **kwargs)
  File "/home/lkruger/bachelorthesis/bachelorthesis/fine_tuning/venv/lib/python3.9/site-packages/torch/nn/modules/module.py", line 1520, in _call_impl
    return forward_call(*args, **kwargs)
  File "/home/lkruger/bachelorthesis/bachelorthesis/fine_tuning/venv/lib/python3.9/site-packages/accelerate/hooks.py", line 166, in new_forward
    output = module._old_forward(*args, **kwargs)
  File "/home/lkruger/bachelorthesis/bachelorthesis/fine_tuning/venv/lib/python3.9/site-packages/transformers/models/llama/modeling_llama.py", line 756, in forward
    hidden_states = self.mlp(hidden_states)
  File "/home/lkruger/bachelorthesis/bachelorthesis/fine_tuning/venv/lib/python3.9/site-packages/torch/nn/modules/module.py", line 1511, in _wrapped_call_impl
    return self._call_impl(*args, **kwargs)
  File "/home/lkruger/bachelorthesis/bachelorthesis/fine_tuning/venv/lib/python3.9/site-packages/torch/nn/modules/module.py", line 1520, in _call_impl
    return forward_call(*args, **kwargs)
  File "/home/lkruger/bachelorthesis/bachelorthesis/fine_tuning/venv/lib/python3.9/site-packages/accelerate/hooks.py", line 166, in new_forward
    output = module._old_forward(*args, **kwargs)
  File "/home/lkruger/bachelorthesis/bachelorthesis/fine_tuning/venv/lib/python3.9/site-packages/transformers/models/llama/modeling_llama.py", line 240, in forward
    down_proj = self.down_proj(self.act_fn(self.gate_proj(x)) * self.up_proj(x))
torch.cuda.OutOfMemoryError: CUDA out of memory. Tried to allocate 164.00 MiB. GPU 0 has a total capacity of 15.77 GiB of which 135.88 MiB is free. Including non-PyTorch memory, this process has 15.64 GiB memory in use. Of the allocated memory 14.13 GiB is allocated by PyTorch, and 619.66 MiB is reserved by PyTorch but unallocated. If reserved but unallocated memory is large try setting PYTORCH_CUDA_ALLOC_CONF=expandable_segments:True to avoid fragmentation.  See documentation for Memory Management  (https://pytorch.org/docs/stable/notes/cuda.html#environment-variables)


Error while executing query: INSERT INTO (`label`, `description`, `great_russian_encyclopedia_online_id`, `coordinates_of_southernmost_point`, `new_york_times_topic_id`, `gnd_id`, `category_of_associated_people`, `emergency_phone_number`, `electrical_plug_type`, `licence_plate_code`, `hashtag`, `babelnet_id`, `office_held_by_head_of_government`, `curlie_id`, `native_label`, `musicbrainz_area_id`, `public_holiday`, `uic_alphabetical_country_code`, `comic_vine_id`, `insee_countries_and_foreign_territories_code`, `vat_rate`, `diplomatic_relation`, `flag_image`, `commons_gallery`, `viaf_id`, `history_of_topic`, `capital`, `subreddit`, `openstreetmap_relation_id`, `mobile_country_code`, `maritime_identification_digits`, `nkcr_aut_id`, `asc_leiden_thesaurus_id`, `marriageable_age`, `category_of_people_buried_here`, `geoshape`, `coordinates_of_easternmost_point`, `le_monde_diplomatique_subject_id`, `marine_regions_geographic_id`, `member_of`, `unemployment_rate`, `railway_traffic_side`, `located_in_time_zone`, `category_for_people_who_died_here`, `yso_id`, `office_held_by_head_of_state`, `commons_category`, `shares_border_with`, `us_national_archives_identifier`, `nalt_id`, `treccani_id`, `iso_3166_1_numeric_code`, `coordinates_of_westernmost_point`, `country_calling_code`, `stw_thesaurus_for_economics_id`, `statoids_id`, `flag`, `fips_10_4_countries_and_regions`, `dagens_nyheter_topic_id`, `isni`, `nese_id`, `population`, `getty_thesaurus_of_geographic_names_id`, `topics_main_wikimedia_portal`, `wikimedia_outline`, `ndl_authority_id`, `currency`, `geonames_id`, `unicode_character`, `unesco_thesaurus_id`, `geography_of_topic`, `iso_3166_1_alpha_3_code`, `official_name`, `quora_topic_id`, `mesh_descriptor_id`, `guardian_topic_id`, `basic_form_of_government`, `coat_of_arms_image`, `ituisoiec_object_identifier`, `legislative_body`, `trunk_prefix`, `nuts_code`, `freebase_id`, `official_language`, `replaces`, `continent`, `coat_of_arms`, `age_of_majority`, `national_library_of_israel_id_old`, `on_focus_list_of_wikimedia_project`, `wipo_st3`, `coordinates_of_northernmost_point`, `has_quality`, `iso_3166_1_alpha_2_code`, `total_fertility_rate`, `area`, `store_norske_leksikon_id`, `different_from`, `topics_main_category`, `bibliothèque_nationale_de_france_id`, `locator_map_image`, `bbc_things_id`, `head_of_government`, `ioc_country_code`, `fast_id`, `gacs_id`, `archinform_location_id`, `encyclopædia_britannica_online_id`, `page_banner`, `category_for_films_shot_at_this_location`, `mains_voltage`, `executive_body`, `anthem`, `highest_judicial_authority`, `life_expectancy`, `top_level_internet_domain`, `instance_of`, `highest_point`, `category_for_people_born_here`, `driving_side`, `uic_numerical_country_code`, `lowest_point`, `civicus_monitor_country_entry`, `pronunciation_audio`, `idref_id`, `contains_the_administrative_territorial_entity`, `itu_letter_code`, `library_of_congress_authority_id`, `median_income`, `coordinate_location`, `described_by_source`, `brockhaus_enzyklopädie_online_id`, `iab_code`, `klexikon_article_id`, `loc_and_marc_vocabularies_id`, `language_used`, `dr_topic_id`, `world_encyclopedia_of_puppetry_arts_id`, `gran_enciclopèdia_catalana_id`, `whos_on_first_id`, `participant_in`, `inaturalist_place_id`, `omegawiki_defined_meaning`, `hds_id`, `gs1_country_code`, `culture`, `geonlp_id`, `analysis_policy_observatory_term_id`, `category_for_maps`, `treccanis_dizionario_di_storia_id`, `french_vikidia_id`, `english_vikidia_id`, `spanish_vikidia_id`, `italian_vikidia_id`, `larousse_id`, `worldcat_identities_id`, `fandom_article_id`, `eurovoc_id`, `tdv_islam_ansiklopedisi_id`, `part_of`, `open_data_portal`, `kbpedia_id`, `inception`, `rkd_thesaurus_id`, `pm20_geo_code`, `interlingual_index_id`, `jewish_encyclopedia_id_russian`, `economy_of_topic`, `uk_parliament_thesaurus_id`, `edition_humboldt_digital_id`, `tasteatlas_id`, `sapa_id`, `bhcl_uuid`, `github_topic`, `namuwiki_id`, `wordnet_31_synset_id`, `demographics_of_topic`, `ávvir_topic_id`, `ysa_id`, `yle_topic_id`, `bbc_news_topic_id`, `joconde_location_id`, `topics_main_template`, `armeniapedia_id`, `zhihu_topic_id`, `idaigazetteer_id`, `den_store_danske_id`, `krugosvet_article`, `schoenberg_database_of_manuscripts_place_id`, `colon_classification`, `national_library_of_israel_j9u_id`, `democracy_index`, `online_pwn_encyclopedia_id`, `postimees_topic_id`, `head_of_state`, `der_spiegel_topic_id`, `gyldendals_teaterleksikon_id`, `museum_digital_place_id`, `wikisimpsons_id`, `urban_electric_transit_country_id`, `m49_code`, `short_name`, `demonym`, `süddeutsche_zeitung_topic_id`, `country`, `official_website`, `alltrails_trail_id`, `human_development_index`, `national_historical_museums_of_sweden_id`, `eu_knowledge_graph_item_id`, `central_bank`, `gini_coefficient`, `obo_gazetteer_id`, `openstreetmap_element`, `happy_planet_index_score`, `the_top_tens_id`, `grove_art_online_id`, `the_world_factbook_country_id`, `number_of_out_of_school_children`, `giant_bomb_id`, `dewey_decimal_classification`) VALUES ('United Kingdom', 'country in north-west Europe', '4351848', '49.95673883', 'nan', '4022153-2', 'Category:British people', '999', 'BS 1363', 'GB', 'UnitedKingdom', '00013173n', 'Prime Minister of the United Kingdom', 'Regional/Europe/United_Kingdom/', 'United Kingdom of Great Britain and Northern Ireland', '8a754a16-0027-3a29-b6d7-2b40ea0481ed', 'New Year''s Day', 'GB', 'nan', '99132.0', 20.0, 'Canada', 'Flag of the United Kingdom (3-5).svg', 'United Kingdom', '127756949', 'history of the United Kingdom', 'London', 'unitedkingdom', '62149', '234', '232.0', 'ge134525', '294914161.0', NULL, 'Category:Burials in the United Kingdom', 'Data:United Kingdom.map', '52.48106832', 'pays/royaumeuni', 'nan', 'United Nations', 6.0, 'left', 'UTC±00:00', 'Category:Deaths in the United Kingdom', '104990', 'monarch of the United Kingdom', 'United Kingdom', 'Republic of Ireland', 'nan', '19855.0', 'gran-bretagna-e-irlanda-del-nord-regno-unito-di', '826', '54.46477', '44', '17374-2', 'ugb', 'flag of the United Kingdom', 'UK', 'storbritannien', '0000 0001 2248 3427', 'united-kingdom', 67326569.0, '7008591', 'Portal:United Kingdom', 'outline of the United Kingdom', '871900', 'pound sterling', '2635167', '🇬🇧', 'concept925', 'geography of the United Kingdom', 'GBR', 'United Kingdom of Great Britain and Northern Ireland', 'The-United-Kingdom-1', 'D006113', 'uk-news', 'constitutional monarchy', 'Royal Coat of Arms of the United Kingdom.svg', '2.16.826', 'Parliament of the United Kingdom', '0.0', 'UK', '/m/07ssc', 'English', 'United Kingdom of Great Britain and Ireland', 'Europe', 'royal coat of arms of the United Kingdom', 18.0, '974670.0', 'Wikipedia:List of articles all languages should have', 'GB', '60.87', 'free country', 'GB', 1.830000000000000071, 242495.4067940000096, 'Storbritannia', 'Great Britain', 'Category:United Kingdom', '11872746v', 'Europe-UK.svg', '2e91364c-5c77-4660-b76e-d76202785e64', 'Rishi Sunak', 'GBR', '1204623', '388', '8463', 'place/United-Kingdom', 'Sycamore Gap Banner.jpg', 'Category:Films shot in the United Kingdom', 230.0, 'Government of the United Kingdom', 'God Save the King', 'Supreme Court of the United Kingdom', 80.95610000000000639, '.uk', 'sovereign state', 'Ben Nevis', 'Category:Births in the United Kingdom', 'left', '70.0', 'The Fens', 'united-kingdom', 'Lb-Vereenegt Kinnekräich.ogg', '026488515', 'Northern Ireland', 'G', 'n79023147', 31617.0, '54.6', 'Encyclopædia Britannica 11th edition', 'nan', '1453', 'Großbritannien', 'countries/xxk', 'English', 'storbritannien', 'great-britain', '30805', '85633159', 'Battle of Carillon', '6857', '8302', '3356', '500-509', 'culture of the United Kingdom', 'hOIv1y', '19016', 'Category:Maps of the United Kingdom', 'gran-bretagna', 'Royaume-Uni', 'United_Kingdom', 'Reino_Unido', 'Regno_Unito', 'pays/Grande-Bretagne/122085', 'viaf-127412899', 'united-kingdom:United_Kingdom_of_Great_Britain_and_Northern_Ireland', '3774', 'nan', 'Commonwealth of Nations', 'data.gov.uk', 'UnitedKingdom', '+1927-04-12T00:00:00Z', '26187.0', 'A22', 'i83373', '10872', 'economy of the United Kingdom', '13526', 'H0010934', 'united-kingdom', 'p/f7c88cf6-7901-4dcc-bad4-6002e52b35ce', '07d2d2b9-6788-4e6f-b7ae-d287bd74eb33', 'uk', '영국', '08879115-n', 'demographics of the United Kingdom', 'stuorra-britannia', 'Y104990', '18-229075', 'nan', 'T84-3504', 'Template:Country data United Kingdom', 'nan', '19552360.0', '2290445', 'Storbritannien', 'Earth_sciences/geografiya/SOEDINENNOE_KOROLEVSTVO_VELIKOBRITANII_I_SEVERNO_IRLANDII.html', '3999', 'nan', '987007554952005171', 8.539999999999999147, '4169177.0', '3666', 'Charles III', 'grossbritannien', 'nan', 'nan', '41871', '31', '826.0', 'UK', 'British', 'Großbritannien', 'United Kingdom', 'https://www.gov.uk/', 'nan', 0.929000000000000047, 'geo/95CDA651-011B-44EF-92F9-1F5680FD754A', 'Q21', 'Bank of England', 32.79999999999999715, '2637.0', 'node/838090640', 56.0, '41.0', 'T087093', 'united-kingdom', 62799.0, '3035-492', '2--41')
Traceback (most recent call last):
  File "/home/lkruger/bachelorthesis/bachelorthesis/evaluation.py", line 134, in run_experiment
    insert_query_handler.handle_insert_query(query)
  File "/home/lkruger/bachelorthesis/bachelorthesis/system/insert_query_handler.py", line 27, in handle_insert_query
    query_data.table = self.strategy.predict_table_name(query_data)
  File "/home/lkruger/bachelorthesis/bachelorthesis/system/strategies/llama2/llama2_model.py", line 103, in predict_table_name
    self.run_prompt(
  File "/home/lkruger/bachelorthesis/bachelorthesis/system/strategies/llama2/llama2_model.py", line 87, in run_prompt
    return self.pipe(prompt_text)[0]["generated_text"]
  File "/home/lkruger/bachelorthesis/bachelorthesis/fine_tuning/venv/lib/python3.9/site-packages/transformers/pipelines/text_generation.py", line 240, in __call__
    return super().__call__(text_inputs, **kwargs)
  File "/home/lkruger/bachelorthesis/bachelorthesis/fine_tuning/venv/lib/python3.9/site-packages/transformers/pipelines/base.py", line 1242, in __call__
    return self.run_single(inputs, preprocess_params, forward_params, postprocess_params)
  File "/home/lkruger/bachelorthesis/bachelorthesis/fine_tuning/venv/lib/python3.9/site-packages/transformers/pipelines/base.py", line 1249, in run_single
    model_outputs = self.forward(model_inputs, **forward_params)
  File "/home/lkruger/bachelorthesis/bachelorthesis/fine_tuning/venv/lib/python3.9/site-packages/transformers/pipelines/base.py", line 1149, in forward
    model_outputs = self._forward(model_inputs, **forward_params)
  File "/home/lkruger/bachelorthesis/bachelorthesis/fine_tuning/venv/lib/python3.9/site-packages/transformers/pipelines/text_generation.py", line 327, in _forward
    generated_sequence = self.model.generate(input_ids=input_ids, attention_mask=attention_mask, **generate_kwargs)
  File "/home/lkruger/bachelorthesis/bachelorthesis/fine_tuning/venv/lib/python3.9/site-packages/torch/utils/_contextlib.py", line 115, in decorate_context
    return func(*args, **kwargs)
  File "/home/lkruger/bachelorthesis/bachelorthesis/fine_tuning/venv/lib/python3.9/site-packages/transformers/generation/utils.py", line 1622, in generate
    result = self._sample(
  File "/home/lkruger/bachelorthesis/bachelorthesis/fine_tuning/venv/lib/python3.9/site-packages/transformers/generation/utils.py", line 2791, in _sample
    outputs = self(
  File "/home/lkruger/bachelorthesis/bachelorthesis/fine_tuning/venv/lib/python3.9/site-packages/torch/nn/modules/module.py", line 1511, in _wrapped_call_impl
    return self._call_impl(*args, **kwargs)
  File "/home/lkruger/bachelorthesis/bachelorthesis/fine_tuning/venv/lib/python3.9/site-packages/torch/nn/modules/module.py", line 1520, in _call_impl
    return forward_call(*args, **kwargs)
  File "/home/lkruger/bachelorthesis/bachelorthesis/fine_tuning/venv/lib/python3.9/site-packages/accelerate/hooks.py", line 166, in new_forward
    output = module._old_forward(*args, **kwargs)
  File "/home/lkruger/bachelorthesis/bachelorthesis/fine_tuning/venv/lib/python3.9/site-packages/transformers/models/llama/modeling_llama.py", line 1208, in forward
    outputs = self.model(
  File "/home/lkruger/bachelorthesis/bachelorthesis/fine_tuning/venv/lib/python3.9/site-packages/torch/nn/modules/module.py", line 1511, in _wrapped_call_impl
    return self._call_impl(*args, **kwargs)
  File "/home/lkruger/bachelorthesis/bachelorthesis/fine_tuning/venv/lib/python3.9/site-packages/torch/nn/modules/module.py", line 1520, in _call_impl
    return forward_call(*args, **kwargs)
  File "/home/lkruger/bachelorthesis/bachelorthesis/fine_tuning/venv/lib/python3.9/site-packages/transformers/models/llama/modeling_llama.py", line 1018, in forward
    layer_outputs = decoder_layer(
  File "/home/lkruger/bachelorthesis/bachelorthesis/fine_tuning/venv/lib/python3.9/site-packages/torch/nn/modules/module.py", line 1511, in _wrapped_call_impl
    return self._call_impl(*args, **kwargs)
  File "/home/lkruger/bachelorthesis/bachelorthesis/fine_tuning/venv/lib/python3.9/site-packages/torch/nn/modules/module.py", line 1520, in _call_impl
    return forward_call(*args, **kwargs)
  File "/home/lkruger/bachelorthesis/bachelorthesis/fine_tuning/venv/lib/python3.9/site-packages/accelerate/hooks.py", line 166, in new_forward
    output = module._old_forward(*args, **kwargs)
  File "/home/lkruger/bachelorthesis/bachelorthesis/fine_tuning/venv/lib/python3.9/site-packages/transformers/models/llama/modeling_llama.py", line 756, in forward
    hidden_states = self.mlp(hidden_states)
  File "/home/lkruger/bachelorthesis/bachelorthesis/fine_tuning/venv/lib/python3.9/site-packages/torch/nn/modules/module.py", line 1511, in _wrapped_call_impl
    return self._call_impl(*args, **kwargs)
  File "/home/lkruger/bachelorthesis/bachelorthesis/fine_tuning/venv/lib/python3.9/site-packages/torch/nn/modules/module.py", line 1520, in _call_impl
    return forward_call(*args, **kwargs)
  File "/home/lkruger/bachelorthesis/bachelorthesis/fine_tuning/venv/lib/python3.9/site-packages/accelerate/hooks.py", line 166, in new_forward
    output = module._old_forward(*args, **kwargs)
  File "/home/lkruger/bachelorthesis/bachelorthesis/fine_tuning/venv/lib/python3.9/site-packages/transformers/models/llama/modeling_llama.py", line 240, in forward
    down_proj = self.down_proj(self.act_fn(self.gate_proj(x)) * self.up_proj(x))
torch.cuda.OutOfMemoryError: CUDA out of memory. Tried to allocate 166.00 MiB. GPU 0 has a total capacity of 15.77 GiB of which 135.88 MiB is free. Including non-PyTorch memory, this process has 15.64 GiB memory in use. Of the allocated memory 14.14 GiB is allocated by PyTorch, and 606.98 MiB is reserved by PyTorch but unallocated. If reserved but unallocated memory is large try setting PYTORCH_CUDA_ALLOC_CONF=expandable_segments:True to avoid fragmentation.  See documentation for Memory Management  (https://pytorch.org/docs/stable/notes/cuda.html#environment-variables)


Error while executing query: INSERT INTO (`label`, `description`, `great_russian_encyclopedia_online_id`, `coordinates_of_southernmost_point`, `new_york_times_topic_id`, `gnd_id`, `category_of_associated_people`, `emergency_phone_number`, `electrical_plug_type`, `licence_plate_code`, `hashtag`, `babelnet_id`, `office_held_by_head_of_government`, `curlie_id`, `native_label`, `musicbrainz_area_id`, `public_holiday`, `uic_alphabetical_country_code`, `comic_vine_id`, `insee_countries_and_foreign_territories_code`, `vat_rate`, `diplomatic_relation`, `flag_image`, `commons_gallery`, `viaf_id`, `history_of_topic`, `capital`, `subreddit`, `openstreetmap_relation_id`, `mobile_country_code`, `maritime_identification_digits`, `nkcr_aut_id`, `asc_leiden_thesaurus_id`, `marriageable_age`, `category_of_people_buried_here`, `geoshape`, `coordinates_of_easternmost_point`, `le_monde_diplomatique_subject_id`, `marine_regions_geographic_id`, `member_of`, `unemployment_rate`, `railway_traffic_side`, `located_in_time_zone`, `category_for_people_who_died_here`, `yso_id`, `office_held_by_head_of_state`, `commons_category`, `shares_border_with`, `us_national_archives_identifier`, `nalt_id`, `treccani_id`, `iso_3166_1_numeric_code`, `coordinates_of_westernmost_point`, `country_calling_code`, `stw_thesaurus_for_economics_id`, `statoids_id`, `flag`, `fips_10_4_countries_and_regions`, `dagens_nyheter_topic_id`, `isni`, `nese_id`, `population`, `getty_thesaurus_of_geographic_names_id`, `topics_main_wikimedia_portal`, `wikimedia_outline`, `ndl_authority_id`, `currency`, `geonames_id`, `unicode_character`, `unesco_thesaurus_id`, `geography_of_topic`, `iso_3166_1_alpha_3_code`, `official_name`, `quora_topic_id`, `mesh_descriptor_id`, `guardian_topic_id`, `basic_form_of_government`, `coat_of_arms_image`, `ituisoiec_object_identifier`, `legislative_body`, `trunk_prefix`, `nuts_code`, `freebase_id`, `official_language`, `replaces`, `continent`, `coat_of_arms`, `age_of_majority`, `national_library_of_israel_id_old`, `on_focus_list_of_wikimedia_project`, `wipo_st3`, `coordinates_of_northernmost_point`, `has_quality`, `iso_3166_1_alpha_2_code`, `total_fertility_rate`, `area`, `store_norske_leksikon_id`, `different_from`, `topics_main_category`, `bibliothèque_nationale_de_france_id`, `locator_map_image`, `bbc_things_id`, `head_of_government`, `ioc_country_code`, `fast_id`, `gacs_id`, `archinform_location_id`, `encyclopædia_britannica_online_id`, `page_banner`, `category_for_films_shot_at_this_location`, `mains_voltage`, `executive_body`, `anthem`, `highest_judicial_authority`, `life_expectancy`, `top_level_internet_domain`, `instance_of`, `highest_point`, `category_for_people_born_here`, `driving_side`, `uic_numerical_country_code`, `lowest_point`, `civicus_monitor_country_entry`, `pronunciation_audio`, `idref_id`, `contains_the_administrative_territorial_entity`, `itu_letter_code`, `library_of_congress_authority_id`, `median_income`, `coordinate_location`, `described_by_source`, `brockhaus_enzyklopädie_online_id`, `iab_code`, `klexikon_article_id`, `loc_and_marc_vocabularies_id`, `language_used`, `dr_topic_id`, `world_encyclopedia_of_puppetry_arts_id`, `gran_enciclopèdia_catalana_id`, `whos_on_first_id`, `participant_in`, `inaturalist_place_id`, `omegawiki_defined_meaning`, `hds_id`, `gs1_country_code`, `culture`, `geonlp_id`, `analysis_policy_observatory_term_id`, `category_for_maps`, `treccanis_dizionario_di_storia_id`, `french_vikidia_id`, `english_vikidia_id`, `spanish_vikidia_id`, `italian_vikidia_id`, `larousse_id`, `worldcat_identities_id`, `fandom_article_id`, `eurovoc_id`, `tdv_islam_ansiklopedisi_id`, `part_of`, `open_data_portal`, `kbpedia_id`, `inception`, `rkd_thesaurus_id`, `pm20_geo_code`, `interlingual_index_id`, `jewish_encyclopedia_id_russian`, `economy_of_topic`, `uk_parliament_thesaurus_id`, `edition_humboldt_digital_id`, `tasteatlas_id`, `sapa_id`, `bhcl_uuid`, `github_topic`, `namuwiki_id`, `wordnet_31_synset_id`, `demographics_of_topic`, `ávvir_topic_id`, `ysa_id`, `yle_topic_id`, `bbc_news_topic_id`, `joconde_location_id`, `topics_main_template`, `armeniapedia_id`, `zhihu_topic_id`, `idaigazetteer_id`, `den_store_danske_id`, `krugosvet_article`, `schoenberg_database_of_manuscripts_place_id`, `colon_classification`, `national_library_of_israel_j9u_id`, `democracy_index`, `online_pwn_encyclopedia_id`, `postimees_topic_id`, `head_of_state`, `der_spiegel_topic_id`, `gyldendals_teaterleksikon_id`, `museum_digital_place_id`, `wikisimpsons_id`, `urban_electric_transit_country_id`, `m49_code`, `short_name`, `demonym`, `süddeutsche_zeitung_topic_id`, `country`, `official_website`, `alltrails_trail_id`, `human_development_index`, `national_historical_museums_of_sweden_id`, `eu_knowledge_graph_item_id`, `central_bank`, `gini_coefficient`, `obo_gazetteer_id`, `openstreetmap_element`, `happy_planet_index_score`, `the_top_tens_id`, `grove_art_online_id`, `the_world_factbook_country_id`, `number_of_out_of_school_children`, `giant_bomb_id`, `dewey_decimal_classification`) VALUES ('Spain', 'country in southwestern Europe with territories in Africa', '2632850', '27.641944444444444', 'destination/spain', '4055964-6', 'Category:Spanish people', '112', 'Europlug', 'E', 'Spain', '00031605n', 'Prime Minister of Spain', 'Regional/Europe/Spain/', 'Reino de España', '471c46a7-afc5-31c4-923c-d0444f5053a4', 'New Year''s Day', 'E', '4020-55776', '99134.0', 21.0, 'Italy', 'Flag of Spain.svg', 'España', '133609710', 'history of Spain', 'Madrid', 'es', '1311341', '214', '224.0', 'ge131543', '294938850.0', 16.0, 'Category:Burials in Spain', 'Data:Spain.map', '39.87672222222222', 'pays/espagne', '2185.0', 'North Atlantic Treaty Organization', 16.0, 'nan', 'UTC+01:00', 'Category:Deaths in Spain', '105209', 'Monarch of Spain', 'Spain', 'Gibraltar', '10035826.0', '21750.0', 'spagna', '724', '27.704167', '34', '17161-5', 'ues', 'flag of Spain', 'SP', 'spanien', '0000 0001 2324 3505', 'spanien', 47415750.0, '1000095', 'Portal:Spain', 'outline of Spain', '571694', 'euro', '2510769', '🇪🇸', 'concept923', 'geography of Spain', 'ESP', 'Španělské království', 'Spain', 'D013030', 'world/spain', 'parliamentary monarchy', 'Escudo de España (mazonado).svg', '2.16.724', 'Cortes Generales', 'nan', 'ES', '/m/06mkj', 'Spanish', 'Hispanic Monarchy', 'Europe', 'coat of arms of Spain', 18.0, '974222.0', 'Wikipedia:List of articles all languages should have', 'ES', '43.791222222222224', 'free country', 'ES', 1.270000000000000017, 505990.0, 'Spania', 'Español', 'Category:Spain', '118635857', 'EU-Spain.svg', 'c0adb26a-0bdb-4f42-8c12-7d41b56986de', 'Pedro Sánchez', 'ESP', '1204303', '295', '3043', 'place/Spain', 'Cardejón banner1.jpg', 'Category:Films shot in Spain', 230.0, 'Government of Spain', 'Marcha Real', 'Supreme Court of Spain', 82.83171000000000105, '.es', 'sovereign state', 'Teide', 'Category:Births in Spain', 'right', '71.0', 'Mina de Las Cruces', 'spain', 'Lb-Spuenien.ogg', '026376296', 'plazas de soberanía', 'E', 'n79006971', 21959.0, '40.2', 'Catholic Encyclopedia', 'spanien', '1412', 'Spanien', 'countries/sp', 'Spanish', 'spanien', 'spain', '24810', '85633129', 'Battle of Porto Bello', '6774', '7965', '3372', '840-849', 'culture of Spain', 'NgN1jZ', '9496', 'Category:Maps of Spain', 'spagna', 'Espagne', 'Spain', 'España', 'Spagna', 'pays/Espagne/118438', 'lccn-n79006971', 'nan', '863', 'ispanya', 'Europe', 'Spain open data portal', 'Spain', '+1715-00-00T00:00:00Z', '386.0', 'A30', 'i84082', '11856', 'economy of Spain', '12960', 'H0010330', 'spain', 'p/43369cca-be00-41fd-804a-873cf1c50294', 'e2f8a55c-e941-4638-8f8b-5086aa7744f8', 'spain', '스페인', '09045691-n', 'demographics of Spain', 'espannja', 'Y105209', '18-177171', 'c302m85qenvt', 'T84-703', 'Template:Spain topics', '16484.0', '19592266.0', '2074390', 'Spanien', 'strany_mira/ISPANIYA.html', '30', 'SG--541', '987007552531805171', 8.119999999999999218, '4169050.0', '3290', 'Felipe VI of Spain', 'spanien', 'Spanien', '2333.0', '48451', '23', '724.0', 'Іспанія', 'Spanish', 'Spanien', 'Spain', 'http://www.spain.info/', 'spain', 0.9050000000000000266, 'geo/F9FEFF96-EEF8-45D8-BA7A-3C8BAC93164D', 'Q7', 'nan', 34.29999999999999715, '591.0', 'node/148332300', 52.29999999999999716, '64.0', 'T080265', 'spain', 35822.0, '3035-527', '2--46')
Traceback (most recent call last):
  File "/home/lkruger/bachelorthesis/bachelorthesis/evaluation.py", line 134, in run_experiment
    insert_query_handler.handle_insert_query(query)
  File "/home/lkruger/bachelorthesis/bachelorthesis/system/insert_query_handler.py", line 27, in handle_insert_query
    query_data.table = self.strategy.predict_table_name(query_data)
  File "/home/lkruger/bachelorthesis/bachelorthesis/system/strategies/llama2/llama2_model.py", line 103, in predict_table_name
    self.run_prompt(
  File "/home/lkruger/bachelorthesis/bachelorthesis/system/strategies/llama2/llama2_model.py", line 87, in run_prompt
    return self.pipe(prompt_text)[0]["generated_text"]
  File "/home/lkruger/bachelorthesis/bachelorthesis/fine_tuning/venv/lib/python3.9/site-packages/transformers/pipelines/text_generation.py", line 240, in __call__
    return super().__call__(text_inputs, **kwargs)
  File "/home/lkruger/bachelorthesis/bachelorthesis/fine_tuning/venv/lib/python3.9/site-packages/transformers/pipelines/base.py", line 1242, in __call__
    return self.run_single(inputs, preprocess_params, forward_params, postprocess_params)
  File "/home/lkruger/bachelorthesis/bachelorthesis/fine_tuning/venv/lib/python3.9/site-packages/transformers/pipelines/base.py", line 1249, in run_single
    model_outputs = self.forward(model_inputs, **forward_params)
  File "/home/lkruger/bachelorthesis/bachelorthesis/fine_tuning/venv/lib/python3.9/site-packages/transformers/pipelines/base.py", line 1149, in forward
    model_outputs = self._forward(model_inputs, **forward_params)
  File "/home/lkruger/bachelorthesis/bachelorthesis/fine_tuning/venv/lib/python3.9/site-packages/transformers/pipelines/text_generation.py", line 327, in _forward
    generated_sequence = self.model.generate(input_ids=input_ids, attention_mask=attention_mask, **generate_kwargs)
  File "/home/lkruger/bachelorthesis/bachelorthesis/fine_tuning/venv/lib/python3.9/site-packages/torch/utils/_contextlib.py", line 115, in decorate_context
    return func(*args, **kwargs)
  File "/home/lkruger/bachelorthesis/bachelorthesis/fine_tuning/venv/lib/python3.9/site-packages/transformers/generation/utils.py", line 1622, in generate
    result = self._sample(
  File "/home/lkruger/bachelorthesis/bachelorthesis/fine_tuning/venv/lib/python3.9/site-packages/transformers/generation/utils.py", line 2791, in _sample
    outputs = self(
  File "/home/lkruger/bachelorthesis/bachelorthesis/fine_tuning/venv/lib/python3.9/site-packages/torch/nn/modules/module.py", line 1511, in _wrapped_call_impl
    return self._call_impl(*args, **kwargs)
  File "/home/lkruger/bachelorthesis/bachelorthesis/fine_tuning/venv/lib/python3.9/site-packages/torch/nn/modules/module.py", line 1520, in _call_impl
    return forward_call(*args, **kwargs)
  File "/home/lkruger/bachelorthesis/bachelorthesis/fine_tuning/venv/lib/python3.9/site-packages/accelerate/hooks.py", line 166, in new_forward
    output = module._old_forward(*args, **kwargs)
  File "/home/lkruger/bachelorthesis/bachelorthesis/fine_tuning/venv/lib/python3.9/site-packages/transformers/models/llama/modeling_llama.py", line 1208, in forward
    outputs = self.model(
  File "/home/lkruger/bachelorthesis/bachelorthesis/fine_tuning/venv/lib/python3.9/site-packages/torch/nn/modules/module.py", line 1511, in _wrapped_call_impl
    return self._call_impl(*args, **kwargs)
  File "/home/lkruger/bachelorthesis/bachelorthesis/fine_tuning/venv/lib/python3.9/site-packages/torch/nn/modules/module.py", line 1520, in _call_impl
    return forward_call(*args, **kwargs)
  File "/home/lkruger/bachelorthesis/bachelorthesis/fine_tuning/venv/lib/python3.9/site-packages/transformers/models/llama/modeling_llama.py", line 1018, in forward
    layer_outputs = decoder_layer(
  File "/home/lkruger/bachelorthesis/bachelorthesis/fine_tuning/venv/lib/python3.9/site-packages/torch/nn/modules/module.py", line 1511, in _wrapped_call_impl
    return self._call_impl(*args, **kwargs)
  File "/home/lkruger/bachelorthesis/bachelorthesis/fine_tuning/venv/lib/python3.9/site-packages/torch/nn/modules/module.py", line 1520, in _call_impl
    return forward_call(*args, **kwargs)
  File "/home/lkruger/bachelorthesis/bachelorthesis/fine_tuning/venv/lib/python3.9/site-packages/accelerate/hooks.py", line 166, in new_forward
    output = module._old_forward(*args, **kwargs)
  File "/home/lkruger/bachelorthesis/bachelorthesis/fine_tuning/venv/lib/python3.9/site-packages/transformers/models/llama/modeling_llama.py", line 756, in forward
    hidden_states = self.mlp(hidden_states)
  File "/home/lkruger/bachelorthesis/bachelorthesis/fine_tuning/venv/lib/python3.9/site-packages/torch/nn/modules/module.py", line 1511, in _wrapped_call_impl
    return self._call_impl(*args, **kwargs)
  File "/home/lkruger/bachelorthesis/bachelorthesis/fine_tuning/venv/lib/python3.9/site-packages/torch/nn/modules/module.py", line 1520, in _call_impl
    return forward_call(*args, **kwargs)
  File "/home/lkruger/bachelorthesis/bachelorthesis/fine_tuning/venv/lib/python3.9/site-packages/accelerate/hooks.py", line 166, in new_forward
    output = module._old_forward(*args, **kwargs)
  File "/home/lkruger/bachelorthesis/bachelorthesis/fine_tuning/venv/lib/python3.9/site-packages/transformers/models/llama/modeling_llama.py", line 240, in forward
    down_proj = self.down_proj(self.act_fn(self.gate_proj(x)) * self.up_proj(x))
torch.cuda.OutOfMemoryError: CUDA out of memory. Tried to allocate 160.00 MiB. GPU 0 has a total capacity of 15.77 GiB of which 135.88 MiB is free. Including non-PyTorch memory, this process has 15.64 GiB memory in use. Of the allocated memory 14.08 GiB is allocated by PyTorch, and 667.24 MiB is reserved by PyTorch but unallocated. If reserved but unallocated memory is large try setting PYTORCH_CUDA_ALLOC_CONF=expandable_segments:True to avoid fragmentation.  See documentation for Memory Management  (https://pytorch.org/docs/stable/notes/cuda.html#environment-variables)


Error while executing query: INSERT INTO (`label`, `description`, `great_russian_encyclopedia_online_id`, `coordinates_of_southernmost_point`, `new_york_times_topic_id`, `gnd_id`, `category_of_associated_people`, `emergency_phone_number`, `electrical_plug_type`, `licence_plate_code`, `hashtag`, `babelnet_id`, `office_held_by_head_of_government`, `curlie_id`, `native_label`, `musicbrainz_area_id`, `public_holiday`, `uic_alphabetical_country_code`, `comic_vine_id`, `insee_countries_and_foreign_territories_code`, `vat_rate`, `diplomatic_relation`, `flag_image`, `commons_gallery`, `viaf_id`, `history_of_topic`, `capital`, `subreddit`, `openstreetmap_relation_id`, `mobile_country_code`, `maritime_identification_digits`, `nkcr_aut_id`, `asc_leiden_thesaurus_id`, `marriageable_age`, `category_of_people_buried_here`, `geoshape`, `coordinates_of_easternmost_point`, `le_monde_diplomatique_subject_id`, `marine_regions_geographic_id`, `member_of`, `unemployment_rate`, `railway_traffic_side`, `located_in_time_zone`, `category_for_people_who_died_here`, `yso_id`, `office_held_by_head_of_state`, `commons_category`, `shares_border_with`, `us_national_archives_identifier`, `nalt_id`, `treccani_id`, `iso_3166_1_numeric_code`, `coordinates_of_westernmost_point`, `country_calling_code`, `stw_thesaurus_for_economics_id`, `statoids_id`, `flag`, `fips_10_4_countries_and_regions`, `dagens_nyheter_topic_id`, `isni`, `nese_id`, `population`, `getty_thesaurus_of_geographic_names_id`, `topics_main_wikimedia_portal`, `wikimedia_outline`, `ndl_authority_id`, `currency`, `geonames_id`, `unicode_character`, `unesco_thesaurus_id`, `geography_of_topic`, `iso_3166_1_alpha_3_code`, `official_name`, `quora_topic_id`, `mesh_descriptor_id`, `guardian_topic_id`, `basic_form_of_government`, `coat_of_arms_image`, `ituisoiec_object_identifier`, `legislative_body`, `trunk_prefix`, `nuts_code`, `freebase_id`, `official_language`, `replaces`, `continent`, `coat_of_arms`, `age_of_majority`, `national_library_of_israel_id_old`, `on_focus_list_of_wikimedia_project`, `wipo_st3`, `coordinates_of_northernmost_point`, `has_quality`, `iso_3166_1_alpha_2_code`, `total_fertility_rate`, `area`, `store_norske_leksikon_id`, `different_from`, `topics_main_category`, `bibliothèque_nationale_de_france_id`, `locator_map_image`, `bbc_things_id`, `head_of_government`, `ioc_country_code`, `fast_id`, `gacs_id`, `archinform_location_id`, `encyclopædia_britannica_online_id`, `page_banner`, `category_for_films_shot_at_this_location`, `mains_voltage`, `executive_body`, `anthem`, `highest_judicial_authority`, `life_expectancy`, `top_level_internet_domain`, `instance_of`, `highest_point`, `category_for_people_born_here`, `driving_side`, `uic_numerical_country_code`, `lowest_point`, `civicus_monitor_country_entry`, `pronunciation_audio`, `idref_id`, `contains_the_administrative_territorial_entity`, `itu_letter_code`, `library_of_congress_authority_id`, `median_income`, `coordinate_location`, `described_by_source`, `brockhaus_enzyklopädie_online_id`, `iab_code`, `klexikon_article_id`, `loc_and_marc_vocabularies_id`, `language_used`, `dr_topic_id`, `world_encyclopedia_of_puppetry_arts_id`, `gran_enciclopèdia_catalana_id`, `whos_on_first_id`, `participant_in`, `inaturalist_place_id`, `omegawiki_defined_meaning`, `hds_id`, `gs1_country_code`, `culture`, `geonlp_id`, `analysis_policy_observatory_term_id`, `category_for_maps`, `treccanis_dizionario_di_storia_id`, `french_vikidia_id`, `english_vikidia_id`, `spanish_vikidia_id`, `italian_vikidia_id`, `larousse_id`, `worldcat_identities_id`, `fandom_article_id`, `eurovoc_id`, `tdv_islam_ansiklopedisi_id`, `part_of`, `open_data_portal`, `kbpedia_id`, `inception`, `rkd_thesaurus_id`, `pm20_geo_code`, `interlingual_index_id`, `jewish_encyclopedia_id_russian`, `economy_of_topic`, `uk_parliament_thesaurus_id`, `edition_humboldt_digital_id`, `tasteatlas_id`, `sapa_id`, `bhcl_uuid`, `github_topic`, `namuwiki_id`, `wordnet_31_synset_id`, `demographics_of_topic`, `ávvir_topic_id`, `ysa_id`, `yle_topic_id`, `bbc_news_topic_id`, `joconde_location_id`, `topics_main_template`, `armeniapedia_id`, `zhihu_topic_id`, `idaigazetteer_id`, `den_store_danske_id`, `krugosvet_article`, `schoenberg_database_of_manuscripts_place_id`, `colon_classification`, `national_library_of_israel_j9u_id`, `democracy_index`, `online_pwn_encyclopedia_id`, `postimees_topic_id`, `head_of_state`, `der_spiegel_topic_id`, `gyldendals_teaterleksikon_id`, `museum_digital_place_id`, `wikisimpsons_id`, `urban_electric_transit_country_id`, `m49_code`, `short_name`, `demonym`, `süddeutsche_zeitung_topic_id`, `country`, `official_website`, `alltrails_trail_id`, `human_development_index`, `national_historical_museums_of_sweden_id`, `eu_knowledge_graph_item_id`, `central_bank`, `gini_coefficient`, `obo_gazetteer_id`, `openstreetmap_element`, `happy_planet_index_score`, `the_top_tens_id`, `grove_art_online_id`, `the_world_factbook_country_id`, `number_of_out_of_school_children`, `giant_bomb_id`, `dewey_decimal_classification`) VALUES ('Austria', 'country in Central Europe', '3935164', '46.372341', 'destination/austria', '4043271-3', 'Category:Austrian people', '112', 'Europlug', 'A', 'Österreich', '00007266n', 'Federal Chancellor of Austria', 'Regional/Europe/Austria/', 'Republik Österreich', 'caac77d1-a5c8-3e6e-8e27-90b44dcc1446', 'New Year''s Day', 'A', '4020-55915', '99110.0', 20.0, 'Italy', 'Flag of Austria.svg', 'Österreich', '148842731', 'history of Austria', 'Vienna', 'austria', '16239', '232', '203.0', 'ge130612', '294899561.0', 18.0, 'Category:Burials in Austria', 'Data:Austria.map', '48.006579', 'pays/autriche', '2146.0', 'United Nations', 5.0, 'nan', 'UTC+01:00', 'Category:Deaths in Austria', '105294', 'President of Austria', 'Austria', 'Germany', '10035760.0', '13959.0', 'austria', '40', '47.270554', '43', '16950-4', 'uat', 'flag of Austria', 'AU', 'osterrike', '0000 0001 2265 1953', 'österrike', 8979894.0, '1000062', 'Portal:Austria', 'outline of Austria', '568970', 'euro', '2782113', '🇦🇹', 'concept890', 'geography of Austria', 'AUT', 'Österreich', 'Austria', 'D001317', 'world/austria', 'federal parliamentary republic', 'Coat of arms of Austria.svg', '2.16.40', 'Austrian Parliament', '0.0', 'AT', '/m/0h7x', 'German', 'Austria-Hungary', 'Europe', 'coat of arms of Austria', 18.0, '13315.0', 'Wikipedia:List of articles all languages should have', 'AT', '49.020608', 'free country', 'AT', 1.479999999999999983, 83858.0, 'Østerrike', 'Austria', 'Category:Austria', '152383744', 'EU-Austria.svg', 'c7734490-bead-471b-8d26-31b162d37278', 'Karl Nehammer', 'AUT', '1204901', '13', '3025', 'place/Austria', 'Austria-banner1.jpg', 'Category:Films shot in Austria', 230.0, 'Austrian Federal Government', 'Land der Berge, Land am Strome', 'Constitutional Court of Austria', 80.8902400000000057, '.at', 'sovereign state', 'Grossglockner', 'Category:Births in Austria', 'right', '81.0', 'Neusiedl Lake', 'austria', 'Lb-Éisträich.ogg', '026359863', 'Burgenland', 'AUT', 'n79040121', 34911.0, '48.0', 'Great Soviet Encyclopedia (1926–1947)', 'österreich', '1243', 'Österreich', 'countries/au', 'German', 'ostrig', 'austria', '6227', '85632785', 'nan', '8057', '5777', '46995', '900-919', 'culture of Austria', '4rFMvC', '11456', 'Category:Maps of Austria', 'austria', 'Autriche', 'Austria', 'Austria', 'Austria', 'pays/wd/106821', 'lccn-n79040121', 'countries:Austria', '4353', 'avusturya', 'Central Europe', 'Open Data Österreich', 'Austria', '+1918-11-12T00:00:00Z', '2284.0', 'A40b', 'i83311', '10050', 'economy of Austria', '8475', 'H0007871', 'austria', 'p/ae5d24e3-cdc2-4b74-aff8-baea8dc23d27', '1a0f8a2d-f920-45df-a84a-8133298922a7', 'austria', '오스트리아', '08864547-n', 'demographics of Austria', 'nuortariika', 'Y105294', '18-199815', 'c1038wnxny7t', 'T84-667', 'Template:Austria topics', '4096.0', '19599421.0', '2062039', 'Østrig', 'strany_mira/AVSTRIYA.html', '24', 'SG--5931', '987007559651305171', 8.160000000000000142, '4168999.0', '2834', 'Alexander Van der Bellen', 'oesterreich', 'Østrig', '236.0', '48351', '7', '40.0', 'AUT', 'Oostenrijker', 'Österreich', 'Austria', 'https://www.austria.info/us', 'austria', 0.9160000000000000364, 'geo/2F4CB131-0AE0-439C-9C4B-86CEF2C93CBD', 'Q16', 'Oesterreichische Nationalbank', 30.19999999999999929, 'nan', 'node/4070744431', 46.79999999999999716, 'nan', 'T005101', 'austria', NULL, '3035-1843', '2--436')
Traceback (most recent call last):
  File "/home/lkruger/bachelorthesis/bachelorthesis/evaluation.py", line 134, in run_experiment
    insert_query_handler.handle_insert_query(query)
  File "/home/lkruger/bachelorthesis/bachelorthesis/system/insert_query_handler.py", line 27, in handle_insert_query
    query_data.table = self.strategy.predict_table_name(query_data)
  File "/home/lkruger/bachelorthesis/bachelorthesis/system/strategies/llama2/llama2_model.py", line 103, in predict_table_name
    self.run_prompt(
  File "/home/lkruger/bachelorthesis/bachelorthesis/system/strategies/llama2/llama2_model.py", line 87, in run_prompt
    return self.pipe(prompt_text)[0]["generated_text"]
  File "/home/lkruger/bachelorthesis/bachelorthesis/fine_tuning/venv/lib/python3.9/site-packages/transformers/pipelines/text_generation.py", line 240, in __call__
    return super().__call__(text_inputs, **kwargs)
  File "/home/lkruger/bachelorthesis/bachelorthesis/fine_tuning/venv/lib/python3.9/site-packages/transformers/pipelines/base.py", line 1242, in __call__
    return self.run_single(inputs, preprocess_params, forward_params, postprocess_params)
  File "/home/lkruger/bachelorthesis/bachelorthesis/fine_tuning/venv/lib/python3.9/site-packages/transformers/pipelines/base.py", line 1249, in run_single
    model_outputs = self.forward(model_inputs, **forward_params)
  File "/home/lkruger/bachelorthesis/bachelorthesis/fine_tuning/venv/lib/python3.9/site-packages/transformers/pipelines/base.py", line 1149, in forward
    model_outputs = self._forward(model_inputs, **forward_params)
  File "/home/lkruger/bachelorthesis/bachelorthesis/fine_tuning/venv/lib/python3.9/site-packages/transformers/pipelines/text_generation.py", line 327, in _forward
    generated_sequence = self.model.generate(input_ids=input_ids, attention_mask=attention_mask, **generate_kwargs)
  File "/home/lkruger/bachelorthesis/bachelorthesis/fine_tuning/venv/lib/python3.9/site-packages/torch/utils/_contextlib.py", line 115, in decorate_context
    return func(*args, **kwargs)
  File "/home/lkruger/bachelorthesis/bachelorthesis/fine_tuning/venv/lib/python3.9/site-packages/transformers/generation/utils.py", line 1622, in generate
    result = self._sample(
  File "/home/lkruger/bachelorthesis/bachelorthesis/fine_tuning/venv/lib/python3.9/site-packages/transformers/generation/utils.py", line 2791, in _sample
    outputs = self(
  File "/home/lkruger/bachelorthesis/bachelorthesis/fine_tuning/venv/lib/python3.9/site-packages/torch/nn/modules/module.py", line 1511, in _wrapped_call_impl
    return self._call_impl(*args, **kwargs)
  File "/home/lkruger/bachelorthesis/bachelorthesis/fine_tuning/venv/lib/python3.9/site-packages/torch/nn/modules/module.py", line 1520, in _call_impl
    return forward_call(*args, **kwargs)
  File "/home/lkruger/bachelorthesis/bachelorthesis/fine_tuning/venv/lib/python3.9/site-packages/accelerate/hooks.py", line 166, in new_forward
    output = module._old_forward(*args, **kwargs)
  File "/home/lkruger/bachelorthesis/bachelorthesis/fine_tuning/venv/lib/python3.9/site-packages/transformers/models/llama/modeling_llama.py", line 1208, in forward
    outputs = self.model(
  File "/home/lkruger/bachelorthesis/bachelorthesis/fine_tuning/venv/lib/python3.9/site-packages/torch/nn/modules/module.py", line 1511, in _wrapped_call_impl
    return self._call_impl(*args, **kwargs)
  File "/home/lkruger/bachelorthesis/bachelorthesis/fine_tuning/venv/lib/python3.9/site-packages/torch/nn/modules/module.py", line 1520, in _call_impl
    return forward_call(*args, **kwargs)
  File "/home/lkruger/bachelorthesis/bachelorthesis/fine_tuning/venv/lib/python3.9/site-packages/transformers/models/llama/modeling_llama.py", line 1018, in forward
    layer_outputs = decoder_layer(
  File "/home/lkruger/bachelorthesis/bachelorthesis/fine_tuning/venv/lib/python3.9/site-packages/torch/nn/modules/module.py", line 1511, in _wrapped_call_impl
    return self._call_impl(*args, **kwargs)
  File "/home/lkruger/bachelorthesis/bachelorthesis/fine_tuning/venv/lib/python3.9/site-packages/torch/nn/modules/module.py", line 1520, in _call_impl
    return forward_call(*args, **kwargs)
  File "/home/lkruger/bachelorthesis/bachelorthesis/fine_tuning/venv/lib/python3.9/site-packages/accelerate/hooks.py", line 166, in new_forward
    output = module._old_forward(*args, **kwargs)
  File "/home/lkruger/bachelorthesis/bachelorthesis/fine_tuning/venv/lib/python3.9/site-packages/transformers/models/llama/modeling_llama.py", line 756, in forward
    hidden_states = self.mlp(hidden_states)
  File "/home/lkruger/bachelorthesis/bachelorthesis/fine_tuning/venv/lib/python3.9/site-packages/torch/nn/modules/module.py", line 1511, in _wrapped_call_impl
    return self._call_impl(*args, **kwargs)
  File "/home/lkruger/bachelorthesis/bachelorthesis/fine_tuning/venv/lib/python3.9/site-packages/torch/nn/modules/module.py", line 1520, in _call_impl
    return forward_call(*args, **kwargs)
  File "/home/lkruger/bachelorthesis/bachelorthesis/fine_tuning/venv/lib/python3.9/site-packages/accelerate/hooks.py", line 166, in new_forward
    output = module._old_forward(*args, **kwargs)
  File "/home/lkruger/bachelorthesis/bachelorthesis/fine_tuning/venv/lib/python3.9/site-packages/transformers/models/llama/modeling_llama.py", line 240, in forward
    down_proj = self.down_proj(self.act_fn(self.gate_proj(x)) * self.up_proj(x))
torch.cuda.OutOfMemoryError: CUDA out of memory. Tried to allocate 160.00 MiB. GPU 0 has a total capacity of 15.77 GiB of which 135.88 MiB is free. Including non-PyTorch memory, this process has 15.64 GiB memory in use. Of the allocated memory 14.08 GiB is allocated by PyTorch, and 668.83 MiB is reserved by PyTorch but unallocated. If reserved but unallocated memory is large try setting PYTORCH_CUDA_ALLOC_CONF=expandable_segments:True to avoid fragmentation.  See documentation for Memory Management  (https://pytorch.org/docs/stable/notes/cuda.html#environment-variables)


Error while executing query: INSERT INTO `country` (`label`, `description`, `great_russian_encyclopedia_online_id`, `coordinates_of_southernmost_point`, `new_york_times_topic_id`, `gnd_id`, `category_of_associated_people`, `emergency_phone_number`, `electrical_plug_type`, `licence_plate_code`, `hashtag`, `babelnet_id`, `office_held_by_head_of_government`, `curlie_id`, `native_label`, `musicbrainz_area_id`, `public_holiday`, `uic_alphabetical_country_code`, `comic_vine_id`, `insee_countries_and_foreign_territories_code`, `vat_rate`, `diplomatic_relation`, `flag_image`, `commons_gallery`, `viaf_id`, `history_of_topic`, `capital`, `subreddit`, `openstreetmap_relation_id`, `mobile_country_code`, `maritime_identification_digits`, `nkcr_aut_id`, `asc_leiden_thesaurus_id`, `marriageable_age`, `category_of_people_buried_here`, `geoshape`, `coordinates_of_easternmost_point`, `le_monde_diplomatique_subject_id`, `marine_regions_geographic_id`, `member_of`, `unemployment_rate`, `railway_traffic_side`, `located_in_time_zone`, `category_for_people_who_died_here`, `yso_id`, `office_held_by_head_of_state`, `commons_category`, `shares_border_with`, `us_national_archives_identifier`, `nalt_id`, `treccani_id`, `iso_3166_1_numeric_code`, `coordinates_of_westernmost_point`, `country_calling_code`, `stw_thesaurus_for_economics_id`, `statoids_id`, `flag`, `fips_10_4_countries_and_regions`, `dagens_nyheter_topic_id`, `isni`, `nese_id`, `population`, `getty_thesaurus_of_geographic_names_id`, `topics_main_wikimedia_portal`, `wikimedia_outline`, `ndl_authority_id`, `currency`, `geonames_id`, `unicode_character`, `unesco_thesaurus_id`, `geography_of_topic`, `iso_3166_1_alpha_3_code`, `official_name`, `quora_topic_id`, `mesh_descriptor_id`, `guardian_topic_id`, `basic_form_of_government`, `coat_of_arms_image`, `ituisoiec_object_identifier`, `legislative_body`, `trunk_prefix`, `nuts_code`, `freebase_id`, `official_language`, `replaces`, `continent`, `coat_of_arms`, `age_of_majority`, `national_library_of_israel_id_old`, `on_focus_list_of_wikimedia_project`, `wipo_st3`, `coordinates_of_northernmost_point`, `has_quality`, `iso_3166_1_alpha_2_code`, `total_fertility_rate`, `area`, `store_norske_leksikon_id`, `different_from`, `topics_main_category`, `bibliothèque_nationale_de_france_id`, `locator_map_image`, `bbc_things_id`, `head_of_government`, `ioc_country_code`, `fast_id`, `gacs_id`, `archinform_location_id`, `encyclopædia_britannica_online_id`, `page_banner`, `category_for_films_shot_at_this_location`, `mains_voltage`, `executive_body`, `anthem`, `highest_judicial_authority`, `life_expectancy`, `top_level_internet_domain`, `instance_of`, `highest_point`, `category_for_people_born_here`, `driving_side`, `uic_numerical_country_code`, `lowest_point`, `civicus_monitor_country_entry`, `pronunciation_audio`, `idref_id`, `contains_the_administrative_territorial_entity`, `itu_letter_code`, `library_of_congress_authority_id`, `median_income`, `coordinate_location`, `described_by_source`, `brockhaus_enzyklopädie_online_id`, `iab_code`, `klexikon_article_id`, `loc_and_marc_vocabularies_id`, `language_used`, `dr_topic_id`, `world_encyclopedia_of_puppetry_arts_id`, `gran_enciclopèdia_catalana_id`, `whos_on_first_id`, `participant_in`, `inaturalist_place_id`, `omegawiki_defined_meaning`, `hds_id`, `gs1_country_code`, `culture`, `geonlp_id`, `analysis_policy_observatory_term_id`, `category_for_maps`, `treccanis_dizionario_di_storia_id`, `french_vikidia_id`, `english_vikidia_id`, `spanish_vikidia_id`, `italian_vikidia_id`, `larousse_id`, `worldcat_identities_id`, `fandom_article_id`, `eurovoc_id`, `tdv_islam_ansiklopedisi_id`, `part_of`, `open_data_portal`, `kbpedia_id`, `inception`, `rkd_thesaurus_id`, `pm20_geo_code`, `interlingual_index_id`, `jewish_encyclopedia_id_russian`, `economy_of_topic`, `uk_parliament_thesaurus_id`, `edition_humboldt_digital_id`, `tasteatlas_id`, `sapa_id`, `bhcl_uuid`, `github_topic`, `namuwiki_id`, `wordnet_31_synset_id`, `demographics_of_topic`, `ávvir_topic_id`, `ysa_id`, `yle_topic_id`, `bbc_news_topic_id`, `joconde_location_id`, `topics_main_template`, `armeniapedia_id`, `zhihu_topic_id`, `idaigazetteer_id`, `den_store_danske_id`, `krugosvet_article`, `schoenberg_database_of_manuscripts_place_id`, `colon_classification`, `national_library_of_israel_j9u_id`, `democracy_index`, `online_pwn_encyclopedia_id`, `postimees_topic_id`, `head_of_state`, `der_spiegel_topic_id`, `gyldendals_teaterleksikon_id`, `museum_digital_place_id`, `wikisimpsons_id`, `urban_electric_transit_country_id`, `m49_code`, `short_name`, `demonym`, `süddeutsche_zeitung_topic_id`, `country`, `official_website`, `alltrails_trail_id`, `human_development_index`, `national_historical_museums_of_sweden_id`, `eu_knowledge_graph_item_id`, `central_bank`, `gini_coefficient`, `obo_gazetteer_id`, `openstreetmap_element`, `happy_planet_index_score`, `the_top_tens_id`, `grove_art_online_id`, `the_world_factbook_country_id`, `number_of_out_of_school_children`, `giant_bomb_id`, `dewey_decimal_classification`) VALUES ('Russia', 'sovereign state in Eastern Europe and Northern Asia', '3515565', '41.215555555555554', 'destination/russia', '4076899-5', 'Category:People of Russia', '112', 'Schuko', 'RUS', 'russia', '00068622n', 'Prime Minister of Russia', 'World/Russian/Страны_и_регионы/Европа/Россия', 'Россия', '1f1fc3a4-9500-39b8-9f10-f0a465557eef', 'Defender of the Fatherland Day', 'RUS', '4020-55706', '99123.0', 20.0, 'Donetsk People''s Republic', 'Flag of Russia.svg', 'Россия', '168830626', 'history of Russia', 'Moscow', 'russia', '60189', '250', '273.0', 'ge130512', '297778617.0', 16.0, 'Category:Burials in Russia', 'Data:Russia.map', '66.08017854', 'pays/russie', 'nan', 'BRIC', NULL, 'right', 'UTC+02:00', 'Category:Deaths in Russia', '94479', 'President of Russia', 'Russia', 'Azerbaijan', '10044286.0', 'nan', 'russia', '643', '54.45826455', '7', '17534-6', 'uru', 'flag of Russia', 'RS', 'ryssland', '0000 0001 2302 7140', 'ryska-federationen', 146804372.0, '7002435', 'Portal:Russia', 'outline of Russia', '569699', 'Russian ruble', '2017370', '🇷🇺', 'concept921', 'geography of Russia', 'RUS', 'Российская Федерация', 'Russia', 'D012426', 'world/russia', 'representative democracy', 'Coat of Arms of the Russian Federation.svg', '2.16.643', 'Federal Assembly of the Russian Federation', '8.0', 'nan', '/m/06bnz', 'Russian', 'Russian Soviet Federative Socialist Republic', 'Europe', 'coat of arms of Russia', 18.0, '1030614.0', 'Wikipedia:List of articles all languages should have', 'RU', '81.85', 'nan', 'RU', 1.699999999999999956, 17075400.0, 'Russland', 'Tsardom of Russia', 'Category:Russia', '122728378', 'Russian Federation (orthographic projection) - Annexed Territories disputed.svg', '39267b85-1784-4f4b-80ed-f8cb4a35f337', 'Mikhail Mishustin', 'RUS', '1207312', '253', '3034', 'place/Russia', 'Izborsk banner.jpg', 'Category:Films shot in Russia', 220.0, 'Government of Russia', 'State Anthem of the Russian Federation', 'Supreme Court of Russia', 71.59292999999999552, '.ru', 'sovereign state', 'Mount Elbrus', 'Category:Births in Russia', 'right', '20.0', 'Caspian Sea', 'russia', 'Lb-Russland.ogg', '031531156', 'Republic of Adygea', 'RUS', 'n92056007', NULL, '66.41666666666667', 'Catholic Encyclopedia', 'russland', '1449', 'Russland', 'countries/ru', 'Russian', 'rusland', 'russia', '57409', '85632685', 'Intermediate-Range Nuclear Forces Treaty', '7161', '8444', '3376', '460-469', 'culture of Russia', 'RWKJBs', '9084', 'Category:Maps of Russia', 'nan', 'Russie', 'Russia', 'Rusia', 'Russia', 'pays/wd/141833', 'lccn-n92056007', 'countries:Russian_Federation', '5876', 'rusya', 'Post-Soviet states', 'Open Data Portal Russia', 'Russia', '+0862-00-00T00:00:00Z', '454.0', 'A50(1)', 'i84002', '13584', 'economy of Russia', '12598', 'H0010689', 'russia', 'p/6e9a29b2-b744-4c53-8aa8-88a6a2b46d78', '8863bd00-37e2-411b-9a76-5f5cafa29284', 'russia', '러시아', '09028783-n', 'demographics of Russia', 'ruossa', 'Y94479', '18-180720', 'ce1qrvlegnyt', 'T84-3549', 'Template:Russia topics', '2469.0', '19566816.0', '2086604', 'Rusland', 'Earth_sciences/geografiya/ROSSIYA_ROSSISKAYA_FEDERATSIYA_RF.html', '967', 'SG--58', '987007530981505171', 3.310000000000000053, '4169129.0', '2883', 'Vladimir Putin', 'russland', 'Rusland', '2178.0', '24882', '1', 'nan', '🇷🇺', 'россияне', 'Russland', 'Russia', 'http://gov.ru/', 'russia', 0.821999999999999953, 'geo/74FBD018-DA7F-4D6A-B4F8-1B7FB6F54D06', 'Q303', 'Central Bank of Russia', 36.0, '2721.0', 'node/424314830', 34.89999999999999858, '54.0', 'T074586', 'russia', 368000.0, 'nan', 'nan')
Traceback (most recent call last):
  File "/home/lkruger/bachelorthesis/bachelorthesis/evaluation.py", line 134, in run_experiment
    insert_query_handler.handle_insert_query(query)
  File "/home/lkruger/bachelorthesis/bachelorthesis/system/insert_query_handler.py", line 27, in handle_insert_query
    query_data.table = self.strategy.predict_table_name(query_data)
  File "/home/lkruger/bachelorthesis/bachelorthesis/system/strategies/llama2/llama2_model.py", line 103, in predict_table_name
    self.run_prompt(
  File "/home/lkruger/bachelorthesis/bachelorthesis/system/strategies/llama2/llama2_model.py", line 87, in run_prompt
    return self.pipe(prompt_text)[0]["generated_text"]
  File "/home/lkruger/bachelorthesis/bachelorthesis/fine_tuning/venv/lib/python3.9/site-packages/transformers/pipelines/text_generation.py", line 240, in __call__
    return super().__call__(text_inputs, **kwargs)
  File "/home/lkruger/bachelorthesis/bachelorthesis/fine_tuning/venv/lib/python3.9/site-packages/transformers/pipelines/base.py", line 1242, in __call__
    return self.run_single(inputs, preprocess_params, forward_params, postprocess_params)
  File "/home/lkruger/bachelorthesis/bachelorthesis/fine_tuning/venv/lib/python3.9/site-packages/transformers/pipelines/base.py", line 1249, in run_single
    model_outputs = self.forward(model_inputs, **forward_params)
  File "/home/lkruger/bachelorthesis/bachelorthesis/fine_tuning/venv/lib/python3.9/site-packages/transformers/pipelines/base.py", line 1149, in forward
    model_outputs = self._forward(model_inputs, **forward_params)
  File "/home/lkruger/bachelorthesis/bachelorthesis/fine_tuning/venv/lib/python3.9/site-packages/transformers/pipelines/text_generation.py", line 327, in _forward
    generated_sequence = self.model.generate(input_ids=input_ids, attention_mask=attention_mask, **generate_kwargs)
  File "/home/lkruger/bachelorthesis/bachelorthesis/fine_tuning/venv/lib/python3.9/site-packages/torch/utils/_contextlib.py", line 115, in decorate_context
    return func(*args, **kwargs)
  File "/home/lkruger/bachelorthesis/bachelorthesis/fine_tuning/venv/lib/python3.9/site-packages/transformers/generation/utils.py", line 1622, in generate
    result = self._sample(
  File "/home/lkruger/bachelorthesis/bachelorthesis/fine_tuning/venv/lib/python3.9/site-packages/transformers/generation/utils.py", line 2791, in _sample
    outputs = self(
  File "/home/lkruger/bachelorthesis/bachelorthesis/fine_tuning/venv/lib/python3.9/site-packages/torch/nn/modules/module.py", line 1511, in _wrapped_call_impl
    return self._call_impl(*args, **kwargs)
  File "/home/lkruger/bachelorthesis/bachelorthesis/fine_tuning/venv/lib/python3.9/site-packages/torch/nn/modules/module.py", line 1520, in _call_impl
    return forward_call(*args, **kwargs)
  File "/home/lkruger/bachelorthesis/bachelorthesis/fine_tuning/venv/lib/python3.9/site-packages/accelerate/hooks.py", line 166, in new_forward
    output = module._old_forward(*args, **kwargs)
  File "/home/lkruger/bachelorthesis/bachelorthesis/fine_tuning/venv/lib/python3.9/site-packages/transformers/models/llama/modeling_llama.py", line 1208, in forward
    outputs = self.model(
  File "/home/lkruger/bachelorthesis/bachelorthesis/fine_tuning/venv/lib/python3.9/site-packages/torch/nn/modules/module.py", line 1511, in _wrapped_call_impl
    return self._call_impl(*args, **kwargs)
  File "/home/lkruger/bachelorthesis/bachelorthesis/fine_tuning/venv/lib/python3.9/site-packages/torch/nn/modules/module.py", line 1520, in _call_impl
    return forward_call(*args, **kwargs)
  File "/home/lkruger/bachelorthesis/bachelorthesis/fine_tuning/venv/lib/python3.9/site-packages/transformers/models/llama/modeling_llama.py", line 1018, in forward
    layer_outputs = decoder_layer(
  File "/home/lkruger/bachelorthesis/bachelorthesis/fine_tuning/venv/lib/python3.9/site-packages/torch/nn/modules/module.py", line 1511, in _wrapped_call_impl
    return self._call_impl(*args, **kwargs)
  File "/home/lkruger/bachelorthesis/bachelorthesis/fine_tuning/venv/lib/python3.9/site-packages/torch/nn/modules/module.py", line 1520, in _call_impl
    return forward_call(*args, **kwargs)
  File "/home/lkruger/bachelorthesis/bachelorthesis/fine_tuning/venv/lib/python3.9/site-packages/accelerate/hooks.py", line 166, in new_forward
    output = module._old_forward(*args, **kwargs)
  File "/home/lkruger/bachelorthesis/bachelorthesis/fine_tuning/venv/lib/python3.9/site-packages/transformers/models/llama/modeling_llama.py", line 756, in forward
    hidden_states = self.mlp(hidden_states)
  File "/home/lkruger/bachelorthesis/bachelorthesis/fine_tuning/venv/lib/python3.9/site-packages/torch/nn/modules/module.py", line 1511, in _wrapped_call_impl
    return self._call_impl(*args, **kwargs)
  File "/home/lkruger/bachelorthesis/bachelorthesis/fine_tuning/venv/lib/python3.9/site-packages/torch/nn/modules/module.py", line 1520, in _call_impl
    return forward_call(*args, **kwargs)
  File "/home/lkruger/bachelorthesis/bachelorthesis/fine_tuning/venv/lib/python3.9/site-packages/accelerate/hooks.py", line 166, in new_forward
    output = module._old_forward(*args, **kwargs)
  File "/home/lkruger/bachelorthesis/bachelorthesis/fine_tuning/venv/lib/python3.9/site-packages/transformers/models/llama/modeling_llama.py", line 240, in forward
    down_proj = self.down_proj(self.act_fn(self.gate_proj(x)) * self.up_proj(x))
torch.cuda.OutOfMemoryError: CUDA out of memory. Tried to allocate 162.00 MiB. GPU 0 has a total capacity of 15.77 GiB of which 135.88 MiB is free. Including non-PyTorch memory, this process has 15.64 GiB memory in use. Of the allocated memory 14.10 GiB is allocated by PyTorch, and 643.45 MiB is reserved by PyTorch but unallocated. If reserved but unallocated memory is large try setting PYTORCH_CUDA_ALLOC_CONF=expandable_segments:True to avoid fragmentation.  See documentation for Memory Management  (https://pytorch.org/docs/stable/notes/cuda.html#environment-variables)


Error while executing query: INSERT INTO (`label`, `description`, `great_russian_encyclopedia_online_id`, `coordinates_of_southernmost_point`, `new_york_times_topic_id`, `gnd_id`, `category_of_associated_people`, `emergency_phone_number`, `electrical_plug_type`, `licence_plate_code`, `hashtag`, `babelnet_id`, `office_held_by_head_of_government`, `curlie_id`, `native_label`, `musicbrainz_area_id`, `public_holiday`, `uic_alphabetical_country_code`, `comic_vine_id`, `insee_countries_and_foreign_territories_code`, `vat_rate`, `diplomatic_relation`, `flag_image`, `commons_gallery`, `viaf_id`, `history_of_topic`, `capital`, `subreddit`, `openstreetmap_relation_id`, `mobile_country_code`, `maritime_identification_digits`, `nkcr_aut_id`, `asc_leiden_thesaurus_id`, `marriageable_age`, `category_of_people_buried_here`, `geoshape`, `coordinates_of_easternmost_point`, `le_monde_diplomatique_subject_id`, `marine_regions_geographic_id`, `member_of`, `unemployment_rate`, `railway_traffic_side`, `located_in_time_zone`, `category_for_people_who_died_here`, `yso_id`, `office_held_by_head_of_state`, `commons_category`, `shares_border_with`, `us_national_archives_identifier`, `nalt_id`, `treccani_id`, `iso_3166_1_numeric_code`, `coordinates_of_westernmost_point`, `country_calling_code`, `stw_thesaurus_for_economics_id`, `statoids_id`, `flag`, `fips_10_4_countries_and_regions`, `dagens_nyheter_topic_id`, `isni`, `nese_id`, `population`, `getty_thesaurus_of_geographic_names_id`, `topics_main_wikimedia_portal`, `wikimedia_outline`, `ndl_authority_id`, `currency`, `geonames_id`, `unicode_character`, `unesco_thesaurus_id`, `geography_of_topic`, `iso_3166_1_alpha_3_code`, `official_name`, `quora_topic_id`, `mesh_descriptor_id`, `guardian_topic_id`, `basic_form_of_government`, `coat_of_arms_image`, `ituisoiec_object_identifier`, `legislative_body`, `trunk_prefix`, `nuts_code`, `freebase_id`, `official_language`, `replaces`, `continent`, `coat_of_arms`, `age_of_majority`, `national_library_of_israel_id_old`, `on_focus_list_of_wikimedia_project`, `wipo_st3`, `coordinates_of_northernmost_point`, `has_quality`, `iso_3166_1_alpha_2_code`, `total_fertility_rate`, `area`, `store_norske_leksikon_id`, `different_from`, `topics_main_category`, `bibliothèque_nationale_de_france_id`, `locator_map_image`, `bbc_things_id`, `head_of_government`, `ioc_country_code`, `fast_id`, `gacs_id`, `archinform_location_id`, `encyclopædia_britannica_online_id`, `page_banner`, `category_for_films_shot_at_this_location`, `mains_voltage`, `executive_body`, `anthem`, `highest_judicial_authority`, `life_expectancy`, `top_level_internet_domain`, `instance_of`, `highest_point`, `category_for_people_born_here`, `driving_side`, `uic_numerical_country_code`, `lowest_point`, `civicus_monitor_country_entry`, `pronunciation_audio`, `idref_id`, `contains_the_administrative_territorial_entity`, `itu_letter_code`, `library_of_congress_authority_id`, `median_income`, `coordinate_location`, `described_by_source`, `brockhaus_enzyklopädie_online_id`, `iab_code`, `klexikon_article_id`, `loc_and_marc_vocabularies_id`, `language_used`, `dr_topic_id`, `world_encyclopedia_of_puppetry_arts_id`, `gran_enciclopèdia_catalana_id`, `whos_on_first_id`, `participant_in`, `inaturalist_place_id`, `omegawiki_defined_meaning`, `hds_id`, `gs1_country_code`, `culture`, `geonlp_id`, `analysis_policy_observatory_term_id`, `category_for_maps`, `treccanis_dizionario_di_storia_id`, `french_vikidia_id`, `english_vikidia_id`, `spanish_vikidia_id`, `italian_vikidia_id`, `larousse_id`, `worldcat_identities_id`, `fandom_article_id`, `eurovoc_id`, `tdv_islam_ansiklopedisi_id`, `part_of`, `open_data_portal`, `kbpedia_id`, `inception`, `rkd_thesaurus_id`, `pm20_geo_code`, `interlingual_index_id`, `jewish_encyclopedia_id_russian`, `economy_of_topic`, `uk_parliament_thesaurus_id`, `edition_humboldt_digital_id`, `tasteatlas_id`, `sapa_id`, `bhcl_uuid`, `github_topic`, `namuwiki_id`, `wordnet_31_synset_id`, `demographics_of_topic`, `ávvir_topic_id`, `ysa_id`, `yle_topic_id`, `bbc_news_topic_id`, `joconde_location_id`, `topics_main_template`, `armeniapedia_id`, `zhihu_topic_id`, `idaigazetteer_id`, `den_store_danske_id`, `krugosvet_article`, `schoenberg_database_of_manuscripts_place_id`, `colon_classification`, `national_library_of_israel_j9u_id`, `democracy_index`, `online_pwn_encyclopedia_id`, `postimees_topic_id`, `head_of_state`, `der_spiegel_topic_id`, `gyldendals_teaterleksikon_id`, `museum_digital_place_id`, `wikisimpsons_id`, `urban_electric_transit_country_id`, `m49_code`, `short_name`, `demonym`, `süddeutsche_zeitung_topic_id`, `country`, `official_website`, `alltrails_trail_id`, `human_development_index`, `national_historical_museums_of_sweden_id`, `eu_knowledge_graph_item_id`, `central_bank`, `gini_coefficient`, `obo_gazetteer_id`, `openstreetmap_element`, `happy_planet_index_score`, `the_top_tens_id`, `grove_art_online_id`, `the_world_factbook_country_id`, `number_of_out_of_school_children`, `giant_bomb_id`, `dewey_decimal_classification`) VALUES ('Germany', 'country in Central Europe', '2354371', '47.2700279', 'destination/germany', '4011882-4', 'Category:German people', '112', 'Schuko', 'D', 'Deutschland', '00026684n', 'Federal Chancellor of Germany', 'Regional/Europe/Germany/', 'Bundesrepublik Deutschland', '85752fda-13c4-31a3-bee5-0e5cb1f51dad', 'German Unity Day', 'D', '4020-55777', '99109.0', 19.0, 'Yemen', 'Flag of Germany.svg', 'Deutschland', '189116956', 'history of Germany', 'Berlin', 'deutschland', '51477', '262', '211.0', 'ge135889', '294913572.0', 18.0, 'Category:Burials in Germany', 'Data:Germany.map', '51.27279981', 'pays/allemagne', '2101.0', 'World Trade Organization', 5.0, 'right', 'UTC+01:00', 'Category:Deaths in Germany', '105087', 'president of Germany', 'Germany', 'Czech Republic', '10044480.0', '15494.0', 'germania', '276', '51.05110016', '49', '18012-3', 'ude', 'flag of Germany', 'GM', 'tyskland', '0000 0001 2285 4945', 'tyskland', 83149300.0, '7000084', 'Portal:Germany', 'outline of Germany', '561571', 'euro', '2921044', '🇩🇪', 'concept904', 'geography of Germany', 'DEU', 'Bundesrepublik Deutschland', 'Germany', 'D005858', 'world/germany', 'federal parliamentary republic', 'Coat of arms of Germany.svg', '2.16.276', 'Bundesrat', '0.0', 'DE', '/m/0345h', 'German', 'West Germany', 'Europe', 'coat of arms of Germany', 18.0, '981369.0', 'Wikipedia:List of articles all languages should have', 'DE', '55.0584', 'free country', 'DE', 1.389999999999999903, 357587.7700000000186, 'Tyskland', 'Germany', 'Category:Germany', '12205186t', 'Germany (orthographic projection).svg', '2e3befc0-e70a-41c7-b6cb-2f8f0d69a7db', 'Olaf Scholz', 'GER', '1210272', '601', '2979', 'place/Germany', 'Ötlingen - Panoramaansicht klein banner.jpg', 'Category:Films shot in Germany', 230.0, 'federal level of Germany', 'Das Lied der Deutschen', 'Federal Constitutional Court', 80.79999999999999716, '.de', 'sovereign state', 'Zugspitze', 'Category:Births in Germany', 'right', '80.0', 'Neuendorf-Sachsenbande', 'germany', 'De-Deutschland.ogg', '030685435', 'Baden-Württemberg', 'D', 'n80125931', 33333.0, '51.0', 'Ottův slovník naučný', 'deutschland', '1300', 'Deutschland', 'countries/gw', 'Swabian', 'tyskland', 'germany', '220737', '85633111', 'G4 nations', '7207', '7118', '3352', '400-440', 'culture of Germany', 'VwiQvi', '3002', 'Category:Maps of Germany', 'germania', 'Allemagne', 'Germany', 'Alemania', 'Germania', 'pays/wd/104884', 'lccn-n95056124', 'germany:Germany', '1318', 'almanya', 'Western Europe', 'GovData', 'Germany', '+1990-10-03T00:00:00Z', '456.0', 'A10', 'i82954', '11122', 'economy of Germany', '10438', 'H0005517', 'germany', 'p/a7cbf121-4ac8-4cbd-af7d-4d6d25cd7efb', '2bde846d-48ca-4ac0-880c-91f4fe24c210', 'deutschland', '독일', '08784821-n', 'demographics of Germany', 'duiska', 'Y105087', '18-177448', 'c77jz3md4rdt', 'T84-600', 'Template:Germany topics', '4099.0', '19554996.0', '2044274', 'Tyskland', 'strany_mira/GERMANIYA.html', '66', 'SG--55', '987007559778705171', 8.669999999999999929, '4169110.0', '1865', 'Frank-Walter Steinmeier', 'deutschland', 'Tyskland', '209.0', '21469', '10', '276.0', 'Deutschland', 'Deutscher', 'Deutschland', 'Germany', 'https://verwaltung.bund.de', 'germany', 0.941999999999999949, 'geo/5954BE73-910D-4ABC-96C2-6781831F6043', 'Q22', 'Deutsche Bundesbank', 31.69999999999999929, '2646.0', 'node/1683325355', 52.70000000000000284, 'nan', 'nan', 'nan', NULL, 'nan', 'nan')
Traceback (most recent call last):
  File "/home/lkruger/bachelorthesis/bachelorthesis/evaluation.py", line 134, in run_experiment
    insert_query_handler.handle_insert_query(query)
  File "/home/lkruger/bachelorthesis/bachelorthesis/system/insert_query_handler.py", line 27, in handle_insert_query
    query_data.table = self.strategy.predict_table_name(query_data)
  File "/home/lkruger/bachelorthesis/bachelorthesis/system/strategies/llama2/llama2_model.py", line 103, in predict_table_name
    self.run_prompt(
  File "/home/lkruger/bachelorthesis/bachelorthesis/system/strategies/llama2/llama2_model.py", line 87, in run_prompt
    return self.pipe(prompt_text)[0]["generated_text"]
  File "/home/lkruger/bachelorthesis/bachelorthesis/fine_tuning/venv/lib/python3.9/site-packages/transformers/pipelines/text_generation.py", line 240, in __call__
    return super().__call__(text_inputs, **kwargs)
  File "/home/lkruger/bachelorthesis/bachelorthesis/fine_tuning/venv/lib/python3.9/site-packages/transformers/pipelines/base.py", line 1242, in __call__
    return self.run_single(inputs, preprocess_params, forward_params, postprocess_params)
  File "/home/lkruger/bachelorthesis/bachelorthesis/fine_tuning/venv/lib/python3.9/site-packages/transformers/pipelines/base.py", line 1249, in run_single
    model_outputs = self.forward(model_inputs, **forward_params)
  File "/home/lkruger/bachelorthesis/bachelorthesis/fine_tuning/venv/lib/python3.9/site-packages/transformers/pipelines/base.py", line 1149, in forward
    model_outputs = self._forward(model_inputs, **forward_params)
  File "/home/lkruger/bachelorthesis/bachelorthesis/fine_tuning/venv/lib/python3.9/site-packages/transformers/pipelines/text_generation.py", line 327, in _forward
    generated_sequence = self.model.generate(input_ids=input_ids, attention_mask=attention_mask, **generate_kwargs)
  File "/home/lkruger/bachelorthesis/bachelorthesis/fine_tuning/venv/lib/python3.9/site-packages/torch/utils/_contextlib.py", line 115, in decorate_context
    return func(*args, **kwargs)
  File "/home/lkruger/bachelorthesis/bachelorthesis/fine_tuning/venv/lib/python3.9/site-packages/transformers/generation/utils.py", line 1622, in generate
    result = self._sample(
  File "/home/lkruger/bachelorthesis/bachelorthesis/fine_tuning/venv/lib/python3.9/site-packages/transformers/generation/utils.py", line 2791, in _sample
    outputs = self(
  File "/home/lkruger/bachelorthesis/bachelorthesis/fine_tuning/venv/lib/python3.9/site-packages/torch/nn/modules/module.py", line 1511, in _wrapped_call_impl
    return self._call_impl(*args, **kwargs)
  File "/home/lkruger/bachelorthesis/bachelorthesis/fine_tuning/venv/lib/python3.9/site-packages/torch/nn/modules/module.py", line 1520, in _call_impl
    return forward_call(*args, **kwargs)
  File "/home/lkruger/bachelorthesis/bachelorthesis/fine_tuning/venv/lib/python3.9/site-packages/accelerate/hooks.py", line 166, in new_forward
    output = module._old_forward(*args, **kwargs)
  File "/home/lkruger/bachelorthesis/bachelorthesis/fine_tuning/venv/lib/python3.9/site-packages/transformers/models/llama/modeling_llama.py", line 1208, in forward
    outputs = self.model(
  File "/home/lkruger/bachelorthesis/bachelorthesis/fine_tuning/venv/lib/python3.9/site-packages/torch/nn/modules/module.py", line 1511, in _wrapped_call_impl
    return self._call_impl(*args, **kwargs)
  File "/home/lkruger/bachelorthesis/bachelorthesis/fine_tuning/venv/lib/python3.9/site-packages/torch/nn/modules/module.py", line 1520, in _call_impl
    return forward_call(*args, **kwargs)
  File "/home/lkruger/bachelorthesis/bachelorthesis/fine_tuning/venv/lib/python3.9/site-packages/transformers/models/llama/modeling_llama.py", line 1018, in forward
    layer_outputs = decoder_layer(
  File "/home/lkruger/bachelorthesis/bachelorthesis/fine_tuning/venv/lib/python3.9/site-packages/torch/nn/modules/module.py", line 1511, in _wrapped_call_impl
    return self._call_impl(*args, **kwargs)
  File "/home/lkruger/bachelorthesis/bachelorthesis/fine_tuning/venv/lib/python3.9/site-packages/torch/nn/modules/module.py", line 1520, in _call_impl
    return forward_call(*args, **kwargs)
  File "/home/lkruger/bachelorthesis/bachelorthesis/fine_tuning/venv/lib/python3.9/site-packages/accelerate/hooks.py", line 166, in new_forward
    output = module._old_forward(*args, **kwargs)
  File "/home/lkruger/bachelorthesis/bachelorthesis/fine_tuning/venv/lib/python3.9/site-packages/transformers/models/llama/modeling_llama.py", line 756, in forward
    hidden_states = self.mlp(hidden_states)
  File "/home/lkruger/bachelorthesis/bachelorthesis/fine_tuning/venv/lib/python3.9/site-packages/torch/nn/modules/module.py", line 1511, in _wrapped_call_impl
    return self._call_impl(*args, **kwargs)
  File "/home/lkruger/bachelorthesis/bachelorthesis/fine_tuning/venv/lib/python3.9/site-packages/torch/nn/modules/module.py", line 1520, in _call_impl
    return forward_call(*args, **kwargs)
  File "/home/lkruger/bachelorthesis/bachelorthesis/fine_tuning/venv/lib/python3.9/site-packages/accelerate/hooks.py", line 166, in new_forward
    output = module._old_forward(*args, **kwargs)
  File "/home/lkruger/bachelorthesis/bachelorthesis/fine_tuning/venv/lib/python3.9/site-packages/transformers/models/llama/modeling_llama.py", line 240, in forward
    down_proj = self.down_proj(self.act_fn(self.gate_proj(x)) * self.up_proj(x))
torch.cuda.OutOfMemoryError: CUDA out of memory. Tried to allocate 160.00 MiB. GPU 0 has a total capacity of 15.77 GiB of which 135.88 MiB is free. Including non-PyTorch memory, this process has 15.64 GiB memory in use. Of the allocated memory 14.08 GiB is allocated by PyTorch, and 669.22 MiB is reserved by PyTorch but unallocated. If reserved but unallocated memory is large try setting PYTORCH_CUDA_ALLOC_CONF=expandable_segments:True to avoid fragmentation.  See documentation for Memory Management  (https://pytorch.org/docs/stable/notes/cuda.html#environment-variables)


Error while executing query: INSERT INTO (`label`, `description`, `great_russian_encyclopedia_online_id`, `coordinates_of_southernmost_point`, `new_york_times_topic_id`, `gnd_id`, `category_of_associated_people`, `emergency_phone_number`, `electrical_plug_type`, `licence_plate_code`, `hashtag`, `babelnet_id`, `office_held_by_head_of_government`, `curlie_id`, `native_label`, `musicbrainz_area_id`, `public_holiday`, `uic_alphabetical_country_code`, `comic_vine_id`, `insee_countries_and_foreign_territories_code`, `vat_rate`, `diplomatic_relation`, `flag_image`, `commons_gallery`, `viaf_id`, `history_of_topic`, `capital`, `subreddit`, `openstreetmap_relation_id`, `mobile_country_code`, `maritime_identification_digits`, `nkcr_aut_id`, `asc_leiden_thesaurus_id`, `marriageable_age`, `category_of_people_buried_here`, `geoshape`, `coordinates_of_easternmost_point`, `le_monde_diplomatique_subject_id`, `marine_regions_geographic_id`, `member_of`, `unemployment_rate`, `railway_traffic_side`, `located_in_time_zone`, `category_for_people_who_died_here`, `yso_id`, `office_held_by_head_of_state`, `commons_category`, `shares_border_with`, `us_national_archives_identifier`, `nalt_id`, `treccani_id`, `iso_3166_1_numeric_code`, `coordinates_of_westernmost_point`, `country_calling_code`, `stw_thesaurus_for_economics_id`, `statoids_id`, `flag`, `fips_10_4_countries_and_regions`, `dagens_nyheter_topic_id`, `isni`, `nese_id`, `population`, `getty_thesaurus_of_geographic_names_id`, `topics_main_wikimedia_portal`, `wikimedia_outline`, `ndl_authority_id`, `currency`, `geonames_id`, `unicode_character`, `unesco_thesaurus_id`, `geography_of_topic`, `iso_3166_1_alpha_3_code`, `official_name`, `quora_topic_id`, `mesh_descriptor_id`, `guardian_topic_id`, `basic_form_of_government`, `coat_of_arms_image`, `ituisoiec_object_identifier`, `legislative_body`, `trunk_prefix`, `nuts_code`, `freebase_id`, `official_language`, `replaces`, `continent`, `coat_of_arms`, `age_of_majority`, `national_library_of_israel_id_old`, `on_focus_list_of_wikimedia_project`, `wipo_st3`, `coordinates_of_northernmost_point`, `has_quality`, `iso_3166_1_alpha_2_code`, `total_fertility_rate`, `area`, `store_norske_leksikon_id`, `different_from`, `topics_main_category`, `bibliothèque_nationale_de_france_id`, `locator_map_image`, `bbc_things_id`, `head_of_government`, `ioc_country_code`, `fast_id`, `gacs_id`, `archinform_location_id`, `encyclopædia_britannica_online_id`, `page_banner`, `category_for_films_shot_at_this_location`, `mains_voltage`, `executive_body`, `anthem`, `highest_judicial_authority`, `life_expectancy`, `top_level_internet_domain`, `instance_of`, `highest_point`, `category_for_people_born_here`, `driving_side`, `uic_numerical_country_code`, `lowest_point`, `civicus_monitor_country_entry`, `pronunciation_audio`, `idref_id`, `contains_the_administrative_territorial_entity`, `itu_letter_code`, `library_of_congress_authority_id`, `median_income`, `coordinate_location`, `described_by_source`, `brockhaus_enzyklopädie_online_id`, `iab_code`, `klexikon_article_id`, `loc_and_marc_vocabularies_id`, `language_used`, `dr_topic_id`, `world_encyclopedia_of_puppetry_arts_id`, `gran_enciclopèdia_catalana_id`, `whos_on_first_id`, `participant_in`, `inaturalist_place_id`, `omegawiki_defined_meaning`, `hds_id`, `gs1_country_code`, `culture`, `geonlp_id`, `analysis_policy_observatory_term_id`, `category_for_maps`, `treccanis_dizionario_di_storia_id`, `french_vikidia_id`, `english_vikidia_id`, `spanish_vikidia_id`, `italian_vikidia_id`, `larousse_id`, `worldcat_identities_id`, `fandom_article_id`, `eurovoc_id`, `tdv_islam_ansiklopedisi_id`, `part_of`, `open_data_portal`, `kbpedia_id`, `inception`, `rkd_thesaurus_id`, `pm20_geo_code`, `interlingual_index_id`, `jewish_encyclopedia_id_russian`, `economy_of_topic`, `uk_parliament_thesaurus_id`, `edition_humboldt_digital_id`, `tasteatlas_id`, `sapa_id`, `bhcl_uuid`, `github_topic`, `namuwiki_id`, `wordnet_31_synset_id`, `demographics_of_topic`, `ávvir_topic_id`, `ysa_id`, `yle_topic_id`, `bbc_news_topic_id`, `joconde_location_id`, `topics_main_template`, `armeniapedia_id`, `zhihu_topic_id`, `idaigazetteer_id`, `den_store_danske_id`, `krugosvet_article`, `schoenberg_database_of_manuscripts_place_id`, `colon_classification`, `national_library_of_israel_j9u_id`, `democracy_index`, `online_pwn_encyclopedia_id`, `postimees_topic_id`, `head_of_state`, `der_spiegel_topic_id`, `gyldendals_teaterleksikon_id`, `museum_digital_place_id`, `wikisimpsons_id`, `urban_electric_transit_country_id`, `m49_code`, `short_name`, `demonym`, `süddeutsche_zeitung_topic_id`, `country`, `official_website`, `alltrails_trail_id`, `human_development_index`, `national_historical_museums_of_sweden_id`, `eu_knowledge_graph_item_id`, `central_bank`, `gini_coefficient`, `obo_gazetteer_id`, `openstreetmap_element`, `happy_planet_index_score`, `the_top_tens_id`, `grove_art_online_id`, `the_world_factbook_country_id`, `number_of_out_of_school_children`, `giant_bomb_id`, `dewey_decimal_classification`) VALUES ('Netherlands', 'country in Northwestern Europe with territories in the Caribbean', '2265969', '50.75040004', 'destination/netherlands', '4042203-3', 'Category:Dutch people', '112', 'Schuko', 'NL', 'Netherlands', '00044423n', 'Prime Minister of the Netherlands', 'Regional/Europe/Netherlands/', 'Koninkrijk der Nederlanden', 'ef1b7cc0-cd26-36f4-8ea0-04d9623786c7', 'nan', 'NL', 'nan', 'nan', 21.0, 'Italy', 'Flag of the Netherlands.svg', 'Nederland', '156652814', 'history of the Netherlands', 'Amsterdam', 'thenetherlands', '47796', '204', 'nan', 'ge128525', '294928014.0', 18.0, 'Category:Burials in the Netherlands', 'Data:Nederland.map', '53.18021828', 'pays/paysbas', 'nan', 'North Atlantic Treaty Organization', 3.799999999999999823, 'nan', 'UTC+02:00', 'Category:Deaths in the Netherlands', '105190', 'King of the Netherlands', 'Netherlands', 'Germany', '10046275.0', '34523.0', 'paesi-bassi', '528', '51.36899408', '31', '17433-5', 'unl', 'flag of the Netherlands', 'NL', 'nederlanderna', '0000 0001 2369 754X', 'nederländerna', 17282163.0, '7016845', 'Portal:Netherlands', 'outline of the Netherlands', '568908', 'euro', '2750405', '🇳🇱', 'concept917', 'geography of the Netherlands', 'NLD', 'Nederland', 'The-Netherlands', 'D009426', 'nan', 'parliamentary monarchy', 'Royal coat of arms of the Netherlands.svg', 'nan', 'States General', '0.0', 'NL', '/m/059j2', 'Dutch', 'United Kingdom of the Netherlands', 'Europe', 'coat of arms of the Netherlands', 18.0, 'nan', 'Wikipedia:List of articles all languages should have', 'NL', '53.46633589', 'free country', 'NL', 1.679999999999999938, 41543.0, 'Nederland', 'Kingdom of the Netherlands', 'Category:Netherlands', '11862083x', 'EU-Netherlands.svg', 'aa200d4c-217e-4a6a-9e61-733d812cac06', 'Mark Rutte', 'NED', '1204034', '178', '3020', 'place/Netherlands', 'Leiden-NL-Banner-2.jpg', 'Category:Films shot in the Netherlands', 230.0, 'Government of the Netherlands', 'Wilhelmus', 'Supreme Court of the Netherlands', 81.50976, '.nl', 'country of the Kingdom of the Netherlands', 'Mount Scenery', 'Category:Births in the Netherlands', 'right', '84.0', 'Zuidplaspolder', 'netherlands', 'LL-Q143 (epo)-Robin van der Vliet-Nederlando.wav', '026357240', 'Groningen', 'HOL', 'n78085423', 38584.0, '52.316666666667', 'Catholic Encyclopedia', 'niederlande', '1443', 'Niederlande', 'countries/ne', 'Dutch', 'holland', 'netherlands', '48251', '85633337', 'Pacific War', '7506', '5809', '3364', '870-879', 'nan', 'ujDxVI', '13158', 'nan', 'nan', 'nan', 'nan', 'nan', 'nan', 'pays/wd/137338', 'lccn-n78085423', 'netherlands:Netherlands', '2286', 'hollanda', 'Kingdom of the Netherlands', 'Open Data Portal Netherlands', 'Netherlands', '+1795-01-19T00:00:00Z', '1.0', 'A19', 'i83737', '12971', 'economy of the Netherlands', '11867', 'nan', 'nan', 'p/be720c0d-f419-4225-84dc-d65f10d586fd', '7c672690-aa08-4e09-99eb-de5486282524', 'netherlands', '네덜란드', '08968866-n', 'demographics of the Netherlands', 'nan', 'Y105190', '18-303648', 'cvenzmgywd2t', 'T84-3488', 'nan', '7345.0', '19572944.0', '2085493', 'Holland', 'strany_mira/NIDERLANDI.html', '12', 'SG--5962', '987007550359005171', 8.960000000000000853, 'nan', '2647', 'Willem-Alexander of the Netherlands', 'nan', 'Holland', '500.0', '26224', '21', '528.0', '🇳🇱', 'Nederlander', 'nan', 'Kingdom of the Netherlands', 'https://www.rijksoverheid.nl/', 'netherlands', 0.931000000000000049, 'geo/87D4DF9D-0D2D-4067-8AF3-CFB4197BE0F0', 'Q19', 'De Nederlandsche Bank', 25.39999999999999858, '1549.0', 'node/424297217', 54.89999999999999858, '63.0', 'nan', 'netherlands', 18711.0, '3035-1279', '2--492')
Traceback (most recent call last):
  File "/home/lkruger/bachelorthesis/bachelorthesis/evaluation.py", line 134, in run_experiment
    insert_query_handler.handle_insert_query(query)
  File "/home/lkruger/bachelorthesis/bachelorthesis/system/insert_query_handler.py", line 27, in handle_insert_query
    query_data.table = self.strategy.predict_table_name(query_data)
  File "/home/lkruger/bachelorthesis/bachelorthesis/system/strategies/llama2/llama2_model.py", line 103, in predict_table_name
    self.run_prompt(
  File "/home/lkruger/bachelorthesis/bachelorthesis/system/strategies/llama2/llama2_model.py", line 87, in run_prompt
    return self.pipe(prompt_text)[0]["generated_text"]
  File "/home/lkruger/bachelorthesis/bachelorthesis/fine_tuning/venv/lib/python3.9/site-packages/transformers/pipelines/text_generation.py", line 240, in __call__
    return super().__call__(text_inputs, **kwargs)
  File "/home/lkruger/bachelorthesis/bachelorthesis/fine_tuning/venv/lib/python3.9/site-packages/transformers/pipelines/base.py", line 1242, in __call__
    return self.run_single(inputs, preprocess_params, forward_params, postprocess_params)
  File "/home/lkruger/bachelorthesis/bachelorthesis/fine_tuning/venv/lib/python3.9/site-packages/transformers/pipelines/base.py", line 1249, in run_single
    model_outputs = self.forward(model_inputs, **forward_params)
  File "/home/lkruger/bachelorthesis/bachelorthesis/fine_tuning/venv/lib/python3.9/site-packages/transformers/pipelines/base.py", line 1149, in forward
    model_outputs = self._forward(model_inputs, **forward_params)
  File "/home/lkruger/bachelorthesis/bachelorthesis/fine_tuning/venv/lib/python3.9/site-packages/transformers/pipelines/text_generation.py", line 327, in _forward
    generated_sequence = self.model.generate(input_ids=input_ids, attention_mask=attention_mask, **generate_kwargs)
  File "/home/lkruger/bachelorthesis/bachelorthesis/fine_tuning/venv/lib/python3.9/site-packages/torch/utils/_contextlib.py", line 115, in decorate_context
    return func(*args, **kwargs)
  File "/home/lkruger/bachelorthesis/bachelorthesis/fine_tuning/venv/lib/python3.9/site-packages/transformers/generation/utils.py", line 1622, in generate
    result = self._sample(
  File "/home/lkruger/bachelorthesis/bachelorthesis/fine_tuning/venv/lib/python3.9/site-packages/transformers/generation/utils.py", line 2791, in _sample
    outputs = self(
  File "/home/lkruger/bachelorthesis/bachelorthesis/fine_tuning/venv/lib/python3.9/site-packages/torch/nn/modules/module.py", line 1511, in _wrapped_call_impl
    return self._call_impl(*args, **kwargs)
  File "/home/lkruger/bachelorthesis/bachelorthesis/fine_tuning/venv/lib/python3.9/site-packages/torch/nn/modules/module.py", line 1520, in _call_impl
    return forward_call(*args, **kwargs)
  File "/home/lkruger/bachelorthesis/bachelorthesis/fine_tuning/venv/lib/python3.9/site-packages/accelerate/hooks.py", line 166, in new_forward
    output = module._old_forward(*args, **kwargs)
  File "/home/lkruger/bachelorthesis/bachelorthesis/fine_tuning/venv/lib/python3.9/site-packages/transformers/models/llama/modeling_llama.py", line 1208, in forward
    outputs = self.model(
  File "/home/lkruger/bachelorthesis/bachelorthesis/fine_tuning/venv/lib/python3.9/site-packages/torch/nn/modules/module.py", line 1511, in _wrapped_call_impl
    return self._call_impl(*args, **kwargs)
  File "/home/lkruger/bachelorthesis/bachelorthesis/fine_tuning/venv/lib/python3.9/site-packages/torch/nn/modules/module.py", line 1520, in _call_impl
    return forward_call(*args, **kwargs)
  File "/home/lkruger/bachelorthesis/bachelorthesis/fine_tuning/venv/lib/python3.9/site-packages/transformers/models/llama/modeling_llama.py", line 1018, in forward
    layer_outputs = decoder_layer(
  File "/home/lkruger/bachelorthesis/bachelorthesis/fine_tuning/venv/lib/python3.9/site-packages/torch/nn/modules/module.py", line 1511, in _wrapped_call_impl
    return self._call_impl(*args, **kwargs)
  File "/home/lkruger/bachelorthesis/bachelorthesis/fine_tuning/venv/lib/python3.9/site-packages/torch/nn/modules/module.py", line 1520, in _call_impl
    return forward_call(*args, **kwargs)
  File "/home/lkruger/bachelorthesis/bachelorthesis/fine_tuning/venv/lib/python3.9/site-packages/accelerate/hooks.py", line 166, in new_forward
    output = module._old_forward(*args, **kwargs)
  File "/home/lkruger/bachelorthesis/bachelorthesis/fine_tuning/venv/lib/python3.9/site-packages/transformers/models/llama/modeling_llama.py", line 756, in forward
    hidden_states = self.mlp(hidden_states)
  File "/home/lkruger/bachelorthesis/bachelorthesis/fine_tuning/venv/lib/python3.9/site-packages/torch/nn/modules/module.py", line 1511, in _wrapped_call_impl
    return self._call_impl(*args, **kwargs)
  File "/home/lkruger/bachelorthesis/bachelorthesis/fine_tuning/venv/lib/python3.9/site-packages/torch/nn/modules/module.py", line 1520, in _call_impl
    return forward_call(*args, **kwargs)
  File "/home/lkruger/bachelorthesis/bachelorthesis/fine_tuning/venv/lib/python3.9/site-packages/accelerate/hooks.py", line 166, in new_forward
    output = module._old_forward(*args, **kwargs)
  File "/home/lkruger/bachelorthesis/bachelorthesis/fine_tuning/venv/lib/python3.9/site-packages/transformers/models/llama/modeling_llama.py", line 240, in forward
    down_proj = self.down_proj(self.act_fn(self.gate_proj(x)) * self.up_proj(x))
torch.cuda.OutOfMemoryError: CUDA out of memory. Tried to allocate 160.00 MiB. GPU 0 has a total capacity of 15.77 GiB of which 135.88 MiB is free. Including non-PyTorch memory, this process has 15.64 GiB memory in use. Of the allocated memory 14.08 GiB is allocated by PyTorch, and 666.05 MiB is reserved by PyTorch but unallocated. If reserved but unallocated memory is large try setting PYTORCH_CUDA_ALLOC_CONF=expandable_segments:True to avoid fragmentation.  See documentation for Memory Management  (https://pytorch.org/docs/stable/notes/cuda.html#environment-variables)


Error while executing query: INSERT INTO (`label`, `description`, `great_russian_encyclopedia_online_id`, `coordinates_of_southernmost_point`, `new_york_times_topic_id`, `gnd_id`, `category_of_associated_people`, `emergency_phone_number`, `electrical_plug_type`, `licence_plate_code`, `hashtag`, `babelnet_id`, `office_held_by_head_of_government`, `curlie_id`, `native_label`, `musicbrainz_area_id`, `public_holiday`, `uic_alphabetical_country_code`, `comic_vine_id`, `insee_countries_and_foreign_territories_code`, `vat_rate`, `diplomatic_relation`, `flag_image`, `commons_gallery`, `viaf_id`, `history_of_topic`, `capital`, `subreddit`, `openstreetmap_relation_id`, `mobile_country_code`, `maritime_identification_digits`, `nkcr_aut_id`, `asc_leiden_thesaurus_id`, `marriageable_age`, `category_of_people_buried_here`, `geoshape`, `coordinates_of_easternmost_point`, `le_monde_diplomatique_subject_id`, `marine_regions_geographic_id`, `member_of`, `unemployment_rate`, `railway_traffic_side`, `located_in_time_zone`, `category_for_people_who_died_here`, `yso_id`, `office_held_by_head_of_state`, `commons_category`, `shares_border_with`, `us_national_archives_identifier`, `nalt_id`, `treccani_id`, `iso_3166_1_numeric_code`, `coordinates_of_westernmost_point`, `country_calling_code`, `stw_thesaurus_for_economics_id`, `statoids_id`, `flag`, `fips_10_4_countries_and_regions`, `dagens_nyheter_topic_id`, `isni`, `nese_id`, `population`, `getty_thesaurus_of_geographic_names_id`, `topics_main_wikimedia_portal`, `wikimedia_outline`, `ndl_authority_id`, `currency`, `geonames_id`, `unicode_character`, `unesco_thesaurus_id`, `geography_of_topic`, `iso_3166_1_alpha_3_code`, `official_name`, `quora_topic_id`, `mesh_descriptor_id`, `guardian_topic_id`, `basic_form_of_government`, `coat_of_arms_image`, `ituisoiec_object_identifier`, `legislative_body`, `trunk_prefix`, `nuts_code`, `freebase_id`, `official_language`, `replaces`, `continent`, `coat_of_arms`, `age_of_majority`, `national_library_of_israel_id_old`, `on_focus_list_of_wikimedia_project`, `wipo_st3`, `coordinates_of_northernmost_point`, `has_quality`, `iso_3166_1_alpha_2_code`, `total_fertility_rate`, `area`, `store_norske_leksikon_id`, `different_from`, `topics_main_category`, `bibliothèque_nationale_de_france_id`, `locator_map_image`, `bbc_things_id`, `head_of_government`, `ioc_country_code`, `fast_id`, `gacs_id`, `archinform_location_id`, `encyclopædia_britannica_online_id`, `page_banner`, `category_for_films_shot_at_this_location`, `mains_voltage`, `executive_body`, `anthem`, `highest_judicial_authority`, `life_expectancy`, `top_level_internet_domain`, `instance_of`, `highest_point`, `category_for_people_born_here`, `driving_side`, `uic_numerical_country_code`, `lowest_point`, `civicus_monitor_country_entry`, `pronunciation_audio`, `idref_id`, `contains_the_administrative_territorial_entity`, `itu_letter_code`, `library_of_congress_authority_id`, `median_income`, `coordinate_location`, `described_by_source`, `brockhaus_enzyklopädie_online_id`, `iab_code`, `klexikon_article_id`, `loc_and_marc_vocabularies_id`, `language_used`, `dr_topic_id`, `world_encyclopedia_of_puppetry_arts_id`, `gran_enciclopèdia_catalana_id`, `whos_on_first_id`, `participant_in`, `inaturalist_place_id`, `omegawiki_defined_meaning`, `hds_id`, `gs1_country_code`, `culture`, `geonlp_id`, `analysis_policy_observatory_term_id`, `category_for_maps`, `treccanis_dizionario_di_storia_id`, `french_vikidia_id`, `english_vikidia_id`, `spanish_vikidia_id`, `italian_vikidia_id`, `larousse_id`, `worldcat_identities_id`, `fandom_article_id`, `eurovoc_id`, `tdv_islam_ansiklopedisi_id`, `part_of`, `open_data_portal`, `kbpedia_id`, `inception`, `rkd_thesaurus_id`, `pm20_geo_code`, `interlingual_index_id`, `jewish_encyclopedia_id_russian`, `economy_of_topic`, `uk_parliament_thesaurus_id`, `edition_humboldt_digital_id`, `tasteatlas_id`, `sapa_id`, `bhcl_uuid`, `github_topic`, `namuwiki_id`, `wordnet_31_synset_id`, `demographics_of_topic`, `ávvir_topic_id`, `ysa_id`, `yle_topic_id`, `bbc_news_topic_id`, `joconde_location_id`, `topics_main_template`, `armeniapedia_id`, `zhihu_topic_id`, `idaigazetteer_id`, `den_store_danske_id`, `krugosvet_article`, `schoenberg_database_of_manuscripts_place_id`, `colon_classification`, `national_library_of_israel_j9u_id`, `democracy_index`, `online_pwn_encyclopedia_id`, `postimees_topic_id`, `head_of_state`, `der_spiegel_topic_id`, `gyldendals_teaterleksikon_id`, `museum_digital_place_id`, `wikisimpsons_id`, `urban_electric_transit_country_id`, `m49_code`, `short_name`, `demonym`, `süddeutsche_zeitung_topic_id`, `country`, `official_website`, `alltrails_trail_id`, `human_development_index`, `national_historical_museums_of_sweden_id`, `eu_knowledge_graph_item_id`, `central_bank`, `gini_coefficient`, `obo_gazetteer_id`, `openstreetmap_element`, `happy_planet_index_score`, `the_top_tens_id`, `grove_art_online_id`, `the_world_factbook_country_id`, `number_of_out_of_school_children`, `giant_bomb_id`, `dewey_decimal_classification`) VALUES ('Ukraine', 'country in Eastern Europe', '4217406', '44.386416666667', 'destination/ukraine', '4061496-7', 'Category:Ukrainian people', '112', 'Europlug', 'UA', 'україна', '00078872n', 'Prime Minister of Ukraine', 'Regional/Europe/Ukraine/', 'Україна', '904768d0-61ca-3c40-93ac-93adc36fef4b', 'Independence Day of Ukraine', 'UA', '4020-56166', '99155.0', 20.0, 'Canada', 'Flag of Ukraine.svg', 'Україна', '134334037', 'History of Ukraine', 'Kyiv', 'ukraine', '60199', '255', '272.0', 'ge131211', 'nan', 18.0, 'Category:Burials in Ukraine', 'Data:Ukraine.map', '49.260277777778', 'pays/ukraine', '2196.0', 'Council of Europe', 8.0, 'right', 'UTC+02:00', 'Category:Deaths in Ukraine', '107664', 'President of Ukraine', 'Ukraine', 'European Union', '10045282.0', '38637.0', 'ucraina', '804', '48.419166666667', '380', '17485-0', 'uua', 'flag of Ukraine', 'UP', 'ukraina', '0000 0001 2358 7973', 'ukraina', 41588354.0, '7006660', 'Portal:Ukraine', 'outline of Ukraine', '573982', 'hryvnia', '690791', '🇺🇦', 'concept926', 'geography of Ukraine', 'UKR', 'Україна', 'Ukraine', 'D014455', 'world/ukraine', 'semi-presidential system', 'Lesser Coat of Arms of Ukraine.svg', '2.16.804', 'Verkhovna Rada', '0.0', 'nan', '/m/07t21', 'Ukrainian', 'Ukrainian Soviet Socialist Republic', 'Europe', 'coat of arms of Ukraine', 18.0, '983173.0', 'Wikipedia:List of articles all languages should have', 'UA', '52.379528888889', 'partly free country', 'UA', 1.497999999999999999, 603550.0, 'Ukraina', 'Ukraine', 'Category:Ukraine', '11865672n', 'Europe-Ukraine (disputed territory).svg', 'ee8750ed-a7fb-453f-bfca-2aa8b3fb064c', 'Denys Shmyhal', 'UKR', '1211738', '622', '3055', 'place/Ukraine', 'Chernivtsi-banner.jpg', 'Category:Films shot in Ukraine', 230.0, 'Cabinet of Ministers of Ukraine', 'Shche ne Vmerla Ukrainy i Slava, i volia', 'Supreme Court of Ukraine', 71.47633999999999332, '.ua', 'sovereign state', 'Hoverla', 'Category:Births in Ukraine', 'right', '22.0', 'Kuyalnik Estuary', 'ukraine', 'Fr-l''Ukraine-fr Be.ogg', '02640267X', 'Kyiv', 'UKR', 'n81017756', 9218.0, '49.0', 'Brockhaus and Efron Encyclopedic Dictionary', 'ukraine', '1467', 'Ukraine', 'countries/un', 'Russian', 'ukraine', 'ukraine', '68156', '85633805', '2022 Russian invasion of Ukraine', '8860', '8331', '25007', '482', 'Ukrainian culture', 'h9S4H5', '3007', 'Category:Maps of Ukraine', 'ucraina', 'Ukraine', 'Ukraine', 'Ucrania', 'Ucraina', 'pays/Ukraine/147832', 'lccn-n81017756', 'ukraine:Ukraine', '5946', 'ukrayna', 'Eastern Europe', 'data.gov.ua', 'Ukraine', '+1991-08-24T00:00:00Z', 'nan', 'A54', 'i84044', '14209', 'economy of Ukraine', '13438', 'H0009637', 'ukraine', 'p/4d375393-126c-44d3-8078-1dd92b4c2fb5', '973d6c80-d1e5-4830-a9cf-2529a3cddd3a', 'ukraine', '우크라이나', '09037349-n', 'demographics of Ukraine', 'ukraina', 'Y107664', '18-185076', 'cx1m7zg0gzdt', 'T84-3585', 'Template:Ukraine topics', '4103.0', '19642259.0', '2069309', 'Ukraine', 'strany_mira/UKRAINA.html', '4073', 'SG--587', '987007548162505171', 5.80999999999999961, '4169170.0', '8497', 'Volodymyr Zelenskyy', 'ukraine', 'nan', '939.0', '43280', '3', 'nan', '🇺🇦', 'українці', 'Ukraine', 'Ukraine', 'https://ukraine.ua', 'ukraine', 0.7730000000000000204, 'geo/00FF2E4F-C147-45FA-9014-EAEB7F789A58', 'Q313', 'National Bank of Ukraine', 25.60000000000000142, '2724.0', 'node/1648342273', 40.89999999999999858, '130.0', 'T086947', 'ukraine', 117710.0, '3035-2881', '2--477')
Traceback (most recent call last):
  File "/home/lkruger/bachelorthesis/bachelorthesis/evaluation.py", line 134, in run_experiment
    insert_query_handler.handle_insert_query(query)
  File "/home/lkruger/bachelorthesis/bachelorthesis/system/insert_query_handler.py", line 27, in handle_insert_query
    query_data.table = self.strategy.predict_table_name(query_data)
  File "/home/lkruger/bachelorthesis/bachelorthesis/system/strategies/llama2/llama2_model.py", line 103, in predict_table_name
    self.run_prompt(
  File "/home/lkruger/bachelorthesis/bachelorthesis/system/strategies/llama2/llama2_model.py", line 87, in run_prompt
    return self.pipe(prompt_text)[0]["generated_text"]
  File "/home/lkruger/bachelorthesis/bachelorthesis/fine_tuning/venv/lib/python3.9/site-packages/transformers/pipelines/text_generation.py", line 240, in __call__
    return super().__call__(text_inputs, **kwargs)
  File "/home/lkruger/bachelorthesis/bachelorthesis/fine_tuning/venv/lib/python3.9/site-packages/transformers/pipelines/base.py", line 1242, in __call__
    return self.run_single(inputs, preprocess_params, forward_params, postprocess_params)
  File "/home/lkruger/bachelorthesis/bachelorthesis/fine_tuning/venv/lib/python3.9/site-packages/transformers/pipelines/base.py", line 1249, in run_single
    model_outputs = self.forward(model_inputs, **forward_params)
  File "/home/lkruger/bachelorthesis/bachelorthesis/fine_tuning/venv/lib/python3.9/site-packages/transformers/pipelines/base.py", line 1149, in forward
    model_outputs = self._forward(model_inputs, **forward_params)
  File "/home/lkruger/bachelorthesis/bachelorthesis/fine_tuning/venv/lib/python3.9/site-packages/transformers/pipelines/text_generation.py", line 327, in _forward
    generated_sequence = self.model.generate(input_ids=input_ids, attention_mask=attention_mask, **generate_kwargs)
  File "/home/lkruger/bachelorthesis/bachelorthesis/fine_tuning/venv/lib/python3.9/site-packages/torch/utils/_contextlib.py", line 115, in decorate_context
    return func(*args, **kwargs)
  File "/home/lkruger/bachelorthesis/bachelorthesis/fine_tuning/venv/lib/python3.9/site-packages/transformers/generation/utils.py", line 1622, in generate
    result = self._sample(
  File "/home/lkruger/bachelorthesis/bachelorthesis/fine_tuning/venv/lib/python3.9/site-packages/transformers/generation/utils.py", line 2791, in _sample
    outputs = self(
  File "/home/lkruger/bachelorthesis/bachelorthesis/fine_tuning/venv/lib/python3.9/site-packages/torch/nn/modules/module.py", line 1511, in _wrapped_call_impl
    return self._call_impl(*args, **kwargs)
  File "/home/lkruger/bachelorthesis/bachelorthesis/fine_tuning/venv/lib/python3.9/site-packages/torch/nn/modules/module.py", line 1520, in _call_impl
    return forward_call(*args, **kwargs)
  File "/home/lkruger/bachelorthesis/bachelorthesis/fine_tuning/venv/lib/python3.9/site-packages/accelerate/hooks.py", line 166, in new_forward
    output = module._old_forward(*args, **kwargs)
  File "/home/lkruger/bachelorthesis/bachelorthesis/fine_tuning/venv/lib/python3.9/site-packages/transformers/models/llama/modeling_llama.py", line 1208, in forward
    outputs = self.model(
  File "/home/lkruger/bachelorthesis/bachelorthesis/fine_tuning/venv/lib/python3.9/site-packages/torch/nn/modules/module.py", line 1511, in _wrapped_call_impl
    return self._call_impl(*args, **kwargs)
  File "/home/lkruger/bachelorthesis/bachelorthesis/fine_tuning/venv/lib/python3.9/site-packages/torch/nn/modules/module.py", line 1520, in _call_impl
    return forward_call(*args, **kwargs)
  File "/home/lkruger/bachelorthesis/bachelorthesis/fine_tuning/venv/lib/python3.9/site-packages/transformers/models/llama/modeling_llama.py", line 1018, in forward
    layer_outputs = decoder_layer(
  File "/home/lkruger/bachelorthesis/bachelorthesis/fine_tuning/venv/lib/python3.9/site-packages/torch/nn/modules/module.py", line 1511, in _wrapped_call_impl
    return self._call_impl(*args, **kwargs)
  File "/home/lkruger/bachelorthesis/bachelorthesis/fine_tuning/venv/lib/python3.9/site-packages/torch/nn/modules/module.py", line 1520, in _call_impl
    return forward_call(*args, **kwargs)
  File "/home/lkruger/bachelorthesis/bachelorthesis/fine_tuning/venv/lib/python3.9/site-packages/accelerate/hooks.py", line 166, in new_forward
    output = module._old_forward(*args, **kwargs)
  File "/home/lkruger/bachelorthesis/bachelorthesis/fine_tuning/venv/lib/python3.9/site-packages/transformers/models/llama/modeling_llama.py", line 756, in forward
    hidden_states = self.mlp(hidden_states)
  File "/home/lkruger/bachelorthesis/bachelorthesis/fine_tuning/venv/lib/python3.9/site-packages/torch/nn/modules/module.py", line 1511, in _wrapped_call_impl
    return self._call_impl(*args, **kwargs)
  File "/home/lkruger/bachelorthesis/bachelorthesis/fine_tuning/venv/lib/python3.9/site-packages/torch/nn/modules/module.py", line 1520, in _call_impl
    return forward_call(*args, **kwargs)
  File "/home/lkruger/bachelorthesis/bachelorthesis/fine_tuning/venv/lib/python3.9/site-packages/accelerate/hooks.py", line 166, in new_forward
    output = module._old_forward(*args, **kwargs)
  File "/home/lkruger/bachelorthesis/bachelorthesis/fine_tuning/venv/lib/python3.9/site-packages/transformers/models/llama/modeling_llama.py", line 240, in forward
    down_proj = self.down_proj(self.act_fn(self.gate_proj(x)) * self.up_proj(x))
torch.cuda.OutOfMemoryError: CUDA out of memory. Tried to allocate 162.00 MiB. GPU 0 has a total capacity of 15.77 GiB of which 135.88 MiB is free. Including non-PyTorch memory, this process has 15.64 GiB memory in use. Of the allocated memory 14.11 GiB is allocated by PyTorch, and 641.86 MiB is reserved by PyTorch but unallocated. If reserved but unallocated memory is large try setting PYTORCH_CUDA_ALLOC_CONF=expandable_segments:True to avoid fragmentation.  See documentation for Memory Management  (https://pytorch.org/docs/stable/notes/cuda.html#environment-variables)


Error while executing query: INSERT INTO (`label`, `description`, `great_russian_encyclopedia_online_id`, `coordinates_of_southernmost_point`, `new_york_times_topic_id`, `gnd_id`, `category_of_associated_people`, `emergency_phone_number`, `electrical_plug_type`, `licence_plate_code`, `hashtag`, `babelnet_id`, `office_held_by_head_of_government`, `curlie_id`, `native_label`, `musicbrainz_area_id`, `public_holiday`, `uic_alphabetical_country_code`, `comic_vine_id`, `insee_countries_and_foreign_territories_code`, `vat_rate`, `diplomatic_relation`, `flag_image`, `commons_gallery`, `viaf_id`, `history_of_topic`, `capital`, `subreddit`, `openstreetmap_relation_id`, `mobile_country_code`, `maritime_identification_digits`, `nkcr_aut_id`, `asc_leiden_thesaurus_id`, `marriageable_age`, `category_of_people_buried_here`, `geoshape`, `coordinates_of_easternmost_point`, `le_monde_diplomatique_subject_id`, `marine_regions_geographic_id`, `member_of`, `unemployment_rate`, `railway_traffic_side`, `located_in_time_zone`, `category_for_people_who_died_here`, `yso_id`, `office_held_by_head_of_state`, `commons_category`, `shares_border_with`, `us_national_archives_identifier`, `nalt_id`, `treccani_id`, `iso_3166_1_numeric_code`, `coordinates_of_westernmost_point`, `country_calling_code`, `stw_thesaurus_for_economics_id`, `statoids_id`, `flag`, `fips_10_4_countries_and_regions`, `dagens_nyheter_topic_id`, `isni`, `nese_id`, `population`, `getty_thesaurus_of_geographic_names_id`, `topics_main_wikimedia_portal`, `wikimedia_outline`, `ndl_authority_id`, `currency`, `geonames_id`, `unicode_character`, `unesco_thesaurus_id`, `geography_of_topic`, `iso_3166_1_alpha_3_code`, `official_name`, `quora_topic_id`, `mesh_descriptor_id`, `guardian_topic_id`, `basic_form_of_government`, `coat_of_arms_image`, `ituisoiec_object_identifier`, `legislative_body`, `trunk_prefix`, `nuts_code`, `freebase_id`, `official_language`, `replaces`, `continent`, `coat_of_arms`, `age_of_majority`, `national_library_of_israel_id_old`, `on_focus_list_of_wikimedia_project`, `wipo_st3`, `coordinates_of_northernmost_point`, `has_quality`, `iso_3166_1_alpha_2_code`, `total_fertility_rate`, `area`, `store_norske_leksikon_id`, `different_from`, `topics_main_category`, `bibliothèque_nationale_de_france_id`, `locator_map_image`, `bbc_things_id`, `head_of_government`, `ioc_country_code`, `fast_id`, `gacs_id`, `archinform_location_id`, `encyclopædia_britannica_online_id`, `page_banner`, `category_for_films_shot_at_this_location`, `mains_voltage`, `executive_body`, `anthem`, `highest_judicial_authority`, `life_expectancy`, `top_level_internet_domain`, `instance_of`, `highest_point`, `category_for_people_born_here`, `driving_side`, `uic_numerical_country_code`, `lowest_point`, `civicus_monitor_country_entry`, `pronunciation_audio`, `idref_id`, `contains_the_administrative_territorial_entity`, `itu_letter_code`, `library_of_congress_authority_id`, `median_income`, `coordinate_location`, `described_by_source`, `brockhaus_enzyklopädie_online_id`, `iab_code`, `klexikon_article_id`, `loc_and_marc_vocabularies_id`, `language_used`, `dr_topic_id`, `world_encyclopedia_of_puppetry_arts_id`, `gran_enciclopèdia_catalana_id`, `whos_on_first_id`, `participant_in`, `inaturalist_place_id`, `omegawiki_defined_meaning`, `hds_id`, `gs1_country_code`, `culture`, `geonlp_id`, `analysis_policy_observatory_term_id`, `category_for_maps`, `treccanis_dizionario_di_storia_id`, `french_vikidia_id`, `english_vikidia_id`, `spanish_vikidia_id`, `italian_vikidia_id`, `larousse_id`, `worldcat_identities_id`, `fandom_article_id`, `eurovoc_id`, `tdv_islam_ansiklopedisi_id`, `part_of`, `open_data_portal`, `kbpedia_id`, `inception`, `rkd_thesaurus_id`, `pm20_geo_code`, `interlingual_index_id`, `jewish_encyclopedia_id_russian`, `economy_of_topic`, `uk_parliament_thesaurus_id`, `edition_humboldt_digital_id`, `tasteatlas_id`, `sapa_id`, `bhcl_uuid`, `github_topic`, `namuwiki_id`, `wordnet_31_synset_id`, `demographics_of_topic`, `ávvir_topic_id`, `ysa_id`, `yle_topic_id`, `bbc_news_topic_id`, `joconde_location_id`, `topics_main_template`, `armeniapedia_id`, `zhihu_topic_id`, `idaigazetteer_id`, `den_store_danske_id`, `krugosvet_article`, `schoenberg_database_of_manuscripts_place_id`, `colon_classification`, `national_library_of_israel_j9u_id`, `democracy_index`, `online_pwn_encyclopedia_id`, `postimees_topic_id`, `head_of_state`, `der_spiegel_topic_id`, `gyldendals_teaterleksikon_id`, `museum_digital_place_id`, `wikisimpsons_id`, `urban_electric_transit_country_id`, `m49_code`, `short_name`, `demonym`, `süddeutsche_zeitung_topic_id`, `country`, `official_website`, `alltrails_trail_id`, `human_development_index`, `national_historical_museums_of_sweden_id`, `eu_knowledge_graph_item_id`, `central_bank`, `gini_coefficient`, `obo_gazetteer_id`, `openstreetmap_element`, `happy_planet_index_score`, `the_top_tens_id`, `grove_art_online_id`, `the_world_factbook_country_id`, `number_of_out_of_school_children`, `giant_bomb_id`, `dewey_decimal_classification`) VALUES ('Belgium', 'country in western Europe', '4075290', '49.49699', 'destination/belgium', '4005406-8', 'Category:Belgian people', '112', 'Europlug', 'B', 'Belgium', '00009714n', 'Prime Minister of Belgium', 'Regional/Europe/Belgium/', 'Koninkrijk België', '5b8a5ee5-0bb3-34cf-9a75-c27c44e341fc', 'New Year''s Day', 'B', '4020-55916', '99131.0', 21.0, 'Luxembourg', 'Flag of Belgium (civil).svg', 'België / Belgique / Belgien', '144248059', 'history of Belgium', 'Brussels', 'belgium', '52411', '206', '205.0', 'ge128735', '294901094.0', 18.0, 'Category:Burials in Belgium', 'Data:Belgium.map', '50.3358193', 'pays/belgique', '14.0', 'European Union', 5.549999999999999823, 'left', 'UTC+01:00', 'Category:Deaths in Belgium', '105206', 'King of the Belgians', 'Belgium', 'Kingdom of the Netherlands', '10035761.0', '10580.0', 'belgio', '56', '51.08944972391368', '32', '17201-5', 'ube', 'flag of Belgium', 'BE', 'belgien', '0000 0001 2353 6287', 'belgien', 11584008.0, '1000063', 'Portal:Belgium', 'outline of Belgium', '560624', 'euro', '2802361', '🇧🇪', 'concept893', 'geography of Belgium', 'BEL', 'Royaume de Belgique', 'Belgium', 'D001530', 'world/belgium', 'constitutional monarchy', 'State Coat of Arms of Belgium.svg', '2.16.56', 'Belgian Federal Parliament', '0.0', 'BE', '/m/0154j', 'Dutch', 'United Kingdom of the Netherlands', 'Europe', 'coat of arms of Belgium', 18.0, '981380.0', 'WikiProject Zika Corpus', 'BE', '51.50508', 'free country', 'BE', 1.75, 30688.0, 'Belgia', 'Belgium', 'Category:Belgium', '15238382r', 'EU-Belgium.svg', 'e68c5b82-50e8-47d8-953c-bf61a2de0a85', 'Alexander De Croo', 'BEL', '1210278', '766', '2969', 'place/Belgium', 'Belgium Banner.jpg', 'Category:Films shot in Belgium', 230.0, 'Federal Government of Belgium', 'The Brabançonne', 'Constitutional Court of Belgium', 80.79000000000000626, '.be', 'sovereign state', 'Signal de Botrange', 'Category:Births in Belgium', 'right', '88.0', 'De Moeren', 'belgium', 'Lb-Belsch.ogg', '026360608', 'Flemish Region', 'BEL', 'n80126041', 31112.0, '50.641111111111', 'Catholic Encyclopedia', 'belgien', '1249', 'Belgien', 'countries/be', 'West Flemish', 'belgien', 'belgium', '8719', '85632997', 'Battle of the Lys', '7008', '5689', '3349', '540-549', 'culture of Belgium', 'wxtrbw', '6826', 'Category:Maps of Belgium', 'belgio', 'Belgique', 'Belgium', 'Bélgica', 'Belgio', 'pays/wd/108227', 'lccn-n80126041', 'nan', '4839', 'belcika', 'Allies of the First World War', 'data.gov.be', 'Belgium', '+1830-10-04T00:00:00Z', '3995.0', 'A21', 'i83329', '10489', 'economy of Belgium', '8617', 'H0005189', 'belgium', 'p/b4bc3740-2d3e-4ce2-875c-a2f6eb090a45', 'ffd382be-2f2b-4c19-ae5a-6ba50f65aec5', 'belgium', '벨기에', '08868745-n', 'demographics of Belgium', 'belgia', 'Y105206', '18-193836', 'cz4pr2gdgrdt', 'T84-674', 'Template:Subdivisions of Belgium', '2405.0', '19627981.0', '2075743', 'Belgien', 'strany_mira/BELGIYA.html', '1062', 'SG--5961', '987007559777605171', 7.509999999999999787, '4169005.0', '149', 'Philippe I of Belgium', 'belgien', 'Belgien', '1292.0', '48360', '37', '56.0', '🇧🇪', 'Belg', 'Belgien', 'Belgium', 'https://www.belgium.be/', 'belgium', 0.937000000000000055, 'geo/60FCC1CF-7151-4EFB-A99A-E23A77B27C7E', 'Q8', 'National Bank of Belgium', 27.19999999999999929, '2938.0', 'node/1684793666', 42.5, '124.0', 'T007414', 'belgium', 8330.0, '3035-254', '2--493')
Traceback (most recent call last):
  File "/home/lkruger/bachelorthesis/bachelorthesis/evaluation.py", line 134, in run_experiment
    insert_query_handler.handle_insert_query(query)
  File "/home/lkruger/bachelorthesis/bachelorthesis/system/insert_query_handler.py", line 27, in handle_insert_query
    query_data.table = self.strategy.predict_table_name(query_data)
  File "/home/lkruger/bachelorthesis/bachelorthesis/system/strategies/llama2/llama2_model.py", line 103, in predict_table_name
    self.run_prompt(
  File "/home/lkruger/bachelorthesis/bachelorthesis/system/strategies/llama2/llama2_model.py", line 87, in run_prompt
    return self.pipe(prompt_text)[0]["generated_text"]
  File "/home/lkruger/bachelorthesis/bachelorthesis/fine_tuning/venv/lib/python3.9/site-packages/transformers/pipelines/text_generation.py", line 240, in __call__
    return super().__call__(text_inputs, **kwargs)
  File "/home/lkruger/bachelorthesis/bachelorthesis/fine_tuning/venv/lib/python3.9/site-packages/transformers/pipelines/base.py", line 1242, in __call__
    return self.run_single(inputs, preprocess_params, forward_params, postprocess_params)
  File "/home/lkruger/bachelorthesis/bachelorthesis/fine_tuning/venv/lib/python3.9/site-packages/transformers/pipelines/base.py", line 1249, in run_single
    model_outputs = self.forward(model_inputs, **forward_params)
  File "/home/lkruger/bachelorthesis/bachelorthesis/fine_tuning/venv/lib/python3.9/site-packages/transformers/pipelines/base.py", line 1149, in forward
    model_outputs = self._forward(model_inputs, **forward_params)
  File "/home/lkruger/bachelorthesis/bachelorthesis/fine_tuning/venv/lib/python3.9/site-packages/transformers/pipelines/text_generation.py", line 327, in _forward
    generated_sequence = self.model.generate(input_ids=input_ids, attention_mask=attention_mask, **generate_kwargs)
  File "/home/lkruger/bachelorthesis/bachelorthesis/fine_tuning/venv/lib/python3.9/site-packages/torch/utils/_contextlib.py", line 115, in decorate_context
    return func(*args, **kwargs)
  File "/home/lkruger/bachelorthesis/bachelorthesis/fine_tuning/venv/lib/python3.9/site-packages/transformers/generation/utils.py", line 1622, in generate
    result = self._sample(
  File "/home/lkruger/bachelorthesis/bachelorthesis/fine_tuning/venv/lib/python3.9/site-packages/transformers/generation/utils.py", line 2791, in _sample
    outputs = self(
  File "/home/lkruger/bachelorthesis/bachelorthesis/fine_tuning/venv/lib/python3.9/site-packages/torch/nn/modules/module.py", line 1511, in _wrapped_call_impl
    return self._call_impl(*args, **kwargs)
  File "/home/lkruger/bachelorthesis/bachelorthesis/fine_tuning/venv/lib/python3.9/site-packages/torch/nn/modules/module.py", line 1520, in _call_impl
    return forward_call(*args, **kwargs)
  File "/home/lkruger/bachelorthesis/bachelorthesis/fine_tuning/venv/lib/python3.9/site-packages/accelerate/hooks.py", line 166, in new_forward
    output = module._old_forward(*args, **kwargs)
  File "/home/lkruger/bachelorthesis/bachelorthesis/fine_tuning/venv/lib/python3.9/site-packages/transformers/models/llama/modeling_llama.py", line 1208, in forward
    outputs = self.model(
  File "/home/lkruger/bachelorthesis/bachelorthesis/fine_tuning/venv/lib/python3.9/site-packages/torch/nn/modules/module.py", line 1511, in _wrapped_call_impl
    return self._call_impl(*args, **kwargs)
  File "/home/lkruger/bachelorthesis/bachelorthesis/fine_tuning/venv/lib/python3.9/site-packages/torch/nn/modules/module.py", line 1520, in _call_impl
    return forward_call(*args, **kwargs)
  File "/home/lkruger/bachelorthesis/bachelorthesis/fine_tuning/venv/lib/python3.9/site-packages/transformers/models/llama/modeling_llama.py", line 1018, in forward
    layer_outputs = decoder_layer(
  File "/home/lkruger/bachelorthesis/bachelorthesis/fine_tuning/venv/lib/python3.9/site-packages/torch/nn/modules/module.py", line 1511, in _wrapped_call_impl
    return self._call_impl(*args, **kwargs)
  File "/home/lkruger/bachelorthesis/bachelorthesis/fine_tuning/venv/lib/python3.9/site-packages/torch/nn/modules/module.py", line 1520, in _call_impl
    return forward_call(*args, **kwargs)
  File "/home/lkruger/bachelorthesis/bachelorthesis/fine_tuning/venv/lib/python3.9/site-packages/accelerate/hooks.py", line 166, in new_forward
    output = module._old_forward(*args, **kwargs)
  File "/home/lkruger/bachelorthesis/bachelorthesis/fine_tuning/venv/lib/python3.9/site-packages/transformers/models/llama/modeling_llama.py", line 756, in forward
    hidden_states = self.mlp(hidden_states)
  File "/home/lkruger/bachelorthesis/bachelorthesis/fine_tuning/venv/lib/python3.9/site-packages/torch/nn/modules/module.py", line 1511, in _wrapped_call_impl
    return self._call_impl(*args, **kwargs)
  File "/home/lkruger/bachelorthesis/bachelorthesis/fine_tuning/venv/lib/python3.9/site-packages/torch/nn/modules/module.py", line 1520, in _call_impl
    return forward_call(*args, **kwargs)
  File "/home/lkruger/bachelorthesis/bachelorthesis/fine_tuning/venv/lib/python3.9/site-packages/accelerate/hooks.py", line 166, in new_forward
    output = module._old_forward(*args, **kwargs)
  File "/home/lkruger/bachelorthesis/bachelorthesis/fine_tuning/venv/lib/python3.9/site-packages/transformers/models/llama/modeling_llama.py", line 240, in forward
    down_proj = self.down_proj(self.act_fn(self.gate_proj(x)) * self.up_proj(x))
torch.cuda.OutOfMemoryError: CUDA out of memory. Tried to allocate 162.00 MiB. GPU 0 has a total capacity of 15.77 GiB of which 135.88 MiB is free. Including non-PyTorch memory, this process has 15.64 GiB memory in use. Of the allocated memory 14.10 GiB is allocated by PyTorch, and 650.19 MiB is reserved by PyTorch but unallocated. If reserved but unallocated memory is large try setting PYTORCH_CUDA_ALLOC_CONF=expandable_segments:True to avoid fragmentation.  See documentation for Memory Management  (https://pytorch.org/docs/stable/notes/cuda.html#environment-variables)


Error while executing query: INSERT INTO (`label`, `description`, `great_russian_encyclopedia_online_id`, `coordinates_of_southernmost_point`, `new_york_times_topic_id`, `gnd_id`, `category_of_associated_people`, `emergency_phone_number`, `electrical_plug_type`, `licence_plate_code`, `hashtag`, `babelnet_id`, `office_held_by_head_of_government`, `curlie_id`, `native_label`, `musicbrainz_area_id`, `public_holiday`, `uic_alphabetical_country_code`, `comic_vine_id`, `insee_countries_and_foreign_territories_code`, `vat_rate`, `diplomatic_relation`, `flag_image`, `commons_gallery`, `viaf_id`, `history_of_topic`, `capital`, `subreddit`, `openstreetmap_relation_id`, `mobile_country_code`, `maritime_identification_digits`, `nkcr_aut_id`, `asc_leiden_thesaurus_id`, `marriageable_age`, `category_of_people_buried_here`, `geoshape`, `coordinates_of_easternmost_point`, `le_monde_diplomatique_subject_id`, `marine_regions_geographic_id`, `member_of`, `unemployment_rate`, `railway_traffic_side`, `located_in_time_zone`, `category_for_people_who_died_here`, `yso_id`, `office_held_by_head_of_state`, `commons_category`, `shares_border_with`, `us_national_archives_identifier`, `nalt_id`, `treccani_id`, `iso_3166_1_numeric_code`, `coordinates_of_westernmost_point`, `country_calling_code`, `stw_thesaurus_for_economics_id`, `statoids_id`, `flag`, `fips_10_4_countries_and_regions`, `dagens_nyheter_topic_id`, `isni`, `nese_id`, `population`, `getty_thesaurus_of_geographic_names_id`, `topics_main_wikimedia_portal`, `wikimedia_outline`, `ndl_authority_id`, `currency`, `geonames_id`, `unicode_character`, `unesco_thesaurus_id`, `geography_of_topic`, `iso_3166_1_alpha_3_code`, `official_name`, `quora_topic_id`, `mesh_descriptor_id`, `guardian_topic_id`, `basic_form_of_government`, `coat_of_arms_image`, `ituisoiec_object_identifier`, `legislative_body`, `trunk_prefix`, `nuts_code`, `freebase_id`, `official_language`, `replaces`, `continent`, `coat_of_arms`, `age_of_majority`, `national_library_of_israel_id_old`, `on_focus_list_of_wikimedia_project`, `wipo_st3`, `coordinates_of_northernmost_point`, `has_quality`, `iso_3166_1_alpha_2_code`, `total_fertility_rate`, `area`, `store_norske_leksikon_id`, `different_from`, `topics_main_category`, `bibliothèque_nationale_de_france_id`, `locator_map_image`, `bbc_things_id`, `head_of_government`, `ioc_country_code`, `fast_id`, `gacs_id`, `archinform_location_id`, `encyclopædia_britannica_online_id`, `page_banner`, `category_for_films_shot_at_this_location`, `mains_voltage`, `executive_body`, `anthem`, `highest_judicial_authority`, `life_expectancy`, `top_level_internet_domain`, `instance_of`, `highest_point`, `category_for_people_born_here`, `driving_side`, `uic_numerical_country_code`, `lowest_point`, `civicus_monitor_country_entry`, `pronunciation_audio`, `idref_id`, `contains_the_administrative_territorial_entity`, `itu_letter_code`, `library_of_congress_authority_id`, `median_income`, `coordinate_location`, `described_by_source`, `brockhaus_enzyklopädie_online_id`, `iab_code`, `klexikon_article_id`, `loc_and_marc_vocabularies_id`, `language_used`, `dr_topic_id`, `world_encyclopedia_of_puppetry_arts_id`, `gran_enciclopèdia_catalana_id`, `whos_on_first_id`, `participant_in`, `inaturalist_place_id`, `omegawiki_defined_meaning`, `hds_id`, `gs1_country_code`, `culture`, `geonlp_id`, `analysis_policy_observatory_term_id`, `category_for_maps`, `treccanis_dizionario_di_storia_id`, `french_vikidia_id`, `english_vikidia_id`, `spanish_vikidia_id`, `italian_vikidia_id`, `larousse_id`, `worldcat_identities_id`, `fandom_article_id`, `eurovoc_id`, `tdv_islam_ansiklopedisi_id`, `part_of`, `open_data_portal`, `kbpedia_id`, `inception`, `rkd_thesaurus_id`, `pm20_geo_code`, `interlingual_index_id`, `jewish_encyclopedia_id_russian`, `economy_of_topic`, `uk_parliament_thesaurus_id`, `edition_humboldt_digital_id`, `tasteatlas_id`, `sapa_id`, `bhcl_uuid`, `github_topic`, `namuwiki_id`, `wordnet_31_synset_id`, `demographics_of_topic`, `ávvir_topic_id`, `ysa_id`, `yle_topic_id`, `bbc_news_topic_id`, `joconde_location_id`, `topics_main_template`, `armeniapedia_id`, `zhihu_topic_id`, `idaigazetteer_id`, `den_store_danske_id`, `krugosvet_article`, `schoenberg_database_of_manuscripts_place_id`, `colon_classification`, `national_library_of_israel_j9u_id`, `democracy_index`, `online_pwn_encyclopedia_id`, `postimees_topic_id`, `head_of_state`, `der_spiegel_topic_id`, `gyldendals_teaterleksikon_id`, `museum_digital_place_id`, `wikisimpsons_id`, `urban_electric_transit_country_id`, `m49_code`, `short_name`, `demonym`, `süddeutsche_zeitung_topic_id`, `country`, `official_website`, `alltrails_trail_id`, `human_development_index`, `national_historical_museums_of_sweden_id`, `eu_knowledge_graph_item_id`, `central_bank`, `gini_coefficient`, `obo_gazetteer_id`, `openstreetmap_element`, `happy_planet_index_score`, `the_top_tens_id`, `grove_art_online_id`, `the_world_factbook_country_id`, `number_of_out_of_school_children`, `giant_bomb_id`, `dewey_decimal_classification`) VALUES ('Romania', 'country in Central and Eastern Europe', '3519916', '43.6233705', 'destination/romania', '4050939-4', 'Category:Romanian people', '112', 'Europlug', 'RO', 'Romania', '00068196n', 'Prime Minister of Romania', 'Regional/Europe/Romania/', 'România', '61ed84b8-5a10-30a7-8376-ccd51801d6d1', 'nan', 'RO', '4020-55923', '99114.0', 19.0, 'Canada', 'Flag of Romania.svg', 'România', '124251001', 'history of Romania', 'Bucharest', 'Romania', '90689', '226', '264.0', 'ge130694', '294935274.0', 18.0, 'Category:Burials in Romania', 'Data:Romania.map', '45.16381636', 'pays/roumanie', '2241.0', 'European Union', 7.0, 'right', 'UTC+02:00', 'Category:Deaths in Romania', '105030', 'President of Romania', 'Romania', 'Moldova', '10035825.0', '15648.0', 'nan', '642', '46.12168563', '40', '17177-4', 'uro', 'flag of Romania', 'RO', 'rumanien', '0000 0001 2358 7092', 'nan', 19053815.0, '1000091', 'Portal:Romania', 'outline of Romania', '569801', 'Romanian Leu', '798549', '🇷🇴', 'concept920', 'geography of Romania', 'ROU', 'România', 'Romania', 'D012383', 'world/romania', 'semi-presidential system', 'Coat of arms of Romania.svg', '2.16.642', 'Parliament of Romania', '0.0', 'RO', '/m/06c1y', 'Romanian', 'United Principalities of Moldavia and Wallachia', 'Europe', 'coat of arms of Romania', 18.0, '975271.0', 'Wikipedia:Vital articles/Level/4', 'RO', '48.27', 'free country', 'RO', 1.409999999999999921, 238397.0, 'Romania', 'Romagna', 'Category:Romania', '11865467h', 'Romania on the globe (Europe centered).svg', 'nan', 'Nicolae Ciucă', 'ROU', '1205085', '355', '3033', 'place/Romania', 'Romania banner.jpg', 'Category:Films shot in Romania', 230.0, 'Government of Romania', 'Deșteaptă-te, române!', 'nan', 75.0122000000000071, '.ro', 'sovereign state', 'Moldoveanu Peak', 'Category:Births in Romania', 'right', '53.0', 'Black Sea', 'romania', 'Lb-Rumänien.ogg', '026400030', 'Alba County', 'ROU', 'n79049551', NULL, '46.0', 'Brockhaus and Efron Encyclopedic Dictionary', 'rumänien', '1386', 'Rumänien', 'countries/rm', 'Romanian', 'rumaenien', 'romania', '56632', '85633745', 'Global System of Trade Preferences among Developing Countries', '8858', '154307', '3369', '594', 'culture of Romania', '2cPcLg', '86081', 'Category:Maps of Romania', 'romania', 'Roumanie', 'Romania', 'Rumania', 'Romania', 'nan', 'lccn-n79049551', 'countries:Romania', '3763', 'romanya', 'Eastern Europe', 'data.gov.ro', 'Romania', '+1859-01-24T00:00:00Z', '1146.0', 'A47', 'i83166', '13620', 'economy of Romania', '12554', 'nan', 'romania', 'p/c3c9ec87-44d9-4013-b551-1df1757d37b5', 'c42e62f5-e5fb-4fc2-ae20-2f5df5ce7aca', 'romania', '루마니아', '08831830-n', 'demographics of Romania', 'nan', 'Y105030', '18-185666', 'cnx753jennet', 'T84-3546', 'nan', '4101.0', 'nan', '2067292', 'Rumænien', 'strany_mira/RUMINIYA.html', '880', 'SG--5921', '987007561817905171', 6.400000000000000355, '4169131.0', '944', 'Klaus Iohannis', 'rumaenien', 'Rumænien', '2568.0', '48551', '39', '642.0', '🇷🇴', 'rumänisch', 'Rumänien', 'Romania', 'http://www.guv.ro/', 'romania', 0.8209999999999999521, 'geo/6BAAFA64-E83D-4B69-8F59-D5693B1CA8EF', 'Q28', 'National Bank of Romania', 34.79999999999999715, '2951.0', 'node/432425064', 46.20000000000000284, '117.0', 'T073141', 'romania', 332312.0, '3035-4279', '2--498')
Traceback (most recent call last):
  File "/home/lkruger/bachelorthesis/bachelorthesis/evaluation.py", line 134, in run_experiment
    insert_query_handler.handle_insert_query(query)
  File "/home/lkruger/bachelorthesis/bachelorthesis/system/insert_query_handler.py", line 27, in handle_insert_query
    query_data.table = self.strategy.predict_table_name(query_data)
  File "/home/lkruger/bachelorthesis/bachelorthesis/system/strategies/llama2/llama2_model.py", line 103, in predict_table_name
    self.run_prompt(
  File "/home/lkruger/bachelorthesis/bachelorthesis/system/strategies/llama2/llama2_model.py", line 87, in run_prompt
    return self.pipe(prompt_text)[0]["generated_text"]
  File "/home/lkruger/bachelorthesis/bachelorthesis/fine_tuning/venv/lib/python3.9/site-packages/transformers/pipelines/text_generation.py", line 240, in __call__
    return super().__call__(text_inputs, **kwargs)
  File "/home/lkruger/bachelorthesis/bachelorthesis/fine_tuning/venv/lib/python3.9/site-packages/transformers/pipelines/base.py", line 1242, in __call__
    return self.run_single(inputs, preprocess_params, forward_params, postprocess_params)
  File "/home/lkruger/bachelorthesis/bachelorthesis/fine_tuning/venv/lib/python3.9/site-packages/transformers/pipelines/base.py", line 1249, in run_single
    model_outputs = self.forward(model_inputs, **forward_params)
  File "/home/lkruger/bachelorthesis/bachelorthesis/fine_tuning/venv/lib/python3.9/site-packages/transformers/pipelines/base.py", line 1149, in forward
    model_outputs = self._forward(model_inputs, **forward_params)
  File "/home/lkruger/bachelorthesis/bachelorthesis/fine_tuning/venv/lib/python3.9/site-packages/transformers/pipelines/text_generation.py", line 327, in _forward
    generated_sequence = self.model.generate(input_ids=input_ids, attention_mask=attention_mask, **generate_kwargs)
  File "/home/lkruger/bachelorthesis/bachelorthesis/fine_tuning/venv/lib/python3.9/site-packages/torch/utils/_contextlib.py", line 115, in decorate_context
    return func(*args, **kwargs)
  File "/home/lkruger/bachelorthesis/bachelorthesis/fine_tuning/venv/lib/python3.9/site-packages/transformers/generation/utils.py", line 1622, in generate
    result = self._sample(
  File "/home/lkruger/bachelorthesis/bachelorthesis/fine_tuning/venv/lib/python3.9/site-packages/transformers/generation/utils.py", line 2791, in _sample
    outputs = self(
  File "/home/lkruger/bachelorthesis/bachelorthesis/fine_tuning/venv/lib/python3.9/site-packages/torch/nn/modules/module.py", line 1511, in _wrapped_call_impl
    return self._call_impl(*args, **kwargs)
  File "/home/lkruger/bachelorthesis/bachelorthesis/fine_tuning/venv/lib/python3.9/site-packages/torch/nn/modules/module.py", line 1520, in _call_impl
    return forward_call(*args, **kwargs)
  File "/home/lkruger/bachelorthesis/bachelorthesis/fine_tuning/venv/lib/python3.9/site-packages/accelerate/hooks.py", line 166, in new_forward
    output = module._old_forward(*args, **kwargs)
  File "/home/lkruger/bachelorthesis/bachelorthesis/fine_tuning/venv/lib/python3.9/site-packages/transformers/models/llama/modeling_llama.py", line 1208, in forward
    outputs = self.model(
  File "/home/lkruger/bachelorthesis/bachelorthesis/fine_tuning/venv/lib/python3.9/site-packages/torch/nn/modules/module.py", line 1511, in _wrapped_call_impl
    return self._call_impl(*args, **kwargs)
  File "/home/lkruger/bachelorthesis/bachelorthesis/fine_tuning/venv/lib/python3.9/site-packages/torch/nn/modules/module.py", line 1520, in _call_impl
    return forward_call(*args, **kwargs)
  File "/home/lkruger/bachelorthesis/bachelorthesis/fine_tuning/venv/lib/python3.9/site-packages/transformers/models/llama/modeling_llama.py", line 1018, in forward
    layer_outputs = decoder_layer(
  File "/home/lkruger/bachelorthesis/bachelorthesis/fine_tuning/venv/lib/python3.9/site-packages/torch/nn/modules/module.py", line 1511, in _wrapped_call_impl
    return self._call_impl(*args, **kwargs)
  File "/home/lkruger/bachelorthesis/bachelorthesis/fine_tuning/venv/lib/python3.9/site-packages/torch/nn/modules/module.py", line 1520, in _call_impl
    return forward_call(*args, **kwargs)
  File "/home/lkruger/bachelorthesis/bachelorthesis/fine_tuning/venv/lib/python3.9/site-packages/accelerate/hooks.py", line 166, in new_forward
    output = module._old_forward(*args, **kwargs)
  File "/home/lkruger/bachelorthesis/bachelorthesis/fine_tuning/venv/lib/python3.9/site-packages/transformers/models/llama/modeling_llama.py", line 756, in forward
    hidden_states = self.mlp(hidden_states)
  File "/home/lkruger/bachelorthesis/bachelorthesis/fine_tuning/venv/lib/python3.9/site-packages/torch/nn/modules/module.py", line 1511, in _wrapped_call_impl
    return self._call_impl(*args, **kwargs)
  File "/home/lkruger/bachelorthesis/bachelorthesis/fine_tuning/venv/lib/python3.9/site-packages/torch/nn/modules/module.py", line 1520, in _call_impl
    return forward_call(*args, **kwargs)
  File "/home/lkruger/bachelorthesis/bachelorthesis/fine_tuning/venv/lib/python3.9/site-packages/accelerate/hooks.py", line 166, in new_forward
    output = module._old_forward(*args, **kwargs)
  File "/home/lkruger/bachelorthesis/bachelorthesis/fine_tuning/venv/lib/python3.9/site-packages/transformers/models/llama/modeling_llama.py", line 240, in forward
    down_proj = self.down_proj(self.act_fn(self.gate_proj(x)) * self.up_proj(x))
torch.cuda.OutOfMemoryError: CUDA out of memory. Tried to allocate 158.00 MiB. GPU 0 has a total capacity of 15.77 GiB of which 135.88 MiB is free. Including non-PyTorch memory, this process has 15.64 GiB memory in use. Of the allocated memory 14.08 GiB is allocated by PyTorch, and 672.79 MiB is reserved by PyTorch but unallocated. If reserved but unallocated memory is large try setting PYTORCH_CUDA_ALLOC_CONF=expandable_segments:True to avoid fragmentation.  See documentation for Memory Management  (https://pytorch.org/docs/stable/notes/cuda.html#environment-variables)


Error while executing query: INSERT INTO `country` (`label`, `description`, `great_russian_encyclopedia_online_id`, `coordinates_of_southernmost_point`, `new_york_times_topic_id`, `gnd_id`, `category_of_associated_people`, `emergency_phone_number`, `electrical_plug_type`, `licence_plate_code`, `hashtag`, `babelnet_id`, `office_held_by_head_of_government`, `curlie_id`, `native_label`, `musicbrainz_area_id`, `public_holiday`, `uic_alphabetical_country_code`, `comic_vine_id`, `insee_countries_and_foreign_territories_code`, `vat_rate`, `diplomatic_relation`, `flag_image`, `commons_gallery`, `viaf_id`, `history_of_topic`, `capital`, `subreddit`, `openstreetmap_relation_id`, `mobile_country_code`, `maritime_identification_digits`, `nkcr_aut_id`, `asc_leiden_thesaurus_id`, `marriageable_age`, `category_of_people_buried_here`, `geoshape`, `coordinates_of_easternmost_point`, `le_monde_diplomatique_subject_id`, `marine_regions_geographic_id`, `member_of`, `unemployment_rate`, `railway_traffic_side`, `located_in_time_zone`, `category_for_people_who_died_here`, `yso_id`, `office_held_by_head_of_state`, `commons_category`, `shares_border_with`, `us_national_archives_identifier`, `nalt_id`, `treccani_id`, `iso_3166_1_numeric_code`, `coordinates_of_westernmost_point`, `country_calling_code`, `stw_thesaurus_for_economics_id`, `statoids_id`, `flag`, `fips_10_4_countries_and_regions`, `dagens_nyheter_topic_id`, `isni`, `nese_id`, `population`, `getty_thesaurus_of_geographic_names_id`, `topics_main_wikimedia_portal`, `wikimedia_outline`, `ndl_authority_id`, `currency`, `geonames_id`, `unicode_character`, `unesco_thesaurus_id`, `geography_of_topic`, `iso_3166_1_alpha_3_code`, `official_name`, `quora_topic_id`, `mesh_descriptor_id`, `guardian_topic_id`, `basic_form_of_government`, `coat_of_arms_image`, `ituisoiec_object_identifier`, `legislative_body`, `trunk_prefix`, `nuts_code`, `freebase_id`, `official_language`, `replaces`, `continent`, `coat_of_arms`, `age_of_majority`, `national_library_of_israel_id_old`, `on_focus_list_of_wikimedia_project`, `wipo_st3`, `coordinates_of_northernmost_point`, `has_quality`, `iso_3166_1_alpha_2_code`, `total_fertility_rate`, `area`, `store_norske_leksikon_id`, `different_from`, `topics_main_category`, `bibliothèque_nationale_de_france_id`, `locator_map_image`, `bbc_things_id`, `head_of_government`, `ioc_country_code`, `fast_id`, `gacs_id`, `archinform_location_id`, `encyclopædia_britannica_online_id`, `page_banner`, `category_for_films_shot_at_this_location`, `mains_voltage`, `executive_body`, `anthem`, `highest_judicial_authority`, `life_expectancy`, `top_level_internet_domain`, `instance_of`, `highest_point`, `category_for_people_born_here`, `driving_side`, `uic_numerical_country_code`, `lowest_point`, `civicus_monitor_country_entry`, `pronunciation_audio`, `idref_id`, `contains_the_administrative_territorial_entity`, `itu_letter_code`, `library_of_congress_authority_id`, `median_income`, `coordinate_location`, `described_by_source`, `brockhaus_enzyklopädie_online_id`, `iab_code`, `klexikon_article_id`, `loc_and_marc_vocabularies_id`, `language_used`, `dr_topic_id`, `world_encyclopedia_of_puppetry_arts_id`, `gran_enciclopèdia_catalana_id`, `whos_on_first_id`, `participant_in`, `inaturalist_place_id`, `omegawiki_defined_meaning`, `hds_id`, `gs1_country_code`, `culture`, `geonlp_id`, `analysis_policy_observatory_term_id`, `category_for_maps`, `treccanis_dizionario_di_storia_id`, `french_vikidia_id`, `english_vikidia_id`, `spanish_vikidia_id`, `italian_vikidia_id`, `larousse_id`, `worldcat_identities_id`, `fandom_article_id`, `eurovoc_id`, `tdv_islam_ansiklopedisi_id`, `part_of`, `open_data_portal`, `kbpedia_id`, `inception`, `rkd_thesaurus_id`, `pm20_geo_code`, `interlingual_index_id`, `jewish_encyclopedia_id_russian`, `economy_of_topic`, `uk_parliament_thesaurus_id`, `edition_humboldt_digital_id`, `tasteatlas_id`, `sapa_id`, `bhcl_uuid`, `github_topic`, `namuwiki_id`, `wordnet_31_synset_id`, `demographics_of_topic`, `ávvir_topic_id`, `ysa_id`, `yle_topic_id`, `bbc_news_topic_id`, `joconde_location_id`, `topics_main_template`, `armeniapedia_id`, `zhihu_topic_id`, `idaigazetteer_id`, `den_store_danske_id`, `krugosvet_article`, `schoenberg_database_of_manuscripts_place_id`, `colon_classification`, `national_library_of_israel_j9u_id`, `democracy_index`, `online_pwn_encyclopedia_id`, `postimees_topic_id`, `head_of_state`, `der_spiegel_topic_id`, `gyldendals_teaterleksikon_id`, `museum_digital_place_id`, `wikisimpsons_id`, `urban_electric_transit_country_id`, `m49_code`, `short_name`, `demonym`, `süddeutsche_zeitung_topic_id`, `country`, `official_website`, `alltrails_trail_id`, `human_development_index`, `national_historical_museums_of_sweden_id`, `eu_knowledge_graph_item_id`, `central_bank`, `gini_coefficient`, `obo_gazetteer_id`, `openstreetmap_element`, `happy_planet_index_score`, `the_top_tens_id`, `grove_art_online_id`, `the_world_factbook_country_id`, `number_of_out_of_school_children`, `giant_bomb_id`, `dewey_decimal_classification`) VALUES ('Sweden', 'country in Northern Europe', '4692537', '55.336944444444', 'destination/sweden', '4077258-5', 'Category:Swedish people', '112', 'Europlug', 'S', 'Sweden', '00049181n', 'Prime Minister of Sweden', 'Regional/Europe/Sweden/', 'Sverige', '23d10872-f5ae-3f0c-bf55-332788a16ecb', 'New Year''s Day', 'S', '4020-55925', '99104.0', 25.0, 'Canada', 'Flag of Sweden.svg', 'Sverige', '159364209', 'history of Sweden', 'Stockholm', 'sweden', '52822', '240', '265.0', 'ge134629', '294939776.0', 18.0, 'Category:Burials in Sweden', 'Data:Sweden.map', '65.701111111111', 'pays/suede', '2180.0', 'European Union', 1.899999999999999912, 'left', 'UTC+01:00', 'Category:Deaths in Sweden', '94383', 'Monarch of Sweden', 'Sweden', 'Denmark', '10035835.0', '11928.0', 'svezia', '752', '58.928611111111', '46', '16989-5', 'use', 'flag of Sweden', 'SW', 'nan', '0000 0001 2299 7436', 'sverige', 10409248.0, '1000097', 'Portal:Sweden', 'outline of Sweden', '571513', 'Swedish krona', '2661886', '🇸🇪', 'concept10481', 'geography of Sweden', 'SWE', 'Konungariket Sverige', 'Sweden', 'D013548', 'world/sweden', 'constitutional monarchy', 'Shield of arms of Sweden.svg', '2.16.752', 'Parliament of Sweden', '0.0', 'SE', '/m/0d0vqn', 'Swedish', 'nan', 'Europe', 'coat of arms of Sweden', 18.0, '188718.0', 'Wikipedia:Vital articles/Level/4', 'SE', '69.06', 'free country', 'SE', 1.889999999999999903, 447425.1599999999743, 'Sverige', 'Szwecja', 'Category:Sweden', '15238534f', 'EU-Sweden.svg', '4fdf72b9-e477-43e5-80cf-b2ea49baa0bc', 'Ulf Kristersson', 'SWE', '1204537', '160', '3037', 'place/Sweden', 'Nykulla banner.JPG', 'Category:Films shot in Sweden', 230.0, 'Government of Sweden', 'Du gamla, du fria', 'Supreme Court of Sweden', 82.20488000000000283, '.se', 'country', 'Kebnekaise', 'Category:Births in Sweden', 'right', '74.0', 'Kristianstad', 'sweden', 'Fr-la Suède-fr BE.ogg', '026401606', 'Blekinge County', 'S', 'n79021184', 50514.0, '61.0', 'Catholic Encyclopedia', 'schweden', '1418', 'Schweden', 'countries/sw', 'Swedish', 'sverige', 'sweden', '64452', '85633789', 'nan', '7599', '6764', '3371', '730-739', 'culture of Sweden', 'noPfTT', '3006', 'Category:Maps of Sweden', 'svezia', 'Suède', 'Sweden', 'Suecia', 'nan', 'pays/Suède/145432', 'lccn-n79054515', 'sweden:Sweden', '4320', 'nan', 'Kalmar Union', 'Sweden''s data portal', 'Sweden', '+0700-00-00T00:00:00Z', '6699.0', 'A17', 'i82948', '14791', 'economy of Sweden', '13156', 'H0010177', 'sweden', 'p/9002f3cd-18ba-4dd0-9919-5742621b5774', 'dfe028fd-2642-4bb8-aaec-32be15dcbed0', 'sweden', '스웨덴', '08783723-n', 'demographics of Sweden', 'ruotta', 'Y94383', '18-189082', 'c77jz3md4rwt', 'T84-3559', 'nan', '4102.0', '19599463.0', '2064998', 'Sverige', 'strany_mira/SHVETSIYA.html', '208', 'SG--571', '987007554811405171', 9.25999999999999979, '4169155.0', '720', 'Carl XVI Gustaf of Sweden', 'schweden', 'nan', '1004.0', '16666', '33', '752.0', '🇸🇪', 'Zweed', 'Schweden', 'Sweden', 'https://sweden.se', 'sweden', 0.946999999999999953, 'geo/6B39FA2B-447A-4740-A970-2ABF3A06D8A6', 'Q11', 'Sveriges Riksbank', 29.30000000000000071, '2729.0', 'node/424313277', 50.5, '48.0', 'T082574', 'sweden', 9424.0, '3035-922', '2--485')
Traceback (most recent call last):
  File "/home/lkruger/bachelorthesis/bachelorthesis/evaluation.py", line 134, in run_experiment
    insert_query_handler.handle_insert_query(query)
  File "/home/lkruger/bachelorthesis/bachelorthesis/system/insert_query_handler.py", line 27, in handle_insert_query
    query_data.table = self.strategy.predict_table_name(query_data)
  File "/home/lkruger/bachelorthesis/bachelorthesis/system/strategies/llama2/llama2_model.py", line 103, in predict_table_name
    self.run_prompt(
  File "/home/lkruger/bachelorthesis/bachelorthesis/system/strategies/llama2/llama2_model.py", line 87, in run_prompt
    return self.pipe(prompt_text)[0]["generated_text"]
  File "/home/lkruger/bachelorthesis/bachelorthesis/fine_tuning/venv/lib/python3.9/site-packages/transformers/pipelines/text_generation.py", line 240, in __call__
    return super().__call__(text_inputs, **kwargs)
  File "/home/lkruger/bachelorthesis/bachelorthesis/fine_tuning/venv/lib/python3.9/site-packages/transformers/pipelines/base.py", line 1242, in __call__
    return self.run_single(inputs, preprocess_params, forward_params, postprocess_params)
  File "/home/lkruger/bachelorthesis/bachelorthesis/fine_tuning/venv/lib/python3.9/site-packages/transformers/pipelines/base.py", line 1249, in run_single
    model_outputs = self.forward(model_inputs, **forward_params)
  File "/home/lkruger/bachelorthesis/bachelorthesis/fine_tuning/venv/lib/python3.9/site-packages/transformers/pipelines/base.py", line 1149, in forward
    model_outputs = self._forward(model_inputs, **forward_params)
  File "/home/lkruger/bachelorthesis/bachelorthesis/fine_tuning/venv/lib/python3.9/site-packages/transformers/pipelines/text_generation.py", line 327, in _forward
    generated_sequence = self.model.generate(input_ids=input_ids, attention_mask=attention_mask, **generate_kwargs)
  File "/home/lkruger/bachelorthesis/bachelorthesis/fine_tuning/venv/lib/python3.9/site-packages/torch/utils/_contextlib.py", line 115, in decorate_context
    return func(*args, **kwargs)
  File "/home/lkruger/bachelorthesis/bachelorthesis/fine_tuning/venv/lib/python3.9/site-packages/transformers/generation/utils.py", line 1622, in generate
    result = self._sample(
  File "/home/lkruger/bachelorthesis/bachelorthesis/fine_tuning/venv/lib/python3.9/site-packages/transformers/generation/utils.py", line 2791, in _sample
    outputs = self(
  File "/home/lkruger/bachelorthesis/bachelorthesis/fine_tuning/venv/lib/python3.9/site-packages/torch/nn/modules/module.py", line 1511, in _wrapped_call_impl
    return self._call_impl(*args, **kwargs)
  File "/home/lkruger/bachelorthesis/bachelorthesis/fine_tuning/venv/lib/python3.9/site-packages/torch/nn/modules/module.py", line 1520, in _call_impl
    return forward_call(*args, **kwargs)
  File "/home/lkruger/bachelorthesis/bachelorthesis/fine_tuning/venv/lib/python3.9/site-packages/accelerate/hooks.py", line 166, in new_forward
    output = module._old_forward(*args, **kwargs)
  File "/home/lkruger/bachelorthesis/bachelorthesis/fine_tuning/venv/lib/python3.9/site-packages/transformers/models/llama/modeling_llama.py", line 1208, in forward
    outputs = self.model(
  File "/home/lkruger/bachelorthesis/bachelorthesis/fine_tuning/venv/lib/python3.9/site-packages/torch/nn/modules/module.py", line 1511, in _wrapped_call_impl
    return self._call_impl(*args, **kwargs)
  File "/home/lkruger/bachelorthesis/bachelorthesis/fine_tuning/venv/lib/python3.9/site-packages/torch/nn/modules/module.py", line 1520, in _call_impl
    return forward_call(*args, **kwargs)
  File "/home/lkruger/bachelorthesis/bachelorthesis/fine_tuning/venv/lib/python3.9/site-packages/transformers/models/llama/modeling_llama.py", line 1018, in forward
    layer_outputs = decoder_layer(
  File "/home/lkruger/bachelorthesis/bachelorthesis/fine_tuning/venv/lib/python3.9/site-packages/torch/nn/modules/module.py", line 1511, in _wrapped_call_impl
    return self._call_impl(*args, **kwargs)
  File "/home/lkruger/bachelorthesis/bachelorthesis/fine_tuning/venv/lib/python3.9/site-packages/torch/nn/modules/module.py", line 1520, in _call_impl
    return forward_call(*args, **kwargs)
  File "/home/lkruger/bachelorthesis/bachelorthesis/fine_tuning/venv/lib/python3.9/site-packages/accelerate/hooks.py", line 166, in new_forward
    output = module._old_forward(*args, **kwargs)
  File "/home/lkruger/bachelorthesis/bachelorthesis/fine_tuning/venv/lib/python3.9/site-packages/transformers/models/llama/modeling_llama.py", line 756, in forward
    hidden_states = self.mlp(hidden_states)
  File "/home/lkruger/bachelorthesis/bachelorthesis/fine_tuning/venv/lib/python3.9/site-packages/torch/nn/modules/module.py", line 1511, in _wrapped_call_impl
    return self._call_impl(*args, **kwargs)
  File "/home/lkruger/bachelorthesis/bachelorthesis/fine_tuning/venv/lib/python3.9/site-packages/torch/nn/modules/module.py", line 1520, in _call_impl
    return forward_call(*args, **kwargs)
  File "/home/lkruger/bachelorthesis/bachelorthesis/fine_tuning/venv/lib/python3.9/site-packages/accelerate/hooks.py", line 166, in new_forward
    output = module._old_forward(*args, **kwargs)
  File "/home/lkruger/bachelorthesis/bachelorthesis/fine_tuning/venv/lib/python3.9/site-packages/transformers/models/llama/modeling_llama.py", line 240, in forward
    down_proj = self.down_proj(self.act_fn(self.gate_proj(x)) * self.up_proj(x))
torch.cuda.OutOfMemoryError: CUDA out of memory. Tried to allocate 160.00 MiB. GPU 0 has a total capacity of 15.77 GiB of which 135.88 MiB is free. Including non-PyTorch memory, this process has 15.64 GiB memory in use. Of the allocated memory 14.08 GiB is allocated by PyTorch, and 666.45 MiB is reserved by PyTorch but unallocated. If reserved but unallocated memory is large try setting PYTORCH_CUDA_ALLOC_CONF=expandable_segments:True to avoid fragmentation.  See documentation for Memory Management  (https://pytorch.org/docs/stable/notes/cuda.html#environment-variables)


Error while executing query: INSERT INTO `country` (`label`, `description`, `great_russian_encyclopedia_online_id`, `coordinates_of_southernmost_point`, `new_york_times_topic_id`, `gnd_id`, `category_of_associated_people`, `emergency_phone_number`, `electrical_plug_type`, `licence_plate_code`, `hashtag`, `babelnet_id`, `office_held_by_head_of_government`, `curlie_id`, `native_label`, `musicbrainz_area_id`, `public_holiday`, `uic_alphabetical_country_code`, `comic_vine_id`, `insee_countries_and_foreign_territories_code`, `vat_rate`, `diplomatic_relation`, `flag_image`, `commons_gallery`, `viaf_id`, `history_of_topic`, `capital`, `subreddit`, `openstreetmap_relation_id`, `mobile_country_code`, `maritime_identification_digits`, `nkcr_aut_id`, `asc_leiden_thesaurus_id`, `marriageable_age`, `category_of_people_buried_here`, `geoshape`, `coordinates_of_easternmost_point`, `le_monde_diplomatique_subject_id`, `marine_regions_geographic_id`, `member_of`, `unemployment_rate`, `railway_traffic_side`, `located_in_time_zone`, `category_for_people_who_died_here`, `yso_id`, `office_held_by_head_of_state`, `commons_category`, `shares_border_with`, `us_national_archives_identifier`, `nalt_id`, `treccani_id`, `iso_3166_1_numeric_code`, `coordinates_of_westernmost_point`, `country_calling_code`, `stw_thesaurus_for_economics_id`, `statoids_id`, `flag`, `fips_10_4_countries_and_regions`, `dagens_nyheter_topic_id`, `isni`, `nese_id`, `population`, `getty_thesaurus_of_geographic_names_id`, `topics_main_wikimedia_portal`, `wikimedia_outline`, `ndl_authority_id`, `currency`, `geonames_id`, `unicode_character`, `unesco_thesaurus_id`, `geography_of_topic`, `iso_3166_1_alpha_3_code`, `official_name`, `quora_topic_id`, `mesh_descriptor_id`, `guardian_topic_id`, `basic_form_of_government`, `coat_of_arms_image`, `ituisoiec_object_identifier`, `legislative_body`, `trunk_prefix`, `nuts_code`, `freebase_id`, `official_language`, `replaces`, `continent`, `coat_of_arms`, `age_of_majority`, `national_library_of_israel_id_old`, `on_focus_list_of_wikimedia_project`, `wipo_st3`, `coordinates_of_northernmost_point`, `has_quality`, `iso_3166_1_alpha_2_code`, `total_fertility_rate`, `area`, `store_norske_leksikon_id`, `different_from`, `topics_main_category`, `bibliothèque_nationale_de_france_id`, `locator_map_image`, `bbc_things_id`, `head_of_government`, `ioc_country_code`, `fast_id`, `gacs_id`, `archinform_location_id`, `encyclopædia_britannica_online_id`, `page_banner`, `category_for_films_shot_at_this_location`, `mains_voltage`, `executive_body`, `anthem`, `highest_judicial_authority`, `life_expectancy`, `top_level_internet_domain`, `instance_of`, `highest_point`, `category_for_people_born_here`, `driving_side`, `uic_numerical_country_code`, `lowest_point`, `civicus_monitor_country_entry`, `pronunciation_audio`, `idref_id`, `contains_the_administrative_territorial_entity`, `itu_letter_code`, `library_of_congress_authority_id`, `median_income`, `coordinate_location`, `described_by_source`, `brockhaus_enzyklopädie_online_id`, `iab_code`, `klexikon_article_id`, `loc_and_marc_vocabularies_id`, `language_used`, `dr_topic_id`, `world_encyclopedia_of_puppetry_arts_id`, `gran_enciclopèdia_catalana_id`, `whos_on_first_id`, `participant_in`, `inaturalist_place_id`, `omegawiki_defined_meaning`, `hds_id`, `gs1_country_code`, `culture`, `geonlp_id`, `analysis_policy_observatory_term_id`, `category_for_maps`, `treccanis_dizionario_di_storia_id`, `french_vikidia_id`, `english_vikidia_id`, `spanish_vikidia_id`, `italian_vikidia_id`, `larousse_id`, `worldcat_identities_id`, `fandom_article_id`, `eurovoc_id`, `tdv_islam_ansiklopedisi_id`, `part_of`, `open_data_portal`, `kbpedia_id`, `inception`, `rkd_thesaurus_id`, `pm20_geo_code`, `interlingual_index_id`, `jewish_encyclopedia_id_russian`, `economy_of_topic`, `uk_parliament_thesaurus_id`, `edition_humboldt_digital_id`, `tasteatlas_id`, `sapa_id`, `bhcl_uuid`, `github_topic`, `namuwiki_id`, `wordnet_31_synset_id`, `demographics_of_topic`, `ávvir_topic_id`, `ysa_id`, `yle_topic_id`, `bbc_news_topic_id`, `joconde_location_id`, `topics_main_template`, `armeniapedia_id`, `zhihu_topic_id`, `idaigazetteer_id`, `den_store_danske_id`, `krugosvet_article`, `schoenberg_database_of_manuscripts_place_id`, `colon_classification`, `national_library_of_israel_j9u_id`, `democracy_index`, `online_pwn_encyclopedia_id`, `postimees_topic_id`, `head_of_state`, `der_spiegel_topic_id`, `gyldendals_teaterleksikon_id`, `museum_digital_place_id`, `wikisimpsons_id`, `urban_electric_transit_country_id`, `m49_code`, `short_name`, `demonym`, `süddeutsche_zeitung_topic_id`, `country`, `official_website`, `alltrails_trail_id`, `human_development_index`, `national_historical_museums_of_sweden_id`, `eu_knowledge_graph_item_id`, `central_bank`, `gini_coefficient`, `obo_gazetteer_id`, `openstreetmap_element`, `happy_planet_index_score`, `the_top_tens_id`, `grove_art_online_id`, `the_world_factbook_country_id`, `number_of_out_of_school_children`, `giant_bomb_id`, `dewey_decimal_classification`) VALUES ('France', 'country in Western Europe', '4721849', '41.33354648385013', 'destination/france', '4018145-5', 'Category:French people', '112', 'Europlug', 'F', 'France', '00036202n', 'Prime Minister of France', 'Regional/Europe/France/', 'République française', '08310658-51eb-3801-80de-5a0739207115', 'Easter Monday', 'F', '4020-55778', 'nan', 20.0, 'Albania', 'Flag of France (1794–1815, 1830–1974, 2020–present).svg', 'France', '264091107', 'history of France', 'Paris', 'france', '2202162', '208', '226.0', 'ge129152', '294912452.0', 0.0, 'Category:Burials in France', 'Data:France.map', '42.282222222222', 'pays/france', '17.0', 'European Union', 10.0, 'left', 'UTC+01:00', 'Category:Deaths in France', '104968', 'President of the French Republic', 'France', 'Kingdom of the Netherlands', '10035788.0', '7039.0', 'nan', '250', '48.445833333333', '33', '17255-3', 'ufr', 'flag of France', 'FR', 'frankrike', 'nan', 'frankrike', 67749632.0, '1000070', 'Portal:France', 'outline of France', '563689', 'euro', '3017382', '🇫🇷', 'concept902', 'geography of France', 'FRA', 'Francouzská republika', 'France', 'D005602', 'world/france', 'semi-presidential system', 'Armoiries république française.svg', '2.16.250', 'French Parliament', '0.0', 'FR', '/m/0f8l9c', 'French', 'nan', 'Europe', 'coat of arms of France', 18.0, '974208.0', 'Wikipedia:List of articles all languages should have', 'FR', '51.089', 'free country', 'FR', 1.989999999999999992, 643801.0, 'Frankrike', 'nan', 'Category:France', '152383070', 'EU-France (orthographic projection).svg', '61ef4416-de68-49ff-9c97-e0779dafd9d2', 'Élisabeth Borne', 'FRA', '1204289', '619', '2984', 'place/France', 'Sainte-Enimie-Gorges du Tarn France banner.jpg', 'Category:Films shot in France', 230.0, 'Government of France', 'La Marseillaise', 'Court of Cassation', 82.27316999999999325, '.fr', 'country', 'Mont Blanc', 'Category:Births in France', 'right', '87.0', 'Étang de Lavalduc', 'france', 'Hu-francia.ogg', '026378329', 'Clipperton Island', 'F', 'n79006404', 30364.0, '47.0', 'Catholic Encyclopedia', 'frankreich', '1295', 'Frankreich', 'countries/fr', 'standard French', 'frankrig', 'france', '27948', '85633147', 'Rif War', '6753', '7955', '3354', '300-379', 'culture of France', 'JfFJmZ', '6592', 'Category:Maps of France', 'francia', 'France', 'France', 'Francia', 'Francia', 'pays/wd/120114', 'lccn-n79006404', 'france:France', '1085', 'nan', 'Western Europe', 'data.gouv.fr', 'France', '+1792-00-00T00:00:00Z', '455.0', 'A28', 'i83644', '14344', 'economy of France', '10352', 'H0004801', 'france', 'p/804af1fe-911d-449e-9a90-c127110acda5', '00e4cc53-5b5d-4636-a60e-addf9f452f94', 'france', '프랑스', '08949695-n', 'demographics of France', 'frankriika', 'Y104968', '18-193871', 'c302m85qenyt', 'T84-742', 'Template:Regions of France', '3938.0', '19552320.0', '2076466', 'Frankrig', 'strany_mira/FRANTSIYA.html', '13', 'SG--53', '987007552533205171', 7.990000000000000213, '4169037.0', '2706', 'Emmanuel Macron', 'frankreich', 'Frankrig', '330.0', '16355', '29', '250.0', 'France', 'француз', 'Frankreich', 'France', 'https://www.gouvernement.fr/', 'france', 0.9030000000000000248, 'geo/CF4D8D5F-9DE6-4C9C-9F25-F4B3BAC86493', 'Q20', 'Bank of France', 33.10000000000000142, '2940.0', 'node/291222598', 51.79999999999999716, '49.0', 'T029314', 'france', 29418.0, '3035-197', '2--44')
Traceback (most recent call last):
  File "/home/lkruger/bachelorthesis/bachelorthesis/evaluation.py", line 134, in run_experiment
    insert_query_handler.handle_insert_query(query)
  File "/home/lkruger/bachelorthesis/bachelorthesis/system/insert_query_handler.py", line 27, in handle_insert_query
    query_data.table = self.strategy.predict_table_name(query_data)
  File "/home/lkruger/bachelorthesis/bachelorthesis/system/strategies/llama2/llama2_model.py", line 103, in predict_table_name
    self.run_prompt(
  File "/home/lkruger/bachelorthesis/bachelorthesis/system/strategies/llama2/llama2_model.py", line 87, in run_prompt
    return self.pipe(prompt_text)[0]["generated_text"]
  File "/home/lkruger/bachelorthesis/bachelorthesis/fine_tuning/venv/lib/python3.9/site-packages/transformers/pipelines/text_generation.py", line 240, in __call__
    return super().__call__(text_inputs, **kwargs)
  File "/home/lkruger/bachelorthesis/bachelorthesis/fine_tuning/venv/lib/python3.9/site-packages/transformers/pipelines/base.py", line 1242, in __call__
    return self.run_single(inputs, preprocess_params, forward_params, postprocess_params)
  File "/home/lkruger/bachelorthesis/bachelorthesis/fine_tuning/venv/lib/python3.9/site-packages/transformers/pipelines/base.py", line 1249, in run_single
    model_outputs = self.forward(model_inputs, **forward_params)
  File "/home/lkruger/bachelorthesis/bachelorthesis/fine_tuning/venv/lib/python3.9/site-packages/transformers/pipelines/base.py", line 1149, in forward
    model_outputs = self._forward(model_inputs, **forward_params)
  File "/home/lkruger/bachelorthesis/bachelorthesis/fine_tuning/venv/lib/python3.9/site-packages/transformers/pipelines/text_generation.py", line 327, in _forward
    generated_sequence = self.model.generate(input_ids=input_ids, attention_mask=attention_mask, **generate_kwargs)
  File "/home/lkruger/bachelorthesis/bachelorthesis/fine_tuning/venv/lib/python3.9/site-packages/torch/utils/_contextlib.py", line 115, in decorate_context
    return func(*args, **kwargs)
  File "/home/lkruger/bachelorthesis/bachelorthesis/fine_tuning/venv/lib/python3.9/site-packages/transformers/generation/utils.py", line 1622, in generate
    result = self._sample(
  File "/home/lkruger/bachelorthesis/bachelorthesis/fine_tuning/venv/lib/python3.9/site-packages/transformers/generation/utils.py", line 2791, in _sample
    outputs = self(
  File "/home/lkruger/bachelorthesis/bachelorthesis/fine_tuning/venv/lib/python3.9/site-packages/torch/nn/modules/module.py", line 1511, in _wrapped_call_impl
    return self._call_impl(*args, **kwargs)
  File "/home/lkruger/bachelorthesis/bachelorthesis/fine_tuning/venv/lib/python3.9/site-packages/torch/nn/modules/module.py", line 1520, in _call_impl
    return forward_call(*args, **kwargs)
  File "/home/lkruger/bachelorthesis/bachelorthesis/fine_tuning/venv/lib/python3.9/site-packages/accelerate/hooks.py", line 166, in new_forward
    output = module._old_forward(*args, **kwargs)
  File "/home/lkruger/bachelorthesis/bachelorthesis/fine_tuning/venv/lib/python3.9/site-packages/transformers/models/llama/modeling_llama.py", line 1208, in forward
    outputs = self.model(
  File "/home/lkruger/bachelorthesis/bachelorthesis/fine_tuning/venv/lib/python3.9/site-packages/torch/nn/modules/module.py", line 1511, in _wrapped_call_impl
    return self._call_impl(*args, **kwargs)
  File "/home/lkruger/bachelorthesis/bachelorthesis/fine_tuning/venv/lib/python3.9/site-packages/torch/nn/modules/module.py", line 1520, in _call_impl
    return forward_call(*args, **kwargs)
  File "/home/lkruger/bachelorthesis/bachelorthesis/fine_tuning/venv/lib/python3.9/site-packages/transformers/models/llama/modeling_llama.py", line 1018, in forward
    layer_outputs = decoder_layer(
  File "/home/lkruger/bachelorthesis/bachelorthesis/fine_tuning/venv/lib/python3.9/site-packages/torch/nn/modules/module.py", line 1511, in _wrapped_call_impl
    return self._call_impl(*args, **kwargs)
  File "/home/lkruger/bachelorthesis/bachelorthesis/fine_tuning/venv/lib/python3.9/site-packages/torch/nn/modules/module.py", line 1520, in _call_impl
    return forward_call(*args, **kwargs)
  File "/home/lkruger/bachelorthesis/bachelorthesis/fine_tuning/venv/lib/python3.9/site-packages/accelerate/hooks.py", line 166, in new_forward
    output = module._old_forward(*args, **kwargs)
  File "/home/lkruger/bachelorthesis/bachelorthesis/fine_tuning/venv/lib/python3.9/site-packages/transformers/models/llama/modeling_llama.py", line 756, in forward
    hidden_states = self.mlp(hidden_states)
  File "/home/lkruger/bachelorthesis/bachelorthesis/fine_tuning/venv/lib/python3.9/site-packages/torch/nn/modules/module.py", line 1511, in _wrapped_call_impl
    return self._call_impl(*args, **kwargs)
  File "/home/lkruger/bachelorthesis/bachelorthesis/fine_tuning/venv/lib/python3.9/site-packages/torch/nn/modules/module.py", line 1520, in _call_impl
    return forward_call(*args, **kwargs)
  File "/home/lkruger/bachelorthesis/bachelorthesis/fine_tuning/venv/lib/python3.9/site-packages/accelerate/hooks.py", line 166, in new_forward
    output = module._old_forward(*args, **kwargs)
  File "/home/lkruger/bachelorthesis/bachelorthesis/fine_tuning/venv/lib/python3.9/site-packages/transformers/models/llama/modeling_llama.py", line 240, in forward
    down_proj = self.down_proj(self.act_fn(self.gate_proj(x)) * self.up_proj(x))
torch.cuda.OutOfMemoryError: CUDA out of memory. Tried to allocate 158.00 MiB. GPU 0 has a total capacity of 15.77 GiB of which 135.88 MiB is free. Including non-PyTorch memory, this process has 15.64 GiB memory in use. Of the allocated memory 14.07 GiB is allocated by PyTorch, and 673.58 MiB is reserved by PyTorch but unallocated. If reserved but unallocated memory is large try setting PYTORCH_CUDA_ALLOC_CONF=expandable_segments:True to avoid fragmentation.  See documentation for Memory Management  (https://pytorch.org/docs/stable/notes/cuda.html#environment-variables)


Error while executing query: INSERT INTO `country` (`label`, `description`, `great_russian_encyclopedia_online_id`, `coordinates_of_southernmost_point`, `new_york_times_topic_id`, `gnd_id`, `category_of_associated_people`, `emergency_phone_number`, `electrical_plug_type`, `licence_plate_code`, `hashtag`, `babelnet_id`, `office_held_by_head_of_government`, `curlie_id`, `native_label`, `musicbrainz_area_id`, `public_holiday`, `uic_alphabetical_country_code`, `comic_vine_id`, `insee_countries_and_foreign_territories_code`, `vat_rate`, `diplomatic_relation`, `flag_image`, `commons_gallery`, `viaf_id`, `history_of_topic`, `capital`, `subreddit`, `openstreetmap_relation_id`, `mobile_country_code`, `maritime_identification_digits`, `nkcr_aut_id`, `asc_leiden_thesaurus_id`, `marriageable_age`, `category_of_people_buried_here`, `geoshape`, `coordinates_of_easternmost_point`, `le_monde_diplomatique_subject_id`, `marine_regions_geographic_id`, `member_of`, `unemployment_rate`, `railway_traffic_side`, `located_in_time_zone`, `category_for_people_who_died_here`, `yso_id`, `office_held_by_head_of_state`, `commons_category`, `shares_border_with`, `us_national_archives_identifier`, `nalt_id`, `treccani_id`, `iso_3166_1_numeric_code`, `coordinates_of_westernmost_point`, `country_calling_code`, `stw_thesaurus_for_economics_id`, `statoids_id`, `flag`, `fips_10_4_countries_and_regions`, `dagens_nyheter_topic_id`, `isni`, `nese_id`, `population`, `getty_thesaurus_of_geographic_names_id`, `topics_main_wikimedia_portal`, `wikimedia_outline`, `ndl_authority_id`, `currency`, `geonames_id`, `unicode_character`, `unesco_thesaurus_id`, `geography_of_topic`, `iso_3166_1_alpha_3_code`, `official_name`, `quora_topic_id`, `mesh_descriptor_id`, `guardian_topic_id`, `basic_form_of_government`, `coat_of_arms_image`, `ituisoiec_object_identifier`, `legislative_body`, `trunk_prefix`, `nuts_code`, `freebase_id`, `official_language`, `replaces`, `continent`, `coat_of_arms`, `age_of_majority`, `national_library_of_israel_id_old`, `on_focus_list_of_wikimedia_project`, `wipo_st3`, `coordinates_of_northernmost_point`, `has_quality`, `iso_3166_1_alpha_2_code`, `total_fertility_rate`, `area`, `store_norske_leksikon_id`, `different_from`, `topics_main_category`, `bibliothèque_nationale_de_france_id`, `locator_map_image`, `bbc_things_id`, `head_of_government`, `ioc_country_code`, `fast_id`, `gacs_id`, `archinform_location_id`, `encyclopædia_britannica_online_id`, `page_banner`, `category_for_films_shot_at_this_location`, `mains_voltage`, `executive_body`, `anthem`, `highest_judicial_authority`, `life_expectancy`, `top_level_internet_domain`, `instance_of`, `highest_point`, `category_for_people_born_here`, `driving_side`, `uic_numerical_country_code`, `lowest_point`, `civicus_monitor_country_entry`, `pronunciation_audio`, `idref_id`, `contains_the_administrative_territorial_entity`, `itu_letter_code`, `library_of_congress_authority_id`, `median_income`, `coordinate_location`, `described_by_source`, `brockhaus_enzyklopädie_online_id`, `iab_code`, `klexikon_article_id`, `loc_and_marc_vocabularies_id`, `language_used`, `dr_topic_id`, `world_encyclopedia_of_puppetry_arts_id`, `gran_enciclopèdia_catalana_id`, `whos_on_first_id`, `participant_in`, `inaturalist_place_id`, `omegawiki_defined_meaning`, `hds_id`, `gs1_country_code`, `culture`, `geonlp_id`, `analysis_policy_observatory_term_id`, `category_for_maps`, `treccanis_dizionario_di_storia_id`, `french_vikidia_id`, `english_vikidia_id`, `spanish_vikidia_id`, `italian_vikidia_id`, `larousse_id`, `worldcat_identities_id`, `fandom_article_id`, `eurovoc_id`, `tdv_islam_ansiklopedisi_id`, `part_of`, `open_data_portal`, `kbpedia_id`, `inception`, `rkd_thesaurus_id`, `pm20_geo_code`, `interlingual_index_id`, `jewish_encyclopedia_id_russian`, `economy_of_topic`, `uk_parliament_thesaurus_id`, `edition_humboldt_digital_id`, `tasteatlas_id`, `sapa_id`, `bhcl_uuid`, `github_topic`, `namuwiki_id`, `wordnet_31_synset_id`, `demographics_of_topic`, `ávvir_topic_id`, `ysa_id`, `yle_topic_id`, `bbc_news_topic_id`, `joconde_location_id`, `topics_main_template`, `armeniapedia_id`, `zhihu_topic_id`, `idaigazetteer_id`, `den_store_danske_id`, `krugosvet_article`, `schoenberg_database_of_manuscripts_place_id`, `colon_classification`, `national_library_of_israel_j9u_id`, `democracy_index`, `online_pwn_encyclopedia_id`, `postimees_topic_id`, `head_of_state`, `der_spiegel_topic_id`, `gyldendals_teaterleksikon_id`, `museum_digital_place_id`, `wikisimpsons_id`, `urban_electric_transit_country_id`, `m49_code`, `short_name`, `demonym`, `süddeutsche_zeitung_topic_id`, `country`, `official_website`, `alltrails_trail_id`, `human_development_index`, `national_historical_museums_of_sweden_id`, `eu_knowledge_graph_item_id`, `central_bank`, `gini_coefficient`, `obo_gazetteer_id`, `openstreetmap_element`, `happy_planet_index_score`, `the_top_tens_id`, `grove_art_online_id`, `the_world_factbook_country_id`, `number_of_out_of_school_children`, `giant_bomb_id`, `dewey_decimal_classification`) VALUES ('Serbia', 'country in southeastern Europe', '3657248', '41.857661111111', 'destination/serbia', '4054598-2', 'Category:Serbian people', '192', 'Europlug', 'SRB', 'Serbia', '00070583n', 'Prime Minister of Serbia', 'Regional/Europe/Serbia_and_Montenegro/Serbia/', 'Србија', '424c1b50-57f8-34af-ab97-313e2ad40058', 'New Year''s Day', 'SRB', '4020-56405', '99121.0', 20.0, 'Germany', 'Flag of Serbia.svg', 'Србија', '151202876', 'history of Serbia', 'Belgrade', 'serbia', '1741311', '220', '279.0', 'ge130919', 'nan', 18.0, 'Category:Burials in Serbia', 'Data:Serbia.map', '43.18729985', 'pays/serbie', '21449.0', 'Council of Europe', 22.0, 'right', 'UTC+01:00', 'Category:Deaths in Serbia', '107592', 'President of Serbia', 'Serbia', 'European Union', '10045307.0', '39649.0', 'serbia', '688', '45.81651686', '381', '30078-1', 'urs', 'flag of Serbia', 'RI', 'nan', '0000 0000 9526 6709', 'nan', 7022268.0, '7006669', 'Portal:Serbia', 'outline of Serbia', '570825', 'Serbian dinar', '6290252', '🇷🇸', 'concept17058', 'geography of Serbia', 'SRB', 'Србија', 'Serbia', 'D055771', 'world/serbia', 'nan', 'Coat of arms of Serbia.svg', '2.16.688', 'National Assembly of Serbia', '0.0', 'RS', '/m/077qn', 'Serbian', 'Serbia and Montenegro', 'Europe', 'coat of arms of Serbia', 18.0, 'nan', 'Wikipedia:Vital articles/Level/4', 'RS', '46.18', 'free country', 'RS', 1.429999999999999938, 88499.0, 'Serbia', 'Republika Srpska', 'Category:Serbia', 'nan', 'Europe-Serbia.svg', '1791445f-977a-4e6d-b490-51f84bb4fc52', 'Ana Brnabić', 'SRB', '1692602', '286', '12205', 'place/Serbia', 'Danube in Ritopek, Serbia banner.jpg', 'Category:Films shot in Serbia', 230.0, 'Government of Serbia', 'Bože pravde', 'nan', 75.23901999999999646, '.rs', 'sovereign state', 'Velika Rudoka', 'Category:Births in Serbia', 'right', '72.0', 'Timok', 'serbia', 'Lb-Serbien.ogg', 'nan', 'Bor District', 'SRB', 'n85195919', NULL, '43.95', 'Brockhaus and Efron Encyclopedic Dictionary', 'serbien', '1400', 'Serbien', 'countries/rb', 'Serbian', 'serbien', 'serbia', '61922', '85633755', 'nan', '7147', '8071', '41010', '860', 'Serbian culture', 'aGCXIq', '6714', 'Category:Maps of Serbia', 'serbia', 'Serbie', 'nan', 'Serbia', 'nan', 'pays/wd/143964', 'viaf-140423359', 'serbia:serbia', '5892', 'sirbistan', 'post-Yugoslavia states', 'Open data portal Serbia', 'Serbia', '+2006-00-00T00:00:00Z', '25339.0', 'A41', 'i83177', '13768', 'economy of Serbia', '12742', 'nan', 'serbia', 'nan', '9e68967f-4ca3-4b99-8c7f-c4e956949fe6', 'serbia', '세르비아', '08834821-n', 'demographics of Serbia', 'nan', 'Y107592', '18-183600', 'c8nq32jw8yjt', 'T84-3561', 'Template:Serbia topics', '7749.0', '20004553.0', '2293910', 'Serbien', 'strany-mira/serbiya', '1065', 'SG--59221', '987007557617605171', 6.219999999999999752, '3974069.0', '1077', 'Aleksandar Vučić', 'serbien', 'Serbien', '1798.0', '48453', '24', 'nan', '🇷🇸', 'српски', 'Serbien', 'Serbia', 'http://www.srbija.gov.rs/', 'nan', 0.8020000000000000461, 'geo/74A541C5-CFD7-47F6-9F5B-CEA09953BCEC', 'Q332', 'nan', 34.5, '2957.0', 'node/369137525', 53.20000000000000284, 'nan', 'T077654', 'serbia', 33041.0, '3035-717', '2--4971')
Traceback (most recent call last):
  File "/home/lkruger/bachelorthesis/bachelorthesis/evaluation.py", line 134, in run_experiment
    insert_query_handler.handle_insert_query(query)
  File "/home/lkruger/bachelorthesis/bachelorthesis/system/insert_query_handler.py", line 27, in handle_insert_query
    query_data.table = self.strategy.predict_table_name(query_data)
  File "/home/lkruger/bachelorthesis/bachelorthesis/system/strategies/llama2/llama2_model.py", line 103, in predict_table_name
    self.run_prompt(
  File "/home/lkruger/bachelorthesis/bachelorthesis/system/strategies/llama2/llama2_model.py", line 87, in run_prompt
    return self.pipe(prompt_text)[0]["generated_text"]
  File "/home/lkruger/bachelorthesis/bachelorthesis/fine_tuning/venv/lib/python3.9/site-packages/transformers/pipelines/text_generation.py", line 240, in __call__
    return super().__call__(text_inputs, **kwargs)
  File "/home/lkruger/bachelorthesis/bachelorthesis/fine_tuning/venv/lib/python3.9/site-packages/transformers/pipelines/base.py", line 1242, in __call__
    return self.run_single(inputs, preprocess_params, forward_params, postprocess_params)
  File "/home/lkruger/bachelorthesis/bachelorthesis/fine_tuning/venv/lib/python3.9/site-packages/transformers/pipelines/base.py", line 1249, in run_single
    model_outputs = self.forward(model_inputs, **forward_params)
  File "/home/lkruger/bachelorthesis/bachelorthesis/fine_tuning/venv/lib/python3.9/site-packages/transformers/pipelines/base.py", line 1149, in forward
    model_outputs = self._forward(model_inputs, **forward_params)
  File "/home/lkruger/bachelorthesis/bachelorthesis/fine_tuning/venv/lib/python3.9/site-packages/transformers/pipelines/text_generation.py", line 327, in _forward
    generated_sequence = self.model.generate(input_ids=input_ids, attention_mask=attention_mask, **generate_kwargs)
  File "/home/lkruger/bachelorthesis/bachelorthesis/fine_tuning/venv/lib/python3.9/site-packages/torch/utils/_contextlib.py", line 115, in decorate_context
    return func(*args, **kwargs)
  File "/home/lkruger/bachelorthesis/bachelorthesis/fine_tuning/venv/lib/python3.9/site-packages/transformers/generation/utils.py", line 1622, in generate
    result = self._sample(
  File "/home/lkruger/bachelorthesis/bachelorthesis/fine_tuning/venv/lib/python3.9/site-packages/transformers/generation/utils.py", line 2791, in _sample
    outputs = self(
  File "/home/lkruger/bachelorthesis/bachelorthesis/fine_tuning/venv/lib/python3.9/site-packages/torch/nn/modules/module.py", line 1511, in _wrapped_call_impl
    return self._call_impl(*args, **kwargs)
  File "/home/lkruger/bachelorthesis/bachelorthesis/fine_tuning/venv/lib/python3.9/site-packages/torch/nn/modules/module.py", line 1520, in _call_impl
    return forward_call(*args, **kwargs)
  File "/home/lkruger/bachelorthesis/bachelorthesis/fine_tuning/venv/lib/python3.9/site-packages/accelerate/hooks.py", line 166, in new_forward
    output = module._old_forward(*args, **kwargs)
  File "/home/lkruger/bachelorthesis/bachelorthesis/fine_tuning/venv/lib/python3.9/site-packages/transformers/models/llama/modeling_llama.py", line 1208, in forward
    outputs = self.model(
  File "/home/lkruger/bachelorthesis/bachelorthesis/fine_tuning/venv/lib/python3.9/site-packages/torch/nn/modules/module.py", line 1511, in _wrapped_call_impl
    return self._call_impl(*args, **kwargs)
  File "/home/lkruger/bachelorthesis/bachelorthesis/fine_tuning/venv/lib/python3.9/site-packages/torch/nn/modules/module.py", line 1520, in _call_impl
    return forward_call(*args, **kwargs)
  File "/home/lkruger/bachelorthesis/bachelorthesis/fine_tuning/venv/lib/python3.9/site-packages/transformers/models/llama/modeling_llama.py", line 1018, in forward
    layer_outputs = decoder_layer(
  File "/home/lkruger/bachelorthesis/bachelorthesis/fine_tuning/venv/lib/python3.9/site-packages/torch/nn/modules/module.py", line 1511, in _wrapped_call_impl
    return self._call_impl(*args, **kwargs)
  File "/home/lkruger/bachelorthesis/bachelorthesis/fine_tuning/venv/lib/python3.9/site-packages/torch/nn/modules/module.py", line 1520, in _call_impl
    return forward_call(*args, **kwargs)
  File "/home/lkruger/bachelorthesis/bachelorthesis/fine_tuning/venv/lib/python3.9/site-packages/accelerate/hooks.py", line 166, in new_forward
    output = module._old_forward(*args, **kwargs)
  File "/home/lkruger/bachelorthesis/bachelorthesis/fine_tuning/venv/lib/python3.9/site-packages/transformers/models/llama/modeling_llama.py", line 756, in forward
    hidden_states = self.mlp(hidden_states)
  File "/home/lkruger/bachelorthesis/bachelorthesis/fine_tuning/venv/lib/python3.9/site-packages/torch/nn/modules/module.py", line 1511, in _wrapped_call_impl
    return self._call_impl(*args, **kwargs)
  File "/home/lkruger/bachelorthesis/bachelorthesis/fine_tuning/venv/lib/python3.9/site-packages/torch/nn/modules/module.py", line 1520, in _call_impl
    return forward_call(*args, **kwargs)
  File "/home/lkruger/bachelorthesis/bachelorthesis/fine_tuning/venv/lib/python3.9/site-packages/accelerate/hooks.py", line 166, in new_forward
    output = module._old_forward(*args, **kwargs)
  File "/home/lkruger/bachelorthesis/bachelorthesis/fine_tuning/venv/lib/python3.9/site-packages/transformers/models/llama/modeling_llama.py", line 240, in forward
    down_proj = self.down_proj(self.act_fn(self.gate_proj(x)) * self.up_proj(x))
torch.cuda.OutOfMemoryError: CUDA out of memory. Tried to allocate 156.00 MiB. GPU 0 has a total capacity of 15.77 GiB of which 135.88 MiB is free. Including non-PyTorch memory, this process has 15.64 GiB memory in use. Of the allocated memory 14.05 GiB is allocated by PyTorch, and 694.60 MiB is reserved by PyTorch but unallocated. If reserved but unallocated memory is large try setting PYTORCH_CUDA_ALLOC_CONF=expandable_segments:True to avoid fragmentation.  See documentation for Memory Management  (https://pytorch.org/docs/stable/notes/cuda.html#environment-variables)


Error while executing query: INSERT INTO `country` (`label`, `description`, `great_russian_encyclopedia_online_id`, `coordinates_of_southernmost_point`, `new_york_times_topic_id`, `gnd_id`, `category_of_associated_people`, `emergency_phone_number`, `electrical_plug_type`, `licence_plate_code`, `hashtag`, `babelnet_id`, `office_held_by_head_of_government`, `curlie_id`, `native_label`, `musicbrainz_area_id`, `public_holiday`, `uic_alphabetical_country_code`, `comic_vine_id`, `insee_countries_and_foreign_territories_code`, `vat_rate`, `diplomatic_relation`, `flag_image`, `commons_gallery`, `viaf_id`, `history_of_topic`, `capital`, `subreddit`, `openstreetmap_relation_id`, `mobile_country_code`, `maritime_identification_digits`, `nkcr_aut_id`, `asc_leiden_thesaurus_id`, `marriageable_age`, `category_of_people_buried_here`, `geoshape`, `coordinates_of_easternmost_point`, `le_monde_diplomatique_subject_id`, `marine_regions_geographic_id`, `member_of`, `unemployment_rate`, `railway_traffic_side`, `located_in_time_zone`, `category_for_people_who_died_here`, `yso_id`, `office_held_by_head_of_state`, `commons_category`, `shares_border_with`, `us_national_archives_identifier`, `nalt_id`, `treccani_id`, `iso_3166_1_numeric_code`, `coordinates_of_westernmost_point`, `country_calling_code`, `stw_thesaurus_for_economics_id`, `statoids_id`, `flag`, `fips_10_4_countries_and_regions`, `dagens_nyheter_topic_id`, `isni`, `nese_id`, `population`, `getty_thesaurus_of_geographic_names_id`, `topics_main_wikimedia_portal`, `wikimedia_outline`, `ndl_authority_id`, `currency`, `geonames_id`, `unicode_character`, `unesco_thesaurus_id`, `geography_of_topic`, `iso_3166_1_alpha_3_code`, `official_name`, `quora_topic_id`, `mesh_descriptor_id`, `guardian_topic_id`, `basic_form_of_government`, `coat_of_arms_image`, `ituisoiec_object_identifier`, `legislative_body`, `trunk_prefix`, `nuts_code`, `freebase_id`, `official_language`, `replaces`, `continent`, `coat_of_arms`, `age_of_majority`, `national_library_of_israel_id_old`, `on_focus_list_of_wikimedia_project`, `wipo_st3`, `coordinates_of_northernmost_point`, `has_quality`, `iso_3166_1_alpha_2_code`, `total_fertility_rate`, `area`, `store_norske_leksikon_id`, `different_from`, `topics_main_category`, `bibliothèque_nationale_de_france_id`, `locator_map_image`, `bbc_things_id`, `head_of_government`, `ioc_country_code`, `fast_id`, `gacs_id`, `archinform_location_id`, `encyclopædia_britannica_online_id`, `page_banner`, `category_for_films_shot_at_this_location`, `mains_voltage`, `executive_body`, `anthem`, `highest_judicial_authority`, `life_expectancy`, `top_level_internet_domain`, `instance_of`, `highest_point`, `category_for_people_born_here`, `driving_side`, `uic_numerical_country_code`, `lowest_point`, `civicus_monitor_country_entry`, `pronunciation_audio`, `idref_id`, `contains_the_administrative_territorial_entity`, `itu_letter_code`, `library_of_congress_authority_id`, `median_income`, `coordinate_location`, `described_by_source`, `brockhaus_enzyklopädie_online_id`, `iab_code`, `klexikon_article_id`, `loc_and_marc_vocabularies_id`, `language_used`, `dr_topic_id`, `world_encyclopedia_of_puppetry_arts_id`, `gran_enciclopèdia_catalana_id`, `whos_on_first_id`, `participant_in`, `inaturalist_place_id`, `omegawiki_defined_meaning`, `hds_id`, `gs1_country_code`, `culture`, `geonlp_id`, `analysis_policy_observatory_term_id`, `category_for_maps`, `treccanis_dizionario_di_storia_id`, `french_vikidia_id`, `english_vikidia_id`, `spanish_vikidia_id`, `italian_vikidia_id`, `larousse_id`, `worldcat_identities_id`, `fandom_article_id`, `eurovoc_id`, `tdv_islam_ansiklopedisi_id`, `part_of`, `open_data_portal`, `kbpedia_id`, `inception`, `rkd_thesaurus_id`, `pm20_geo_code`, `interlingual_index_id`, `jewish_encyclopedia_id_russian`, `economy_of_topic`, `uk_parliament_thesaurus_id`, `edition_humboldt_digital_id`, `tasteatlas_id`, `sapa_id`, `bhcl_uuid`, `github_topic`, `namuwiki_id`, `wordnet_31_synset_id`, `demographics_of_topic`, `ávvir_topic_id`, `ysa_id`, `yle_topic_id`, `bbc_news_topic_id`, `joconde_location_id`, `topics_main_template`, `armeniapedia_id`, `zhihu_topic_id`, `idaigazetteer_id`, `den_store_danske_id`, `krugosvet_article`, `schoenberg_database_of_manuscripts_place_id`, `colon_classification`, `national_library_of_israel_j9u_id`, `democracy_index`, `online_pwn_encyclopedia_id`, `postimees_topic_id`, `head_of_state`, `der_spiegel_topic_id`, `gyldendals_teaterleksikon_id`, `museum_digital_place_id`, `wikisimpsons_id`, `urban_electric_transit_country_id`, `m49_code`, `short_name`, `demonym`, `süddeutsche_zeitung_topic_id`, `country`, `official_website`, `alltrails_trail_id`, `human_development_index`, `national_historical_museums_of_sweden_id`, `eu_knowledge_graph_item_id`, `central_bank`, `gini_coefficient`, `obo_gazetteer_id`, `openstreetmap_element`, `happy_planet_index_score`, `the_top_tens_id`, `grove_art_online_id`, `the_world_factbook_country_id`, `number_of_out_of_school_children`, `giant_bomb_id`, `dewey_decimal_classification`) VALUES ('United States of America', 'country in North America', '3590227', '24.5442989', 'destination/united-states', '4078704-7', 'Category:American people', '911', 'NEMA 1-15', 'USA', 'usa', '00003341n', 'President of the United States', 'Regional/North_America/United_States/', 'United States of America', '489ce91b-6658-3307-9877-795b68554c98', 'Independence Day', 'nan', 'nan', '99404.0', NULL, 'Afghanistan', 'Flag of the United States.svg', 'United States', '130168302', 'history of the United States', 'Washington, D.C.', 'usa', '148838', '310', '338.0', 'ge128584', '294942807.0', NULL, 'Category:Burials in the United States', 'Data:United States.map', '44.81539337', 'pays/etatsunis', '2204.0', 'World Health Organization', 6.700000000000000177, 'right', 'UTC−06:00', 'Category:Deaths in the United States', '105078', 'President of the United States', 'United States', 'Canada', '10045728.0', '7522.0', 'stati-uniti-d-america', '840', '52.92112', '1', '17829-1', 'uus', 'flag of the United States', 'US', 'nan', '0000 0001 2331 5230', 'united-states', 331449281.0, '7012149', 'Italia', 'outline of the United States', '871907', 'United States dollar', '6252001', '🇺🇸', 'concept806', 'geography of the United States', 'USA', 'the United States of America', 'The-United-States-of-America', 'D014481', 'us-news', 'presidential system', 'Greater coat of arms of the United States.svg', '2.16.840', 'United States Congress', 'nan', 'nan', '/m/09c7w0', 'English', 'Thirteen Colonies', 'North America', 'Great Seal of the United States', NULL, '134032.0', 'Wikipedia:List of articles all languages should have', 'US', '71.38', 'free country', 'US', 1.861499999999999933, 9826675.0, 'USA', 'the Americas', 'Category:United States', '118636082', 'USA orthographic.svg', '82857f8e-8134-462a-bb32-b7b14f4eab75', 'Joe Biden', 'USA', '1204155', '322', '3058', 'place/United-States', 'Statue of Liberty light banner.jpg', 'Category:Films shot in the United States', 120.0, 'federal government of the United States', 'The Star-Spangled Banner', 'Supreme Court of the United States', 78.69024000000000285, '.us', 'country', 'Denali', 'Category:Births in the United States', 'right', 'nan', 'Badwater Basin', 'united-states-america', 'Lb-Amerika.ogg', '026376598', 'Delaware', 'USA', 'n78095330', 43585.0, '39.828175', 'Small Brockhaus and Efron Encyclopedic Dictionary', 'vereinigte-staaten-von-amerika', '1455', 'Vereinigte_Staaten_von_Amerika', 'countries/xxu', 'English', 'usa', 'united-states-of-america', '25184', '85633793', 'atomic bombings of Hiroshima and Nagasaki', '1', '6578', '3380', '000-139', 'culture of the United States', 'wkcbUd', '37862', 'Category:Maps of the United States', 'stati-uniti-d-america', 'États-Unis', 'United_States', 'Estados_Unidos', 'Stati_Uniti_d''America', 'pays/États-Unis/118570', 'lccn-n78095330', 'north-america:United_States', '888', 'amerika-birlesik-devletleri', 'North America', 'data.gov', 'UnitedStatesOfAmerica', '+1784-05-12T00:00:00Z', '1634.0', 'E15', 'i84182', '13881', 'economy of the United States', '13557', 'H0009136', 'USA', 'p/24fee191-fccc-40ac-b5b9-5ce73b29907f', 'c14926bc-96b3-4a7c-a343-9e1640b0f9a9', 'nan', '미국', '09067337-n', 'demographics of the United States', 'usa', 'Y105078', '18-193507', 'cx1m7zg01xyt', 'T84-190', 'Template:United States topics', 'nan', '19551627.0', '2086335', 'USA', 'strany_mira/SOEDINENNIE_SHTATI_AMERIKI.html', '3992', 'SG--73', '987007269139705171', 7.919999999999999929, '4169149.0', '2669', 'Joe Biden', 'usa', 'Amerika', '2312.0', '16224', '8', '840.0', 'USA', 'American', 'USA', 'United States of America', 'https://www.usa.gov/', 'us', 0.9210000000000000408, 'geo/3EED62B5-48F8-4428-A852-9055CEAB288E', 'Q373', 'Federal Reserve System', 47.70000000000000284, '2459.0', 'node/424317935', 37.39999999999999858, '9.0', 'T087095', 'united-states', 2528999.0, '3035-396', '2--73')
Traceback (most recent call last):
  File "/home/lkruger/bachelorthesis/bachelorthesis/evaluation.py", line 134, in run_experiment
    insert_query_handler.handle_insert_query(query)
  File "/home/lkruger/bachelorthesis/bachelorthesis/system/insert_query_handler.py", line 27, in handle_insert_query
    query_data.table = self.strategy.predict_table_name(query_data)
  File "/home/lkruger/bachelorthesis/bachelorthesis/system/strategies/llama2/llama2_model.py", line 103, in predict_table_name
    self.run_prompt(
  File "/home/lkruger/bachelorthesis/bachelorthesis/system/strategies/llama2/llama2_model.py", line 87, in run_prompt
    return self.pipe(prompt_text)[0]["generated_text"]
  File "/home/lkruger/bachelorthesis/bachelorthesis/fine_tuning/venv/lib/python3.9/site-packages/transformers/pipelines/text_generation.py", line 240, in __call__
    return super().__call__(text_inputs, **kwargs)
  File "/home/lkruger/bachelorthesis/bachelorthesis/fine_tuning/venv/lib/python3.9/site-packages/transformers/pipelines/base.py", line 1242, in __call__
    return self.run_single(inputs, preprocess_params, forward_params, postprocess_params)
  File "/home/lkruger/bachelorthesis/bachelorthesis/fine_tuning/venv/lib/python3.9/site-packages/transformers/pipelines/base.py", line 1249, in run_single
    model_outputs = self.forward(model_inputs, **forward_params)
  File "/home/lkruger/bachelorthesis/bachelorthesis/fine_tuning/venv/lib/python3.9/site-packages/transformers/pipelines/base.py", line 1149, in forward
    model_outputs = self._forward(model_inputs, **forward_params)
  File "/home/lkruger/bachelorthesis/bachelorthesis/fine_tuning/venv/lib/python3.9/site-packages/transformers/pipelines/text_generation.py", line 327, in _forward
    generated_sequence = self.model.generate(input_ids=input_ids, attention_mask=attention_mask, **generate_kwargs)
  File "/home/lkruger/bachelorthesis/bachelorthesis/fine_tuning/venv/lib/python3.9/site-packages/torch/utils/_contextlib.py", line 115, in decorate_context
    return func(*args, **kwargs)
  File "/home/lkruger/bachelorthesis/bachelorthesis/fine_tuning/venv/lib/python3.9/site-packages/transformers/generation/utils.py", line 1622, in generate
    result = self._sample(
  File "/home/lkruger/bachelorthesis/bachelorthesis/fine_tuning/venv/lib/python3.9/site-packages/transformers/generation/utils.py", line 2791, in _sample
    outputs = self(
  File "/home/lkruger/bachelorthesis/bachelorthesis/fine_tuning/venv/lib/python3.9/site-packages/torch/nn/modules/module.py", line 1511, in _wrapped_call_impl
    return self._call_impl(*args, **kwargs)
  File "/home/lkruger/bachelorthesis/bachelorthesis/fine_tuning/venv/lib/python3.9/site-packages/torch/nn/modules/module.py", line 1520, in _call_impl
    return forward_call(*args, **kwargs)
  File "/home/lkruger/bachelorthesis/bachelorthesis/fine_tuning/venv/lib/python3.9/site-packages/accelerate/hooks.py", line 166, in new_forward
    output = module._old_forward(*args, **kwargs)
  File "/home/lkruger/bachelorthesis/bachelorthesis/fine_tuning/venv/lib/python3.9/site-packages/transformers/models/llama/modeling_llama.py", line 1208, in forward
    outputs = self.model(
  File "/home/lkruger/bachelorthesis/bachelorthesis/fine_tuning/venv/lib/python3.9/site-packages/torch/nn/modules/module.py", line 1511, in _wrapped_call_impl
    return self._call_impl(*args, **kwargs)
  File "/home/lkruger/bachelorthesis/bachelorthesis/fine_tuning/venv/lib/python3.9/site-packages/torch/nn/modules/module.py", line 1520, in _call_impl
    return forward_call(*args, **kwargs)
  File "/home/lkruger/bachelorthesis/bachelorthesis/fine_tuning/venv/lib/python3.9/site-packages/transformers/models/llama/modeling_llama.py", line 1018, in forward
    layer_outputs = decoder_layer(
  File "/home/lkruger/bachelorthesis/bachelorthesis/fine_tuning/venv/lib/python3.9/site-packages/torch/nn/modules/module.py", line 1511, in _wrapped_call_impl
    return self._call_impl(*args, **kwargs)
  File "/home/lkruger/bachelorthesis/bachelorthesis/fine_tuning/venv/lib/python3.9/site-packages/torch/nn/modules/module.py", line 1520, in _call_impl
    return forward_call(*args, **kwargs)
  File "/home/lkruger/bachelorthesis/bachelorthesis/fine_tuning/venv/lib/python3.9/site-packages/accelerate/hooks.py", line 166, in new_forward
    output = module._old_forward(*args, **kwargs)
  File "/home/lkruger/bachelorthesis/bachelorthesis/fine_tuning/venv/lib/python3.9/site-packages/transformers/models/llama/modeling_llama.py", line 756, in forward
    hidden_states = self.mlp(hidden_states)
  File "/home/lkruger/bachelorthesis/bachelorthesis/fine_tuning/venv/lib/python3.9/site-packages/torch/nn/modules/module.py", line 1511, in _wrapped_call_impl
    return self._call_impl(*args, **kwargs)
  File "/home/lkruger/bachelorthesis/bachelorthesis/fine_tuning/venv/lib/python3.9/site-packages/torch/nn/modules/module.py", line 1520, in _call_impl
    return forward_call(*args, **kwargs)
  File "/home/lkruger/bachelorthesis/bachelorthesis/fine_tuning/venv/lib/python3.9/site-packages/accelerate/hooks.py", line 166, in new_forward
    output = module._old_forward(*args, **kwargs)
  File "/home/lkruger/bachelorthesis/bachelorthesis/fine_tuning/venv/lib/python3.9/site-packages/transformers/models/llama/modeling_llama.py", line 240, in forward
    down_proj = self.down_proj(self.act_fn(self.gate_proj(x)) * self.up_proj(x))
torch.cuda.OutOfMemoryError: CUDA out of memory. Tried to allocate 164.00 MiB. GPU 0 has a total capacity of 15.77 GiB of which 135.88 MiB is free. Including non-PyTorch memory, this process has 15.64 GiB memory in use. Of the allocated memory 14.13 GiB is allocated by PyTorch, and 619.26 MiB is reserved by PyTorch but unallocated. If reserved but unallocated memory is large try setting PYTORCH_CUDA_ALLOC_CONF=expandable_segments:True to avoid fragmentation.  See documentation for Memory Management  (https://pytorch.org/docs/stable/notes/cuda.html#environment-variables)


Error while executing query: INSERT INTO `country` (`label`, `description`, `great_russian_encyclopedia_online_id`, `coordinates_of_southernmost_point`, `new_york_times_topic_id`, `gnd_id`, `category_of_associated_people`, `emergency_phone_number`, `electrical_plug_type`, `licence_plate_code`, `hashtag`, `babelnet_id`, `office_held_by_head_of_government`, `curlie_id`, `native_label`, `musicbrainz_area_id`, `public_holiday`, `uic_alphabetical_country_code`, `comic_vine_id`, `insee_countries_and_foreign_territories_code`, `vat_rate`, `diplomatic_relation`, `flag_image`, `commons_gallery`, `viaf_id`, `history_of_topic`, `capital`, `subreddit`, `openstreetmap_relation_id`, `mobile_country_code`, `maritime_identification_digits`, `nkcr_aut_id`, `asc_leiden_thesaurus_id`, `marriageable_age`, `category_of_people_buried_here`, `geoshape`, `coordinates_of_easternmost_point`, `le_monde_diplomatique_subject_id`, `marine_regions_geographic_id`, `member_of`, `unemployment_rate`, `railway_traffic_side`, `located_in_time_zone`, `category_for_people_who_died_here`, `yso_id`, `office_held_by_head_of_state`, `commons_category`, `shares_border_with`, `us_national_archives_identifier`, `nalt_id`, `treccani_id`, `iso_3166_1_numeric_code`, `coordinates_of_westernmost_point`, `country_calling_code`, `stw_thesaurus_for_economics_id`, `statoids_id`, `flag`, `fips_10_4_countries_and_regions`, `dagens_nyheter_topic_id`, `isni`, `nese_id`, `population`, `getty_thesaurus_of_geographic_names_id`, `topics_main_wikimedia_portal`, `wikimedia_outline`, `ndl_authority_id`, `currency`, `geonames_id`, `unicode_character`, `unesco_thesaurus_id`, `geography_of_topic`, `iso_3166_1_alpha_3_code`, `official_name`, `quora_topic_id`, `mesh_descriptor_id`, `guardian_topic_id`, `basic_form_of_government`, `coat_of_arms_image`, `ituisoiec_object_identifier`, `legislative_body`, `trunk_prefix`, `nuts_code`, `freebase_id`, `official_language`, `replaces`, `continent`, `coat_of_arms`, `age_of_majority`, `national_library_of_israel_id_old`, `on_focus_list_of_wikimedia_project`, `wipo_st3`, `coordinates_of_northernmost_point`, `has_quality`, `iso_3166_1_alpha_2_code`, `total_fertility_rate`, `area`, `store_norske_leksikon_id`, `different_from`, `topics_main_category`, `bibliothèque_nationale_de_france_id`, `locator_map_image`, `bbc_things_id`, `head_of_government`, `ioc_country_code`, `fast_id`, `gacs_id`, `archinform_location_id`, `encyclopædia_britannica_online_id`, `page_banner`, `category_for_films_shot_at_this_location`, `mains_voltage`, `executive_body`, `anthem`, `highest_judicial_authority`, `life_expectancy`, `top_level_internet_domain`, `instance_of`, `highest_point`, `category_for_people_born_here`, `driving_side`, `uic_numerical_country_code`, `lowest_point`, `civicus_monitor_country_entry`, `pronunciation_audio`, `idref_id`, `contains_the_administrative_territorial_entity`, `itu_letter_code`, `library_of_congress_authority_id`, `median_income`, `coordinate_location`, `described_by_source`, `brockhaus_enzyklopädie_online_id`, `iab_code`, `klexikon_article_id`, `loc_and_marc_vocabularies_id`, `language_used`, `dr_topic_id`, `world_encyclopedia_of_puppetry_arts_id`, `gran_enciclopèdia_catalana_id`, `whos_on_first_id`, `participant_in`, `inaturalist_place_id`, `omegawiki_defined_meaning`, `hds_id`, `gs1_country_code`, `culture`, `geonlp_id`, `analysis_policy_observatory_term_id`, `category_for_maps`, `treccanis_dizionario_di_storia_id`, `french_vikidia_id`, `english_vikidia_id`, `spanish_vikidia_id`, `italian_vikidia_id`, `larousse_id`, `worldcat_identities_id`, `fandom_article_id`, `eurovoc_id`, `tdv_islam_ansiklopedisi_id`, `part_of`, `open_data_portal`, `kbpedia_id`, `inception`, `rkd_thesaurus_id`, `pm20_geo_code`, `interlingual_index_id`, `jewish_encyclopedia_id_russian`, `economy_of_topic`, `uk_parliament_thesaurus_id`, `edition_humboldt_digital_id`, `tasteatlas_id`, `sapa_id`, `bhcl_uuid`, `github_topic`, `namuwiki_id`, `wordnet_31_synset_id`, `demographics_of_topic`, `ávvir_topic_id`, `ysa_id`, `yle_topic_id`, `bbc_news_topic_id`, `joconde_location_id`, `topics_main_template`, `armeniapedia_id`, `zhihu_topic_id`, `idaigazetteer_id`, `den_store_danske_id`, `krugosvet_article`, `schoenberg_database_of_manuscripts_place_id`, `colon_classification`, `national_library_of_israel_j9u_id`, `democracy_index`, `online_pwn_encyclopedia_id`, `postimees_topic_id`, `head_of_state`, `der_spiegel_topic_id`, `gyldendals_teaterleksikon_id`, `museum_digital_place_id`, `wikisimpsons_id`, `urban_electric_transit_country_id`, `m49_code`, `short_name`, `demonym`, `süddeutsche_zeitung_topic_id`, `country`, `official_website`, `alltrails_trail_id`, `human_development_index`, `national_historical_museums_of_sweden_id`, `eu_knowledge_graph_item_id`, `central_bank`, `gini_coefficient`, `obo_gazetteer_id`, `openstreetmap_element`, `happy_planet_index_score`, `the_top_tens_id`, `grove_art_online_id`, `the_world_factbook_country_id`, `number_of_out_of_school_children`, `giant_bomb_id`, `dewey_decimal_classification`) VALUES ('United Kingdom', 'country in north-west Europe', '4351848', '49.95673883', 'nan', '4022153-2', 'Category:British people', '999', 'BS 1363', 'GB', 'UnitedKingdom', '00013173n', 'Prime Minister of the United Kingdom', 'Regional/Europe/United_Kingdom/', 'United Kingdom of Great Britain and Northern Ireland', '8a754a16-0027-3a29-b6d7-2b40ea0481ed', 'New Year''s Day', 'GB', 'nan', '99132.0', 20.0, 'Canada', 'Flag of the United Kingdom (3-5).svg', 'United Kingdom', '127756949', 'history of the United Kingdom', 'London', 'unitedkingdom', '62149', '234', '232.0', 'ge134525', '294914161.0', NULL, 'Category:Burials in the United Kingdom', 'Data:United Kingdom.map', '52.48106832', 'pays/royaumeuni', 'nan', 'United Nations', 6.0, 'left', 'UTC±00:00', 'Category:Deaths in the United Kingdom', '104990', 'monarch of the United Kingdom', 'United Kingdom', 'Republic of Ireland', 'nan', '19855.0', 'gran-bretagna-e-irlanda-del-nord-regno-unito-di', '826', '54.46477', '44', '17374-2', 'ugb', 'flag of the United Kingdom', 'UK', 'storbritannien', '0000 0001 2248 3427', 'united-kingdom', 67326569.0, '7008591', 'Portal:United Kingdom', 'outline of the United Kingdom', '871900', 'pound sterling', '2635167', '🇬🇧', 'concept925', 'geography of the United Kingdom', 'GBR', 'United Kingdom of Great Britain and Northern Ireland', 'The-United-Kingdom-1', 'D006113', 'uk-news', 'constitutional monarchy', 'Royal Coat of Arms of the United Kingdom.svg', '2.16.826', 'Parliament of the United Kingdom', '0.0', 'UK', '/m/07ssc', 'English', 'United Kingdom of Great Britain and Ireland', 'Europe', 'royal coat of arms of the United Kingdom', 18.0, '974670.0', 'Wikipedia:List of articles all languages should have', 'GB', '60.87', 'free country', 'GB', 1.830000000000000071, 242495.4067940000096, 'Storbritannia', 'Great Britain', 'Category:United Kingdom', '11872746v', 'Europe-UK.svg', '2e91364c-5c77-4660-b76e-d76202785e64', 'Rishi Sunak', 'GBR', '1204623', '388', '8463', 'place/United-Kingdom', 'Sycamore Gap Banner.jpg', 'Category:Films shot in the United Kingdom', 230.0, 'Government of the United Kingdom', 'God Save the King', 'Supreme Court of the United Kingdom', 80.95610000000000639, '.uk', 'sovereign state', 'Ben Nevis', 'Category:Births in the United Kingdom', 'left', '70.0', 'The Fens', 'united-kingdom', 'Lb-Vereenegt Kinnekräich.ogg', '026488515', 'Northern Ireland', 'G', 'n79023147', 31617.0, '54.6', 'Encyclopædia Britannica 11th edition', 'nan', '1453', 'Großbritannien', 'countries/xxk', 'English', 'storbritannien', 'great-britain', '30805', '85633159', 'Battle of Carillon', '6857', '8302', '3356', '500-509', 'culture of the United Kingdom', 'hOIv1y', '19016', 'Category:Maps of the United Kingdom', 'gran-bretagna', 'Royaume-Uni', 'United_Kingdom', 'Reino_Unido', 'Regno_Unito', 'pays/Grande-Bretagne/122085', 'viaf-127412899', 'united-kingdom:United_Kingdom_of_Great_Britain_and_Northern_Ireland', '3774', 'nan', 'Commonwealth of Nations', 'data.gov.uk', 'UnitedKingdom', '+1927-04-12T00:00:00Z', '26187.0', 'A22', 'i83373', '10872', 'economy of the United Kingdom', '13526', 'H0010934', 'united-kingdom', 'p/f7c88cf6-7901-4dcc-bad4-6002e52b35ce', '07d2d2b9-6788-4e6f-b7ae-d287bd74eb33', 'uk', '영국', '08879115-n', 'demographics of the United Kingdom', 'stuorra-britannia', 'Y104990', '18-229075', 'nan', 'T84-3504', 'Template:Country data United Kingdom', 'nan', '19552360.0', '2290445', 'Storbritannien', 'Earth_sciences/geografiya/SOEDINENNOE_KOROLEVSTVO_VELIKOBRITANII_I_SEVERNO_IRLANDII.html', '3999', 'nan', '987007554952005171', 8.539999999999999147, '4169177.0', '3666', 'Charles III', 'grossbritannien', 'nan', 'nan', '41871', '31', '826.0', 'UK', 'British', 'Großbritannien', 'United Kingdom', 'https://www.gov.uk/', 'nan', 0.929000000000000047, 'geo/95CDA651-011B-44EF-92F9-1F5680FD754A', 'Q21', 'Bank of England', 32.79999999999999715, '2637.0', 'node/838090640', 56.0, '41.0', 'T087093', 'united-kingdom', 62799.0, '3035-492', '2--41')
Traceback (most recent call last):
  File "/home/lkruger/bachelorthesis/bachelorthesis/evaluation.py", line 134, in run_experiment
    insert_query_handler.handle_insert_query(query)
  File "/home/lkruger/bachelorthesis/bachelorthesis/system/insert_query_handler.py", line 27, in handle_insert_query
    query_data.table = self.strategy.predict_table_name(query_data)
  File "/home/lkruger/bachelorthesis/bachelorthesis/system/strategies/llama2/llama2_model.py", line 103, in predict_table_name
    self.run_prompt(
  File "/home/lkruger/bachelorthesis/bachelorthesis/system/strategies/llama2/llama2_model.py", line 87, in run_prompt
    return self.pipe(prompt_text)[0]["generated_text"]
  File "/home/lkruger/bachelorthesis/bachelorthesis/fine_tuning/venv/lib/python3.9/site-packages/transformers/pipelines/text_generation.py", line 240, in __call__
    return super().__call__(text_inputs, **kwargs)
  File "/home/lkruger/bachelorthesis/bachelorthesis/fine_tuning/venv/lib/python3.9/site-packages/transformers/pipelines/base.py", line 1242, in __call__
    return self.run_single(inputs, preprocess_params, forward_params, postprocess_params)
  File "/home/lkruger/bachelorthesis/bachelorthesis/fine_tuning/venv/lib/python3.9/site-packages/transformers/pipelines/base.py", line 1249, in run_single
    model_outputs = self.forward(model_inputs, **forward_params)
  File "/home/lkruger/bachelorthesis/bachelorthesis/fine_tuning/venv/lib/python3.9/site-packages/transformers/pipelines/base.py", line 1149, in forward
    model_outputs = self._forward(model_inputs, **forward_params)
  File "/home/lkruger/bachelorthesis/bachelorthesis/fine_tuning/venv/lib/python3.9/site-packages/transformers/pipelines/text_generation.py", line 327, in _forward
    generated_sequence = self.model.generate(input_ids=input_ids, attention_mask=attention_mask, **generate_kwargs)
  File "/home/lkruger/bachelorthesis/bachelorthesis/fine_tuning/venv/lib/python3.9/site-packages/torch/utils/_contextlib.py", line 115, in decorate_context
    return func(*args, **kwargs)
  File "/home/lkruger/bachelorthesis/bachelorthesis/fine_tuning/venv/lib/python3.9/site-packages/transformers/generation/utils.py", line 1622, in generate
    result = self._sample(
  File "/home/lkruger/bachelorthesis/bachelorthesis/fine_tuning/venv/lib/python3.9/site-packages/transformers/generation/utils.py", line 2791, in _sample
    outputs = self(
  File "/home/lkruger/bachelorthesis/bachelorthesis/fine_tuning/venv/lib/python3.9/site-packages/torch/nn/modules/module.py", line 1511, in _wrapped_call_impl
    return self._call_impl(*args, **kwargs)
  File "/home/lkruger/bachelorthesis/bachelorthesis/fine_tuning/venv/lib/python3.9/site-packages/torch/nn/modules/module.py", line 1520, in _call_impl
    return forward_call(*args, **kwargs)
  File "/home/lkruger/bachelorthesis/bachelorthesis/fine_tuning/venv/lib/python3.9/site-packages/accelerate/hooks.py", line 166, in new_forward
    output = module._old_forward(*args, **kwargs)
  File "/home/lkruger/bachelorthesis/bachelorthesis/fine_tuning/venv/lib/python3.9/site-packages/transformers/models/llama/modeling_llama.py", line 1208, in forward
    outputs = self.model(
  File "/home/lkruger/bachelorthesis/bachelorthesis/fine_tuning/venv/lib/python3.9/site-packages/torch/nn/modules/module.py", line 1511, in _wrapped_call_impl
    return self._call_impl(*args, **kwargs)
  File "/home/lkruger/bachelorthesis/bachelorthesis/fine_tuning/venv/lib/python3.9/site-packages/torch/nn/modules/module.py", line 1520, in _call_impl
    return forward_call(*args, **kwargs)
  File "/home/lkruger/bachelorthesis/bachelorthesis/fine_tuning/venv/lib/python3.9/site-packages/transformers/models/llama/modeling_llama.py", line 1018, in forward
    layer_outputs = decoder_layer(
  File "/home/lkruger/bachelorthesis/bachelorthesis/fine_tuning/venv/lib/python3.9/site-packages/torch/nn/modules/module.py", line 1511, in _wrapped_call_impl
    return self._call_impl(*args, **kwargs)
  File "/home/lkruger/bachelorthesis/bachelorthesis/fine_tuning/venv/lib/python3.9/site-packages/torch/nn/modules/module.py", line 1520, in _call_impl
    return forward_call(*args, **kwargs)
  File "/home/lkruger/bachelorthesis/bachelorthesis/fine_tuning/venv/lib/python3.9/site-packages/accelerate/hooks.py", line 166, in new_forward
    output = module._old_forward(*args, **kwargs)
  File "/home/lkruger/bachelorthesis/bachelorthesis/fine_tuning/venv/lib/python3.9/site-packages/transformers/models/llama/modeling_llama.py", line 756, in forward
    hidden_states = self.mlp(hidden_states)
  File "/home/lkruger/bachelorthesis/bachelorthesis/fine_tuning/venv/lib/python3.9/site-packages/torch/nn/modules/module.py", line 1511, in _wrapped_call_impl
    return self._call_impl(*args, **kwargs)
  File "/home/lkruger/bachelorthesis/bachelorthesis/fine_tuning/venv/lib/python3.9/site-packages/torch/nn/modules/module.py", line 1520, in _call_impl
    return forward_call(*args, **kwargs)
  File "/home/lkruger/bachelorthesis/bachelorthesis/fine_tuning/venv/lib/python3.9/site-packages/accelerate/hooks.py", line 166, in new_forward
    output = module._old_forward(*args, **kwargs)
  File "/home/lkruger/bachelorthesis/bachelorthesis/fine_tuning/venv/lib/python3.9/site-packages/transformers/models/llama/modeling_llama.py", line 240, in forward
    down_proj = self.down_proj(self.act_fn(self.gate_proj(x)) * self.up_proj(x))
torch.cuda.OutOfMemoryError: CUDA out of memory. Tried to allocate 166.00 MiB. GPU 0 has a total capacity of 15.77 GiB of which 135.88 MiB is free. Including non-PyTorch memory, this process has 15.64 GiB memory in use. Of the allocated memory 14.14 GiB is allocated by PyTorch, and 606.60 MiB is reserved by PyTorch but unallocated. If reserved but unallocated memory is large try setting PYTORCH_CUDA_ALLOC_CONF=expandable_segments:True to avoid fragmentation.  See documentation for Memory Management  (https://pytorch.org/docs/stable/notes/cuda.html#environment-variables)


Error while executing query: INSERT INTO `country` (`label`, `description`, `great_russian_encyclopedia_online_id`, `coordinates_of_southernmost_point`, `new_york_times_topic_id`, `gnd_id`, `category_of_associated_people`, `emergency_phone_number`, `electrical_plug_type`, `licence_plate_code`, `hashtag`, `babelnet_id`, `office_held_by_head_of_government`, `curlie_id`, `native_label`, `musicbrainz_area_id`, `public_holiday`, `uic_alphabetical_country_code`, `comic_vine_id`, `insee_countries_and_foreign_territories_code`, `vat_rate`, `diplomatic_relation`, `flag_image`, `commons_gallery`, `viaf_id`, `history_of_topic`, `capital`, `subreddit`, `openstreetmap_relation_id`, `mobile_country_code`, `maritime_identification_digits`, `nkcr_aut_id`, `asc_leiden_thesaurus_id`, `marriageable_age`, `category_of_people_buried_here`, `geoshape`, `coordinates_of_easternmost_point`, `le_monde_diplomatique_subject_id`, `marine_regions_geographic_id`, `member_of`, `unemployment_rate`, `railway_traffic_side`, `located_in_time_zone`, `category_for_people_who_died_here`, `yso_id`, `office_held_by_head_of_state`, `commons_category`, `shares_border_with`, `us_national_archives_identifier`, `nalt_id`, `treccani_id`, `iso_3166_1_numeric_code`, `coordinates_of_westernmost_point`, `country_calling_code`, `stw_thesaurus_for_economics_id`, `statoids_id`, `flag`, `fips_10_4_countries_and_regions`, `dagens_nyheter_topic_id`, `isni`, `nese_id`, `population`, `getty_thesaurus_of_geographic_names_id`, `topics_main_wikimedia_portal`, `wikimedia_outline`, `ndl_authority_id`, `currency`, `geonames_id`, `unicode_character`, `unesco_thesaurus_id`, `geography_of_topic`, `iso_3166_1_alpha_3_code`, `official_name`, `quora_topic_id`, `mesh_descriptor_id`, `guardian_topic_id`, `basic_form_of_government`, `coat_of_arms_image`, `ituisoiec_object_identifier`, `legislative_body`, `trunk_prefix`, `nuts_code`, `freebase_id`, `official_language`, `replaces`, `continent`, `coat_of_arms`, `age_of_majority`, `national_library_of_israel_id_old`, `on_focus_list_of_wikimedia_project`, `wipo_st3`, `coordinates_of_northernmost_point`, `has_quality`, `iso_3166_1_alpha_2_code`, `total_fertility_rate`, `area`, `store_norske_leksikon_id`, `different_from`, `topics_main_category`, `bibliothèque_nationale_de_france_id`, `locator_map_image`, `bbc_things_id`, `head_of_government`, `ioc_country_code`, `fast_id`, `gacs_id`, `archinform_location_id`, `encyclopædia_britannica_online_id`, `page_banner`, `category_for_films_shot_at_this_location`, `mains_voltage`, `executive_body`, `anthem`, `highest_judicial_authority`, `life_expectancy`, `top_level_internet_domain`, `instance_of`, `highest_point`, `category_for_people_born_here`, `driving_side`, `uic_numerical_country_code`, `lowest_point`, `civicus_monitor_country_entry`, `pronunciation_audio`, `idref_id`, `contains_the_administrative_territorial_entity`, `itu_letter_code`, `library_of_congress_authority_id`, `median_income`, `coordinate_location`, `described_by_source`, `brockhaus_enzyklopädie_online_id`, `iab_code`, `klexikon_article_id`, `loc_and_marc_vocabularies_id`, `language_used`, `dr_topic_id`, `world_encyclopedia_of_puppetry_arts_id`, `gran_enciclopèdia_catalana_id`, `whos_on_first_id`, `participant_in`, `inaturalist_place_id`, `omegawiki_defined_meaning`, `hds_id`, `gs1_country_code`, `culture`, `geonlp_id`, `analysis_policy_observatory_term_id`, `category_for_maps`, `treccanis_dizionario_di_storia_id`, `french_vikidia_id`, `english_vikidia_id`, `spanish_vikidia_id`, `italian_vikidia_id`, `larousse_id`, `worldcat_identities_id`, `fandom_article_id`, `eurovoc_id`, `tdv_islam_ansiklopedisi_id`, `part_of`, `open_data_portal`, `kbpedia_id`, `inception`, `rkd_thesaurus_id`, `pm20_geo_code`, `interlingual_index_id`, `jewish_encyclopedia_id_russian`, `economy_of_topic`, `uk_parliament_thesaurus_id`, `edition_humboldt_digital_id`, `tasteatlas_id`, `sapa_id`, `bhcl_uuid`, `github_topic`, `namuwiki_id`, `wordnet_31_synset_id`, `demographics_of_topic`, `ávvir_topic_id`, `ysa_id`, `yle_topic_id`, `bbc_news_topic_id`, `joconde_location_id`, `topics_main_template`, `armeniapedia_id`, `zhihu_topic_id`, `idaigazetteer_id`, `den_store_danske_id`, `krugosvet_article`, `schoenberg_database_of_manuscripts_place_id`, `colon_classification`, `national_library_of_israel_j9u_id`, `democracy_index`, `online_pwn_encyclopedia_id`, `postimees_topic_id`, `head_of_state`, `der_spiegel_topic_id`, `gyldendals_teaterleksikon_id`, `museum_digital_place_id`, `wikisimpsons_id`, `urban_electric_transit_country_id`, `m49_code`, `short_name`, `demonym`, `süddeutsche_zeitung_topic_id`, `country`, `official_website`, `alltrails_trail_id`, `human_development_index`, `national_historical_museums_of_sweden_id`, `eu_knowledge_graph_item_id`, `central_bank`, `gini_coefficient`, `obo_gazetteer_id`, `openstreetmap_element`, `happy_planet_index_score`, `the_top_tens_id`, `grove_art_online_id`, `the_world_factbook_country_id`, `number_of_out_of_school_children`, `giant_bomb_id`, `dewey_decimal_classification`) VALUES ('Spain', 'country in southwestern Europe with territories in Africa', '2632850', '27.641944444444444', 'destination/spain', '4055964-6', 'Category:Spanish people', '112', 'Europlug', 'E', 'Spain', '00031605n', 'Prime Minister of Spain', 'Regional/Europe/Spain/', 'Reino de España', '471c46a7-afc5-31c4-923c-d0444f5053a4', 'New Year''s Day', 'E', '4020-55776', '99134.0', 21.0, 'Italy', 'Flag of Spain.svg', 'España', '133609710', 'history of Spain', 'Madrid', 'es', '1311341', '214', '224.0', 'ge131543', '294938850.0', 16.0, 'Category:Burials in Spain', 'Data:Spain.map', '39.87672222222222', 'pays/espagne', '2185.0', 'North Atlantic Treaty Organization', 16.0, 'nan', 'UTC+01:00', 'Category:Deaths in Spain', '105209', 'Monarch of Spain', 'Spain', 'Gibraltar', '10035826.0', '21750.0', 'spagna', '724', '27.704167', '34', '17161-5', 'ues', 'flag of Spain', 'SP', 'spanien', '0000 0001 2324 3505', 'spanien', 47415750.0, '1000095', 'Portal:Spain', 'outline of Spain', '571694', 'euro', '2510769', '🇪🇸', 'concept923', 'geography of Spain', 'ESP', 'Španělské království', 'Spain', 'D013030', 'world/spain', 'parliamentary monarchy', 'Escudo de España (mazonado).svg', '2.16.724', 'Cortes Generales', 'nan', 'ES', '/m/06mkj', 'Spanish', 'Hispanic Monarchy', 'Europe', 'coat of arms of Spain', 18.0, '974222.0', 'Wikipedia:List of articles all languages should have', 'ES', '43.791222222222224', 'free country', 'ES', 1.270000000000000017, 505990.0, 'Spania', 'Español', 'Category:Spain', '118635857', 'EU-Spain.svg', 'c0adb26a-0bdb-4f42-8c12-7d41b56986de', 'Pedro Sánchez', 'ESP', '1204303', '295', '3043', 'place/Spain', 'Cardejón banner1.jpg', 'Category:Films shot in Spain', 230.0, 'Government of Spain', 'Marcha Real', 'Supreme Court of Spain', 82.83171000000000105, '.es', 'sovereign state', 'Teide', 'Category:Births in Spain', 'right', '71.0', 'Mina de Las Cruces', 'spain', 'Lb-Spuenien.ogg', '026376296', 'plazas de soberanía', 'E', 'n79006971', 21959.0, '40.2', 'Catholic Encyclopedia', 'spanien', '1412', 'Spanien', 'countries/sp', 'Spanish', 'spanien', 'spain', '24810', '85633129', 'Battle of Porto Bello', '6774', '7965', '3372', '840-849', 'culture of Spain', 'NgN1jZ', '9496', 'Category:Maps of Spain', 'spagna', 'Espagne', 'Spain', 'España', 'Spagna', 'pays/Espagne/118438', 'lccn-n79006971', 'nan', '863', 'ispanya', 'Europe', 'Spain open data portal', 'Spain', '+1715-00-00T00:00:00Z', '386.0', 'A30', 'i84082', '11856', 'economy of Spain', '12960', 'H0010330', 'spain', 'p/43369cca-be00-41fd-804a-873cf1c50294', 'e2f8a55c-e941-4638-8f8b-5086aa7744f8', 'spain', '스페인', '09045691-n', 'demographics of Spain', 'espannja', 'Y105209', '18-177171', 'c302m85qenvt', 'T84-703', 'Template:Spain topics', '16484.0', '19592266.0', '2074390', 'Spanien', 'strany_mira/ISPANIYA.html', '30', 'SG--541', '987007552531805171', 8.119999999999999218, '4169050.0', '3290', 'Felipe VI of Spain', 'spanien', 'Spanien', '2333.0', '48451', '23', '724.0', 'Іспанія', 'Spanish', 'Spanien', 'Spain', 'http://www.spain.info/', 'spain', 0.9050000000000000266, 'geo/F9FEFF96-EEF8-45D8-BA7A-3C8BAC93164D', 'Q7', 'nan', 34.29999999999999715, '591.0', 'node/148332300', 52.29999999999999716, '64.0', 'T080265', 'spain', 35822.0, '3035-527', '2--46')
Traceback (most recent call last):
  File "/home/lkruger/bachelorthesis/bachelorthesis/evaluation.py", line 134, in run_experiment
    insert_query_handler.handle_insert_query(query)
  File "/home/lkruger/bachelorthesis/bachelorthesis/system/insert_query_handler.py", line 27, in handle_insert_query
    query_data.table = self.strategy.predict_table_name(query_data)
  File "/home/lkruger/bachelorthesis/bachelorthesis/system/strategies/llama2/llama2_model.py", line 103, in predict_table_name
    self.run_prompt(
  File "/home/lkruger/bachelorthesis/bachelorthesis/system/strategies/llama2/llama2_model.py", line 87, in run_prompt
    return self.pipe(prompt_text)[0]["generated_text"]
  File "/home/lkruger/bachelorthesis/bachelorthesis/fine_tuning/venv/lib/python3.9/site-packages/transformers/pipelines/text_generation.py", line 240, in __call__
    return super().__call__(text_inputs, **kwargs)
  File "/home/lkruger/bachelorthesis/bachelorthesis/fine_tuning/venv/lib/python3.9/site-packages/transformers/pipelines/base.py", line 1242, in __call__
    return self.run_single(inputs, preprocess_params, forward_params, postprocess_params)
  File "/home/lkruger/bachelorthesis/bachelorthesis/fine_tuning/venv/lib/python3.9/site-packages/transformers/pipelines/base.py", line 1249, in run_single
    model_outputs = self.forward(model_inputs, **forward_params)
  File "/home/lkruger/bachelorthesis/bachelorthesis/fine_tuning/venv/lib/python3.9/site-packages/transformers/pipelines/base.py", line 1149, in forward
    model_outputs = self._forward(model_inputs, **forward_params)
  File "/home/lkruger/bachelorthesis/bachelorthesis/fine_tuning/venv/lib/python3.9/site-packages/transformers/pipelines/text_generation.py", line 327, in _forward
    generated_sequence = self.model.generate(input_ids=input_ids, attention_mask=attention_mask, **generate_kwargs)
  File "/home/lkruger/bachelorthesis/bachelorthesis/fine_tuning/venv/lib/python3.9/site-packages/torch/utils/_contextlib.py", line 115, in decorate_context
    return func(*args, **kwargs)
  File "/home/lkruger/bachelorthesis/bachelorthesis/fine_tuning/venv/lib/python3.9/site-packages/transformers/generation/utils.py", line 1622, in generate
    result = self._sample(
  File "/home/lkruger/bachelorthesis/bachelorthesis/fine_tuning/venv/lib/python3.9/site-packages/transformers/generation/utils.py", line 2791, in _sample
    outputs = self(
  File "/home/lkruger/bachelorthesis/bachelorthesis/fine_tuning/venv/lib/python3.9/site-packages/torch/nn/modules/module.py", line 1511, in _wrapped_call_impl
    return self._call_impl(*args, **kwargs)
  File "/home/lkruger/bachelorthesis/bachelorthesis/fine_tuning/venv/lib/python3.9/site-packages/torch/nn/modules/module.py", line 1520, in _call_impl
    return forward_call(*args, **kwargs)
  File "/home/lkruger/bachelorthesis/bachelorthesis/fine_tuning/venv/lib/python3.9/site-packages/accelerate/hooks.py", line 166, in new_forward
    output = module._old_forward(*args, **kwargs)
  File "/home/lkruger/bachelorthesis/bachelorthesis/fine_tuning/venv/lib/python3.9/site-packages/transformers/models/llama/modeling_llama.py", line 1208, in forward
    outputs = self.model(
  File "/home/lkruger/bachelorthesis/bachelorthesis/fine_tuning/venv/lib/python3.9/site-packages/torch/nn/modules/module.py", line 1511, in _wrapped_call_impl
    return self._call_impl(*args, **kwargs)
  File "/home/lkruger/bachelorthesis/bachelorthesis/fine_tuning/venv/lib/python3.9/site-packages/torch/nn/modules/module.py", line 1520, in _call_impl
    return forward_call(*args, **kwargs)
  File "/home/lkruger/bachelorthesis/bachelorthesis/fine_tuning/venv/lib/python3.9/site-packages/transformers/models/llama/modeling_llama.py", line 1018, in forward
    layer_outputs = decoder_layer(
  File "/home/lkruger/bachelorthesis/bachelorthesis/fine_tuning/venv/lib/python3.9/site-packages/torch/nn/modules/module.py", line 1511, in _wrapped_call_impl
    return self._call_impl(*args, **kwargs)
  File "/home/lkruger/bachelorthesis/bachelorthesis/fine_tuning/venv/lib/python3.9/site-packages/torch/nn/modules/module.py", line 1520, in _call_impl
    return forward_call(*args, **kwargs)
  File "/home/lkruger/bachelorthesis/bachelorthesis/fine_tuning/venv/lib/python3.9/site-packages/accelerate/hooks.py", line 166, in new_forward
    output = module._old_forward(*args, **kwargs)
  File "/home/lkruger/bachelorthesis/bachelorthesis/fine_tuning/venv/lib/python3.9/site-packages/transformers/models/llama/modeling_llama.py", line 756, in forward
    hidden_states = self.mlp(hidden_states)
  File "/home/lkruger/bachelorthesis/bachelorthesis/fine_tuning/venv/lib/python3.9/site-packages/torch/nn/modules/module.py", line 1511, in _wrapped_call_impl
    return self._call_impl(*args, **kwargs)
  File "/home/lkruger/bachelorthesis/bachelorthesis/fine_tuning/venv/lib/python3.9/site-packages/torch/nn/modules/module.py", line 1520, in _call_impl
    return forward_call(*args, **kwargs)
  File "/home/lkruger/bachelorthesis/bachelorthesis/fine_tuning/venv/lib/python3.9/site-packages/accelerate/hooks.py", line 166, in new_forward
    output = module._old_forward(*args, **kwargs)
  File "/home/lkruger/bachelorthesis/bachelorthesis/fine_tuning/venv/lib/python3.9/site-packages/transformers/models/llama/modeling_llama.py", line 240, in forward
    down_proj = self.down_proj(self.act_fn(self.gate_proj(x)) * self.up_proj(x))
torch.cuda.OutOfMemoryError: CUDA out of memory. Tried to allocate 160.00 MiB. GPU 0 has a total capacity of 15.77 GiB of which 135.88 MiB is free. Including non-PyTorch memory, this process has 15.64 GiB memory in use. Of the allocated memory 14.08 GiB is allocated by PyTorch, and 666.84 MiB is reserved by PyTorch but unallocated. If reserved but unallocated memory is large try setting PYTORCH_CUDA_ALLOC_CONF=expandable_segments:True to avoid fragmentation.  See documentation for Memory Management  (https://pytorch.org/docs/stable/notes/cuda.html#environment-variables)


Error while executing query: INSERT INTO `country` (`label`, `description`, `great_russian_encyclopedia_online_id`, `coordinates_of_southernmost_point`, `new_york_times_topic_id`, `gnd_id`, `category_of_associated_people`, `emergency_phone_number`, `electrical_plug_type`, `licence_plate_code`, `hashtag`, `babelnet_id`, `office_held_by_head_of_government`, `curlie_id`, `native_label`, `musicbrainz_area_id`, `public_holiday`, `uic_alphabetical_country_code`, `comic_vine_id`, `insee_countries_and_foreign_territories_code`, `vat_rate`, `diplomatic_relation`, `flag_image`, `commons_gallery`, `viaf_id`, `history_of_topic`, `capital`, `subreddit`, `openstreetmap_relation_id`, `mobile_country_code`, `maritime_identification_digits`, `nkcr_aut_id`, `asc_leiden_thesaurus_id`, `marriageable_age`, `category_of_people_buried_here`, `geoshape`, `coordinates_of_easternmost_point`, `le_monde_diplomatique_subject_id`, `marine_regions_geographic_id`, `member_of`, `unemployment_rate`, `railway_traffic_side`, `located_in_time_zone`, `category_for_people_who_died_here`, `yso_id`, `office_held_by_head_of_state`, `commons_category`, `shares_border_with`, `us_national_archives_identifier`, `nalt_id`, `treccani_id`, `iso_3166_1_numeric_code`, `coordinates_of_westernmost_point`, `country_calling_code`, `stw_thesaurus_for_economics_id`, `statoids_id`, `flag`, `fips_10_4_countries_and_regions`, `dagens_nyheter_topic_id`, `isni`, `nese_id`, `population`, `getty_thesaurus_of_geographic_names_id`, `topics_main_wikimedia_portal`, `wikimedia_outline`, `ndl_authority_id`, `currency`, `geonames_id`, `unicode_character`, `unesco_thesaurus_id`, `geography_of_topic`, `iso_3166_1_alpha_3_code`, `official_name`, `quora_topic_id`, `mesh_descriptor_id`, `guardian_topic_id`, `basic_form_of_government`, `coat_of_arms_image`, `ituisoiec_object_identifier`, `legislative_body`, `trunk_prefix`, `nuts_code`, `freebase_id`, `official_language`, `replaces`, `continent`, `coat_of_arms`, `age_of_majority`, `national_library_of_israel_id_old`, `on_focus_list_of_wikimedia_project`, `wipo_st3`, `coordinates_of_northernmost_point`, `has_quality`, `iso_3166_1_alpha_2_code`, `total_fertility_rate`, `area`, `store_norske_leksikon_id`, `different_from`, `topics_main_category`, `bibliothèque_nationale_de_france_id`, `locator_map_image`, `bbc_things_id`, `head_of_government`, `ioc_country_code`, `fast_id`, `gacs_id`, `archinform_location_id`, `encyclopædia_britannica_online_id`, `page_banner`, `category_for_films_shot_at_this_location`, `mains_voltage`, `executive_body`, `anthem`, `highest_judicial_authority`, `life_expectancy`, `top_level_internet_domain`, `instance_of`, `highest_point`, `category_for_people_born_here`, `driving_side`, `uic_numerical_country_code`, `lowest_point`, `civicus_monitor_country_entry`, `pronunciation_audio`, `idref_id`, `contains_the_administrative_territorial_entity`, `itu_letter_code`, `library_of_congress_authority_id`, `median_income`, `coordinate_location`, `described_by_source`, `brockhaus_enzyklopädie_online_id`, `iab_code`, `klexikon_article_id`, `loc_and_marc_vocabularies_id`, `language_used`, `dr_topic_id`, `world_encyclopedia_of_puppetry_arts_id`, `gran_enciclopèdia_catalana_id`, `whos_on_first_id`, `participant_in`, `inaturalist_place_id`, `omegawiki_defined_meaning`, `hds_id`, `gs1_country_code`, `culture`, `geonlp_id`, `analysis_policy_observatory_term_id`, `category_for_maps`, `treccanis_dizionario_di_storia_id`, `french_vikidia_id`, `english_vikidia_id`, `spanish_vikidia_id`, `italian_vikidia_id`, `larousse_id`, `worldcat_identities_id`, `fandom_article_id`, `eurovoc_id`, `tdv_islam_ansiklopedisi_id`, `part_of`, `open_data_portal`, `kbpedia_id`, `inception`, `rkd_thesaurus_id`, `pm20_geo_code`, `interlingual_index_id`, `jewish_encyclopedia_id_russian`, `economy_of_topic`, `uk_parliament_thesaurus_id`, `edition_humboldt_digital_id`, `tasteatlas_id`, `sapa_id`, `bhcl_uuid`, `github_topic`, `namuwiki_id`, `wordnet_31_synset_id`, `demographics_of_topic`, `ávvir_topic_id`, `ysa_id`, `yle_topic_id`, `bbc_news_topic_id`, `joconde_location_id`, `topics_main_template`, `armeniapedia_id`, `zhihu_topic_id`, `idaigazetteer_id`, `den_store_danske_id`, `krugosvet_article`, `schoenberg_database_of_manuscripts_place_id`, `colon_classification`, `national_library_of_israel_j9u_id`, `democracy_index`, `online_pwn_encyclopedia_id`, `postimees_topic_id`, `head_of_state`, `der_spiegel_topic_id`, `gyldendals_teaterleksikon_id`, `museum_digital_place_id`, `wikisimpsons_id`, `urban_electric_transit_country_id`, `m49_code`, `short_name`, `demonym`, `süddeutsche_zeitung_topic_id`, `country`, `official_website`, `alltrails_trail_id`, `human_development_index`, `national_historical_museums_of_sweden_id`, `eu_knowledge_graph_item_id`, `central_bank`, `gini_coefficient`, `obo_gazetteer_id`, `openstreetmap_element`, `happy_planet_index_score`, `the_top_tens_id`, `grove_art_online_id`, `the_world_factbook_country_id`, `number_of_out_of_school_children`, `giant_bomb_id`, `dewey_decimal_classification`) VALUES ('Austria', 'country in Central Europe', '3935164', '46.372341', 'destination/austria', '4043271-3', 'Category:Austrian people', '112', 'Europlug', 'A', 'Österreich', '00007266n', 'Federal Chancellor of Austria', 'Regional/Europe/Austria/', 'Republik Österreich', 'caac77d1-a5c8-3e6e-8e27-90b44dcc1446', 'New Year''s Day', 'A', '4020-55915', '99110.0', 20.0, 'Italy', 'Flag of Austria.svg', 'Österreich', '148842731', 'history of Austria', 'Vienna', 'austria', '16239', '232', '203.0', 'ge130612', '294899561.0', 18.0, 'Category:Burials in Austria', 'Data:Austria.map', '48.006579', 'pays/autriche', '2146.0', 'United Nations', 5.0, 'nan', 'UTC+01:00', 'Category:Deaths in Austria', '105294', 'President of Austria', 'Austria', 'Germany', '10035760.0', '13959.0', 'austria', '40', '47.270554', '43', '16950-4', 'uat', 'flag of Austria', 'AU', 'osterrike', '0000 0001 2265 1953', 'österrike', 8979894.0, '1000062', 'Portal:Austria', 'outline of Austria', '568970', 'euro', '2782113', '🇦🇹', 'concept890', 'geography of Austria', 'AUT', 'Österreich', 'Austria', 'D001317', 'world/austria', 'federal parliamentary republic', 'Coat of arms of Austria.svg', '2.16.40', 'Austrian Parliament', '0.0', 'AT', '/m/0h7x', 'German', 'Austria-Hungary', 'Europe', 'coat of arms of Austria', 18.0, '13315.0', 'Wikipedia:List of articles all languages should have', 'AT', '49.020608', 'free country', 'AT', 1.479999999999999983, 83858.0, 'Østerrike', 'Austria', 'Category:Austria', '152383744', 'EU-Austria.svg', 'c7734490-bead-471b-8d26-31b162d37278', 'Karl Nehammer', 'AUT', '1204901', '13', '3025', 'place/Austria', 'Austria-banner1.jpg', 'Category:Films shot in Austria', 230.0, 'Austrian Federal Government', 'Land der Berge, Land am Strome', 'Constitutional Court of Austria', 80.8902400000000057, '.at', 'sovereign state', 'Grossglockner', 'Category:Births in Austria', 'right', '81.0', 'Neusiedl Lake', 'austria', 'Lb-Éisträich.ogg', '026359863', 'Burgenland', 'AUT', 'n79040121', 34911.0, '48.0', 'Great Soviet Encyclopedia (1926–1947)', 'österreich', '1243', 'Österreich', 'countries/au', 'German', 'ostrig', 'austria', '6227', '85632785', 'nan', '8057', '5777', '46995', '900-919', 'culture of Austria', '4rFMvC', '11456', 'Category:Maps of Austria', 'austria', 'Autriche', 'Austria', 'Austria', 'Austria', 'pays/wd/106821', 'lccn-n79040121', 'countries:Austria', '4353', 'avusturya', 'Central Europe', 'Open Data Österreich', 'Austria', '+1918-11-12T00:00:00Z', '2284.0', 'A40b', 'i83311', '10050', 'economy of Austria', '8475', 'H0007871', 'austria', 'p/ae5d24e3-cdc2-4b74-aff8-baea8dc23d27', '1a0f8a2d-f920-45df-a84a-8133298922a7', 'austria', '오스트리아', '08864547-n', 'demographics of Austria', 'nuortariika', 'Y105294', '18-199815', 'c1038wnxny7t', 'T84-667', 'Template:Austria topics', '4096.0', '19599421.0', '2062039', 'Østrig', 'strany_mira/AVSTRIYA.html', '24', 'SG--5931', '987007559651305171', 8.160000000000000142, '4168999.0', '2834', 'Alexander Van der Bellen', 'oesterreich', 'Østrig', '236.0', '48351', '7', '40.0', 'AUT', 'Oostenrijker', 'Österreich', 'Austria', 'https://www.austria.info/us', 'austria', 0.9160000000000000364, 'geo/2F4CB131-0AE0-439C-9C4B-86CEF2C93CBD', 'Q16', 'Oesterreichische Nationalbank', 30.19999999999999929, 'nan', 'node/4070744431', 46.79999999999999716, 'nan', 'T005101', 'austria', NULL, '3035-1843', '2--436')
Traceback (most recent call last):
  File "/home/lkruger/bachelorthesis/bachelorthesis/evaluation.py", line 134, in run_experiment
    insert_query_handler.handle_insert_query(query)
  File "/home/lkruger/bachelorthesis/bachelorthesis/system/insert_query_handler.py", line 27, in handle_insert_query
    query_data.table = self.strategy.predict_table_name(query_data)
  File "/home/lkruger/bachelorthesis/bachelorthesis/system/strategies/llama2/llama2_model.py", line 103, in predict_table_name
    self.run_prompt(
  File "/home/lkruger/bachelorthesis/bachelorthesis/system/strategies/llama2/llama2_model.py", line 87, in run_prompt
    return self.pipe(prompt_text)[0]["generated_text"]
  File "/home/lkruger/bachelorthesis/bachelorthesis/fine_tuning/venv/lib/python3.9/site-packages/transformers/pipelines/text_generation.py", line 240, in __call__
    return super().__call__(text_inputs, **kwargs)
  File "/home/lkruger/bachelorthesis/bachelorthesis/fine_tuning/venv/lib/python3.9/site-packages/transformers/pipelines/base.py", line 1242, in __call__
    return self.run_single(inputs, preprocess_params, forward_params, postprocess_params)
  File "/home/lkruger/bachelorthesis/bachelorthesis/fine_tuning/venv/lib/python3.9/site-packages/transformers/pipelines/base.py", line 1249, in run_single
    model_outputs = self.forward(model_inputs, **forward_params)
  File "/home/lkruger/bachelorthesis/bachelorthesis/fine_tuning/venv/lib/python3.9/site-packages/transformers/pipelines/base.py", line 1149, in forward
    model_outputs = self._forward(model_inputs, **forward_params)
  File "/home/lkruger/bachelorthesis/bachelorthesis/fine_tuning/venv/lib/python3.9/site-packages/transformers/pipelines/text_generation.py", line 327, in _forward
    generated_sequence = self.model.generate(input_ids=input_ids, attention_mask=attention_mask, **generate_kwargs)
  File "/home/lkruger/bachelorthesis/bachelorthesis/fine_tuning/venv/lib/python3.9/site-packages/torch/utils/_contextlib.py", line 115, in decorate_context
    return func(*args, **kwargs)
  File "/home/lkruger/bachelorthesis/bachelorthesis/fine_tuning/venv/lib/python3.9/site-packages/transformers/generation/utils.py", line 1622, in generate
    result = self._sample(
  File "/home/lkruger/bachelorthesis/bachelorthesis/fine_tuning/venv/lib/python3.9/site-packages/transformers/generation/utils.py", line 2791, in _sample
    outputs = self(
  File "/home/lkruger/bachelorthesis/bachelorthesis/fine_tuning/venv/lib/python3.9/site-packages/torch/nn/modules/module.py", line 1511, in _wrapped_call_impl
    return self._call_impl(*args, **kwargs)
  File "/home/lkruger/bachelorthesis/bachelorthesis/fine_tuning/venv/lib/python3.9/site-packages/torch/nn/modules/module.py", line 1520, in _call_impl
    return forward_call(*args, **kwargs)
  File "/home/lkruger/bachelorthesis/bachelorthesis/fine_tuning/venv/lib/python3.9/site-packages/accelerate/hooks.py", line 166, in new_forward
    output = module._old_forward(*args, **kwargs)
  File "/home/lkruger/bachelorthesis/bachelorthesis/fine_tuning/venv/lib/python3.9/site-packages/transformers/models/llama/modeling_llama.py", line 1208, in forward
    outputs = self.model(
  File "/home/lkruger/bachelorthesis/bachelorthesis/fine_tuning/venv/lib/python3.9/site-packages/torch/nn/modules/module.py", line 1511, in _wrapped_call_impl
    return self._call_impl(*args, **kwargs)
  File "/home/lkruger/bachelorthesis/bachelorthesis/fine_tuning/venv/lib/python3.9/site-packages/torch/nn/modules/module.py", line 1520, in _call_impl
    return forward_call(*args, **kwargs)
  File "/home/lkruger/bachelorthesis/bachelorthesis/fine_tuning/venv/lib/python3.9/site-packages/transformers/models/llama/modeling_llama.py", line 1018, in forward
    layer_outputs = decoder_layer(
  File "/home/lkruger/bachelorthesis/bachelorthesis/fine_tuning/venv/lib/python3.9/site-packages/torch/nn/modules/module.py", line 1511, in _wrapped_call_impl
    return self._call_impl(*args, **kwargs)
  File "/home/lkruger/bachelorthesis/bachelorthesis/fine_tuning/venv/lib/python3.9/site-packages/torch/nn/modules/module.py", line 1520, in _call_impl
    return forward_call(*args, **kwargs)
  File "/home/lkruger/bachelorthesis/bachelorthesis/fine_tuning/venv/lib/python3.9/site-packages/accelerate/hooks.py", line 166, in new_forward
    output = module._old_forward(*args, **kwargs)
  File "/home/lkruger/bachelorthesis/bachelorthesis/fine_tuning/venv/lib/python3.9/site-packages/transformers/models/llama/modeling_llama.py", line 756, in forward
    hidden_states = self.mlp(hidden_states)
  File "/home/lkruger/bachelorthesis/bachelorthesis/fine_tuning/venv/lib/python3.9/site-packages/torch/nn/modules/module.py", line 1511, in _wrapped_call_impl
    return self._call_impl(*args, **kwargs)
  File "/home/lkruger/bachelorthesis/bachelorthesis/fine_tuning/venv/lib/python3.9/site-packages/torch/nn/modules/module.py", line 1520, in _call_impl
    return forward_call(*args, **kwargs)
  File "/home/lkruger/bachelorthesis/bachelorthesis/fine_tuning/venv/lib/python3.9/site-packages/accelerate/hooks.py", line 166, in new_forward
    output = module._old_forward(*args, **kwargs)
  File "/home/lkruger/bachelorthesis/bachelorthesis/fine_tuning/venv/lib/python3.9/site-packages/transformers/models/llama/modeling_llama.py", line 240, in forward
    down_proj = self.down_proj(self.act_fn(self.gate_proj(x)) * self.up_proj(x))
torch.cuda.OutOfMemoryError: CUDA out of memory. Tried to allocate 160.00 MiB. GPU 0 has a total capacity of 15.77 GiB of which 135.88 MiB is free. Including non-PyTorch memory, this process has 15.64 GiB memory in use. Of the allocated memory 14.08 GiB is allocated by PyTorch, and 668.43 MiB is reserved by PyTorch but unallocated. If reserved but unallocated memory is large try setting PYTORCH_CUDA_ALLOC_CONF=expandable_segments:True to avoid fragmentation.  See documentation for Memory Management  (https://pytorch.org/docs/stable/notes/cuda.html#environment-variables)


Error while executing query: INSERT INTO `country` (`label`, `description`, `great_russian_encyclopedia_online_id`, `coordinates_of_southernmost_point`, `new_york_times_topic_id`, `gnd_id`, `category_of_associated_people`, `emergency_phone_number`, `electrical_plug_type`, `licence_plate_code`, `hashtag`, `babelnet_id`, `office_held_by_head_of_government`, `curlie_id`, `native_label`, `musicbrainz_area_id`, `public_holiday`, `uic_alphabetical_country_code`, `comic_vine_id`, `insee_countries_and_foreign_territories_code`, `vat_rate`, `diplomatic_relation`, `flag_image`, `commons_gallery`, `viaf_id`, `history_of_topic`, `capital`, `subreddit`, `openstreetmap_relation_id`, `mobile_country_code`, `maritime_identification_digits`, `nkcr_aut_id`, `asc_leiden_thesaurus_id`, `marriageable_age`, `category_of_people_buried_here`, `geoshape`, `coordinates_of_easternmost_point`, `le_monde_diplomatique_subject_id`, `marine_regions_geographic_id`, `member_of`, `unemployment_rate`, `railway_traffic_side`, `located_in_time_zone`, `category_for_people_who_died_here`, `yso_id`, `office_held_by_head_of_state`, `commons_category`, `shares_border_with`, `us_national_archives_identifier`, `nalt_id`, `treccani_id`, `iso_3166_1_numeric_code`, `coordinates_of_westernmost_point`, `country_calling_code`, `stw_thesaurus_for_economics_id`, `statoids_id`, `flag`, `fips_10_4_countries_and_regions`, `dagens_nyheter_topic_id`, `isni`, `nese_id`, `population`, `getty_thesaurus_of_geographic_names_id`, `topics_main_wikimedia_portal`, `wikimedia_outline`, `ndl_authority_id`, `currency`, `geonames_id`, `unicode_character`, `unesco_thesaurus_id`, `geography_of_topic`, `iso_3166_1_alpha_3_code`, `official_name`, `quora_topic_id`, `mesh_descriptor_id`, `guardian_topic_id`, `basic_form_of_government`, `coat_of_arms_image`, `ituisoiec_object_identifier`, `legislative_body`, `trunk_prefix`, `nuts_code`, `freebase_id`, `official_language`, `replaces`, `continent`, `coat_of_arms`, `age_of_majority`, `national_library_of_israel_id_old`, `on_focus_list_of_wikimedia_project`, `wipo_st3`, `coordinates_of_northernmost_point`, `has_quality`, `iso_3166_1_alpha_2_code`, `total_fertility_rate`, `area`, `store_norske_leksikon_id`, `different_from`, `topics_main_category`, `bibliothèque_nationale_de_france_id`, `locator_map_image`, `bbc_things_id`, `head_of_government`, `ioc_country_code`, `fast_id`, `gacs_id`, `archinform_location_id`, `encyclopædia_britannica_online_id`, `page_banner`, `category_for_films_shot_at_this_location`, `mains_voltage`, `executive_body`, `anthem`, `highest_judicial_authority`, `life_expectancy`, `top_level_internet_domain`, `instance_of`, `highest_point`, `category_for_people_born_here`, `driving_side`, `uic_numerical_country_code`, `lowest_point`, `civicus_monitor_country_entry`, `pronunciation_audio`, `idref_id`, `contains_the_administrative_territorial_entity`, `itu_letter_code`, `library_of_congress_authority_id`, `median_income`, `coordinate_location`, `described_by_source`, `brockhaus_enzyklopädie_online_id`, `iab_code`, `klexikon_article_id`, `loc_and_marc_vocabularies_id`, `language_used`, `dr_topic_id`, `world_encyclopedia_of_puppetry_arts_id`, `gran_enciclopèdia_catalana_id`, `whos_on_first_id`, `participant_in`, `inaturalist_place_id`, `omegawiki_defined_meaning`, `hds_id`, `gs1_country_code`, `culture`, `geonlp_id`, `analysis_policy_observatory_term_id`, `category_for_maps`, `treccanis_dizionario_di_storia_id`, `french_vikidia_id`, `english_vikidia_id`, `spanish_vikidia_id`, `italian_vikidia_id`, `larousse_id`, `worldcat_identities_id`, `fandom_article_id`, `eurovoc_id`, `tdv_islam_ansiklopedisi_id`, `part_of`, `open_data_portal`, `kbpedia_id`, `inception`, `rkd_thesaurus_id`, `pm20_geo_code`, `interlingual_index_id`, `jewish_encyclopedia_id_russian`, `economy_of_topic`, `uk_parliament_thesaurus_id`, `edition_humboldt_digital_id`, `tasteatlas_id`, `sapa_id`, `bhcl_uuid`, `github_topic`, `namuwiki_id`, `wordnet_31_synset_id`, `demographics_of_topic`, `ávvir_topic_id`, `ysa_id`, `yle_topic_id`, `bbc_news_topic_id`, `joconde_location_id`, `topics_main_template`, `armeniapedia_id`, `zhihu_topic_id`, `idaigazetteer_id`, `den_store_danske_id`, `krugosvet_article`, `schoenberg_database_of_manuscripts_place_id`, `colon_classification`, `national_library_of_israel_j9u_id`, `democracy_index`, `online_pwn_encyclopedia_id`, `postimees_topic_id`, `head_of_state`, `der_spiegel_topic_id`, `gyldendals_teaterleksikon_id`, `museum_digital_place_id`, `wikisimpsons_id`, `urban_electric_transit_country_id`, `m49_code`, `short_name`, `demonym`, `süddeutsche_zeitung_topic_id`, `country`, `official_website`, `alltrails_trail_id`, `human_development_index`, `national_historical_museums_of_sweden_id`, `eu_knowledge_graph_item_id`, `central_bank`, `gini_coefficient`, `obo_gazetteer_id`, `openstreetmap_element`, `happy_planet_index_score`, `the_top_tens_id`, `grove_art_online_id`, `the_world_factbook_country_id`, `number_of_out_of_school_children`, `giant_bomb_id`, `dewey_decimal_classification`) VALUES ('Russia', 'sovereign state in Eastern Europe and Northern Asia', '3515565', '41.215555555555554', 'destination/russia', '4076899-5', 'Category:People of Russia', '112', 'Schuko', 'RUS', 'russia', '00068622n', 'Prime Minister of Russia', 'World/Russian/Страны_и_регионы/Европа/Россия', 'Россия', '1f1fc3a4-9500-39b8-9f10-f0a465557eef', 'Defender of the Fatherland Day', 'RUS', '4020-55706', '99123.0', 20.0, 'Donetsk People''s Republic', 'Flag of Russia.svg', 'Россия', '168830626', 'history of Russia', 'Moscow', 'russia', '60189', '250', '273.0', 'ge130512', '297778617.0', 16.0, 'Category:Burials in Russia', 'Data:Russia.map', '66.08017854', 'pays/russie', 'nan', 'BRIC', NULL, 'right', 'UTC+02:00', 'Category:Deaths in Russia', '94479', 'President of Russia', 'Russia', 'Azerbaijan', '10044286.0', 'nan', 'russia', '643', '54.45826455', '7', '17534-6', 'uru', 'flag of Russia', 'RS', 'ryssland', '0000 0001 2302 7140', 'ryska-federationen', 146804372.0, '7002435', 'Portal:Russia', 'outline of Russia', '569699', 'Russian ruble', '2017370', '🇷🇺', 'concept921', 'geography of Russia', 'RUS', 'Российская Федерация', 'Russia', 'D012426', 'world/russia', 'representative democracy', 'Coat of Arms of the Russian Federation.svg', '2.16.643', 'Federal Assembly of the Russian Federation', '8.0', 'nan', '/m/06bnz', 'Russian', 'Russian Soviet Federative Socialist Republic', 'Europe', 'coat of arms of Russia', 18.0, '1030614.0', 'Wikipedia:List of articles all languages should have', 'RU', '81.85', 'nan', 'RU', 1.699999999999999956, 17075400.0, 'Russland', 'Tsardom of Russia', 'Category:Russia', '122728378', 'Russian Federation (orthographic projection) - Annexed Territories disputed.svg', '39267b85-1784-4f4b-80ed-f8cb4a35f337', 'Mikhail Mishustin', 'RUS', '1207312', '253', '3034', 'place/Russia', 'Izborsk banner.jpg', 'Category:Films shot in Russia', 220.0, 'Government of Russia', 'State Anthem of the Russian Federation', 'Supreme Court of Russia', 71.59292999999999552, '.ru', 'sovereign state', 'Mount Elbrus', 'Category:Births in Russia', 'right', '20.0', 'Caspian Sea', 'russia', 'Lb-Russland.ogg', '031531156', 'Republic of Adygea', 'RUS', 'n92056007', NULL, '66.41666666666667', 'Catholic Encyclopedia', 'russland', '1449', 'Russland', 'countries/ru', 'Russian', 'rusland', 'russia', '57409', '85632685', 'Intermediate-Range Nuclear Forces Treaty', '7161', '8444', '3376', '460-469', 'culture of Russia', 'RWKJBs', '9084', 'Category:Maps of Russia', 'nan', 'Russie', 'Russia', 'Rusia', 'Russia', 'pays/wd/141833', 'lccn-n92056007', 'countries:Russian_Federation', '5876', 'rusya', 'Post-Soviet states', 'Open Data Portal Russia', 'Russia', '+0862-00-00T00:00:00Z', '454.0', 'A50(1)', 'i84002', '13584', 'economy of Russia', '12598', 'H0010689', 'russia', 'p/6e9a29b2-b744-4c53-8aa8-88a6a2b46d78', '8863bd00-37e2-411b-9a76-5f5cafa29284', 'russia', '러시아', '09028783-n', 'demographics of Russia', 'ruossa', 'Y94479', '18-180720', 'ce1qrvlegnyt', 'T84-3549', 'Template:Russia topics', '2469.0', '19566816.0', '2086604', 'Rusland', 'Earth_sciences/geografiya/ROSSIYA_ROSSISKAYA_FEDERATSIYA_RF.html', '967', 'SG--58', '987007530981505171', 3.310000000000000053, '4169129.0', '2883', 'Vladimir Putin', 'russland', 'Rusland', '2178.0', '24882', '1', 'nan', '🇷🇺', 'россияне', 'Russland', 'Russia', 'http://gov.ru/', 'russia', 0.821999999999999953, 'geo/74FBD018-DA7F-4D6A-B4F8-1B7FB6F54D06', 'Q303', 'Central Bank of Russia', 36.0, '2721.0', 'node/424314830', 34.89999999999999858, '54.0', 'T074586', 'russia', 368000.0, 'nan', 'nan')
Traceback (most recent call last):
  File "/home/lkruger/bachelorthesis/bachelorthesis/evaluation.py", line 134, in run_experiment
    insert_query_handler.handle_insert_query(query)
  File "/home/lkruger/bachelorthesis/bachelorthesis/system/insert_query_handler.py", line 27, in handle_insert_query
    query_data.table = self.strategy.predict_table_name(query_data)
  File "/home/lkruger/bachelorthesis/bachelorthesis/system/strategies/llama2/llama2_model.py", line 103, in predict_table_name
    self.run_prompt(
  File "/home/lkruger/bachelorthesis/bachelorthesis/system/strategies/llama2/llama2_model.py", line 87, in run_prompt
    return self.pipe(prompt_text)[0]["generated_text"]
  File "/home/lkruger/bachelorthesis/bachelorthesis/fine_tuning/venv/lib/python3.9/site-packages/transformers/pipelines/text_generation.py", line 240, in __call__
    return super().__call__(text_inputs, **kwargs)
  File "/home/lkruger/bachelorthesis/bachelorthesis/fine_tuning/venv/lib/python3.9/site-packages/transformers/pipelines/base.py", line 1242, in __call__
    return self.run_single(inputs, preprocess_params, forward_params, postprocess_params)
  File "/home/lkruger/bachelorthesis/bachelorthesis/fine_tuning/venv/lib/python3.9/site-packages/transformers/pipelines/base.py", line 1249, in run_single
    model_outputs = self.forward(model_inputs, **forward_params)
  File "/home/lkruger/bachelorthesis/bachelorthesis/fine_tuning/venv/lib/python3.9/site-packages/transformers/pipelines/base.py", line 1149, in forward
    model_outputs = self._forward(model_inputs, **forward_params)
  File "/home/lkruger/bachelorthesis/bachelorthesis/fine_tuning/venv/lib/python3.9/site-packages/transformers/pipelines/text_generation.py", line 327, in _forward
    generated_sequence = self.model.generate(input_ids=input_ids, attention_mask=attention_mask, **generate_kwargs)
  File "/home/lkruger/bachelorthesis/bachelorthesis/fine_tuning/venv/lib/python3.9/site-packages/torch/utils/_contextlib.py", line 115, in decorate_context
    return func(*args, **kwargs)
  File "/home/lkruger/bachelorthesis/bachelorthesis/fine_tuning/venv/lib/python3.9/site-packages/transformers/generation/utils.py", line 1622, in generate
    result = self._sample(
  File "/home/lkruger/bachelorthesis/bachelorthesis/fine_tuning/venv/lib/python3.9/site-packages/transformers/generation/utils.py", line 2791, in _sample
    outputs = self(
  File "/home/lkruger/bachelorthesis/bachelorthesis/fine_tuning/venv/lib/python3.9/site-packages/torch/nn/modules/module.py", line 1511, in _wrapped_call_impl
    return self._call_impl(*args, **kwargs)
  File "/home/lkruger/bachelorthesis/bachelorthesis/fine_tuning/venv/lib/python3.9/site-packages/torch/nn/modules/module.py", line 1520, in _call_impl
    return forward_call(*args, **kwargs)
  File "/home/lkruger/bachelorthesis/bachelorthesis/fine_tuning/venv/lib/python3.9/site-packages/accelerate/hooks.py", line 166, in new_forward
    output = module._old_forward(*args, **kwargs)
  File "/home/lkruger/bachelorthesis/bachelorthesis/fine_tuning/venv/lib/python3.9/site-packages/transformers/models/llama/modeling_llama.py", line 1208, in forward
    outputs = self.model(
  File "/home/lkruger/bachelorthesis/bachelorthesis/fine_tuning/venv/lib/python3.9/site-packages/torch/nn/modules/module.py", line 1511, in _wrapped_call_impl
    return self._call_impl(*args, **kwargs)
  File "/home/lkruger/bachelorthesis/bachelorthesis/fine_tuning/venv/lib/python3.9/site-packages/torch/nn/modules/module.py", line 1520, in _call_impl
    return forward_call(*args, **kwargs)
  File "/home/lkruger/bachelorthesis/bachelorthesis/fine_tuning/venv/lib/python3.9/site-packages/transformers/models/llama/modeling_llama.py", line 1018, in forward
    layer_outputs = decoder_layer(
  File "/home/lkruger/bachelorthesis/bachelorthesis/fine_tuning/venv/lib/python3.9/site-packages/torch/nn/modules/module.py", line 1511, in _wrapped_call_impl
    return self._call_impl(*args, **kwargs)
  File "/home/lkruger/bachelorthesis/bachelorthesis/fine_tuning/venv/lib/python3.9/site-packages/torch/nn/modules/module.py", line 1520, in _call_impl
    return forward_call(*args, **kwargs)
  File "/home/lkruger/bachelorthesis/bachelorthesis/fine_tuning/venv/lib/python3.9/site-packages/accelerate/hooks.py", line 166, in new_forward
    output = module._old_forward(*args, **kwargs)
  File "/home/lkruger/bachelorthesis/bachelorthesis/fine_tuning/venv/lib/python3.9/site-packages/transformers/models/llama/modeling_llama.py", line 756, in forward
    hidden_states = self.mlp(hidden_states)
  File "/home/lkruger/bachelorthesis/bachelorthesis/fine_tuning/venv/lib/python3.9/site-packages/torch/nn/modules/module.py", line 1511, in _wrapped_call_impl
    return self._call_impl(*args, **kwargs)
  File "/home/lkruger/bachelorthesis/bachelorthesis/fine_tuning/venv/lib/python3.9/site-packages/torch/nn/modules/module.py", line 1520, in _call_impl
    return forward_call(*args, **kwargs)
  File "/home/lkruger/bachelorthesis/bachelorthesis/fine_tuning/venv/lib/python3.9/site-packages/accelerate/hooks.py", line 166, in new_forward
    output = module._old_forward(*args, **kwargs)
  File "/home/lkruger/bachelorthesis/bachelorthesis/fine_tuning/venv/lib/python3.9/site-packages/transformers/models/llama/modeling_llama.py", line 240, in forward
    down_proj = self.down_proj(self.act_fn(self.gate_proj(x)) * self.up_proj(x))
torch.cuda.OutOfMemoryError: CUDA out of memory. Tried to allocate 162.00 MiB. GPU 0 has a total capacity of 15.77 GiB of which 135.88 MiB is free. Including non-PyTorch memory, this process has 15.64 GiB memory in use. Of the allocated memory 14.10 GiB is allocated by PyTorch, and 643.45 MiB is reserved by PyTorch but unallocated. If reserved but unallocated memory is large try setting PYTORCH_CUDA_ALLOC_CONF=expandable_segments:True to avoid fragmentation.  See documentation for Memory Management  (https://pytorch.org/docs/stable/notes/cuda.html#environment-variables)


Error while executing query: INSERT INTO `country` (`label`, `description`, `great_russian_encyclopedia_online_id`, `coordinates_of_southernmost_point`, `new_york_times_topic_id`, `gnd_id`, `category_of_associated_people`, `emergency_phone_number`, `electrical_plug_type`, `licence_plate_code`, `hashtag`, `babelnet_id`, `office_held_by_head_of_government`, `curlie_id`, `native_label`, `musicbrainz_area_id`, `public_holiday`, `uic_alphabetical_country_code`, `comic_vine_id`, `insee_countries_and_foreign_territories_code`, `vat_rate`, `diplomatic_relation`, `flag_image`, `commons_gallery`, `viaf_id`, `history_of_topic`, `capital`, `subreddit`, `openstreetmap_relation_id`, `mobile_country_code`, `maritime_identification_digits`, `nkcr_aut_id`, `asc_leiden_thesaurus_id`, `marriageable_age`, `category_of_people_buried_here`, `geoshape`, `coordinates_of_easternmost_point`, `le_monde_diplomatique_subject_id`, `marine_regions_geographic_id`, `member_of`, `unemployment_rate`, `railway_traffic_side`, `located_in_time_zone`, `category_for_people_who_died_here`, `yso_id`, `office_held_by_head_of_state`, `commons_category`, `shares_border_with`, `us_national_archives_identifier`, `nalt_id`, `treccani_id`, `iso_3166_1_numeric_code`, `coordinates_of_westernmost_point`, `country_calling_code`, `stw_thesaurus_for_economics_id`, `statoids_id`, `flag`, `fips_10_4_countries_and_regions`, `dagens_nyheter_topic_id`, `isni`, `nese_id`, `population`, `getty_thesaurus_of_geographic_names_id`, `topics_main_wikimedia_portal`, `wikimedia_outline`, `ndl_authority_id`, `currency`, `geonames_id`, `unicode_character`, `unesco_thesaurus_id`, `geography_of_topic`, `iso_3166_1_alpha_3_code`, `official_name`, `quora_topic_id`, `mesh_descriptor_id`, `guardian_topic_id`, `basic_form_of_government`, `coat_of_arms_image`, `ituisoiec_object_identifier`, `legislative_body`, `trunk_prefix`, `nuts_code`, `freebase_id`, `official_language`, `replaces`, `continent`, `coat_of_arms`, `age_of_majority`, `national_library_of_israel_id_old`, `on_focus_list_of_wikimedia_project`, `wipo_st3`, `coordinates_of_northernmost_point`, `has_quality`, `iso_3166_1_alpha_2_code`, `total_fertility_rate`, `area`, `store_norske_leksikon_id`, `different_from`, `topics_main_category`, `bibliothèque_nationale_de_france_id`, `locator_map_image`, `bbc_things_id`, `head_of_government`, `ioc_country_code`, `fast_id`, `gacs_id`, `archinform_location_id`, `encyclopædia_britannica_online_id`, `page_banner`, `category_for_films_shot_at_this_location`, `mains_voltage`, `executive_body`, `anthem`, `highest_judicial_authority`, `life_expectancy`, `top_level_internet_domain`, `instance_of`, `highest_point`, `category_for_people_born_here`, `driving_side`, `uic_numerical_country_code`, `lowest_point`, `civicus_monitor_country_entry`, `pronunciation_audio`, `idref_id`, `contains_the_administrative_territorial_entity`, `itu_letter_code`, `library_of_congress_authority_id`, `median_income`, `coordinate_location`, `described_by_source`, `brockhaus_enzyklopädie_online_id`, `iab_code`, `klexikon_article_id`, `loc_and_marc_vocabularies_id`, `language_used`, `dr_topic_id`, `world_encyclopedia_of_puppetry_arts_id`, `gran_enciclopèdia_catalana_id`, `whos_on_first_id`, `participant_in`, `inaturalist_place_id`, `omegawiki_defined_meaning`, `hds_id`, `gs1_country_code`, `culture`, `geonlp_id`, `analysis_policy_observatory_term_id`, `category_for_maps`, `treccanis_dizionario_di_storia_id`, `french_vikidia_id`, `english_vikidia_id`, `spanish_vikidia_id`, `italian_vikidia_id`, `larousse_id`, `worldcat_identities_id`, `fandom_article_id`, `eurovoc_id`, `tdv_islam_ansiklopedisi_id`, `part_of`, `open_data_portal`, `kbpedia_id`, `inception`, `rkd_thesaurus_id`, `pm20_geo_code`, `interlingual_index_id`, `jewish_encyclopedia_id_russian`, `economy_of_topic`, `uk_parliament_thesaurus_id`, `edition_humboldt_digital_id`, `tasteatlas_id`, `sapa_id`, `bhcl_uuid`, `github_topic`, `namuwiki_id`, `wordnet_31_synset_id`, `demographics_of_topic`, `ávvir_topic_id`, `ysa_id`, `yle_topic_id`, `bbc_news_topic_id`, `joconde_location_id`, `topics_main_template`, `armeniapedia_id`, `zhihu_topic_id`, `idaigazetteer_id`, `den_store_danske_id`, `krugosvet_article`, `schoenberg_database_of_manuscripts_place_id`, `colon_classification`, `national_library_of_israel_j9u_id`, `democracy_index`, `online_pwn_encyclopedia_id`, `postimees_topic_id`, `head_of_state`, `der_spiegel_topic_id`, `gyldendals_teaterleksikon_id`, `museum_digital_place_id`, `wikisimpsons_id`, `urban_electric_transit_country_id`, `m49_code`, `short_name`, `demonym`, `süddeutsche_zeitung_topic_id`, `country`, `official_website`, `alltrails_trail_id`, `human_development_index`, `national_historical_museums_of_sweden_id`, `eu_knowledge_graph_item_id`, `central_bank`, `gini_coefficient`, `obo_gazetteer_id`, `openstreetmap_element`, `happy_planet_index_score`, `the_top_tens_id`, `grove_art_online_id`, `the_world_factbook_country_id`, `number_of_out_of_school_children`, `giant_bomb_id`, `dewey_decimal_classification`) VALUES ('Germany', 'country in Central Europe', '2354371', '47.2700279', 'destination/germany', '4011882-4', 'Category:German people', '112', 'Schuko', 'D', 'Deutschland', '00026684n', 'Federal Chancellor of Germany', 'Regional/Europe/Germany/', 'Bundesrepublik Deutschland', '85752fda-13c4-31a3-bee5-0e5cb1f51dad', 'German Unity Day', 'D', '4020-55777', '99109.0', 19.0, 'Yemen', 'Flag of Germany.svg', 'Deutschland', '189116956', 'history of Germany', 'Berlin', 'deutschland', '51477', '262', '211.0', 'ge135889', '294913572.0', 18.0, 'Category:Burials in Germany', 'Data:Germany.map', '51.27279981', 'pays/allemagne', '2101.0', 'World Trade Organization', 5.0, 'right', 'UTC+01:00', 'Category:Deaths in Germany', '105087', 'president of Germany', 'Germany', 'Czech Republic', '10044480.0', '15494.0', 'germania', '276', '51.05110016', '49', '18012-3', 'ude', 'flag of Germany', 'GM', 'tyskland', '0000 0001 2285 4945', 'tyskland', 83149300.0, '7000084', 'Portal:Germany', 'outline of Germany', '561571', 'euro', '2921044', '🇩🇪', 'concept904', 'geography of Germany', 'DEU', 'Bundesrepublik Deutschland', 'Germany', 'D005858', 'world/germany', 'federal parliamentary republic', 'Coat of arms of Germany.svg', '2.16.276', 'Bundesrat', '0.0', 'DE', '/m/0345h', 'German', 'West Germany', 'Europe', 'coat of arms of Germany', 18.0, '981369.0', 'Wikipedia:List of articles all languages should have', 'DE', '55.0584', 'free country', 'DE', 1.389999999999999903, 357587.7700000000186, 'Tyskland', 'Germany', 'Category:Germany', '12205186t', 'Germany (orthographic projection).svg', '2e3befc0-e70a-41c7-b6cb-2f8f0d69a7db', 'Olaf Scholz', 'GER', '1210272', '601', '2979', 'place/Germany', 'Ötlingen - Panoramaansicht klein banner.jpg', 'Category:Films shot in Germany', 230.0, 'federal level of Germany', 'Das Lied der Deutschen', 'Federal Constitutional Court', 80.79999999999999716, '.de', 'sovereign state', 'Zugspitze', 'Category:Births in Germany', 'right', '80.0', 'Neuendorf-Sachsenbande', 'germany', 'De-Deutschland.ogg', '030685435', 'Baden-Württemberg', 'D', 'n80125931', 33333.0, '51.0', 'Ottův slovník naučný', 'deutschland', '1300', 'Deutschland', 'countries/gw', 'Swabian', 'tyskland', 'germany', '220737', '85633111', 'G4 nations', '7207', '7118', '3352', '400-440', 'culture of Germany', 'VwiQvi', '3002', 'Category:Maps of Germany', 'germania', 'Allemagne', 'Germany', 'Alemania', 'Germania', 'pays/wd/104884', 'lccn-n95056124', 'germany:Germany', '1318', 'almanya', 'Western Europe', 'GovData', 'Germany', '+1990-10-03T00:00:00Z', '456.0', 'A10', 'i82954', '11122', 'economy of Germany', '10438', 'H0005517', 'germany', 'p/a7cbf121-4ac8-4cbd-af7d-4d6d25cd7efb', '2bde846d-48ca-4ac0-880c-91f4fe24c210', 'deutschland', '독일', '08784821-n', 'demographics of Germany', 'duiska', 'Y105087', '18-177448', 'c77jz3md4rdt', 'T84-600', 'Template:Germany topics', '4099.0', '19554996.0', '2044274', 'Tyskland', 'strany_mira/GERMANIYA.html', '66', 'SG--55', '987007559778705171', 8.669999999999999929, '4169110.0', '1865', 'Frank-Walter Steinmeier', 'deutschland', 'Tyskland', '209.0', '21469', '10', '276.0', 'Deutschland', 'Deutscher', 'Deutschland', 'Germany', 'https://verwaltung.bund.de', 'germany', 0.941999999999999949, 'geo/5954BE73-910D-4ABC-96C2-6781831F6043', 'Q22', 'Deutsche Bundesbank', 31.69999999999999929, '2646.0', 'node/1683325355', 52.70000000000000284, 'nan', 'nan', 'nan', NULL, 'nan', 'nan')
Traceback (most recent call last):
  File "/home/lkruger/bachelorthesis/bachelorthesis/evaluation.py", line 134, in run_experiment
    insert_query_handler.handle_insert_query(query)
  File "/home/lkruger/bachelorthesis/bachelorthesis/system/insert_query_handler.py", line 27, in handle_insert_query
    query_data.table = self.strategy.predict_table_name(query_data)
  File "/home/lkruger/bachelorthesis/bachelorthesis/system/strategies/llama2/llama2_model.py", line 103, in predict_table_name
    self.run_prompt(
  File "/home/lkruger/bachelorthesis/bachelorthesis/system/strategies/llama2/llama2_model.py", line 87, in run_prompt
    return self.pipe(prompt_text)[0]["generated_text"]
  File "/home/lkruger/bachelorthesis/bachelorthesis/fine_tuning/venv/lib/python3.9/site-packages/transformers/pipelines/text_generation.py", line 240, in __call__
    return super().__call__(text_inputs, **kwargs)
  File "/home/lkruger/bachelorthesis/bachelorthesis/fine_tuning/venv/lib/python3.9/site-packages/transformers/pipelines/base.py", line 1242, in __call__
    return self.run_single(inputs, preprocess_params, forward_params, postprocess_params)
  File "/home/lkruger/bachelorthesis/bachelorthesis/fine_tuning/venv/lib/python3.9/site-packages/transformers/pipelines/base.py", line 1249, in run_single
    model_outputs = self.forward(model_inputs, **forward_params)
  File "/home/lkruger/bachelorthesis/bachelorthesis/fine_tuning/venv/lib/python3.9/site-packages/transformers/pipelines/base.py", line 1149, in forward
    model_outputs = self._forward(model_inputs, **forward_params)
  File "/home/lkruger/bachelorthesis/bachelorthesis/fine_tuning/venv/lib/python3.9/site-packages/transformers/pipelines/text_generation.py", line 327, in _forward
    generated_sequence = self.model.generate(input_ids=input_ids, attention_mask=attention_mask, **generate_kwargs)
  File "/home/lkruger/bachelorthesis/bachelorthesis/fine_tuning/venv/lib/python3.9/site-packages/torch/utils/_contextlib.py", line 115, in decorate_context
    return func(*args, **kwargs)
  File "/home/lkruger/bachelorthesis/bachelorthesis/fine_tuning/venv/lib/python3.9/site-packages/transformers/generation/utils.py", line 1622, in generate
    result = self._sample(
  File "/home/lkruger/bachelorthesis/bachelorthesis/fine_tuning/venv/lib/python3.9/site-packages/transformers/generation/utils.py", line 2791, in _sample
    outputs = self(
  File "/home/lkruger/bachelorthesis/bachelorthesis/fine_tuning/venv/lib/python3.9/site-packages/torch/nn/modules/module.py", line 1511, in _wrapped_call_impl
    return self._call_impl(*args, **kwargs)
  File "/home/lkruger/bachelorthesis/bachelorthesis/fine_tuning/venv/lib/python3.9/site-packages/torch/nn/modules/module.py", line 1520, in _call_impl
    return forward_call(*args, **kwargs)
  File "/home/lkruger/bachelorthesis/bachelorthesis/fine_tuning/venv/lib/python3.9/site-packages/accelerate/hooks.py", line 166, in new_forward
    output = module._old_forward(*args, **kwargs)
  File "/home/lkruger/bachelorthesis/bachelorthesis/fine_tuning/venv/lib/python3.9/site-packages/transformers/models/llama/modeling_llama.py", line 1208, in forward
    outputs = self.model(
  File "/home/lkruger/bachelorthesis/bachelorthesis/fine_tuning/venv/lib/python3.9/site-packages/torch/nn/modules/module.py", line 1511, in _wrapped_call_impl
    return self._call_impl(*args, **kwargs)
  File "/home/lkruger/bachelorthesis/bachelorthesis/fine_tuning/venv/lib/python3.9/site-packages/torch/nn/modules/module.py", line 1520, in _call_impl
    return forward_call(*args, **kwargs)
  File "/home/lkruger/bachelorthesis/bachelorthesis/fine_tuning/venv/lib/python3.9/site-packages/transformers/models/llama/modeling_llama.py", line 1018, in forward
    layer_outputs = decoder_layer(
  File "/home/lkruger/bachelorthesis/bachelorthesis/fine_tuning/venv/lib/python3.9/site-packages/torch/nn/modules/module.py", line 1511, in _wrapped_call_impl
    return self._call_impl(*args, **kwargs)
  File "/home/lkruger/bachelorthesis/bachelorthesis/fine_tuning/venv/lib/python3.9/site-packages/torch/nn/modules/module.py", line 1520, in _call_impl
    return forward_call(*args, **kwargs)
  File "/home/lkruger/bachelorthesis/bachelorthesis/fine_tuning/venv/lib/python3.9/site-packages/accelerate/hooks.py", line 166, in new_forward
    output = module._old_forward(*args, **kwargs)
  File "/home/lkruger/bachelorthesis/bachelorthesis/fine_tuning/venv/lib/python3.9/site-packages/transformers/models/llama/modeling_llama.py", line 756, in forward
    hidden_states = self.mlp(hidden_states)
  File "/home/lkruger/bachelorthesis/bachelorthesis/fine_tuning/venv/lib/python3.9/site-packages/torch/nn/modules/module.py", line 1511, in _wrapped_call_impl
    return self._call_impl(*args, **kwargs)
  File "/home/lkruger/bachelorthesis/bachelorthesis/fine_tuning/venv/lib/python3.9/site-packages/torch/nn/modules/module.py", line 1520, in _call_impl
    return forward_call(*args, **kwargs)
  File "/home/lkruger/bachelorthesis/bachelorthesis/fine_tuning/venv/lib/python3.9/site-packages/accelerate/hooks.py", line 166, in new_forward
    output = module._old_forward(*args, **kwargs)
  File "/home/lkruger/bachelorthesis/bachelorthesis/fine_tuning/venv/lib/python3.9/site-packages/transformers/models/llama/modeling_llama.py", line 240, in forward
    down_proj = self.down_proj(self.act_fn(self.gate_proj(x)) * self.up_proj(x))
torch.cuda.OutOfMemoryError: CUDA out of memory. Tried to allocate 160.00 MiB. GPU 0 has a total capacity of 15.77 GiB of which 135.88 MiB is free. Including non-PyTorch memory, this process has 15.64 GiB memory in use. Of the allocated memory 14.08 GiB is allocated by PyTorch, and 668.83 MiB is reserved by PyTorch but unallocated. If reserved but unallocated memory is large try setting PYTORCH_CUDA_ALLOC_CONF=expandable_segments:True to avoid fragmentation.  See documentation for Memory Management  (https://pytorch.org/docs/stable/notes/cuda.html#environment-variables)


Error while executing query: INSERT INTO `country` (`label`, `description`, `great_russian_encyclopedia_online_id`, `coordinates_of_southernmost_point`, `new_york_times_topic_id`, `gnd_id`, `category_of_associated_people`, `emergency_phone_number`, `electrical_plug_type`, `licence_plate_code`, `hashtag`, `babelnet_id`, `office_held_by_head_of_government`, `curlie_id`, `native_label`, `musicbrainz_area_id`, `public_holiday`, `uic_alphabetical_country_code`, `comic_vine_id`, `insee_countries_and_foreign_territories_code`, `vat_rate`, `diplomatic_relation`, `flag_image`, `commons_gallery`, `viaf_id`, `history_of_topic`, `capital`, `subreddit`, `openstreetmap_relation_id`, `mobile_country_code`, `maritime_identification_digits`, `nkcr_aut_id`, `asc_leiden_thesaurus_id`, `marriageable_age`, `category_of_people_buried_here`, `geoshape`, `coordinates_of_easternmost_point`, `le_monde_diplomatique_subject_id`, `marine_regions_geographic_id`, `member_of`, `unemployment_rate`, `railway_traffic_side`, `located_in_time_zone`, `category_for_people_who_died_here`, `yso_id`, `office_held_by_head_of_state`, `commons_category`, `shares_border_with`, `us_national_archives_identifier`, `nalt_id`, `treccani_id`, `iso_3166_1_numeric_code`, `coordinates_of_westernmost_point`, `country_calling_code`, `stw_thesaurus_for_economics_id`, `statoids_id`, `flag`, `fips_10_4_countries_and_regions`, `dagens_nyheter_topic_id`, `isni`, `nese_id`, `population`, `getty_thesaurus_of_geographic_names_id`, `topics_main_wikimedia_portal`, `wikimedia_outline`, `ndl_authority_id`, `currency`, `geonames_id`, `unicode_character`, `unesco_thesaurus_id`, `geography_of_topic`, `iso_3166_1_alpha_3_code`, `official_name`, `quora_topic_id`, `mesh_descriptor_id`, `guardian_topic_id`, `basic_form_of_government`, `coat_of_arms_image`, `ituisoiec_object_identifier`, `legislative_body`, `trunk_prefix`, `nuts_code`, `freebase_id`, `official_language`, `replaces`, `continent`, `coat_of_arms`, `age_of_majority`, `national_library_of_israel_id_old`, `on_focus_list_of_wikimedia_project`, `wipo_st3`, `coordinates_of_northernmost_point`, `has_quality`, `iso_3166_1_alpha_2_code`, `total_fertility_rate`, `area`, `store_norske_leksikon_id`, `different_from`, `topics_main_category`, `bibliothèque_nationale_de_france_id`, `locator_map_image`, `bbc_things_id`, `head_of_government`, `ioc_country_code`, `fast_id`, `gacs_id`, `archinform_location_id`, `encyclopædia_britannica_online_id`, `page_banner`, `category_for_films_shot_at_this_location`, `mains_voltage`, `executive_body`, `anthem`, `highest_judicial_authority`, `life_expectancy`, `top_level_internet_domain`, `instance_of`, `highest_point`, `category_for_people_born_here`, `driving_side`, `uic_numerical_country_code`, `lowest_point`, `civicus_monitor_country_entry`, `pronunciation_audio`, `idref_id`, `contains_the_administrative_territorial_entity`, `itu_letter_code`, `library_of_congress_authority_id`, `median_income`, `coordinate_location`, `described_by_source`, `brockhaus_enzyklopädie_online_id`, `iab_code`, `klexikon_article_id`, `loc_and_marc_vocabularies_id`, `language_used`, `dr_topic_id`, `world_encyclopedia_of_puppetry_arts_id`, `gran_enciclopèdia_catalana_id`, `whos_on_first_id`, `participant_in`, `inaturalist_place_id`, `omegawiki_defined_meaning`, `hds_id`, `gs1_country_code`, `culture`, `geonlp_id`, `analysis_policy_observatory_term_id`, `category_for_maps`, `treccanis_dizionario_di_storia_id`, `french_vikidia_id`, `english_vikidia_id`, `spanish_vikidia_id`, `italian_vikidia_id`, `larousse_id`, `worldcat_identities_id`, `fandom_article_id`, `eurovoc_id`, `tdv_islam_ansiklopedisi_id`, `part_of`, `open_data_portal`, `kbpedia_id`, `inception`, `rkd_thesaurus_id`, `pm20_geo_code`, `interlingual_index_id`, `jewish_encyclopedia_id_russian`, `economy_of_topic`, `uk_parliament_thesaurus_id`, `edition_humboldt_digital_id`, `tasteatlas_id`, `sapa_id`, `bhcl_uuid`, `github_topic`, `namuwiki_id`, `wordnet_31_synset_id`, `demographics_of_topic`, `ávvir_topic_id`, `ysa_id`, `yle_topic_id`, `bbc_news_topic_id`, `joconde_location_id`, `topics_main_template`, `armeniapedia_id`, `zhihu_topic_id`, `idaigazetteer_id`, `den_store_danske_id`, `krugosvet_article`, `schoenberg_database_of_manuscripts_place_id`, `colon_classification`, `national_library_of_israel_j9u_id`, `democracy_index`, `online_pwn_encyclopedia_id`, `postimees_topic_id`, `head_of_state`, `der_spiegel_topic_id`, `gyldendals_teaterleksikon_id`, `museum_digital_place_id`, `wikisimpsons_id`, `urban_electric_transit_country_id`, `m49_code`, `short_name`, `demonym`, `süddeutsche_zeitung_topic_id`, `country`, `official_website`, `alltrails_trail_id`, `human_development_index`, `national_historical_museums_of_sweden_id`, `eu_knowledge_graph_item_id`, `central_bank`, `gini_coefficient`, `obo_gazetteer_id`, `openstreetmap_element`, `happy_planet_index_score`, `the_top_tens_id`, `grove_art_online_id`, `the_world_factbook_country_id`, `number_of_out_of_school_children`, `giant_bomb_id`, `dewey_decimal_classification`) VALUES ('Netherlands', 'country in Northwestern Europe with territories in the Caribbean', '2265969', '50.75040004', 'destination/netherlands', '4042203-3', 'Category:Dutch people', '112', 'Schuko', 'NL', 'Netherlands', '00044423n', 'Prime Minister of the Netherlands', 'Regional/Europe/Netherlands/', 'Koninkrijk der Nederlanden', 'ef1b7cc0-cd26-36f4-8ea0-04d9623786c7', 'nan', 'NL', 'nan', 'nan', 21.0, 'Italy', 'Flag of the Netherlands.svg', 'Nederland', '156652814', 'history of the Netherlands', 'Amsterdam', 'thenetherlands', '47796', '204', 'nan', 'ge128525', '294928014.0', 18.0, 'Category:Burials in the Netherlands', 'Data:Nederland.map', '53.18021828', 'pays/paysbas', 'nan', 'North Atlantic Treaty Organization', 3.799999999999999823, 'nan', 'UTC+02:00', 'Category:Deaths in the Netherlands', '105190', 'King of the Netherlands', 'Netherlands', 'Germany', '10046275.0', '34523.0', 'paesi-bassi', '528', '51.36899408', '31', '17433-5', 'unl', 'flag of the Netherlands', 'NL', 'nederlanderna', '0000 0001 2369 754X', 'nederländerna', 17282163.0, '7016845', 'Portal:Netherlands', 'outline of the Netherlands', '568908', 'euro', '2750405', '🇳🇱', 'concept917', 'geography of the Netherlands', 'NLD', 'Nederland', 'The-Netherlands', 'D009426', 'nan', 'parliamentary monarchy', 'Royal coat of arms of the Netherlands.svg', 'nan', 'States General', '0.0', 'NL', '/m/059j2', 'Dutch', 'United Kingdom of the Netherlands', 'Europe', 'coat of arms of the Netherlands', 18.0, 'nan', 'Wikipedia:List of articles all languages should have', 'NL', '53.46633589', 'free country', 'NL', 1.679999999999999938, 41543.0, 'Nederland', 'Kingdom of the Netherlands', 'Category:Netherlands', '11862083x', 'EU-Netherlands.svg', 'aa200d4c-217e-4a6a-9e61-733d812cac06', 'Mark Rutte', 'NED', '1204034', '178', '3020', 'place/Netherlands', 'Leiden-NL-Banner-2.jpg', 'Category:Films shot in the Netherlands', 230.0, 'Government of the Netherlands', 'Wilhelmus', 'Supreme Court of the Netherlands', 81.50976, '.nl', 'country of the Kingdom of the Netherlands', 'Mount Scenery', 'Category:Births in the Netherlands', 'right', '84.0', 'Zuidplaspolder', 'netherlands', 'LL-Q143 (epo)-Robin van der Vliet-Nederlando.wav', '026357240', 'Groningen', 'HOL', 'n78085423', 38584.0, '52.316666666667', 'Catholic Encyclopedia', 'niederlande', '1443', 'Niederlande', 'countries/ne', 'Dutch', 'holland', 'netherlands', '48251', '85633337', 'Pacific War', '7506', '5809', '3364', '870-879', 'nan', 'ujDxVI', '13158', 'nan', 'nan', 'nan', 'nan', 'nan', 'nan', 'pays/wd/137338', 'lccn-n78085423', 'netherlands:Netherlands', '2286', 'hollanda', 'Kingdom of the Netherlands', 'Open Data Portal Netherlands', 'Netherlands', '+1795-01-19T00:00:00Z', '1.0', 'A19', 'i83737', '12971', 'economy of the Netherlands', '11867', 'nan', 'nan', 'p/be720c0d-f419-4225-84dc-d65f10d586fd', '7c672690-aa08-4e09-99eb-de5486282524', 'netherlands', '네덜란드', '08968866-n', 'demographics of the Netherlands', 'nan', 'Y105190', '18-303648', 'cvenzmgywd2t', 'T84-3488', 'nan', '7345.0', '19572944.0', '2085493', 'Holland', 'strany_mira/NIDERLANDI.html', '12', 'SG--5962', '987007550359005171', 8.960000000000000853, 'nan', '2647', 'Willem-Alexander of the Netherlands', 'nan', 'Holland', '500.0', '26224', '21', '528.0', '🇳🇱', 'Nederlander', 'nan', 'Kingdom of the Netherlands', 'https://www.rijksoverheid.nl/', 'netherlands', 0.931000000000000049, 'geo/87D4DF9D-0D2D-4067-8AF3-CFB4197BE0F0', 'Q19', 'De Nederlandsche Bank', 25.39999999999999858, '1549.0', 'node/424297217', 54.89999999999999858, '63.0', 'nan', 'netherlands', 18711.0, '3035-1279', '2--492')
Traceback (most recent call last):
  File "/home/lkruger/bachelorthesis/bachelorthesis/evaluation.py", line 134, in run_experiment
    insert_query_handler.handle_insert_query(query)
  File "/home/lkruger/bachelorthesis/bachelorthesis/system/insert_query_handler.py", line 27, in handle_insert_query
    query_data.table = self.strategy.predict_table_name(query_data)
  File "/home/lkruger/bachelorthesis/bachelorthesis/system/strategies/llama2/llama2_model.py", line 103, in predict_table_name
    self.run_prompt(
  File "/home/lkruger/bachelorthesis/bachelorthesis/system/strategies/llama2/llama2_model.py", line 87, in run_prompt
    return self.pipe(prompt_text)[0]["generated_text"]
  File "/home/lkruger/bachelorthesis/bachelorthesis/fine_tuning/venv/lib/python3.9/site-packages/transformers/pipelines/text_generation.py", line 240, in __call__
    return super().__call__(text_inputs, **kwargs)
  File "/home/lkruger/bachelorthesis/bachelorthesis/fine_tuning/venv/lib/python3.9/site-packages/transformers/pipelines/base.py", line 1242, in __call__
    return self.run_single(inputs, preprocess_params, forward_params, postprocess_params)
  File "/home/lkruger/bachelorthesis/bachelorthesis/fine_tuning/venv/lib/python3.9/site-packages/transformers/pipelines/base.py", line 1249, in run_single
    model_outputs = self.forward(model_inputs, **forward_params)
  File "/home/lkruger/bachelorthesis/bachelorthesis/fine_tuning/venv/lib/python3.9/site-packages/transformers/pipelines/base.py", line 1149, in forward
    model_outputs = self._forward(model_inputs, **forward_params)
  File "/home/lkruger/bachelorthesis/bachelorthesis/fine_tuning/venv/lib/python3.9/site-packages/transformers/pipelines/text_generation.py", line 327, in _forward
    generated_sequence = self.model.generate(input_ids=input_ids, attention_mask=attention_mask, **generate_kwargs)
  File "/home/lkruger/bachelorthesis/bachelorthesis/fine_tuning/venv/lib/python3.9/site-packages/torch/utils/_contextlib.py", line 115, in decorate_context
    return func(*args, **kwargs)
  File "/home/lkruger/bachelorthesis/bachelorthesis/fine_tuning/venv/lib/python3.9/site-packages/transformers/generation/utils.py", line 1622, in generate
    result = self._sample(
  File "/home/lkruger/bachelorthesis/bachelorthesis/fine_tuning/venv/lib/python3.9/site-packages/transformers/generation/utils.py", line 2791, in _sample
    outputs = self(
  File "/home/lkruger/bachelorthesis/bachelorthesis/fine_tuning/venv/lib/python3.9/site-packages/torch/nn/modules/module.py", line 1511, in _wrapped_call_impl
    return self._call_impl(*args, **kwargs)
  File "/home/lkruger/bachelorthesis/bachelorthesis/fine_tuning/venv/lib/python3.9/site-packages/torch/nn/modules/module.py", line 1520, in _call_impl
    return forward_call(*args, **kwargs)
  File "/home/lkruger/bachelorthesis/bachelorthesis/fine_tuning/venv/lib/python3.9/site-packages/accelerate/hooks.py", line 166, in new_forward
    output = module._old_forward(*args, **kwargs)
  File "/home/lkruger/bachelorthesis/bachelorthesis/fine_tuning/venv/lib/python3.9/site-packages/transformers/models/llama/modeling_llama.py", line 1208, in forward
    outputs = self.model(
  File "/home/lkruger/bachelorthesis/bachelorthesis/fine_tuning/venv/lib/python3.9/site-packages/torch/nn/modules/module.py", line 1511, in _wrapped_call_impl
    return self._call_impl(*args, **kwargs)
  File "/home/lkruger/bachelorthesis/bachelorthesis/fine_tuning/venv/lib/python3.9/site-packages/torch/nn/modules/module.py", line 1520, in _call_impl
    return forward_call(*args, **kwargs)
  File "/home/lkruger/bachelorthesis/bachelorthesis/fine_tuning/venv/lib/python3.9/site-packages/transformers/models/llama/modeling_llama.py", line 1018, in forward
    layer_outputs = decoder_layer(
  File "/home/lkruger/bachelorthesis/bachelorthesis/fine_tuning/venv/lib/python3.9/site-packages/torch/nn/modules/module.py", line 1511, in _wrapped_call_impl
    return self._call_impl(*args, **kwargs)
  File "/home/lkruger/bachelorthesis/bachelorthesis/fine_tuning/venv/lib/python3.9/site-packages/torch/nn/modules/module.py", line 1520, in _call_impl
    return forward_call(*args, **kwargs)
  File "/home/lkruger/bachelorthesis/bachelorthesis/fine_tuning/venv/lib/python3.9/site-packages/accelerate/hooks.py", line 166, in new_forward
    output = module._old_forward(*args, **kwargs)
  File "/home/lkruger/bachelorthesis/bachelorthesis/fine_tuning/venv/lib/python3.9/site-packages/transformers/models/llama/modeling_llama.py", line 756, in forward
    hidden_states = self.mlp(hidden_states)
  File "/home/lkruger/bachelorthesis/bachelorthesis/fine_tuning/venv/lib/python3.9/site-packages/torch/nn/modules/module.py", line 1511, in _wrapped_call_impl
    return self._call_impl(*args, **kwargs)
  File "/home/lkruger/bachelorthesis/bachelorthesis/fine_tuning/venv/lib/python3.9/site-packages/torch/nn/modules/module.py", line 1520, in _call_impl
    return forward_call(*args, **kwargs)
  File "/home/lkruger/bachelorthesis/bachelorthesis/fine_tuning/venv/lib/python3.9/site-packages/accelerate/hooks.py", line 166, in new_forward
    output = module._old_forward(*args, **kwargs)
  File "/home/lkruger/bachelorthesis/bachelorthesis/fine_tuning/venv/lib/python3.9/site-packages/transformers/models/llama/modeling_llama.py", line 240, in forward
    down_proj = self.down_proj(self.act_fn(self.gate_proj(x)) * self.up_proj(x))
torch.cuda.OutOfMemoryError: CUDA out of memory. Tried to allocate 160.00 MiB. GPU 0 has a total capacity of 15.77 GiB of which 135.88 MiB is free. Including non-PyTorch memory, this process has 15.64 GiB memory in use. Of the allocated memory 14.08 GiB is allocated by PyTorch, and 665.65 MiB is reserved by PyTorch but unallocated. If reserved but unallocated memory is large try setting PYTORCH_CUDA_ALLOC_CONF=expandable_segments:True to avoid fragmentation.  See documentation for Memory Management  (https://pytorch.org/docs/stable/notes/cuda.html#environment-variables)


Error while executing query: INSERT INTO `country` (`label`, `description`, `great_russian_encyclopedia_online_id`, `coordinates_of_southernmost_point`, `new_york_times_topic_id`, `gnd_id`, `category_of_associated_people`, `emergency_phone_number`, `electrical_plug_type`, `licence_plate_code`, `hashtag`, `babelnet_id`, `office_held_by_head_of_government`, `curlie_id`, `native_label`, `musicbrainz_area_id`, `public_holiday`, `uic_alphabetical_country_code`, `comic_vine_id`, `insee_countries_and_foreign_territories_code`, `vat_rate`, `diplomatic_relation`, `flag_image`, `commons_gallery`, `viaf_id`, `history_of_topic`, `capital`, `subreddit`, `openstreetmap_relation_id`, `mobile_country_code`, `maritime_identification_digits`, `nkcr_aut_id`, `asc_leiden_thesaurus_id`, `marriageable_age`, `category_of_people_buried_here`, `geoshape`, `coordinates_of_easternmost_point`, `le_monde_diplomatique_subject_id`, `marine_regions_geographic_id`, `member_of`, `unemployment_rate`, `railway_traffic_side`, `located_in_time_zone`, `category_for_people_who_died_here`, `yso_id`, `office_held_by_head_of_state`, `commons_category`, `shares_border_with`, `us_national_archives_identifier`, `nalt_id`, `treccani_id`, `iso_3166_1_numeric_code`, `coordinates_of_westernmost_point`, `country_calling_code`, `stw_thesaurus_for_economics_id`, `statoids_id`, `flag`, `fips_10_4_countries_and_regions`, `dagens_nyheter_topic_id`, `isni`, `nese_id`, `population`, `getty_thesaurus_of_geographic_names_id`, `topics_main_wikimedia_portal`, `wikimedia_outline`, `ndl_authority_id`, `currency`, `geonames_id`, `unicode_character`, `unesco_thesaurus_id`, `geography_of_topic`, `iso_3166_1_alpha_3_code`, `official_name`, `quora_topic_id`, `mesh_descriptor_id`, `guardian_topic_id`, `basic_form_of_government`, `coat_of_arms_image`, `ituisoiec_object_identifier`, `legislative_body`, `trunk_prefix`, `nuts_code`, `freebase_id`, `official_language`, `replaces`, `continent`, `coat_of_arms`, `age_of_majority`, `national_library_of_israel_id_old`, `on_focus_list_of_wikimedia_project`, `wipo_st3`, `coordinates_of_northernmost_point`, `has_quality`, `iso_3166_1_alpha_2_code`, `total_fertility_rate`, `area`, `store_norske_leksikon_id`, `different_from`, `topics_main_category`, `bibliothèque_nationale_de_france_id`, `locator_map_image`, `bbc_things_id`, `head_of_government`, `ioc_country_code`, `fast_id`, `gacs_id`, `archinform_location_id`, `encyclopædia_britannica_online_id`, `page_banner`, `category_for_films_shot_at_this_location`, `mains_voltage`, `executive_body`, `anthem`, `highest_judicial_authority`, `life_expectancy`, `top_level_internet_domain`, `instance_of`, `highest_point`, `category_for_people_born_here`, `driving_side`, `uic_numerical_country_code`, `lowest_point`, `civicus_monitor_country_entry`, `pronunciation_audio`, `idref_id`, `contains_the_administrative_territorial_entity`, `itu_letter_code`, `library_of_congress_authority_id`, `median_income`, `coordinate_location`, `described_by_source`, `brockhaus_enzyklopädie_online_id`, `iab_code`, `klexikon_article_id`, `loc_and_marc_vocabularies_id`, `language_used`, `dr_topic_id`, `world_encyclopedia_of_puppetry_arts_id`, `gran_enciclopèdia_catalana_id`, `whos_on_first_id`, `participant_in`, `inaturalist_place_id`, `omegawiki_defined_meaning`, `hds_id`, `gs1_country_code`, `culture`, `geonlp_id`, `analysis_policy_observatory_term_id`, `category_for_maps`, `treccanis_dizionario_di_storia_id`, `french_vikidia_id`, `english_vikidia_id`, `spanish_vikidia_id`, `italian_vikidia_id`, `larousse_id`, `worldcat_identities_id`, `fandom_article_id`, `eurovoc_id`, `tdv_islam_ansiklopedisi_id`, `part_of`, `open_data_portal`, `kbpedia_id`, `inception`, `rkd_thesaurus_id`, `pm20_geo_code`, `interlingual_index_id`, `jewish_encyclopedia_id_russian`, `economy_of_topic`, `uk_parliament_thesaurus_id`, `edition_humboldt_digital_id`, `tasteatlas_id`, `sapa_id`, `bhcl_uuid`, `github_topic`, `namuwiki_id`, `wordnet_31_synset_id`, `demographics_of_topic`, `ávvir_topic_id`, `ysa_id`, `yle_topic_id`, `bbc_news_topic_id`, `joconde_location_id`, `topics_main_template`, `armeniapedia_id`, `zhihu_topic_id`, `idaigazetteer_id`, `den_store_danske_id`, `krugosvet_article`, `schoenberg_database_of_manuscripts_place_id`, `colon_classification`, `national_library_of_israel_j9u_id`, `democracy_index`, `online_pwn_encyclopedia_id`, `postimees_topic_id`, `head_of_state`, `der_spiegel_topic_id`, `gyldendals_teaterleksikon_id`, `museum_digital_place_id`, `wikisimpsons_id`, `urban_electric_transit_country_id`, `m49_code`, `short_name`, `demonym`, `süddeutsche_zeitung_topic_id`, `country`, `official_website`, `alltrails_trail_id`, `human_development_index`, `national_historical_museums_of_sweden_id`, `eu_knowledge_graph_item_id`, `central_bank`, `gini_coefficient`, `obo_gazetteer_id`, `openstreetmap_element`, `happy_planet_index_score`, `the_top_tens_id`, `grove_art_online_id`, `the_world_factbook_country_id`, `number_of_out_of_school_children`, `giant_bomb_id`, `dewey_decimal_classification`) VALUES ('Ukraine', 'country in Eastern Europe', '4217406', '44.386416666667', 'destination/ukraine', '4061496-7', 'Category:Ukrainian people', '112', 'Europlug', 'UA', 'україна', '00078872n', 'Prime Minister of Ukraine', 'Regional/Europe/Ukraine/', 'Україна', '904768d0-61ca-3c40-93ac-93adc36fef4b', 'Independence Day of Ukraine', 'UA', '4020-56166', '99155.0', 20.0, 'Canada', 'Flag of Ukraine.svg', 'Україна', '134334037', 'History of Ukraine', 'Kyiv', 'ukraine', '60199', '255', '272.0', 'ge131211', 'nan', 18.0, 'Category:Burials in Ukraine', 'Data:Ukraine.map', '49.260277777778', 'pays/ukraine', '2196.0', 'Council of Europe', 8.0, 'right', 'UTC+02:00', 'Category:Deaths in Ukraine', '107664', 'President of Ukraine', 'Ukraine', 'European Union', '10045282.0', '38637.0', 'ucraina', '804', '48.419166666667', '380', '17485-0', 'uua', 'flag of Ukraine', 'UP', 'ukraina', '0000 0001 2358 7973', 'ukraina', 41588354.0, '7006660', 'Portal:Ukraine', 'outline of Ukraine', '573982', 'hryvnia', '690791', '🇺🇦', 'concept926', 'geography of Ukraine', 'UKR', 'Україна', 'Ukraine', 'D014455', 'world/ukraine', 'semi-presidential system', 'Lesser Coat of Arms of Ukraine.svg', '2.16.804', 'Verkhovna Rada', '0.0', 'nan', '/m/07t21', 'Ukrainian', 'Ukrainian Soviet Socialist Republic', 'Europe', 'coat of arms of Ukraine', 18.0, '983173.0', 'Wikipedia:List of articles all languages should have', 'UA', '52.379528888889', 'partly free country', 'UA', 1.497999999999999999, 603550.0, 'Ukraina', 'Ukraine', 'Category:Ukraine', '11865672n', 'Europe-Ukraine (disputed territory).svg', 'ee8750ed-a7fb-453f-bfca-2aa8b3fb064c', 'Denys Shmyhal', 'UKR', '1211738', '622', '3055', 'place/Ukraine', 'Chernivtsi-banner.jpg', 'Category:Films shot in Ukraine', 230.0, 'Cabinet of Ministers of Ukraine', 'Shche ne Vmerla Ukrainy i Slava, i volia', 'Supreme Court of Ukraine', 71.47633999999999332, '.ua', 'sovereign state', 'Hoverla', 'Category:Births in Ukraine', 'right', '22.0', 'Kuyalnik Estuary', 'ukraine', 'Fr-l''Ukraine-fr Be.ogg', '02640267X', 'Kyiv', 'UKR', 'n81017756', 9218.0, '49.0', 'Brockhaus and Efron Encyclopedic Dictionary', 'ukraine', '1467', 'Ukraine', 'countries/un', 'Russian', 'ukraine', 'ukraine', '68156', '85633805', '2022 Russian invasion of Ukraine', '8860', '8331', '25007', '482', 'Ukrainian culture', 'h9S4H5', '3007', 'Category:Maps of Ukraine', 'ucraina', 'Ukraine', 'Ukraine', 'Ucrania', 'Ucraina', 'pays/Ukraine/147832', 'lccn-n81017756', 'ukraine:Ukraine', '5946', 'ukrayna', 'Eastern Europe', 'data.gov.ua', 'Ukraine', '+1991-08-24T00:00:00Z', 'nan', 'A54', 'i84044', '14209', 'economy of Ukraine', '13438', 'H0009637', 'ukraine', 'p/4d375393-126c-44d3-8078-1dd92b4c2fb5', '973d6c80-d1e5-4830-a9cf-2529a3cddd3a', 'ukraine', '우크라이나', '09037349-n', 'demographics of Ukraine', 'ukraina', 'Y107664', '18-185076', 'cx1m7zg0gzdt', 'T84-3585', 'Template:Ukraine topics', '4103.0', '19642259.0', '2069309', 'Ukraine', 'strany_mira/UKRAINA.html', '4073', 'SG--587', '987007548162505171', 5.80999999999999961, '4169170.0', '8497', 'Volodymyr Zelenskyy', 'ukraine', 'nan', '939.0', '43280', '3', 'nan', '🇺🇦', 'українці', 'Ukraine', 'Ukraine', 'https://ukraine.ua', 'ukraine', 0.7730000000000000204, 'geo/00FF2E4F-C147-45FA-9014-EAEB7F789A58', 'Q313', 'National Bank of Ukraine', 25.60000000000000142, '2724.0', 'node/1648342273', 40.89999999999999858, '130.0', 'T086947', 'ukraine', 117710.0, '3035-2881', '2--477')
Traceback (most recent call last):
  File "/home/lkruger/bachelorthesis/bachelorthesis/evaluation.py", line 134, in run_experiment
    insert_query_handler.handle_insert_query(query)
  File "/home/lkruger/bachelorthesis/bachelorthesis/system/insert_query_handler.py", line 27, in handle_insert_query
    query_data.table = self.strategy.predict_table_name(query_data)
  File "/home/lkruger/bachelorthesis/bachelorthesis/system/strategies/llama2/llama2_model.py", line 103, in predict_table_name
    self.run_prompt(
  File "/home/lkruger/bachelorthesis/bachelorthesis/system/strategies/llama2/llama2_model.py", line 87, in run_prompt
    return self.pipe(prompt_text)[0]["generated_text"]
  File "/home/lkruger/bachelorthesis/bachelorthesis/fine_tuning/venv/lib/python3.9/site-packages/transformers/pipelines/text_generation.py", line 240, in __call__
    return super().__call__(text_inputs, **kwargs)
  File "/home/lkruger/bachelorthesis/bachelorthesis/fine_tuning/venv/lib/python3.9/site-packages/transformers/pipelines/base.py", line 1242, in __call__
    return self.run_single(inputs, preprocess_params, forward_params, postprocess_params)
  File "/home/lkruger/bachelorthesis/bachelorthesis/fine_tuning/venv/lib/python3.9/site-packages/transformers/pipelines/base.py", line 1249, in run_single
    model_outputs = self.forward(model_inputs, **forward_params)
  File "/home/lkruger/bachelorthesis/bachelorthesis/fine_tuning/venv/lib/python3.9/site-packages/transformers/pipelines/base.py", line 1149, in forward
    model_outputs = self._forward(model_inputs, **forward_params)
  File "/home/lkruger/bachelorthesis/bachelorthesis/fine_tuning/venv/lib/python3.9/site-packages/transformers/pipelines/text_generation.py", line 327, in _forward
    generated_sequence = self.model.generate(input_ids=input_ids, attention_mask=attention_mask, **generate_kwargs)
  File "/home/lkruger/bachelorthesis/bachelorthesis/fine_tuning/venv/lib/python3.9/site-packages/torch/utils/_contextlib.py", line 115, in decorate_context
    return func(*args, **kwargs)
  File "/home/lkruger/bachelorthesis/bachelorthesis/fine_tuning/venv/lib/python3.9/site-packages/transformers/generation/utils.py", line 1622, in generate
    result = self._sample(
  File "/home/lkruger/bachelorthesis/bachelorthesis/fine_tuning/venv/lib/python3.9/site-packages/transformers/generation/utils.py", line 2791, in _sample
    outputs = self(
  File "/home/lkruger/bachelorthesis/bachelorthesis/fine_tuning/venv/lib/python3.9/site-packages/torch/nn/modules/module.py", line 1511, in _wrapped_call_impl
    return self._call_impl(*args, **kwargs)
  File "/home/lkruger/bachelorthesis/bachelorthesis/fine_tuning/venv/lib/python3.9/site-packages/torch/nn/modules/module.py", line 1520, in _call_impl
    return forward_call(*args, **kwargs)
  File "/home/lkruger/bachelorthesis/bachelorthesis/fine_tuning/venv/lib/python3.9/site-packages/accelerate/hooks.py", line 166, in new_forward
    output = module._old_forward(*args, **kwargs)
  File "/home/lkruger/bachelorthesis/bachelorthesis/fine_tuning/venv/lib/python3.9/site-packages/transformers/models/llama/modeling_llama.py", line 1208, in forward
    outputs = self.model(
  File "/home/lkruger/bachelorthesis/bachelorthesis/fine_tuning/venv/lib/python3.9/site-packages/torch/nn/modules/module.py", line 1511, in _wrapped_call_impl
    return self._call_impl(*args, **kwargs)
  File "/home/lkruger/bachelorthesis/bachelorthesis/fine_tuning/venv/lib/python3.9/site-packages/torch/nn/modules/module.py", line 1520, in _call_impl
    return forward_call(*args, **kwargs)
  File "/home/lkruger/bachelorthesis/bachelorthesis/fine_tuning/venv/lib/python3.9/site-packages/transformers/models/llama/modeling_llama.py", line 1018, in forward
    layer_outputs = decoder_layer(
  File "/home/lkruger/bachelorthesis/bachelorthesis/fine_tuning/venv/lib/python3.9/site-packages/torch/nn/modules/module.py", line 1511, in _wrapped_call_impl
    return self._call_impl(*args, **kwargs)
  File "/home/lkruger/bachelorthesis/bachelorthesis/fine_tuning/venv/lib/python3.9/site-packages/torch/nn/modules/module.py", line 1520, in _call_impl
    return forward_call(*args, **kwargs)
  File "/home/lkruger/bachelorthesis/bachelorthesis/fine_tuning/venv/lib/python3.9/site-packages/accelerate/hooks.py", line 166, in new_forward
    output = module._old_forward(*args, **kwargs)
  File "/home/lkruger/bachelorthesis/bachelorthesis/fine_tuning/venv/lib/python3.9/site-packages/transformers/models/llama/modeling_llama.py", line 756, in forward
    hidden_states = self.mlp(hidden_states)
  File "/home/lkruger/bachelorthesis/bachelorthesis/fine_tuning/venv/lib/python3.9/site-packages/torch/nn/modules/module.py", line 1511, in _wrapped_call_impl
    return self._call_impl(*args, **kwargs)
  File "/home/lkruger/bachelorthesis/bachelorthesis/fine_tuning/venv/lib/python3.9/site-packages/torch/nn/modules/module.py", line 1520, in _call_impl
    return forward_call(*args, **kwargs)
  File "/home/lkruger/bachelorthesis/bachelorthesis/fine_tuning/venv/lib/python3.9/site-packages/accelerate/hooks.py", line 166, in new_forward
    output = module._old_forward(*args, **kwargs)
  File "/home/lkruger/bachelorthesis/bachelorthesis/fine_tuning/venv/lib/python3.9/site-packages/transformers/models/llama/modeling_llama.py", line 240, in forward
    down_proj = self.down_proj(self.act_fn(self.gate_proj(x)) * self.up_proj(x))
torch.cuda.OutOfMemoryError: CUDA out of memory. Tried to allocate 162.00 MiB. GPU 0 has a total capacity of 15.77 GiB of which 135.88 MiB is free. Including non-PyTorch memory, this process has 15.64 GiB memory in use. Of the allocated memory 14.11 GiB is allocated by PyTorch, and 641.47 MiB is reserved by PyTorch but unallocated. If reserved but unallocated memory is large try setting PYTORCH_CUDA_ALLOC_CONF=expandable_segments:True to avoid fragmentation.  See documentation for Memory Management  (https://pytorch.org/docs/stable/notes/cuda.html#environment-variables)


Error while executing query: INSERT INTO `country` (`label`, `description`, `great_russian_encyclopedia_online_id`, `coordinates_of_southernmost_point`, `new_york_times_topic_id`, `gnd_id`, `category_of_associated_people`, `emergency_phone_number`, `electrical_plug_type`, `licence_plate_code`, `hashtag`, `babelnet_id`, `office_held_by_head_of_government`, `curlie_id`, `native_label`, `musicbrainz_area_id`, `public_holiday`, `uic_alphabetical_country_code`, `comic_vine_id`, `insee_countries_and_foreign_territories_code`, `vat_rate`, `diplomatic_relation`, `flag_image`, `commons_gallery`, `viaf_id`, `history_of_topic`, `capital`, `subreddit`, `openstreetmap_relation_id`, `mobile_country_code`, `maritime_identification_digits`, `nkcr_aut_id`, `asc_leiden_thesaurus_id`, `marriageable_age`, `category_of_people_buried_here`, `geoshape`, `coordinates_of_easternmost_point`, `le_monde_diplomatique_subject_id`, `marine_regions_geographic_id`, `member_of`, `unemployment_rate`, `railway_traffic_side`, `located_in_time_zone`, `category_for_people_who_died_here`, `yso_id`, `office_held_by_head_of_state`, `commons_category`, `shares_border_with`, `us_national_archives_identifier`, `nalt_id`, `treccani_id`, `iso_3166_1_numeric_code`, `coordinates_of_westernmost_point`, `country_calling_code`, `stw_thesaurus_for_economics_id`, `statoids_id`, `flag`, `fips_10_4_countries_and_regions`, `dagens_nyheter_topic_id`, `isni`, `nese_id`, `population`, `getty_thesaurus_of_geographic_names_id`, `topics_main_wikimedia_portal`, `wikimedia_outline`, `ndl_authority_id`, `currency`, `geonames_id`, `unicode_character`, `unesco_thesaurus_id`, `geography_of_topic`, `iso_3166_1_alpha_3_code`, `official_name`, `quora_topic_id`, `mesh_descriptor_id`, `guardian_topic_id`, `basic_form_of_government`, `coat_of_arms_image`, `ituisoiec_object_identifier`, `legislative_body`, `trunk_prefix`, `nuts_code`, `freebase_id`, `official_language`, `replaces`, `continent`, `coat_of_arms`, `age_of_majority`, `national_library_of_israel_id_old`, `on_focus_list_of_wikimedia_project`, `wipo_st3`, `coordinates_of_northernmost_point`, `has_quality`, `iso_3166_1_alpha_2_code`, `total_fertility_rate`, `area`, `store_norske_leksikon_id`, `different_from`, `topics_main_category`, `bibliothèque_nationale_de_france_id`, `locator_map_image`, `bbc_things_id`, `head_of_government`, `ioc_country_code`, `fast_id`, `gacs_id`, `archinform_location_id`, `encyclopædia_britannica_online_id`, `page_banner`, `category_for_films_shot_at_this_location`, `mains_voltage`, `executive_body`, `anthem`, `highest_judicial_authority`, `life_expectancy`, `top_level_internet_domain`, `instance_of`, `highest_point`, `category_for_people_born_here`, `driving_side`, `uic_numerical_country_code`, `lowest_point`, `civicus_monitor_country_entry`, `pronunciation_audio`, `idref_id`, `contains_the_administrative_territorial_entity`, `itu_letter_code`, `library_of_congress_authority_id`, `median_income`, `coordinate_location`, `described_by_source`, `brockhaus_enzyklopädie_online_id`, `iab_code`, `klexikon_article_id`, `loc_and_marc_vocabularies_id`, `language_used`, `dr_topic_id`, `world_encyclopedia_of_puppetry_arts_id`, `gran_enciclopèdia_catalana_id`, `whos_on_first_id`, `participant_in`, `inaturalist_place_id`, `omegawiki_defined_meaning`, `hds_id`, `gs1_country_code`, `culture`, `geonlp_id`, `analysis_policy_observatory_term_id`, `category_for_maps`, `treccanis_dizionario_di_storia_id`, `french_vikidia_id`, `english_vikidia_id`, `spanish_vikidia_id`, `italian_vikidia_id`, `larousse_id`, `worldcat_identities_id`, `fandom_article_id`, `eurovoc_id`, `tdv_islam_ansiklopedisi_id`, `part_of`, `open_data_portal`, `kbpedia_id`, `inception`, `rkd_thesaurus_id`, `pm20_geo_code`, `interlingual_index_id`, `jewish_encyclopedia_id_russian`, `economy_of_topic`, `uk_parliament_thesaurus_id`, `edition_humboldt_digital_id`, `tasteatlas_id`, `sapa_id`, `bhcl_uuid`, `github_topic`, `namuwiki_id`, `wordnet_31_synset_id`, `demographics_of_topic`, `ávvir_topic_id`, `ysa_id`, `yle_topic_id`, `bbc_news_topic_id`, `joconde_location_id`, `topics_main_template`, `armeniapedia_id`, `zhihu_topic_id`, `idaigazetteer_id`, `den_store_danske_id`, `krugosvet_article`, `schoenberg_database_of_manuscripts_place_id`, `colon_classification`, `national_library_of_israel_j9u_id`, `democracy_index`, `online_pwn_encyclopedia_id`, `postimees_topic_id`, `head_of_state`, `der_spiegel_topic_id`, `gyldendals_teaterleksikon_id`, `museum_digital_place_id`, `wikisimpsons_id`, `urban_electric_transit_country_id`, `m49_code`, `short_name`, `demonym`, `süddeutsche_zeitung_topic_id`, `country`, `official_website`, `alltrails_trail_id`, `human_development_index`, `national_historical_museums_of_sweden_id`, `eu_knowledge_graph_item_id`, `central_bank`, `gini_coefficient`, `obo_gazetteer_id`, `openstreetmap_element`, `happy_planet_index_score`, `the_top_tens_id`, `grove_art_online_id`, `the_world_factbook_country_id`, `number_of_out_of_school_children`, `giant_bomb_id`, `dewey_decimal_classification`) VALUES ('Belgium', 'country in western Europe', '4075290', '49.49699', 'destination/belgium', '4005406-8', 'Category:Belgian people', '112', 'Europlug', 'B', 'Belgium', '00009714n', 'Prime Minister of Belgium', 'Regional/Europe/Belgium/', 'Koninkrijk België', '5b8a5ee5-0bb3-34cf-9a75-c27c44e341fc', 'New Year''s Day', 'B', '4020-55916', '99131.0', 21.0, 'Luxembourg', 'Flag of Belgium (civil).svg', 'België / Belgique / Belgien', '144248059', 'history of Belgium', 'Brussels', 'belgium', '52411', '206', '205.0', 'ge128735', '294901094.0', 18.0, 'Category:Burials in Belgium', 'Data:Belgium.map', '50.3358193', 'pays/belgique', '14.0', 'European Union', 5.549999999999999823, 'left', 'UTC+01:00', 'Category:Deaths in Belgium', '105206', 'King of the Belgians', 'Belgium', 'Kingdom of the Netherlands', '10035761.0', '10580.0', 'belgio', '56', '51.08944972391368', '32', '17201-5', 'ube', 'flag of Belgium', 'BE', 'belgien', '0000 0001 2353 6287', 'belgien', 11584008.0, '1000063', 'Portal:Belgium', 'outline of Belgium', '560624', 'euro', '2802361', '🇧🇪', 'concept893', 'geography of Belgium', 'BEL', 'Royaume de Belgique', 'Belgium', 'D001530', 'world/belgium', 'constitutional monarchy', 'State Coat of Arms of Belgium.svg', '2.16.56', 'Belgian Federal Parliament', '0.0', 'BE', '/m/0154j', 'Dutch', 'United Kingdom of the Netherlands', 'Europe', 'coat of arms of Belgium', 18.0, '981380.0', 'WikiProject Zika Corpus', 'BE', '51.50508', 'free country', 'BE', 1.75, 30688.0, 'Belgia', 'Belgium', 'Category:Belgium', '15238382r', 'EU-Belgium.svg', 'e68c5b82-50e8-47d8-953c-bf61a2de0a85', 'Alexander De Croo', 'BEL', '1210278', '766', '2969', 'place/Belgium', 'Belgium Banner.jpg', 'Category:Films shot in Belgium', 230.0, 'Federal Government of Belgium', 'The Brabançonne', 'Constitutional Court of Belgium', 80.79000000000000626, '.be', 'sovereign state', 'Signal de Botrange', 'Category:Births in Belgium', 'right', '88.0', 'De Moeren', 'belgium', 'Lb-Belsch.ogg', '026360608', 'Flemish Region', 'BEL', 'n80126041', 31112.0, '50.641111111111', 'Catholic Encyclopedia', 'belgien', '1249', 'Belgien', 'countries/be', 'West Flemish', 'belgien', 'belgium', '8719', '85632997', 'Battle of the Lys', '7008', '5689', '3349', '540-549', 'culture of Belgium', 'wxtrbw', '6826', 'Category:Maps of Belgium', 'belgio', 'Belgique', 'Belgium', 'Bélgica', 'Belgio', 'pays/wd/108227', 'lccn-n80126041', 'nan', '4839', 'belcika', 'Allies of the First World War', 'data.gov.be', 'Belgium', '+1830-10-04T00:00:00Z', '3995.0', 'A21', 'i83329', '10489', 'economy of Belgium', '8617', 'H0005189', 'belgium', 'p/b4bc3740-2d3e-4ce2-875c-a2f6eb090a45', 'ffd382be-2f2b-4c19-ae5a-6ba50f65aec5', 'belgium', '벨기에', '08868745-n', 'demographics of Belgium', 'belgia', 'Y105206', '18-193836', 'cz4pr2gdgrdt', 'T84-674', 'Template:Subdivisions of Belgium', '2405.0', '19627981.0', '2075743', 'Belgien', 'strany_mira/BELGIYA.html', '1062', 'SG--5961', '987007559777605171', 7.509999999999999787, '4169005.0', '149', 'Philippe I of Belgium', 'belgien', 'Belgien', '1292.0', '48360', '37', '56.0', '🇧🇪', 'Belg', 'Belgien', 'Belgium', 'https://www.belgium.be/', 'belgium', 0.937000000000000055, 'geo/60FCC1CF-7151-4EFB-A99A-E23A77B27C7E', 'Q8', 'National Bank of Belgium', 27.19999999999999929, '2938.0', 'node/1684793666', 42.5, '124.0', 'T007414', 'belgium', 8330.0, '3035-254', '2--493')
Traceback (most recent call last):
  File "/home/lkruger/bachelorthesis/bachelorthesis/evaluation.py", line 134, in run_experiment
    insert_query_handler.handle_insert_query(query)
  File "/home/lkruger/bachelorthesis/bachelorthesis/system/insert_query_handler.py", line 27, in handle_insert_query
    query_data.table = self.strategy.predict_table_name(query_data)
  File "/home/lkruger/bachelorthesis/bachelorthesis/system/strategies/llama2/llama2_model.py", line 103, in predict_table_name
    self.run_prompt(
  File "/home/lkruger/bachelorthesis/bachelorthesis/system/strategies/llama2/llama2_model.py", line 87, in run_prompt
    return self.pipe(prompt_text)[0]["generated_text"]
  File "/home/lkruger/bachelorthesis/bachelorthesis/fine_tuning/venv/lib/python3.9/site-packages/transformers/pipelines/text_generation.py", line 240, in __call__
    return super().__call__(text_inputs, **kwargs)
  File "/home/lkruger/bachelorthesis/bachelorthesis/fine_tuning/venv/lib/python3.9/site-packages/transformers/pipelines/base.py", line 1242, in __call__
    return self.run_single(inputs, preprocess_params, forward_params, postprocess_params)
  File "/home/lkruger/bachelorthesis/bachelorthesis/fine_tuning/venv/lib/python3.9/site-packages/transformers/pipelines/base.py", line 1249, in run_single
    model_outputs = self.forward(model_inputs, **forward_params)
  File "/home/lkruger/bachelorthesis/bachelorthesis/fine_tuning/venv/lib/python3.9/site-packages/transformers/pipelines/base.py", line 1149, in forward
    model_outputs = self._forward(model_inputs, **forward_params)
  File "/home/lkruger/bachelorthesis/bachelorthesis/fine_tuning/venv/lib/python3.9/site-packages/transformers/pipelines/text_generation.py", line 327, in _forward
    generated_sequence = self.model.generate(input_ids=input_ids, attention_mask=attention_mask, **generate_kwargs)
  File "/home/lkruger/bachelorthesis/bachelorthesis/fine_tuning/venv/lib/python3.9/site-packages/torch/utils/_contextlib.py", line 115, in decorate_context
    return func(*args, **kwargs)
  File "/home/lkruger/bachelorthesis/bachelorthesis/fine_tuning/venv/lib/python3.9/site-packages/transformers/generation/utils.py", line 1622, in generate
    result = self._sample(
  File "/home/lkruger/bachelorthesis/bachelorthesis/fine_tuning/venv/lib/python3.9/site-packages/transformers/generation/utils.py", line 2791, in _sample
    outputs = self(
  File "/home/lkruger/bachelorthesis/bachelorthesis/fine_tuning/venv/lib/python3.9/site-packages/torch/nn/modules/module.py", line 1511, in _wrapped_call_impl
    return self._call_impl(*args, **kwargs)
  File "/home/lkruger/bachelorthesis/bachelorthesis/fine_tuning/venv/lib/python3.9/site-packages/torch/nn/modules/module.py", line 1520, in _call_impl
    return forward_call(*args, **kwargs)
  File "/home/lkruger/bachelorthesis/bachelorthesis/fine_tuning/venv/lib/python3.9/site-packages/accelerate/hooks.py", line 166, in new_forward
    output = module._old_forward(*args, **kwargs)
  File "/home/lkruger/bachelorthesis/bachelorthesis/fine_tuning/venv/lib/python3.9/site-packages/transformers/models/llama/modeling_llama.py", line 1208, in forward
    outputs = self.model(
  File "/home/lkruger/bachelorthesis/bachelorthesis/fine_tuning/venv/lib/python3.9/site-packages/torch/nn/modules/module.py", line 1511, in _wrapped_call_impl
    return self._call_impl(*args, **kwargs)
  File "/home/lkruger/bachelorthesis/bachelorthesis/fine_tuning/venv/lib/python3.9/site-packages/torch/nn/modules/module.py", line 1520, in _call_impl
    return forward_call(*args, **kwargs)
  File "/home/lkruger/bachelorthesis/bachelorthesis/fine_tuning/venv/lib/python3.9/site-packages/transformers/models/llama/modeling_llama.py", line 1018, in forward
    layer_outputs = decoder_layer(
  File "/home/lkruger/bachelorthesis/bachelorthesis/fine_tuning/venv/lib/python3.9/site-packages/torch/nn/modules/module.py", line 1511, in _wrapped_call_impl
    return self._call_impl(*args, **kwargs)
  File "/home/lkruger/bachelorthesis/bachelorthesis/fine_tuning/venv/lib/python3.9/site-packages/torch/nn/modules/module.py", line 1520, in _call_impl
    return forward_call(*args, **kwargs)
  File "/home/lkruger/bachelorthesis/bachelorthesis/fine_tuning/venv/lib/python3.9/site-packages/accelerate/hooks.py", line 166, in new_forward
    output = module._old_forward(*args, **kwargs)
  File "/home/lkruger/bachelorthesis/bachelorthesis/fine_tuning/venv/lib/python3.9/site-packages/transformers/models/llama/modeling_llama.py", line 756, in forward
    hidden_states = self.mlp(hidden_states)
  File "/home/lkruger/bachelorthesis/bachelorthesis/fine_tuning/venv/lib/python3.9/site-packages/torch/nn/modules/module.py", line 1511, in _wrapped_call_impl
    return self._call_impl(*args, **kwargs)
  File "/home/lkruger/bachelorthesis/bachelorthesis/fine_tuning/venv/lib/python3.9/site-packages/torch/nn/modules/module.py", line 1520, in _call_impl
    return forward_call(*args, **kwargs)
  File "/home/lkruger/bachelorthesis/bachelorthesis/fine_tuning/venv/lib/python3.9/site-packages/accelerate/hooks.py", line 166, in new_forward
    output = module._old_forward(*args, **kwargs)
  File "/home/lkruger/bachelorthesis/bachelorthesis/fine_tuning/venv/lib/python3.9/site-packages/transformers/models/llama/modeling_llama.py", line 240, in forward
    down_proj = self.down_proj(self.act_fn(self.gate_proj(x)) * self.up_proj(x))
torch.cuda.OutOfMemoryError: CUDA out of memory. Tried to allocate 162.00 MiB. GPU 0 has a total capacity of 15.77 GiB of which 135.88 MiB is free. Including non-PyTorch memory, this process has 15.64 GiB memory in use. Of the allocated memory 14.10 GiB is allocated by PyTorch, and 649.79 MiB is reserved by PyTorch but unallocated. If reserved but unallocated memory is large try setting PYTORCH_CUDA_ALLOC_CONF=expandable_segments:True to avoid fragmentation.  See documentation for Memory Management  (https://pytorch.org/docs/stable/notes/cuda.html#environment-variables)


Error while executing query: INSERT INTO `country` (`label`, `description`, `great_russian_encyclopedia_online_id`, `coordinates_of_southernmost_point`, `new_york_times_topic_id`, `gnd_id`, `category_of_associated_people`, `emergency_phone_number`, `electrical_plug_type`, `licence_plate_code`, `hashtag`, `babelnet_id`, `office_held_by_head_of_government`, `curlie_id`, `native_label`, `musicbrainz_area_id`, `public_holiday`, `uic_alphabetical_country_code`, `comic_vine_id`, `insee_countries_and_foreign_territories_code`, `vat_rate`, `diplomatic_relation`, `flag_image`, `commons_gallery`, `viaf_id`, `history_of_topic`, `capital`, `subreddit`, `openstreetmap_relation_id`, `mobile_country_code`, `maritime_identification_digits`, `nkcr_aut_id`, `asc_leiden_thesaurus_id`, `marriageable_age`, `category_of_people_buried_here`, `geoshape`, `coordinates_of_easternmost_point`, `le_monde_diplomatique_subject_id`, `marine_regions_geographic_id`, `member_of`, `unemployment_rate`, `railway_traffic_side`, `located_in_time_zone`, `category_for_people_who_died_here`, `yso_id`, `office_held_by_head_of_state`, `commons_category`, `shares_border_with`, `us_national_archives_identifier`, `nalt_id`, `treccani_id`, `iso_3166_1_numeric_code`, `coordinates_of_westernmost_point`, `country_calling_code`, `stw_thesaurus_for_economics_id`, `statoids_id`, `flag`, `fips_10_4_countries_and_regions`, `dagens_nyheter_topic_id`, `isni`, `nese_id`, `population`, `getty_thesaurus_of_geographic_names_id`, `topics_main_wikimedia_portal`, `wikimedia_outline`, `ndl_authority_id`, `currency`, `geonames_id`, `unicode_character`, `unesco_thesaurus_id`, `geography_of_topic`, `iso_3166_1_alpha_3_code`, `official_name`, `quora_topic_id`, `mesh_descriptor_id`, `guardian_topic_id`, `basic_form_of_government`, `coat_of_arms_image`, `ituisoiec_object_identifier`, `legislative_body`, `trunk_prefix`, `nuts_code`, `freebase_id`, `official_language`, `replaces`, `continent`, `coat_of_arms`, `age_of_majority`, `national_library_of_israel_id_old`, `on_focus_list_of_wikimedia_project`, `wipo_st3`, `coordinates_of_northernmost_point`, `has_quality`, `iso_3166_1_alpha_2_code`, `total_fertility_rate`, `area`, `store_norske_leksikon_id`, `different_from`, `topics_main_category`, `bibliothèque_nationale_de_france_id`, `locator_map_image`, `bbc_things_id`, `head_of_government`, `ioc_country_code`, `fast_id`, `gacs_id`, `archinform_location_id`, `encyclopædia_britannica_online_id`, `page_banner`, `category_for_films_shot_at_this_location`, `mains_voltage`, `executive_body`, `anthem`, `highest_judicial_authority`, `life_expectancy`, `top_level_internet_domain`, `instance_of`, `highest_point`, `category_for_people_born_here`, `driving_side`, `uic_numerical_country_code`, `lowest_point`, `civicus_monitor_country_entry`, `pronunciation_audio`, `idref_id`, `contains_the_administrative_territorial_entity`, `itu_letter_code`, `library_of_congress_authority_id`, `median_income`, `coordinate_location`, `described_by_source`, `brockhaus_enzyklopädie_online_id`, `iab_code`, `klexikon_article_id`, `loc_and_marc_vocabularies_id`, `language_used`, `dr_topic_id`, `world_encyclopedia_of_puppetry_arts_id`, `gran_enciclopèdia_catalana_id`, `whos_on_first_id`, `participant_in`, `inaturalist_place_id`, `omegawiki_defined_meaning`, `hds_id`, `gs1_country_code`, `culture`, `geonlp_id`, `analysis_policy_observatory_term_id`, `category_for_maps`, `treccanis_dizionario_di_storia_id`, `french_vikidia_id`, `english_vikidia_id`, `spanish_vikidia_id`, `italian_vikidia_id`, `larousse_id`, `worldcat_identities_id`, `fandom_article_id`, `eurovoc_id`, `tdv_islam_ansiklopedisi_id`, `part_of`, `open_data_portal`, `kbpedia_id`, `inception`, `rkd_thesaurus_id`, `pm20_geo_code`, `interlingual_index_id`, `jewish_encyclopedia_id_russian`, `economy_of_topic`, `uk_parliament_thesaurus_id`, `edition_humboldt_digital_id`, `tasteatlas_id`, `sapa_id`, `bhcl_uuid`, `github_topic`, `namuwiki_id`, `wordnet_31_synset_id`, `demographics_of_topic`, `ávvir_topic_id`, `ysa_id`, `yle_topic_id`, `bbc_news_topic_id`, `joconde_location_id`, `topics_main_template`, `armeniapedia_id`, `zhihu_topic_id`, `idaigazetteer_id`, `den_store_danske_id`, `krugosvet_article`, `schoenberg_database_of_manuscripts_place_id`, `colon_classification`, `national_library_of_israel_j9u_id`, `democracy_index`, `online_pwn_encyclopedia_id`, `postimees_topic_id`, `head_of_state`, `der_spiegel_topic_id`, `gyldendals_teaterleksikon_id`, `museum_digital_place_id`, `wikisimpsons_id`, `urban_electric_transit_country_id`, `m49_code`, `short_name`, `demonym`, `süddeutsche_zeitung_topic_id`, `country`, `official_website`, `alltrails_trail_id`, `human_development_index`, `national_historical_museums_of_sweden_id`, `eu_knowledge_graph_item_id`, `central_bank`, `gini_coefficient`, `obo_gazetteer_id`, `openstreetmap_element`, `happy_planet_index_score`, `the_top_tens_id`, `grove_art_online_id`, `the_world_factbook_country_id`, `number_of_out_of_school_children`, `giant_bomb_id`, `dewey_decimal_classification`) VALUES ('Romania', 'country in Central and Eastern Europe', '3519916', '43.6233705', 'destination/romania', '4050939-4', 'Category:Romanian people', '112', 'Europlug', 'RO', 'Romania', '00068196n', 'Prime Minister of Romania', 'Regional/Europe/Romania/', 'România', '61ed84b8-5a10-30a7-8376-ccd51801d6d1', 'nan', 'RO', '4020-55923', '99114.0', 19.0, 'Canada', 'Flag of Romania.svg', 'România', '124251001', 'history of Romania', 'Bucharest', 'Romania', '90689', '226', '264.0', 'ge130694', '294935274.0', 18.0, 'Category:Burials in Romania', 'Data:Romania.map', '45.16381636', 'pays/roumanie', '2241.0', 'European Union', 7.0, 'right', 'UTC+02:00', 'Category:Deaths in Romania', '105030', 'President of Romania', 'Romania', 'Moldova', '10035825.0', '15648.0', 'nan', '642', '46.12168563', '40', '17177-4', 'uro', 'flag of Romania', 'RO', 'rumanien', '0000 0001 2358 7092', 'nan', 19053815.0, '1000091', 'Portal:Romania', 'outline of Romania', '569801', 'Romanian Leu', '798549', '🇷🇴', 'concept920', 'geography of Romania', 'ROU', 'România', 'Romania', 'D012383', 'world/romania', 'semi-presidential system', 'Coat of arms of Romania.svg', '2.16.642', 'Parliament of Romania', '0.0', 'RO', '/m/06c1y', 'Romanian', 'United Principalities of Moldavia and Wallachia', 'Europe', 'coat of arms of Romania', 18.0, '975271.0', 'Wikipedia:Vital articles/Level/4', 'RO', '48.27', 'free country', 'RO', 1.409999999999999921, 238397.0, 'Romania', 'Romagna', 'Category:Romania', '11865467h', 'Romania on the globe (Europe centered).svg', 'nan', 'Nicolae Ciucă', 'ROU', '1205085', '355', '3033', 'place/Romania', 'Romania banner.jpg', 'Category:Films shot in Romania', 230.0, 'Government of Romania', 'Deșteaptă-te, române!', 'nan', 75.0122000000000071, '.ro', 'sovereign state', 'Moldoveanu Peak', 'Category:Births in Romania', 'right', '53.0', 'Black Sea', 'romania', 'Lb-Rumänien.ogg', '026400030', 'Alba County', 'ROU', 'n79049551', NULL, '46.0', 'Brockhaus and Efron Encyclopedic Dictionary', 'rumänien', '1386', 'Rumänien', 'countries/rm', 'Romanian', 'rumaenien', 'romania', '56632', '85633745', 'Global System of Trade Preferences among Developing Countries', '8858', '154307', '3369', '594', 'culture of Romania', '2cPcLg', '86081', 'Category:Maps of Romania', 'romania', 'Roumanie', 'Romania', 'Rumania', 'Romania', 'nan', 'lccn-n79049551', 'countries:Romania', '3763', 'romanya', 'Eastern Europe', 'data.gov.ro', 'Romania', '+1859-01-24T00:00:00Z', '1146.0', 'A47', 'i83166', '13620', 'economy of Romania', '12554', 'nan', 'romania', 'p/c3c9ec87-44d9-4013-b551-1df1757d37b5', 'c42e62f5-e5fb-4fc2-ae20-2f5df5ce7aca', 'romania', '루마니아', '08831830-n', 'demographics of Romania', 'nan', 'Y105030', '18-185666', 'cnx753jennet', 'T84-3546', 'nan', '4101.0', 'nan', '2067292', 'Rumænien', 'strany_mira/RUMINIYA.html', '880', 'SG--5921', '987007561817905171', 6.400000000000000355, '4169131.0', '944', 'Klaus Iohannis', 'rumaenien', 'Rumænien', '2568.0', '48551', '39', '642.0', '🇷🇴', 'rumänisch', 'Rumänien', 'Romania', 'http://www.guv.ro/', 'romania', 0.8209999999999999521, 'geo/6BAAFA64-E83D-4B69-8F59-D5693B1CA8EF', 'Q28', 'National Bank of Romania', 34.79999999999999715, '2951.0', 'node/432425064', 46.20000000000000284, '117.0', 'T073141', 'romania', 332312.0, '3035-4279', '2--498')
Traceback (most recent call last):
  File "/home/lkruger/bachelorthesis/bachelorthesis/evaluation.py", line 134, in run_experiment
    insert_query_handler.handle_insert_query(query)
  File "/home/lkruger/bachelorthesis/bachelorthesis/system/insert_query_handler.py", line 27, in handle_insert_query
    query_data.table = self.strategy.predict_table_name(query_data)
  File "/home/lkruger/bachelorthesis/bachelorthesis/system/strategies/llama2/llama2_model.py", line 103, in predict_table_name
    self.run_prompt(
  File "/home/lkruger/bachelorthesis/bachelorthesis/system/strategies/llama2/llama2_model.py", line 87, in run_prompt
    return self.pipe(prompt_text)[0]["generated_text"]
  File "/home/lkruger/bachelorthesis/bachelorthesis/fine_tuning/venv/lib/python3.9/site-packages/transformers/pipelines/text_generation.py", line 240, in __call__
    return super().__call__(text_inputs, **kwargs)
  File "/home/lkruger/bachelorthesis/bachelorthesis/fine_tuning/venv/lib/python3.9/site-packages/transformers/pipelines/base.py", line 1242, in __call__
    return self.run_single(inputs, preprocess_params, forward_params, postprocess_params)
  File "/home/lkruger/bachelorthesis/bachelorthesis/fine_tuning/venv/lib/python3.9/site-packages/transformers/pipelines/base.py", line 1249, in run_single
    model_outputs = self.forward(model_inputs, **forward_params)
  File "/home/lkruger/bachelorthesis/bachelorthesis/fine_tuning/venv/lib/python3.9/site-packages/transformers/pipelines/base.py", line 1149, in forward
    model_outputs = self._forward(model_inputs, **forward_params)
  File "/home/lkruger/bachelorthesis/bachelorthesis/fine_tuning/venv/lib/python3.9/site-packages/transformers/pipelines/text_generation.py", line 327, in _forward
    generated_sequence = self.model.generate(input_ids=input_ids, attention_mask=attention_mask, **generate_kwargs)
  File "/home/lkruger/bachelorthesis/bachelorthesis/fine_tuning/venv/lib/python3.9/site-packages/torch/utils/_contextlib.py", line 115, in decorate_context
    return func(*args, **kwargs)
  File "/home/lkruger/bachelorthesis/bachelorthesis/fine_tuning/venv/lib/python3.9/site-packages/transformers/generation/utils.py", line 1622, in generate
    result = self._sample(
  File "/home/lkruger/bachelorthesis/bachelorthesis/fine_tuning/venv/lib/python3.9/site-packages/transformers/generation/utils.py", line 2791, in _sample
    outputs = self(
  File "/home/lkruger/bachelorthesis/bachelorthesis/fine_tuning/venv/lib/python3.9/site-packages/torch/nn/modules/module.py", line 1511, in _wrapped_call_impl
    return self._call_impl(*args, **kwargs)
  File "/home/lkruger/bachelorthesis/bachelorthesis/fine_tuning/venv/lib/python3.9/site-packages/torch/nn/modules/module.py", line 1520, in _call_impl
    return forward_call(*args, **kwargs)
  File "/home/lkruger/bachelorthesis/bachelorthesis/fine_tuning/venv/lib/python3.9/site-packages/accelerate/hooks.py", line 166, in new_forward
    output = module._old_forward(*args, **kwargs)
  File "/home/lkruger/bachelorthesis/bachelorthesis/fine_tuning/venv/lib/python3.9/site-packages/transformers/models/llama/modeling_llama.py", line 1208, in forward
    outputs = self.model(
  File "/home/lkruger/bachelorthesis/bachelorthesis/fine_tuning/venv/lib/python3.9/site-packages/torch/nn/modules/module.py", line 1511, in _wrapped_call_impl
    return self._call_impl(*args, **kwargs)
  File "/home/lkruger/bachelorthesis/bachelorthesis/fine_tuning/venv/lib/python3.9/site-packages/torch/nn/modules/module.py", line 1520, in _call_impl
    return forward_call(*args, **kwargs)
  File "/home/lkruger/bachelorthesis/bachelorthesis/fine_tuning/venv/lib/python3.9/site-packages/transformers/models/llama/modeling_llama.py", line 1018, in forward
    layer_outputs = decoder_layer(
  File "/home/lkruger/bachelorthesis/bachelorthesis/fine_tuning/venv/lib/python3.9/site-packages/torch/nn/modules/module.py", line 1511, in _wrapped_call_impl
    return self._call_impl(*args, **kwargs)
  File "/home/lkruger/bachelorthesis/bachelorthesis/fine_tuning/venv/lib/python3.9/site-packages/torch/nn/modules/module.py", line 1520, in _call_impl
    return forward_call(*args, **kwargs)
  File "/home/lkruger/bachelorthesis/bachelorthesis/fine_tuning/venv/lib/python3.9/site-packages/accelerate/hooks.py", line 166, in new_forward
    output = module._old_forward(*args, **kwargs)
  File "/home/lkruger/bachelorthesis/bachelorthesis/fine_tuning/venv/lib/python3.9/site-packages/transformers/models/llama/modeling_llama.py", line 756, in forward
    hidden_states = self.mlp(hidden_states)
  File "/home/lkruger/bachelorthesis/bachelorthesis/fine_tuning/venv/lib/python3.9/site-packages/torch/nn/modules/module.py", line 1511, in _wrapped_call_impl
    return self._call_impl(*args, **kwargs)
  File "/home/lkruger/bachelorthesis/bachelorthesis/fine_tuning/venv/lib/python3.9/site-packages/torch/nn/modules/module.py", line 1520, in _call_impl
    return forward_call(*args, **kwargs)
  File "/home/lkruger/bachelorthesis/bachelorthesis/fine_tuning/venv/lib/python3.9/site-packages/accelerate/hooks.py", line 166, in new_forward
    output = module._old_forward(*args, **kwargs)
  File "/home/lkruger/bachelorthesis/bachelorthesis/fine_tuning/venv/lib/python3.9/site-packages/transformers/models/llama/modeling_llama.py", line 240, in forward
    down_proj = self.down_proj(self.act_fn(self.gate_proj(x)) * self.up_proj(x))
torch.cuda.OutOfMemoryError: CUDA out of memory. Tried to allocate 158.00 MiB. GPU 0 has a total capacity of 15.77 GiB of which 135.88 MiB is free. Including non-PyTorch memory, this process has 15.64 GiB memory in use. Of the allocated memory 14.08 GiB is allocated by PyTorch, and 672.40 MiB is reserved by PyTorch but unallocated. If reserved but unallocated memory is large try setting PYTORCH_CUDA_ALLOC_CONF=expandable_segments:True to avoid fragmentation.  See documentation for Memory Management  (https://pytorch.org/docs/stable/notes/cuda.html#environment-variables)


Error while executing query: INSERT INTO `country` (`label`, `description`, `great_russian_encyclopedia_online_id`, `coordinates_of_southernmost_point`, `new_york_times_topic_id`, `gnd_id`, `category_of_associated_people`, `emergency_phone_number`, `electrical_plug_type`, `licence_plate_code`, `hashtag`, `babelnet_id`, `office_held_by_head_of_government`, `curlie_id`, `native_label`, `musicbrainz_area_id`, `public_holiday`, `uic_alphabetical_country_code`, `comic_vine_id`, `insee_countries_and_foreign_territories_code`, `vat_rate`, `diplomatic_relation`, `flag_image`, `commons_gallery`, `viaf_id`, `history_of_topic`, `capital`, `subreddit`, `openstreetmap_relation_id`, `mobile_country_code`, `maritime_identification_digits`, `nkcr_aut_id`, `asc_leiden_thesaurus_id`, `marriageable_age`, `category_of_people_buried_here`, `geoshape`, `coordinates_of_easternmost_point`, `le_monde_diplomatique_subject_id`, `marine_regions_geographic_id`, `member_of`, `unemployment_rate`, `railway_traffic_side`, `located_in_time_zone`, `category_for_people_who_died_here`, `yso_id`, `office_held_by_head_of_state`, `commons_category`, `shares_border_with`, `us_national_archives_identifier`, `nalt_id`, `treccani_id`, `iso_3166_1_numeric_code`, `coordinates_of_westernmost_point`, `country_calling_code`, `stw_thesaurus_for_economics_id`, `statoids_id`, `flag`, `fips_10_4_countries_and_regions`, `dagens_nyheter_topic_id`, `isni`, `nese_id`, `population`, `getty_thesaurus_of_geographic_names_id`, `topics_main_wikimedia_portal`, `wikimedia_outline`, `ndl_authority_id`, `currency`, `geonames_id`, `unicode_character`, `unesco_thesaurus_id`, `geography_of_topic`, `iso_3166_1_alpha_3_code`, `official_name`, `quora_topic_id`, `mesh_descriptor_id`, `guardian_topic_id`, `basic_form_of_government`, `coat_of_arms_image`, `ituisoiec_object_identifier`, `legislative_body`, `trunk_prefix`, `nuts_code`, `freebase_id`, `official_language`, `replaces`, `continent`, `coat_of_arms`, `age_of_majority`, `national_library_of_israel_id_old`, `on_focus_list_of_wikimedia_project`, `wipo_st3`, `coordinates_of_northernmost_point`, `has_quality`, `iso_3166_1_alpha_2_code`, `total_fertility_rate`, `area`, `store_norske_leksikon_id`, `different_from`, `topics_main_category`, `bibliothèque_nationale_de_france_id`, `locator_map_image`, `bbc_things_id`, `head_of_government`, `ioc_country_code`, `fast_id`, `gacs_id`, `archinform_location_id`, `encyclopædia_britannica_online_id`, `page_banner`, `category_for_films_shot_at_this_location`, `mains_voltage`, `executive_body`, `anthem`, `highest_judicial_authority`, `life_expectancy`, `top_level_internet_domain`, `instance_of`, `highest_point`, `category_for_people_born_here`, `driving_side`, `uic_numerical_country_code`, `lowest_point`, `civicus_monitor_country_entry`, `pronunciation_audio`, `idref_id`, `contains_the_administrative_territorial_entity`, `itu_letter_code`, `library_of_congress_authority_id`, `median_income`, `coordinate_location`, `described_by_source`, `brockhaus_enzyklopädie_online_id`, `iab_code`, `klexikon_article_id`, `loc_and_marc_vocabularies_id`, `language_used`, `dr_topic_id`, `world_encyclopedia_of_puppetry_arts_id`, `gran_enciclopèdia_catalana_id`, `whos_on_first_id`, `participant_in`, `inaturalist_place_id`, `omegawiki_defined_meaning`, `hds_id`, `gs1_country_code`, `culture`, `geonlp_id`, `analysis_policy_observatory_term_id`, `category_for_maps`, `treccanis_dizionario_di_storia_id`, `french_vikidia_id`, `english_vikidia_id`, `spanish_vikidia_id`, `italian_vikidia_id`, `larousse_id`, `worldcat_identities_id`, `fandom_article_id`, `eurovoc_id`, `tdv_islam_ansiklopedisi_id`, `part_of`, `open_data_portal`, `kbpedia_id`, `inception`, `rkd_thesaurus_id`, `pm20_geo_code`, `interlingual_index_id`, `jewish_encyclopedia_id_russian`, `economy_of_topic`, `uk_parliament_thesaurus_id`, `edition_humboldt_digital_id`, `tasteatlas_id`, `sapa_id`, `bhcl_uuid`, `github_topic`, `namuwiki_id`, `wordnet_31_synset_id`, `demographics_of_topic`, `ávvir_topic_id`, `ysa_id`, `yle_topic_id`, `bbc_news_topic_id`, `joconde_location_id`, `topics_main_template`, `armeniapedia_id`, `zhihu_topic_id`, `idaigazetteer_id`, `den_store_danske_id`, `krugosvet_article`, `schoenberg_database_of_manuscripts_place_id`, `colon_classification`, `national_library_of_israel_j9u_id`, `democracy_index`, `online_pwn_encyclopedia_id`, `postimees_topic_id`, `head_of_state`, `der_spiegel_topic_id`, `gyldendals_teaterleksikon_id`, `museum_digital_place_id`, `wikisimpsons_id`, `urban_electric_transit_country_id`, `m49_code`, `short_name`, `demonym`, `süddeutsche_zeitung_topic_id`, `country`, `official_website`, `alltrails_trail_id`, `human_development_index`, `national_historical_museums_of_sweden_id`, `eu_knowledge_graph_item_id`, `central_bank`, `gini_coefficient`, `obo_gazetteer_id`, `openstreetmap_element`, `happy_planet_index_score`, `the_top_tens_id`, `grove_art_online_id`, `the_world_factbook_country_id`, `number_of_out_of_school_children`, `giant_bomb_id`, `dewey_decimal_classification`) VALUES ('Sweden', 'country in Northern Europe', '4692537', '55.336944444444', 'destination/sweden', '4077258-5', 'Category:Swedish people', '112', 'Europlug', 'S', 'Sweden', '00049181n', 'Prime Minister of Sweden', 'Regional/Europe/Sweden/', 'Sverige', '23d10872-f5ae-3f0c-bf55-332788a16ecb', 'New Year''s Day', 'S', '4020-55925', '99104.0', 25.0, 'Canada', 'Flag of Sweden.svg', 'Sverige', '159364209', 'history of Sweden', 'Stockholm', 'sweden', '52822', '240', '265.0', 'ge134629', '294939776.0', 18.0, 'Category:Burials in Sweden', 'Data:Sweden.map', '65.701111111111', 'pays/suede', '2180.0', 'European Union', 1.899999999999999912, 'left', 'UTC+01:00', 'Category:Deaths in Sweden', '94383', 'Monarch of Sweden', 'Sweden', 'Denmark', '10035835.0', '11928.0', 'svezia', '752', '58.928611111111', '46', '16989-5', 'use', 'flag of Sweden', 'SW', 'nan', '0000 0001 2299 7436', 'sverige', 10409248.0, '1000097', 'Portal:Sweden', 'outline of Sweden', '571513', 'Swedish krona', '2661886', '🇸🇪', 'concept10481', 'geography of Sweden', 'SWE', 'Konungariket Sverige', 'Sweden', 'D013548', 'world/sweden', 'constitutional monarchy', 'Shield of arms of Sweden.svg', '2.16.752', 'Parliament of Sweden', '0.0', 'SE', '/m/0d0vqn', 'Swedish', 'nan', 'Europe', 'coat of arms of Sweden', 18.0, '188718.0', 'Wikipedia:Vital articles/Level/4', 'SE', '69.06', 'free country', 'SE', 1.889999999999999903, 447425.1599999999743, 'Sverige', 'Szwecja', 'Category:Sweden', '15238534f', 'EU-Sweden.svg', '4fdf72b9-e477-43e5-80cf-b2ea49baa0bc', 'Ulf Kristersson', 'SWE', '1204537', '160', '3037', 'place/Sweden', 'Nykulla banner.JPG', 'Category:Films shot in Sweden', 230.0, 'Government of Sweden', 'Du gamla, du fria', 'Supreme Court of Sweden', 82.20488000000000283, '.se', 'country', 'Kebnekaise', 'Category:Births in Sweden', 'right', '74.0', 'Kristianstad', 'sweden', 'Fr-la Suède-fr BE.ogg', '026401606', 'Blekinge County', 'S', 'n79021184', 50514.0, '61.0', 'Catholic Encyclopedia', 'schweden', '1418', 'Schweden', 'countries/sw', 'Swedish', 'sverige', 'sweden', '64452', '85633789', 'nan', '7599', '6764', '3371', '730-739', 'culture of Sweden', 'noPfTT', '3006', 'Category:Maps of Sweden', 'svezia', 'Suède', 'Sweden', 'Suecia', 'nan', 'pays/Suède/145432', 'lccn-n79054515', 'sweden:Sweden', '4320', 'nan', 'Kalmar Union', 'Sweden''s data portal', 'Sweden', '+0700-00-00T00:00:00Z', '6699.0', 'A17', 'i82948', '14791', 'economy of Sweden', '13156', 'H0010177', 'sweden', 'p/9002f3cd-18ba-4dd0-9919-5742621b5774', 'dfe028fd-2642-4bb8-aaec-32be15dcbed0', 'sweden', '스웨덴', '08783723-n', 'demographics of Sweden', 'ruotta', 'Y94383', '18-189082', 'c77jz3md4rwt', 'T84-3559', 'nan', '4102.0', '19599463.0', '2064998', 'Sverige', 'strany_mira/SHVETSIYA.html', '208', 'SG--571', '987007554811405171', 9.25999999999999979, '4169155.0', '720', 'Carl XVI Gustaf of Sweden', 'schweden', 'nan', '1004.0', '16666', '33', '752.0', '🇸🇪', 'Zweed', 'Schweden', 'Sweden', 'https://sweden.se', 'sweden', 0.946999999999999953, 'geo/6B39FA2B-447A-4740-A970-2ABF3A06D8A6', 'Q11', 'Sveriges Riksbank', 29.30000000000000071, '2729.0', 'node/424313277', 50.5, '48.0', 'T082574', 'sweden', 9424.0, '3035-922', '2--485')
Traceback (most recent call last):
  File "/home/lkruger/bachelorthesis/bachelorthesis/evaluation.py", line 134, in run_experiment
    insert_query_handler.handle_insert_query(query)
  File "/home/lkruger/bachelorthesis/bachelorthesis/system/insert_query_handler.py", line 27, in handle_insert_query
    query_data.table = self.strategy.predict_table_name(query_data)
  File "/home/lkruger/bachelorthesis/bachelorthesis/system/strategies/llama2/llama2_model.py", line 103, in predict_table_name
    self.run_prompt(
  File "/home/lkruger/bachelorthesis/bachelorthesis/system/strategies/llama2/llama2_model.py", line 87, in run_prompt
    return self.pipe(prompt_text)[0]["generated_text"]
  File "/home/lkruger/bachelorthesis/bachelorthesis/fine_tuning/venv/lib/python3.9/site-packages/transformers/pipelines/text_generation.py", line 240, in __call__
    return super().__call__(text_inputs, **kwargs)
  File "/home/lkruger/bachelorthesis/bachelorthesis/fine_tuning/venv/lib/python3.9/site-packages/transformers/pipelines/base.py", line 1242, in __call__
    return self.run_single(inputs, preprocess_params, forward_params, postprocess_params)
  File "/home/lkruger/bachelorthesis/bachelorthesis/fine_tuning/venv/lib/python3.9/site-packages/transformers/pipelines/base.py", line 1249, in run_single
    model_outputs = self.forward(model_inputs, **forward_params)
  File "/home/lkruger/bachelorthesis/bachelorthesis/fine_tuning/venv/lib/python3.9/site-packages/transformers/pipelines/base.py", line 1149, in forward
    model_outputs = self._forward(model_inputs, **forward_params)
  File "/home/lkruger/bachelorthesis/bachelorthesis/fine_tuning/venv/lib/python3.9/site-packages/transformers/pipelines/text_generation.py", line 327, in _forward
    generated_sequence = self.model.generate(input_ids=input_ids, attention_mask=attention_mask, **generate_kwargs)
  File "/home/lkruger/bachelorthesis/bachelorthesis/fine_tuning/venv/lib/python3.9/site-packages/torch/utils/_contextlib.py", line 115, in decorate_context
    return func(*args, **kwargs)
  File "/home/lkruger/bachelorthesis/bachelorthesis/fine_tuning/venv/lib/python3.9/site-packages/transformers/generation/utils.py", line 1622, in generate
    result = self._sample(
  File "/home/lkruger/bachelorthesis/bachelorthesis/fine_tuning/venv/lib/python3.9/site-packages/transformers/generation/utils.py", line 2791, in _sample
    outputs = self(
  File "/home/lkruger/bachelorthesis/bachelorthesis/fine_tuning/venv/lib/python3.9/site-packages/torch/nn/modules/module.py", line 1511, in _wrapped_call_impl
    return self._call_impl(*args, **kwargs)
  File "/home/lkruger/bachelorthesis/bachelorthesis/fine_tuning/venv/lib/python3.9/site-packages/torch/nn/modules/module.py", line 1520, in _call_impl
    return forward_call(*args, **kwargs)
  File "/home/lkruger/bachelorthesis/bachelorthesis/fine_tuning/venv/lib/python3.9/site-packages/accelerate/hooks.py", line 166, in new_forward
    output = module._old_forward(*args, **kwargs)
  File "/home/lkruger/bachelorthesis/bachelorthesis/fine_tuning/venv/lib/python3.9/site-packages/transformers/models/llama/modeling_llama.py", line 1208, in forward
    outputs = self.model(
  File "/home/lkruger/bachelorthesis/bachelorthesis/fine_tuning/venv/lib/python3.9/site-packages/torch/nn/modules/module.py", line 1511, in _wrapped_call_impl
    return self._call_impl(*args, **kwargs)
  File "/home/lkruger/bachelorthesis/bachelorthesis/fine_tuning/venv/lib/python3.9/site-packages/torch/nn/modules/module.py", line 1520, in _call_impl
    return forward_call(*args, **kwargs)
  File "/home/lkruger/bachelorthesis/bachelorthesis/fine_tuning/venv/lib/python3.9/site-packages/transformers/models/llama/modeling_llama.py", line 1018, in forward
    layer_outputs = decoder_layer(
  File "/home/lkruger/bachelorthesis/bachelorthesis/fine_tuning/venv/lib/python3.9/site-packages/torch/nn/modules/module.py", line 1511, in _wrapped_call_impl
    return self._call_impl(*args, **kwargs)
  File "/home/lkruger/bachelorthesis/bachelorthesis/fine_tuning/venv/lib/python3.9/site-packages/torch/nn/modules/module.py", line 1520, in _call_impl
    return forward_call(*args, **kwargs)
  File "/home/lkruger/bachelorthesis/bachelorthesis/fine_tuning/venv/lib/python3.9/site-packages/accelerate/hooks.py", line 166, in new_forward
    output = module._old_forward(*args, **kwargs)
  File "/home/lkruger/bachelorthesis/bachelorthesis/fine_tuning/venv/lib/python3.9/site-packages/transformers/models/llama/modeling_llama.py", line 756, in forward
    hidden_states = self.mlp(hidden_states)
  File "/home/lkruger/bachelorthesis/bachelorthesis/fine_tuning/venv/lib/python3.9/site-packages/torch/nn/modules/module.py", line 1511, in _wrapped_call_impl
    return self._call_impl(*args, **kwargs)
  File "/home/lkruger/bachelorthesis/bachelorthesis/fine_tuning/venv/lib/python3.9/site-packages/torch/nn/modules/module.py", line 1520, in _call_impl
    return forward_call(*args, **kwargs)
  File "/home/lkruger/bachelorthesis/bachelorthesis/fine_tuning/venv/lib/python3.9/site-packages/accelerate/hooks.py", line 166, in new_forward
    output = module._old_forward(*args, **kwargs)
  File "/home/lkruger/bachelorthesis/bachelorthesis/fine_tuning/venv/lib/python3.9/site-packages/transformers/models/llama/modeling_llama.py", line 240, in forward
    down_proj = self.down_proj(self.act_fn(self.gate_proj(x)) * self.up_proj(x))
torch.cuda.OutOfMemoryError: CUDA out of memory. Tried to allocate 160.00 MiB. GPU 0 has a total capacity of 15.77 GiB of which 135.88 MiB is free. Including non-PyTorch memory, this process has 15.64 GiB memory in use. Of the allocated memory 14.08 GiB is allocated by PyTorch, and 666.45 MiB is reserved by PyTorch but unallocated. If reserved but unallocated memory is large try setting PYTORCH_CUDA_ALLOC_CONF=expandable_segments:True to avoid fragmentation.  See documentation for Memory Management  (https://pytorch.org/docs/stable/notes/cuda.html#environment-variables)


Error while executing query: INSERT INTO `country` (`label`, `description`, `great_russian_encyclopedia_online_id`, `coordinates_of_southernmost_point`, `new_york_times_topic_id`, `gnd_id`, `category_of_associated_people`, `emergency_phone_number`, `electrical_plug_type`, `licence_plate_code`, `hashtag`, `babelnet_id`, `office_held_by_head_of_government`, `curlie_id`, `native_label`, `musicbrainz_area_id`, `public_holiday`, `uic_alphabetical_country_code`, `comic_vine_id`, `insee_countries_and_foreign_territories_code`, `vat_rate`, `diplomatic_relation`, `flag_image`, `commons_gallery`, `viaf_id`, `history_of_topic`, `capital`, `subreddit`, `openstreetmap_relation_id`, `mobile_country_code`, `maritime_identification_digits`, `nkcr_aut_id`, `asc_leiden_thesaurus_id`, `marriageable_age`, `category_of_people_buried_here`, `geoshape`, `coordinates_of_easternmost_point`, `le_monde_diplomatique_subject_id`, `marine_regions_geographic_id`, `member_of`, `unemployment_rate`, `railway_traffic_side`, `located_in_time_zone`, `category_for_people_who_died_here`, `yso_id`, `office_held_by_head_of_state`, `commons_category`, `shares_border_with`, `us_national_archives_identifier`, `nalt_id`, `treccani_id`, `iso_3166_1_numeric_code`, `coordinates_of_westernmost_point`, `country_calling_code`, `stw_thesaurus_for_economics_id`, `statoids_id`, `flag`, `fips_10_4_countries_and_regions`, `dagens_nyheter_topic_id`, `isni`, `nese_id`, `population`, `getty_thesaurus_of_geographic_names_id`, `topics_main_wikimedia_portal`, `wikimedia_outline`, `ndl_authority_id`, `currency`, `geonames_id`, `unicode_character`, `unesco_thesaurus_id`, `geography_of_topic`, `iso_3166_1_alpha_3_code`, `official_name`, `quora_topic_id`, `mesh_descriptor_id`, `guardian_topic_id`, `basic_form_of_government`, `coat_of_arms_image`, `ituisoiec_object_identifier`, `legislative_body`, `trunk_prefix`, `nuts_code`, `freebase_id`, `official_language`, `replaces`, `continent`, `coat_of_arms`, `age_of_majority`, `national_library_of_israel_id_old`, `on_focus_list_of_wikimedia_project`, `wipo_st3`, `coordinates_of_northernmost_point`, `has_quality`, `iso_3166_1_alpha_2_code`, `total_fertility_rate`, `area`, `store_norske_leksikon_id`, `different_from`, `topics_main_category`, `bibliothèque_nationale_de_france_id`, `locator_map_image`, `bbc_things_id`, `head_of_government`, `ioc_country_code`, `fast_id`, `gacs_id`, `archinform_location_id`, `encyclopædia_britannica_online_id`, `page_banner`, `category_for_films_shot_at_this_location`, `mains_voltage`, `executive_body`, `anthem`, `highest_judicial_authority`, `life_expectancy`, `top_level_internet_domain`, `instance_of`, `highest_point`, `category_for_people_born_here`, `driving_side`, `uic_numerical_country_code`, `lowest_point`, `civicus_monitor_country_entry`, `pronunciation_audio`, `idref_id`, `contains_the_administrative_territorial_entity`, `itu_letter_code`, `library_of_congress_authority_id`, `median_income`, `coordinate_location`, `described_by_source`, `brockhaus_enzyklopädie_online_id`, `iab_code`, `klexikon_article_id`, `loc_and_marc_vocabularies_id`, `language_used`, `dr_topic_id`, `world_encyclopedia_of_puppetry_arts_id`, `gran_enciclopèdia_catalana_id`, `whos_on_first_id`, `participant_in`, `inaturalist_place_id`, `omegawiki_defined_meaning`, `hds_id`, `gs1_country_code`, `culture`, `geonlp_id`, `analysis_policy_observatory_term_id`, `category_for_maps`, `treccanis_dizionario_di_storia_id`, `french_vikidia_id`, `english_vikidia_id`, `spanish_vikidia_id`, `italian_vikidia_id`, `larousse_id`, `worldcat_identities_id`, `fandom_article_id`, `eurovoc_id`, `tdv_islam_ansiklopedisi_id`, `part_of`, `open_data_portal`, `kbpedia_id`, `inception`, `rkd_thesaurus_id`, `pm20_geo_code`, `interlingual_index_id`, `jewish_encyclopedia_id_russian`, `economy_of_topic`, `uk_parliament_thesaurus_id`, `edition_humboldt_digital_id`, `tasteatlas_id`, `sapa_id`, `bhcl_uuid`, `github_topic`, `namuwiki_id`, `wordnet_31_synset_id`, `demographics_of_topic`, `ávvir_topic_id`, `ysa_id`, `yle_topic_id`, `bbc_news_topic_id`, `joconde_location_id`, `topics_main_template`, `armeniapedia_id`, `zhihu_topic_id`, `idaigazetteer_id`, `den_store_danske_id`, `krugosvet_article`, `schoenberg_database_of_manuscripts_place_id`, `colon_classification`, `national_library_of_israel_j9u_id`, `democracy_index`, `online_pwn_encyclopedia_id`, `postimees_topic_id`, `head_of_state`, `der_spiegel_topic_id`, `gyldendals_teaterleksikon_id`, `museum_digital_place_id`, `wikisimpsons_id`, `urban_electric_transit_country_id`, `m49_code`, `short_name`, `demonym`, `süddeutsche_zeitung_topic_id`, `country`, `official_website`, `alltrails_trail_id`, `human_development_index`, `national_historical_museums_of_sweden_id`, `eu_knowledge_graph_item_id`, `central_bank`, `gini_coefficient`, `obo_gazetteer_id`, `openstreetmap_element`, `happy_planet_index_score`, `the_top_tens_id`, `grove_art_online_id`, `the_world_factbook_country_id`, `number_of_out_of_school_children`, `giant_bomb_id`, `dewey_decimal_classification`) VALUES ('France', 'country in Western Europe', '4721849', '41.33354648385013', 'destination/france', '4018145-5', 'Category:French people', '112', 'Europlug', 'F', 'France', '00036202n', 'Prime Minister of France', 'Regional/Europe/France/', 'République française', '08310658-51eb-3801-80de-5a0739207115', 'Easter Monday', 'F', '4020-55778', 'nan', 20.0, 'Albania', 'Flag of France (1794–1815, 1830–1974, 2020–present).svg', 'France', '264091107', 'history of France', 'Paris', 'france', '2202162', '208', '226.0', 'ge129152', '294912452.0', 0.0, 'Category:Burials in France', 'Data:France.map', '42.282222222222', 'pays/france', '17.0', 'European Union', 10.0, 'left', 'UTC+01:00', 'Category:Deaths in France', '104968', 'President of the French Republic', 'France', 'Kingdom of the Netherlands', '10035788.0', '7039.0', 'nan', '250', '48.445833333333', '33', '17255-3', 'ufr', 'flag of France', 'FR', 'frankrike', 'nan', 'frankrike', 67749632.0, '1000070', 'Portal:France', 'outline of France', '563689', 'euro', '3017382', '🇫🇷', 'concept902', 'geography of France', 'FRA', 'Francouzská republika', 'France', 'D005602', 'world/france', 'semi-presidential system', 'Armoiries république française.svg', '2.16.250', 'French Parliament', '0.0', 'FR', '/m/0f8l9c', 'French', 'nan', 'Europe', 'coat of arms of France', 18.0, '974208.0', 'Wikipedia:List of articles all languages should have', 'FR', '51.089', 'free country', 'FR', 1.989999999999999992, 643801.0, 'Frankrike', 'nan', 'Category:France', '152383070', 'EU-France (orthographic projection).svg', '61ef4416-de68-49ff-9c97-e0779dafd9d2', 'Élisabeth Borne', 'FRA', '1204289', '619', '2984', 'place/France', 'Sainte-Enimie-Gorges du Tarn France banner.jpg', 'Category:Films shot in France', 230.0, 'Government of France', 'La Marseillaise', 'Court of Cassation', 82.27316999999999325, '.fr', 'country', 'Mont Blanc', 'Category:Births in France', 'right', '87.0', 'Étang de Lavalduc', 'france', 'Hu-francia.ogg', '026378329', 'Clipperton Island', 'F', 'n79006404', 30364.0, '47.0', 'Catholic Encyclopedia', 'frankreich', '1295', 'Frankreich', 'countries/fr', 'standard French', 'frankrig', 'france', '27948', '85633147', 'Rif War', '6753', '7955', '3354', '300-379', 'culture of France', 'JfFJmZ', '6592', 'Category:Maps of France', 'francia', 'France', 'France', 'Francia', 'Francia', 'pays/wd/120114', 'lccn-n79006404', 'france:France', '1085', 'nan', 'Western Europe', 'data.gouv.fr', 'France', '+1792-00-00T00:00:00Z', '455.0', 'A28', 'i83644', '14344', 'economy of France', '10352', 'H0004801', 'france', 'p/804af1fe-911d-449e-9a90-c127110acda5', '00e4cc53-5b5d-4636-a60e-addf9f452f94', 'france', '프랑스', '08949695-n', 'demographics of France', 'frankriika', 'Y104968', '18-193871', 'c302m85qenyt', 'T84-742', 'Template:Regions of France', '3938.0', '19552320.0', '2076466', 'Frankrig', 'strany_mira/FRANTSIYA.html', '13', 'SG--53', '987007552533205171', 7.990000000000000213, '4169037.0', '2706', 'Emmanuel Macron', 'frankreich', 'Frankrig', '330.0', '16355', '29', '250.0', 'France', 'француз', 'Frankreich', 'France', 'https://www.gouvernement.fr/', 'france', 0.9030000000000000248, 'geo/CF4D8D5F-9DE6-4C9C-9F25-F4B3BAC86493', 'Q20', 'Bank of France', 33.10000000000000142, '2940.0', 'node/291222598', 51.79999999999999716, '49.0', 'T029314', 'france', 29418.0, '3035-197', '2--44')
Traceback (most recent call last):
  File "/home/lkruger/bachelorthesis/bachelorthesis/evaluation.py", line 134, in run_experiment
    insert_query_handler.handle_insert_query(query)
  File "/home/lkruger/bachelorthesis/bachelorthesis/system/insert_query_handler.py", line 27, in handle_insert_query
    query_data.table = self.strategy.predict_table_name(query_data)
  File "/home/lkruger/bachelorthesis/bachelorthesis/system/strategies/llama2/llama2_model.py", line 103, in predict_table_name
    self.run_prompt(
  File "/home/lkruger/bachelorthesis/bachelorthesis/system/strategies/llama2/llama2_model.py", line 87, in run_prompt
    return self.pipe(prompt_text)[0]["generated_text"]
  File "/home/lkruger/bachelorthesis/bachelorthesis/fine_tuning/venv/lib/python3.9/site-packages/transformers/pipelines/text_generation.py", line 240, in __call__
    return super().__call__(text_inputs, **kwargs)
  File "/home/lkruger/bachelorthesis/bachelorthesis/fine_tuning/venv/lib/python3.9/site-packages/transformers/pipelines/base.py", line 1242, in __call__
    return self.run_single(inputs, preprocess_params, forward_params, postprocess_params)
  File "/home/lkruger/bachelorthesis/bachelorthesis/fine_tuning/venv/lib/python3.9/site-packages/transformers/pipelines/base.py", line 1249, in run_single
    model_outputs = self.forward(model_inputs, **forward_params)
  File "/home/lkruger/bachelorthesis/bachelorthesis/fine_tuning/venv/lib/python3.9/site-packages/transformers/pipelines/base.py", line 1149, in forward
    model_outputs = self._forward(model_inputs, **forward_params)
  File "/home/lkruger/bachelorthesis/bachelorthesis/fine_tuning/venv/lib/python3.9/site-packages/transformers/pipelines/text_generation.py", line 327, in _forward
    generated_sequence = self.model.generate(input_ids=input_ids, attention_mask=attention_mask, **generate_kwargs)
  File "/home/lkruger/bachelorthesis/bachelorthesis/fine_tuning/venv/lib/python3.9/site-packages/torch/utils/_contextlib.py", line 115, in decorate_context
    return func(*args, **kwargs)
  File "/home/lkruger/bachelorthesis/bachelorthesis/fine_tuning/venv/lib/python3.9/site-packages/transformers/generation/utils.py", line 1622, in generate
    result = self._sample(
  File "/home/lkruger/bachelorthesis/bachelorthesis/fine_tuning/venv/lib/python3.9/site-packages/transformers/generation/utils.py", line 2791, in _sample
    outputs = self(
  File "/home/lkruger/bachelorthesis/bachelorthesis/fine_tuning/venv/lib/python3.9/site-packages/torch/nn/modules/module.py", line 1511, in _wrapped_call_impl
    return self._call_impl(*args, **kwargs)
  File "/home/lkruger/bachelorthesis/bachelorthesis/fine_tuning/venv/lib/python3.9/site-packages/torch/nn/modules/module.py", line 1520, in _call_impl
    return forward_call(*args, **kwargs)
  File "/home/lkruger/bachelorthesis/bachelorthesis/fine_tuning/venv/lib/python3.9/site-packages/accelerate/hooks.py", line 166, in new_forward
    output = module._old_forward(*args, **kwargs)
  File "/home/lkruger/bachelorthesis/bachelorthesis/fine_tuning/venv/lib/python3.9/site-packages/transformers/models/llama/modeling_llama.py", line 1208, in forward
    outputs = self.model(
  File "/home/lkruger/bachelorthesis/bachelorthesis/fine_tuning/venv/lib/python3.9/site-packages/torch/nn/modules/module.py", line 1511, in _wrapped_call_impl
    return self._call_impl(*args, **kwargs)
  File "/home/lkruger/bachelorthesis/bachelorthesis/fine_tuning/venv/lib/python3.9/site-packages/torch/nn/modules/module.py", line 1520, in _call_impl
    return forward_call(*args, **kwargs)
  File "/home/lkruger/bachelorthesis/bachelorthesis/fine_tuning/venv/lib/python3.9/site-packages/transformers/models/llama/modeling_llama.py", line 1018, in forward
    layer_outputs = decoder_layer(
  File "/home/lkruger/bachelorthesis/bachelorthesis/fine_tuning/venv/lib/python3.9/site-packages/torch/nn/modules/module.py", line 1511, in _wrapped_call_impl
    return self._call_impl(*args, **kwargs)
  File "/home/lkruger/bachelorthesis/bachelorthesis/fine_tuning/venv/lib/python3.9/site-packages/torch/nn/modules/module.py", line 1520, in _call_impl
    return forward_call(*args, **kwargs)
  File "/home/lkruger/bachelorthesis/bachelorthesis/fine_tuning/venv/lib/python3.9/site-packages/accelerate/hooks.py", line 166, in new_forward
    output = module._old_forward(*args, **kwargs)
  File "/home/lkruger/bachelorthesis/bachelorthesis/fine_tuning/venv/lib/python3.9/site-packages/transformers/models/llama/modeling_llama.py", line 756, in forward
    hidden_states = self.mlp(hidden_states)
  File "/home/lkruger/bachelorthesis/bachelorthesis/fine_tuning/venv/lib/python3.9/site-packages/torch/nn/modules/module.py", line 1511, in _wrapped_call_impl
    return self._call_impl(*args, **kwargs)
  File "/home/lkruger/bachelorthesis/bachelorthesis/fine_tuning/venv/lib/python3.9/site-packages/torch/nn/modules/module.py", line 1520, in _call_impl
    return forward_call(*args, **kwargs)
  File "/home/lkruger/bachelorthesis/bachelorthesis/fine_tuning/venv/lib/python3.9/site-packages/accelerate/hooks.py", line 166, in new_forward
    output = module._old_forward(*args, **kwargs)
  File "/home/lkruger/bachelorthesis/bachelorthesis/fine_tuning/venv/lib/python3.9/site-packages/transformers/models/llama/modeling_llama.py", line 240, in forward
    down_proj = self.down_proj(self.act_fn(self.gate_proj(x)) * self.up_proj(x))
torch.cuda.OutOfMemoryError: CUDA out of memory. Tried to allocate 158.00 MiB. GPU 0 has a total capacity of 15.77 GiB of which 135.88 MiB is free. Including non-PyTorch memory, this process has 15.64 GiB memory in use. Of the allocated memory 14.07 GiB is allocated by PyTorch, and 673.58 MiB is reserved by PyTorch but unallocated. If reserved but unallocated memory is large try setting PYTORCH_CUDA_ALLOC_CONF=expandable_segments:True to avoid fragmentation.  See documentation for Memory Management  (https://pytorch.org/docs/stable/notes/cuda.html#environment-variables)


Error while executing query: INSERT INTO `country` (`label`, `description`, `great_russian_encyclopedia_online_id`, `coordinates_of_southernmost_point`, `new_york_times_topic_id`, `gnd_id`, `category_of_associated_people`, `emergency_phone_number`, `electrical_plug_type`, `licence_plate_code`, `hashtag`, `babelnet_id`, `office_held_by_head_of_government`, `curlie_id`, `native_label`, `musicbrainz_area_id`, `public_holiday`, `uic_alphabetical_country_code`, `comic_vine_id`, `insee_countries_and_foreign_territories_code`, `vat_rate`, `diplomatic_relation`, `flag_image`, `commons_gallery`, `viaf_id`, `history_of_topic`, `capital`, `subreddit`, `openstreetmap_relation_id`, `mobile_country_code`, `maritime_identification_digits`, `nkcr_aut_id`, `asc_leiden_thesaurus_id`, `marriageable_age`, `category_of_people_buried_here`, `geoshape`, `coordinates_of_easternmost_point`, `le_monde_diplomatique_subject_id`, `marine_regions_geographic_id`, `member_of`, `unemployment_rate`, `railway_traffic_side`, `located_in_time_zone`, `category_for_people_who_died_here`, `yso_id`, `office_held_by_head_of_state`, `commons_category`, `shares_border_with`, `us_national_archives_identifier`, `nalt_id`, `treccani_id`, `iso_3166_1_numeric_code`, `coordinates_of_westernmost_point`, `country_calling_code`, `stw_thesaurus_for_economics_id`, `statoids_id`, `flag`, `fips_10_4_countries_and_regions`, `dagens_nyheter_topic_id`, `isni`, `nese_id`, `population`, `getty_thesaurus_of_geographic_names_id`, `topics_main_wikimedia_portal`, `wikimedia_outline`, `ndl_authority_id`, `currency`, `geonames_id`, `unicode_character`, `unesco_thesaurus_id`, `geography_of_topic`, `iso_3166_1_alpha_3_code`, `official_name`, `quora_topic_id`, `mesh_descriptor_id`, `guardian_topic_id`, `basic_form_of_government`, `coat_of_arms_image`, `ituisoiec_object_identifier`, `legislative_body`, `trunk_prefix`, `nuts_code`, `freebase_id`, `official_language`, `replaces`, `continent`, `coat_of_arms`, `age_of_majority`, `national_library_of_israel_id_old`, `on_focus_list_of_wikimedia_project`, `wipo_st3`, `coordinates_of_northernmost_point`, `has_quality`, `iso_3166_1_alpha_2_code`, `total_fertility_rate`, `area`, `store_norske_leksikon_id`, `different_from`, `topics_main_category`, `bibliothèque_nationale_de_france_id`, `locator_map_image`, `bbc_things_id`, `head_of_government`, `ioc_country_code`, `fast_id`, `gacs_id`, `archinform_location_id`, `encyclopædia_britannica_online_id`, `page_banner`, `category_for_films_shot_at_this_location`, `mains_voltage`, `executive_body`, `anthem`, `highest_judicial_authority`, `life_expectancy`, `top_level_internet_domain`, `instance_of`, `highest_point`, `category_for_people_born_here`, `driving_side`, `uic_numerical_country_code`, `lowest_point`, `civicus_monitor_country_entry`, `pronunciation_audio`, `idref_id`, `contains_the_administrative_territorial_entity`, `itu_letter_code`, `library_of_congress_authority_id`, `median_income`, `coordinate_location`, `described_by_source`, `brockhaus_enzyklopädie_online_id`, `iab_code`, `klexikon_article_id`, `loc_and_marc_vocabularies_id`, `language_used`, `dr_topic_id`, `world_encyclopedia_of_puppetry_arts_id`, `gran_enciclopèdia_catalana_id`, `whos_on_first_id`, `participant_in`, `inaturalist_place_id`, `omegawiki_defined_meaning`, `hds_id`, `gs1_country_code`, `culture`, `geonlp_id`, `analysis_policy_observatory_term_id`, `category_for_maps`, `treccanis_dizionario_di_storia_id`, `french_vikidia_id`, `english_vikidia_id`, `spanish_vikidia_id`, `italian_vikidia_id`, `larousse_id`, `worldcat_identities_id`, `fandom_article_id`, `eurovoc_id`, `tdv_islam_ansiklopedisi_id`, `part_of`, `open_data_portal`, `kbpedia_id`, `inception`, `rkd_thesaurus_id`, `pm20_geo_code`, `interlingual_index_id`, `jewish_encyclopedia_id_russian`, `economy_of_topic`, `uk_parliament_thesaurus_id`, `edition_humboldt_digital_id`, `tasteatlas_id`, `sapa_id`, `bhcl_uuid`, `github_topic`, `namuwiki_id`, `wordnet_31_synset_id`, `demographics_of_topic`, `ávvir_topic_id`, `ysa_id`, `yle_topic_id`, `bbc_news_topic_id`, `joconde_location_id`, `topics_main_template`, `armeniapedia_id`, `zhihu_topic_id`, `idaigazetteer_id`, `den_store_danske_id`, `krugosvet_article`, `schoenberg_database_of_manuscripts_place_id`, `colon_classification`, `national_library_of_israel_j9u_id`, `democracy_index`, `online_pwn_encyclopedia_id`, `postimees_topic_id`, `head_of_state`, `der_spiegel_topic_id`, `gyldendals_teaterleksikon_id`, `museum_digital_place_id`, `wikisimpsons_id`, `urban_electric_transit_country_id`, `m49_code`, `short_name`, `demonym`, `süddeutsche_zeitung_topic_id`, `country`, `official_website`, `alltrails_trail_id`, `human_development_index`, `national_historical_museums_of_sweden_id`, `eu_knowledge_graph_item_id`, `central_bank`, `gini_coefficient`, `obo_gazetteer_id`, `openstreetmap_element`, `happy_planet_index_score`, `the_top_tens_id`, `grove_art_online_id`, `the_world_factbook_country_id`, `number_of_out_of_school_children`, `giant_bomb_id`, `dewey_decimal_classification`) VALUES ('Serbia', 'country in southeastern Europe', '3657248', '41.857661111111', 'destination/serbia', '4054598-2', 'Category:Serbian people', '192', 'Europlug', 'SRB', 'Serbia', '00070583n', 'Prime Minister of Serbia', 'Regional/Europe/Serbia_and_Montenegro/Serbia/', 'Србија', '424c1b50-57f8-34af-ab97-313e2ad40058', 'New Year''s Day', 'SRB', '4020-56405', '99121.0', 20.0, 'Germany', 'Flag of Serbia.svg', 'Србија', '151202876', 'history of Serbia', 'Belgrade', 'serbia', '1741311', '220', '279.0', 'ge130919', 'nan', 18.0, 'Category:Burials in Serbia', 'Data:Serbia.map', '43.18729985', 'pays/serbie', '21449.0', 'Council of Europe', 22.0, 'right', 'UTC+01:00', 'Category:Deaths in Serbia', '107592', 'President of Serbia', 'Serbia', 'European Union', '10045307.0', '39649.0', 'serbia', '688', '45.81651686', '381', '30078-1', 'urs', 'flag of Serbia', 'RI', 'nan', '0000 0000 9526 6709', 'nan', 7022268.0, '7006669', 'Portal:Serbia', 'outline of Serbia', '570825', 'Serbian dinar', '6290252', '🇷🇸', 'concept17058', 'geography of Serbia', 'SRB', 'Србија', 'Serbia', 'D055771', 'world/serbia', 'nan', 'Coat of arms of Serbia.svg', '2.16.688', 'National Assembly of Serbia', '0.0', 'RS', '/m/077qn', 'Serbian', 'Serbia and Montenegro', 'Europe', 'coat of arms of Serbia', 18.0, 'nan', 'Wikipedia:Vital articles/Level/4', 'RS', '46.18', 'free country', 'RS', 1.429999999999999938, 88499.0, 'Serbia', 'Republika Srpska', 'Category:Serbia', 'nan', 'Europe-Serbia.svg', '1791445f-977a-4e6d-b490-51f84bb4fc52', 'Ana Brnabić', 'SRB', '1692602', '286', '12205', 'place/Serbia', 'Danube in Ritopek, Serbia banner.jpg', 'Category:Films shot in Serbia', 230.0, 'Government of Serbia', 'Bože pravde', 'nan', 75.23901999999999646, '.rs', 'sovereign state', 'Velika Rudoka', 'Category:Births in Serbia', 'right', '72.0', 'Timok', 'serbia', 'Lb-Serbien.ogg', 'nan', 'Bor District', 'SRB', 'n85195919', NULL, '43.95', 'Brockhaus and Efron Encyclopedic Dictionary', 'serbien', '1400', 'Serbien', 'countries/rb', 'Serbian', 'serbien', 'serbia', '61922', '85633755', 'nan', '7147', '8071', '41010', '860', 'Serbian culture', 'aGCXIq', '6714', 'Category:Maps of Serbia', 'serbia', 'Serbie', 'nan', 'Serbia', 'nan', 'pays/wd/143964', 'viaf-140423359', 'serbia:serbia', '5892', 'sirbistan', 'post-Yugoslavia states', 'Open data portal Serbia', 'Serbia', '+2006-00-00T00:00:00Z', '25339.0', 'A41', 'i83177', '13768', 'economy of Serbia', '12742', 'nan', 'serbia', 'nan', '9e68967f-4ca3-4b99-8c7f-c4e956949fe6', 'serbia', '세르비아', '08834821-n', 'demographics of Serbia', 'nan', 'Y107592', '18-183600', 'c8nq32jw8yjt', 'T84-3561', 'Template:Serbia topics', '7749.0', '20004553.0', '2293910', 'Serbien', 'strany-mira/serbiya', '1065', 'SG--59221', '987007557617605171', 6.219999999999999752, '3974069.0', '1077', 'Aleksandar Vučić', 'serbien', 'Serbien', '1798.0', '48453', '24', 'nan', '🇷🇸', 'српски', 'Serbien', 'Serbia', 'http://www.srbija.gov.rs/', 'nan', 0.8020000000000000461, 'geo/74A541C5-CFD7-47F6-9F5B-CEA09953BCEC', 'Q332', 'nan', 34.5, '2957.0', 'node/369137525', 53.20000000000000284, 'nan', 'T077654', 'serbia', 33041.0, '3035-717', '2--4971')
Traceback (most recent call last):
  File "/home/lkruger/bachelorthesis/bachelorthesis/evaluation.py", line 134, in run_experiment
    insert_query_handler.handle_insert_query(query)
  File "/home/lkruger/bachelorthesis/bachelorthesis/system/insert_query_handler.py", line 27, in handle_insert_query
    query_data.table = self.strategy.predict_table_name(query_data)
  File "/home/lkruger/bachelorthesis/bachelorthesis/system/strategies/llama2/llama2_model.py", line 103, in predict_table_name
    self.run_prompt(
  File "/home/lkruger/bachelorthesis/bachelorthesis/system/strategies/llama2/llama2_model.py", line 87, in run_prompt
    return self.pipe(prompt_text)[0]["generated_text"]
  File "/home/lkruger/bachelorthesis/bachelorthesis/fine_tuning/venv/lib/python3.9/site-packages/transformers/pipelines/text_generation.py", line 240, in __call__
    return super().__call__(text_inputs, **kwargs)
  File "/home/lkruger/bachelorthesis/bachelorthesis/fine_tuning/venv/lib/python3.9/site-packages/transformers/pipelines/base.py", line 1242, in __call__
    return self.run_single(inputs, preprocess_params, forward_params, postprocess_params)
  File "/home/lkruger/bachelorthesis/bachelorthesis/fine_tuning/venv/lib/python3.9/site-packages/transformers/pipelines/base.py", line 1249, in run_single
    model_outputs = self.forward(model_inputs, **forward_params)
  File "/home/lkruger/bachelorthesis/bachelorthesis/fine_tuning/venv/lib/python3.9/site-packages/transformers/pipelines/base.py", line 1149, in forward
    model_outputs = self._forward(model_inputs, **forward_params)
  File "/home/lkruger/bachelorthesis/bachelorthesis/fine_tuning/venv/lib/python3.9/site-packages/transformers/pipelines/text_generation.py", line 327, in _forward
    generated_sequence = self.model.generate(input_ids=input_ids, attention_mask=attention_mask, **generate_kwargs)
  File "/home/lkruger/bachelorthesis/bachelorthesis/fine_tuning/venv/lib/python3.9/site-packages/torch/utils/_contextlib.py", line 115, in decorate_context
    return func(*args, **kwargs)
  File "/home/lkruger/bachelorthesis/bachelorthesis/fine_tuning/venv/lib/python3.9/site-packages/transformers/generation/utils.py", line 1622, in generate
    result = self._sample(
  File "/home/lkruger/bachelorthesis/bachelorthesis/fine_tuning/venv/lib/python3.9/site-packages/transformers/generation/utils.py", line 2791, in _sample
    outputs = self(
  File "/home/lkruger/bachelorthesis/bachelorthesis/fine_tuning/venv/lib/python3.9/site-packages/torch/nn/modules/module.py", line 1511, in _wrapped_call_impl
    return self._call_impl(*args, **kwargs)
  File "/home/lkruger/bachelorthesis/bachelorthesis/fine_tuning/venv/lib/python3.9/site-packages/torch/nn/modules/module.py", line 1520, in _call_impl
    return forward_call(*args, **kwargs)
  File "/home/lkruger/bachelorthesis/bachelorthesis/fine_tuning/venv/lib/python3.9/site-packages/accelerate/hooks.py", line 166, in new_forward
    output = module._old_forward(*args, **kwargs)
  File "/home/lkruger/bachelorthesis/bachelorthesis/fine_tuning/venv/lib/python3.9/site-packages/transformers/models/llama/modeling_llama.py", line 1208, in forward
    outputs = self.model(
  File "/home/lkruger/bachelorthesis/bachelorthesis/fine_tuning/venv/lib/python3.9/site-packages/torch/nn/modules/module.py", line 1511, in _wrapped_call_impl
    return self._call_impl(*args, **kwargs)
  File "/home/lkruger/bachelorthesis/bachelorthesis/fine_tuning/venv/lib/python3.9/site-packages/torch/nn/modules/module.py", line 1520, in _call_impl
    return forward_call(*args, **kwargs)
  File "/home/lkruger/bachelorthesis/bachelorthesis/fine_tuning/venv/lib/python3.9/site-packages/transformers/models/llama/modeling_llama.py", line 1018, in forward
    layer_outputs = decoder_layer(
  File "/home/lkruger/bachelorthesis/bachelorthesis/fine_tuning/venv/lib/python3.9/site-packages/torch/nn/modules/module.py", line 1511, in _wrapped_call_impl
    return self._call_impl(*args, **kwargs)
  File "/home/lkruger/bachelorthesis/bachelorthesis/fine_tuning/venv/lib/python3.9/site-packages/torch/nn/modules/module.py", line 1520, in _call_impl
    return forward_call(*args, **kwargs)
  File "/home/lkruger/bachelorthesis/bachelorthesis/fine_tuning/venv/lib/python3.9/site-packages/accelerate/hooks.py", line 166, in new_forward
    output = module._old_forward(*args, **kwargs)
  File "/home/lkruger/bachelorthesis/bachelorthesis/fine_tuning/venv/lib/python3.9/site-packages/transformers/models/llama/modeling_llama.py", line 756, in forward
    hidden_states = self.mlp(hidden_states)
  File "/home/lkruger/bachelorthesis/bachelorthesis/fine_tuning/venv/lib/python3.9/site-packages/torch/nn/modules/module.py", line 1511, in _wrapped_call_impl
    return self._call_impl(*args, **kwargs)
  File "/home/lkruger/bachelorthesis/bachelorthesis/fine_tuning/venv/lib/python3.9/site-packages/torch/nn/modules/module.py", line 1520, in _call_impl
    return forward_call(*args, **kwargs)
  File "/home/lkruger/bachelorthesis/bachelorthesis/fine_tuning/venv/lib/python3.9/site-packages/accelerate/hooks.py", line 166, in new_forward
    output = module._old_forward(*args, **kwargs)
  File "/home/lkruger/bachelorthesis/bachelorthesis/fine_tuning/venv/lib/python3.9/site-packages/transformers/models/llama/modeling_llama.py", line 240, in forward
    down_proj = self.down_proj(self.act_fn(self.gate_proj(x)) * self.up_proj(x))
torch.cuda.OutOfMemoryError: CUDA out of memory. Tried to allocate 156.00 MiB. GPU 0 has a total capacity of 15.77 GiB of which 135.88 MiB is free. Including non-PyTorch memory, this process has 15.64 GiB memory in use. Of the allocated memory 14.05 GiB is allocated by PyTorch, and 694.60 MiB is reserved by PyTorch but unallocated. If reserved but unallocated memory is large try setting PYTORCH_CUDA_ALLOC_CONF=expandable_segments:True to avoid fragmentation.  See documentation for Memory Management  (https://pytorch.org/docs/stable/notes/cuda.html#environment-variables)


Error while executing query: INSERT INTO `country` (`label`, `description`, `great_russian_encyclopedia_online_id`, `coordinates_of_southernmost_point`, `new_york_times_topic_id`, `gnd_id`, `category_of_associated_people`, `emergency_phone_number`, `electrical_plug_type`, `licence_plate_code`, `hashtag`, `babelnet_id`, `office_held_by_head_of_government`, `curlie_id`, `native_label`, `musicbrainz_area_id`, `public_holiday`, `uic_alphabetical_country_code`, `comic_vine_id`, `insee_countries_and_foreign_territories_code`, `vat_rate`, `diplomatic_relation`, `flag_image`, `commons_gallery`, `viaf_id`, `history_of_topic`, `capital`, `subreddit`, `openstreetmap_relation_id`, `mobile_country_code`, `maritime_identification_digits`, `nkcr_aut_id`, `asc_leiden_thesaurus_id`, `marriageable_age`, `category_of_people_buried_here`, `geoshape`, `coordinates_of_easternmost_point`, `le_monde_diplomatique_subject_id`, `marine_regions_geographic_id`, `member_of`, `unemployment_rate`, `railway_traffic_side`, `located_in_time_zone`, `category_for_people_who_died_here`, `yso_id`, `office_held_by_head_of_state`, `commons_category`, `shares_border_with`, `us_national_archives_identifier`, `nalt_id`, `treccani_id`, `iso_3166_1_numeric_code`, `coordinates_of_westernmost_point`, `country_calling_code`, `stw_thesaurus_for_economics_id`, `statoids_id`, `flag`, `fips_10_4_countries_and_regions`, `dagens_nyheter_topic_id`, `isni`, `nese_id`, `population`, `getty_thesaurus_of_geographic_names_id`, `topics_main_wikimedia_portal`, `wikimedia_outline`, `ndl_authority_id`, `currency`, `geonames_id`, `unicode_character`, `unesco_thesaurus_id`, `geography_of_topic`, `iso_3166_1_alpha_3_code`, `official_name`, `quora_topic_id`, `mesh_descriptor_id`, `guardian_topic_id`, `basic_form_of_government`, `coat_of_arms_image`, `ituisoiec_object_identifier`, `legislative_body`, `trunk_prefix`, `nuts_code`, `freebase_id`, `official_language`, `replaces`, `continent`, `coat_of_arms`, `age_of_majority`, `national_library_of_israel_id_old`, `on_focus_list_of_wikimedia_project`, `wipo_st3`, `coordinates_of_northernmost_point`, `has_quality`, `iso_3166_1_alpha_2_code`, `total_fertility_rate`, `area`, `store_norske_leksikon_id`, `different_from`, `topics_main_category`, `bibliothèque_nationale_de_france_id`, `locator_map_image`, `bbc_things_id`, `head_of_government`, `ioc_country_code`, `fast_id`, `gacs_id`, `archinform_location_id`, `encyclopædia_britannica_online_id`, `page_banner`, `category_for_films_shot_at_this_location`, `mains_voltage`, `executive_body`, `anthem`, `highest_judicial_authority`, `life_expectancy`, `top_level_internet_domain`, `instance_of`, `highest_point`, `category_for_people_born_here`, `driving_side`, `uic_numerical_country_code`, `lowest_point`, `civicus_monitor_country_entry`, `pronunciation_audio`, `idref_id`, `contains_the_administrative_territorial_entity`, `itu_letter_code`, `library_of_congress_authority_id`, `median_income`, `coordinate_location`, `described_by_source`, `brockhaus_enzyklopädie_online_id`, `iab_code`, `klexikon_article_id`, `loc_and_marc_vocabularies_id`, `language_used`, `dr_topic_id`, `world_encyclopedia_of_puppetry_arts_id`, `gran_enciclopèdia_catalana_id`, `whos_on_first_id`, `participant_in`, `inaturalist_place_id`, `omegawiki_defined_meaning`, `hds_id`, `gs1_country_code`, `culture`, `geonlp_id`, `analysis_policy_observatory_term_id`, `category_for_maps`, `treccanis_dizionario_di_storia_id`, `french_vikidia_id`, `english_vikidia_id`, `spanish_vikidia_id`, `italian_vikidia_id`, `larousse_id`, `worldcat_identities_id`, `fandom_article_id`, `eurovoc_id`, `tdv_islam_ansiklopedisi_id`, `part_of`, `open_data_portal`, `kbpedia_id`, `inception`, `rkd_thesaurus_id`, `pm20_geo_code`, `interlingual_index_id`, `jewish_encyclopedia_id_russian`, `economy_of_topic`, `uk_parliament_thesaurus_id`, `edition_humboldt_digital_id`, `tasteatlas_id`, `sapa_id`, `bhcl_uuid`, `github_topic`, `namuwiki_id`, `wordnet_31_synset_id`, `demographics_of_topic`, `ávvir_topic_id`, `ysa_id`, `yle_topic_id`, `bbc_news_topic_id`, `joconde_location_id`, `topics_main_template`, `armeniapedia_id`, `zhihu_topic_id`, `idaigazetteer_id`, `den_store_danske_id`, `krugosvet_article`, `schoenberg_database_of_manuscripts_place_id`, `colon_classification`, `national_library_of_israel_j9u_id`, `democracy_index`, `online_pwn_encyclopedia_id`, `postimees_topic_id`, `head_of_state`, `der_spiegel_topic_id`, `gyldendals_teaterleksikon_id`, `museum_digital_place_id`, `wikisimpsons_id`, `urban_electric_transit_country_id`, `m49_code`, `short_name`, `demonym`, `süddeutsche_zeitung_topic_id`, `country`, `official_website`, `alltrails_trail_id`, `human_development_index`, `national_historical_museums_of_sweden_id`, `eu_knowledge_graph_item_id`, `central_bank`, `gini_coefficient`, `obo_gazetteer_id`, `openstreetmap_element`, `happy_planet_index_score`, `the_top_tens_id`, `grove_art_online_id`, `the_world_factbook_country_id`, `number_of_out_of_school_children`, `giant_bomb_id`, `dewey_decimal_classification`) VALUES ('United States of America', 'country in North America', '3590227', '24.5442989', 'destination/united-states', '4078704-7', 'Category:American people', '911', 'NEMA 1-15', 'USA', 'usa', '00003341n', 'President of the United States', 'Regional/North_America/United_States/', 'United States of America', '489ce91b-6658-3307-9877-795b68554c98', 'Independence Day', 'nan', 'nan', '99404.0', NULL, 'Afghanistan', 'Flag of the United States.svg', 'United States', '130168302', 'history of the United States', 'Washington, D.C.', 'usa', '148838', '310', '338.0', 'ge128584', '294942807.0', NULL, 'Category:Burials in the United States', 'Data:United States.map', '44.81539337', 'pays/etatsunis', '2204.0', 'World Health Organization', 6.700000000000000177, 'right', 'UTC−06:00', 'Category:Deaths in the United States', '105078', 'President of the United States', 'United States', 'Canada', '10045728.0', '7522.0', 'stati-uniti-d-america', '840', '52.92112', '1', '17829-1', 'uus', 'flag of the United States', 'US', 'nan', '0000 0001 2331 5230', 'united-states', 331449281.0, '7012149', 'Italia', 'outline of the United States', '871907', 'United States dollar', '6252001', '🇺🇸', 'concept806', 'geography of the United States', 'USA', 'the United States of America', 'The-United-States-of-America', 'D014481', 'us-news', 'presidential system', 'Greater coat of arms of the United States.svg', '2.16.840', 'United States Congress', 'nan', 'nan', '/m/09c7w0', 'English', 'Thirteen Colonies', 'North America', 'Great Seal of the United States', NULL, '134032.0', 'Wikipedia:List of articles all languages should have', 'US', '71.38', 'free country', 'US', 1.861499999999999933, 9826675.0, 'USA', 'the Americas', 'Category:United States', '118636082', 'USA orthographic.svg', '82857f8e-8134-462a-bb32-b7b14f4eab75', 'Joe Biden', 'USA', '1204155', '322', '3058', 'place/United-States', 'Statue of Liberty light banner.jpg', 'Category:Films shot in the United States', 120.0, 'federal government of the United States', 'The Star-Spangled Banner', 'Supreme Court of the United States', 78.69024000000000285, '.us', 'country', 'Denali', 'Category:Births in the United States', 'right', 'nan', 'Badwater Basin', 'united-states-america', 'Lb-Amerika.ogg', '026376598', 'Delaware', 'USA', 'n78095330', 43585.0, '39.828175', 'Small Brockhaus and Efron Encyclopedic Dictionary', 'vereinigte-staaten-von-amerika', '1455', 'Vereinigte_Staaten_von_Amerika', 'countries/xxu', 'English', 'usa', 'united-states-of-america', '25184', '85633793', 'atomic bombings of Hiroshima and Nagasaki', '1', '6578', '3380', '000-139', 'culture of the United States', 'wkcbUd', '37862', 'Category:Maps of the United States', 'stati-uniti-d-america', 'États-Unis', 'United_States', 'Estados_Unidos', 'Stati_Uniti_d''America', 'pays/États-Unis/118570', 'lccn-n78095330', 'north-america:United_States', '888', 'amerika-birlesik-devletleri', 'North America', 'data.gov', 'UnitedStatesOfAmerica', '+1784-05-12T00:00:00Z', '1634.0', 'E15', 'i84182', '13881', 'economy of the United States', '13557', 'H0009136', 'USA', 'p/24fee191-fccc-40ac-b5b9-5ce73b29907f', 'c14926bc-96b3-4a7c-a343-9e1640b0f9a9', 'nan', '미국', '09067337-n', 'demographics of the United States', 'usa', 'Y105078', '18-193507', 'cx1m7zg01xyt', 'T84-190', 'Template:United States topics', 'nan', '19551627.0', '2086335', 'USA', 'strany_mira/SOEDINENNIE_SHTATI_AMERIKI.html', '3992', 'SG--73', '987007269139705171', 7.919999999999999929, '4169149.0', '2669', 'Joe Biden', 'usa', 'Amerika', '2312.0', '16224', '8', '840.0', 'USA', 'American', 'USA', 'United States of America', 'https://www.usa.gov/', 'us', 0.9210000000000000408, 'geo/3EED62B5-48F8-4428-A852-9055CEAB288E', 'Q373', 'Federal Reserve System', 47.70000000000000284, '2459.0', 'node/424317935', 37.39999999999999858, '9.0', 'T087095', 'united-states', 2528999.0, '3035-396', '2--73')
Traceback (most recent call last):
  File "/home/lkruger/bachelorthesis/bachelorthesis/evaluation.py", line 134, in run_experiment
    insert_query_handler.handle_insert_query(query)
  File "/home/lkruger/bachelorthesis/bachelorthesis/system/insert_query_handler.py", line 27, in handle_insert_query
    query_data.table = self.strategy.predict_table_name(query_data)
  File "/home/lkruger/bachelorthesis/bachelorthesis/system/strategies/llama2/llama2_model.py", line 103, in predict_table_name
    self.run_prompt(
  File "/home/lkruger/bachelorthesis/bachelorthesis/system/strategies/llama2/llama2_model.py", line 87, in run_prompt
    return self.pipe(prompt_text)[0]["generated_text"]
  File "/home/lkruger/bachelorthesis/bachelorthesis/fine_tuning/venv/lib/python3.9/site-packages/transformers/pipelines/text_generation.py", line 240, in __call__
    return super().__call__(text_inputs, **kwargs)
  File "/home/lkruger/bachelorthesis/bachelorthesis/fine_tuning/venv/lib/python3.9/site-packages/transformers/pipelines/base.py", line 1242, in __call__
    return self.run_single(inputs, preprocess_params, forward_params, postprocess_params)
  File "/home/lkruger/bachelorthesis/bachelorthesis/fine_tuning/venv/lib/python3.9/site-packages/transformers/pipelines/base.py", line 1249, in run_single
    model_outputs = self.forward(model_inputs, **forward_params)
  File "/home/lkruger/bachelorthesis/bachelorthesis/fine_tuning/venv/lib/python3.9/site-packages/transformers/pipelines/base.py", line 1149, in forward
    model_outputs = self._forward(model_inputs, **forward_params)
  File "/home/lkruger/bachelorthesis/bachelorthesis/fine_tuning/venv/lib/python3.9/site-packages/transformers/pipelines/text_generation.py", line 327, in _forward
    generated_sequence = self.model.generate(input_ids=input_ids, attention_mask=attention_mask, **generate_kwargs)
  File "/home/lkruger/bachelorthesis/bachelorthesis/fine_tuning/venv/lib/python3.9/site-packages/torch/utils/_contextlib.py", line 115, in decorate_context
    return func(*args, **kwargs)
  File "/home/lkruger/bachelorthesis/bachelorthesis/fine_tuning/venv/lib/python3.9/site-packages/transformers/generation/utils.py", line 1622, in generate
    result = self._sample(
  File "/home/lkruger/bachelorthesis/bachelorthesis/fine_tuning/venv/lib/python3.9/site-packages/transformers/generation/utils.py", line 2791, in _sample
    outputs = self(
  File "/home/lkruger/bachelorthesis/bachelorthesis/fine_tuning/venv/lib/python3.9/site-packages/torch/nn/modules/module.py", line 1511, in _wrapped_call_impl
    return self._call_impl(*args, **kwargs)
  File "/home/lkruger/bachelorthesis/bachelorthesis/fine_tuning/venv/lib/python3.9/site-packages/torch/nn/modules/module.py", line 1520, in _call_impl
    return forward_call(*args, **kwargs)
  File "/home/lkruger/bachelorthesis/bachelorthesis/fine_tuning/venv/lib/python3.9/site-packages/accelerate/hooks.py", line 166, in new_forward
    output = module._old_forward(*args, **kwargs)
  File "/home/lkruger/bachelorthesis/bachelorthesis/fine_tuning/venv/lib/python3.9/site-packages/transformers/models/llama/modeling_llama.py", line 1208, in forward
    outputs = self.model(
  File "/home/lkruger/bachelorthesis/bachelorthesis/fine_tuning/venv/lib/python3.9/site-packages/torch/nn/modules/module.py", line 1511, in _wrapped_call_impl
    return self._call_impl(*args, **kwargs)
  File "/home/lkruger/bachelorthesis/bachelorthesis/fine_tuning/venv/lib/python3.9/site-packages/torch/nn/modules/module.py", line 1520, in _call_impl
    return forward_call(*args, **kwargs)
  File "/home/lkruger/bachelorthesis/bachelorthesis/fine_tuning/venv/lib/python3.9/site-packages/transformers/models/llama/modeling_llama.py", line 1018, in forward
    layer_outputs = decoder_layer(
  File "/home/lkruger/bachelorthesis/bachelorthesis/fine_tuning/venv/lib/python3.9/site-packages/torch/nn/modules/module.py", line 1511, in _wrapped_call_impl
    return self._call_impl(*args, **kwargs)
  File "/home/lkruger/bachelorthesis/bachelorthesis/fine_tuning/venv/lib/python3.9/site-packages/torch/nn/modules/module.py", line 1520, in _call_impl
    return forward_call(*args, **kwargs)
  File "/home/lkruger/bachelorthesis/bachelorthesis/fine_tuning/venv/lib/python3.9/site-packages/accelerate/hooks.py", line 166, in new_forward
    output = module._old_forward(*args, **kwargs)
  File "/home/lkruger/bachelorthesis/bachelorthesis/fine_tuning/venv/lib/python3.9/site-packages/transformers/models/llama/modeling_llama.py", line 756, in forward
    hidden_states = self.mlp(hidden_states)
  File "/home/lkruger/bachelorthesis/bachelorthesis/fine_tuning/venv/lib/python3.9/site-packages/torch/nn/modules/module.py", line 1511, in _wrapped_call_impl
    return self._call_impl(*args, **kwargs)
  File "/home/lkruger/bachelorthesis/bachelorthesis/fine_tuning/venv/lib/python3.9/site-packages/torch/nn/modules/module.py", line 1520, in _call_impl
    return forward_call(*args, **kwargs)
  File "/home/lkruger/bachelorthesis/bachelorthesis/fine_tuning/venv/lib/python3.9/site-packages/accelerate/hooks.py", line 166, in new_forward
    output = module._old_forward(*args, **kwargs)
  File "/home/lkruger/bachelorthesis/bachelorthesis/fine_tuning/venv/lib/python3.9/site-packages/transformers/models/llama/modeling_llama.py", line 240, in forward
    down_proj = self.down_proj(self.act_fn(self.gate_proj(x)) * self.up_proj(x))
torch.cuda.OutOfMemoryError: CUDA out of memory. Tried to allocate 164.00 MiB. GPU 0 has a total capacity of 15.77 GiB of which 135.88 MiB is free. Including non-PyTorch memory, this process has 15.64 GiB memory in use. Of the allocated memory 14.13 GiB is allocated by PyTorch, and 619.26 MiB is reserved by PyTorch but unallocated. If reserved but unallocated memory is large try setting PYTORCH_CUDA_ALLOC_CONF=expandable_segments:True to avoid fragmentation.  See documentation for Memory Management  (https://pytorch.org/docs/stable/notes/cuda.html#environment-variables)


Error while executing query: INSERT INTO `country` (`label`, `description`, `great_russian_encyclopedia_online_id`, `coordinates_of_southernmost_point`, `new_york_times_topic_id`, `gnd_id`, `category_of_associated_people`, `emergency_phone_number`, `electrical_plug_type`, `licence_plate_code`, `hashtag`, `babelnet_id`, `office_held_by_head_of_government`, `curlie_id`, `native_label`, `musicbrainz_area_id`, `public_holiday`, `uic_alphabetical_country_code`, `comic_vine_id`, `insee_countries_and_foreign_territories_code`, `vat_rate`, `diplomatic_relation`, `flag_image`, `commons_gallery`, `viaf_id`, `history_of_topic`, `capital`, `subreddit`, `openstreetmap_relation_id`, `mobile_country_code`, `maritime_identification_digits`, `nkcr_aut_id`, `asc_leiden_thesaurus_id`, `marriageable_age`, `category_of_people_buried_here`, `geoshape`, `coordinates_of_easternmost_point`, `le_monde_diplomatique_subject_id`, `marine_regions_geographic_id`, `member_of`, `unemployment_rate`, `railway_traffic_side`, `located_in_time_zone`, `category_for_people_who_died_here`, `yso_id`, `office_held_by_head_of_state`, `commons_category`, `shares_border_with`, `us_national_archives_identifier`, `nalt_id`, `treccani_id`, `iso_3166_1_numeric_code`, `coordinates_of_westernmost_point`, `country_calling_code`, `stw_thesaurus_for_economics_id`, `statoids_id`, `flag`, `fips_10_4_countries_and_regions`, `dagens_nyheter_topic_id`, `isni`, `nese_id`, `population`, `getty_thesaurus_of_geographic_names_id`, `topics_main_wikimedia_portal`, `wikimedia_outline`, `ndl_authority_id`, `currency`, `geonames_id`, `unicode_character`, `unesco_thesaurus_id`, `geography_of_topic`, `iso_3166_1_alpha_3_code`, `official_name`, `quora_topic_id`, `mesh_descriptor_id`, `guardian_topic_id`, `basic_form_of_government`, `coat_of_arms_image`, `ituisoiec_object_identifier`, `legislative_body`, `trunk_prefix`, `nuts_code`, `freebase_id`, `official_language`, `replaces`, `continent`, `coat_of_arms`, `age_of_majority`, `national_library_of_israel_id_old`, `on_focus_list_of_wikimedia_project`, `wipo_st3`, `coordinates_of_northernmost_point`, `has_quality`, `iso_3166_1_alpha_2_code`, `total_fertility_rate`, `area`, `store_norske_leksikon_id`, `different_from`, `topics_main_category`, `bibliothèque_nationale_de_france_id`, `locator_map_image`, `bbc_things_id`, `head_of_government`, `ioc_country_code`, `fast_id`, `gacs_id`, `archinform_location_id`, `encyclopædia_britannica_online_id`, `page_banner`, `category_for_films_shot_at_this_location`, `mains_voltage`, `executive_body`, `anthem`, `highest_judicial_authority`, `life_expectancy`, `top_level_internet_domain`, `instance_of`, `highest_point`, `category_for_people_born_here`, `driving_side`, `uic_numerical_country_code`, `lowest_point`, `civicus_monitor_country_entry`, `pronunciation_audio`, `idref_id`, `contains_the_administrative_territorial_entity`, `itu_letter_code`, `library_of_congress_authority_id`, `median_income`, `coordinate_location`, `described_by_source`, `brockhaus_enzyklopädie_online_id`, `iab_code`, `klexikon_article_id`, `loc_and_marc_vocabularies_id`, `language_used`, `dr_topic_id`, `world_encyclopedia_of_puppetry_arts_id`, `gran_enciclopèdia_catalana_id`, `whos_on_first_id`, `participant_in`, `inaturalist_place_id`, `omegawiki_defined_meaning`, `hds_id`, `gs1_country_code`, `culture`, `geonlp_id`, `analysis_policy_observatory_term_id`, `category_for_maps`, `treccanis_dizionario_di_storia_id`, `french_vikidia_id`, `english_vikidia_id`, `spanish_vikidia_id`, `italian_vikidia_id`, `larousse_id`, `worldcat_identities_id`, `fandom_article_id`, `eurovoc_id`, `tdv_islam_ansiklopedisi_id`, `part_of`, `open_data_portal`, `kbpedia_id`, `inception`, `rkd_thesaurus_id`, `pm20_geo_code`, `interlingual_index_id`, `jewish_encyclopedia_id_russian`, `economy_of_topic`, `uk_parliament_thesaurus_id`, `edition_humboldt_digital_id`, `tasteatlas_id`, `sapa_id`, `bhcl_uuid`, `github_topic`, `namuwiki_id`, `wordnet_31_synset_id`, `demographics_of_topic`, `ávvir_topic_id`, `ysa_id`, `yle_topic_id`, `bbc_news_topic_id`, `joconde_location_id`, `topics_main_template`, `armeniapedia_id`, `zhihu_topic_id`, `idaigazetteer_id`, `den_store_danske_id`, `krugosvet_article`, `schoenberg_database_of_manuscripts_place_id`, `colon_classification`, `national_library_of_israel_j9u_id`, `democracy_index`, `online_pwn_encyclopedia_id`, `postimees_topic_id`, `head_of_state`, `der_spiegel_topic_id`, `gyldendals_teaterleksikon_id`, `museum_digital_place_id`, `wikisimpsons_id`, `urban_electric_transit_country_id`, `m49_code`, `short_name`, `demonym`, `süddeutsche_zeitung_topic_id`, `country`, `official_website`, `alltrails_trail_id`, `human_development_index`, `national_historical_museums_of_sweden_id`, `eu_knowledge_graph_item_id`, `central_bank`, `gini_coefficient`, `obo_gazetteer_id`, `openstreetmap_element`, `happy_planet_index_score`, `the_top_tens_id`, `grove_art_online_id`, `the_world_factbook_country_id`, `number_of_out_of_school_children`, `giant_bomb_id`, `dewey_decimal_classification`) VALUES ('United Kingdom', 'country in north-west Europe', '4351848', '49.95673883', 'nan', '4022153-2', 'Category:British people', '999', 'BS 1363', 'GB', 'UnitedKingdom', '00013173n', 'Prime Minister of the United Kingdom', 'Regional/Europe/United_Kingdom/', 'United Kingdom of Great Britain and Northern Ireland', '8a754a16-0027-3a29-b6d7-2b40ea0481ed', 'New Year''s Day', 'GB', 'nan', '99132.0', 20.0, 'Canada', 'Flag of the United Kingdom (3-5).svg', 'United Kingdom', '127756949', 'history of the United Kingdom', 'London', 'unitedkingdom', '62149', '234', '232.0', 'ge134525', '294914161.0', NULL, 'Category:Burials in the United Kingdom', 'Data:United Kingdom.map', '52.48106832', 'pays/royaumeuni', 'nan', 'United Nations', 6.0, 'left', 'UTC±00:00', 'Category:Deaths in the United Kingdom', '104990', 'monarch of the United Kingdom', 'United Kingdom', 'Republic of Ireland', 'nan', '19855.0', 'gran-bretagna-e-irlanda-del-nord-regno-unito-di', '826', '54.46477', '44', '17374-2', 'ugb', 'flag of the United Kingdom', 'UK', 'storbritannien', '0000 0001 2248 3427', 'united-kingdom', 67326569.0, '7008591', 'Portal:United Kingdom', 'outline of the United Kingdom', '871900', 'pound sterling', '2635167', '🇬🇧', 'concept925', 'geography of the United Kingdom', 'GBR', 'United Kingdom of Great Britain and Northern Ireland', 'The-United-Kingdom-1', 'D006113', 'uk-news', 'constitutional monarchy', 'Royal Coat of Arms of the United Kingdom.svg', '2.16.826', 'Parliament of the United Kingdom', '0.0', 'UK', '/m/07ssc', 'English', 'United Kingdom of Great Britain and Ireland', 'Europe', 'royal coat of arms of the United Kingdom', 18.0, '974670.0', 'Wikipedia:List of articles all languages should have', 'GB', '60.87', 'free country', 'GB', 1.830000000000000071, 242495.4067940000096, 'Storbritannia', 'Great Britain', 'Category:United Kingdom', '11872746v', 'Europe-UK.svg', '2e91364c-5c77-4660-b76e-d76202785e64', 'Rishi Sunak', 'GBR', '1204623', '388', '8463', 'place/United-Kingdom', 'Sycamore Gap Banner.jpg', 'Category:Films shot in the United Kingdom', 230.0, 'Government of the United Kingdom', 'God Save the King', 'Supreme Court of the United Kingdom', 80.95610000000000639, '.uk', 'sovereign state', 'Ben Nevis', 'Category:Births in the United Kingdom', 'left', '70.0', 'The Fens', 'united-kingdom', 'Lb-Vereenegt Kinnekräich.ogg', '026488515', 'Northern Ireland', 'G', 'n79023147', 31617.0, '54.6', 'Encyclopædia Britannica 11th edition', 'nan', '1453', 'Großbritannien', 'countries/xxk', 'English', 'storbritannien', 'great-britain', '30805', '85633159', 'Battle of Carillon', '6857', '8302', '3356', '500-509', 'culture of the United Kingdom', 'hOIv1y', '19016', 'Category:Maps of the United Kingdom', 'gran-bretagna', 'Royaume-Uni', 'United_Kingdom', 'Reino_Unido', 'Regno_Unito', 'pays/Grande-Bretagne/122085', 'viaf-127412899', 'united-kingdom:United_Kingdom_of_Great_Britain_and_Northern_Ireland', '3774', 'nan', 'Commonwealth of Nations', 'data.gov.uk', 'UnitedKingdom', '+1927-04-12T00:00:00Z', '26187.0', 'A22', 'i83373', '10872', 'economy of the United Kingdom', '13526', 'H0010934', 'united-kingdom', 'p/f7c88cf6-7901-4dcc-bad4-6002e52b35ce', '07d2d2b9-6788-4e6f-b7ae-d287bd74eb33', 'uk', '영국', '08879115-n', 'demographics of the United Kingdom', 'stuorra-britannia', 'Y104990', '18-229075', 'nan', 'T84-3504', 'Template:Country data United Kingdom', 'nan', '19552360.0', '2290445', 'Storbritannien', 'Earth_sciences/geografiya/SOEDINENNOE_KOROLEVSTVO_VELIKOBRITANII_I_SEVERNO_IRLANDII.html', '3999', 'nan', '987007554952005171', 8.539999999999999147, '4169177.0', '3666', 'Charles III', 'grossbritannien', 'nan', 'nan', '41871', '31', '826.0', 'UK', 'British', 'Großbritannien', 'United Kingdom', 'https://www.gov.uk/', 'nan', 0.929000000000000047, 'geo/95CDA651-011B-44EF-92F9-1F5680FD754A', 'Q21', 'Bank of England', 32.79999999999999715, '2637.0', 'node/838090640', 56.0, '41.0', 'T087093', 'united-kingdom', 62799.0, '3035-492', '2--41')
Traceback (most recent call last):
  File "/home/lkruger/bachelorthesis/bachelorthesis/evaluation.py", line 134, in run_experiment
    insert_query_handler.handle_insert_query(query)
  File "/home/lkruger/bachelorthesis/bachelorthesis/system/insert_query_handler.py", line 27, in handle_insert_query
    query_data.table = self.strategy.predict_table_name(query_data)
  File "/home/lkruger/bachelorthesis/bachelorthesis/system/strategies/llama2/llama2_model.py", line 103, in predict_table_name
    self.run_prompt(
  File "/home/lkruger/bachelorthesis/bachelorthesis/system/strategies/llama2/llama2_model.py", line 87, in run_prompt
    return self.pipe(prompt_text)[0]["generated_text"]
  File "/home/lkruger/bachelorthesis/bachelorthesis/fine_tuning/venv/lib/python3.9/site-packages/transformers/pipelines/text_generation.py", line 240, in __call__
    return super().__call__(text_inputs, **kwargs)
  File "/home/lkruger/bachelorthesis/bachelorthesis/fine_tuning/venv/lib/python3.9/site-packages/transformers/pipelines/base.py", line 1242, in __call__
    return self.run_single(inputs, preprocess_params, forward_params, postprocess_params)
  File "/home/lkruger/bachelorthesis/bachelorthesis/fine_tuning/venv/lib/python3.9/site-packages/transformers/pipelines/base.py", line 1249, in run_single
    model_outputs = self.forward(model_inputs, **forward_params)
  File "/home/lkruger/bachelorthesis/bachelorthesis/fine_tuning/venv/lib/python3.9/site-packages/transformers/pipelines/base.py", line 1149, in forward
    model_outputs = self._forward(model_inputs, **forward_params)
  File "/home/lkruger/bachelorthesis/bachelorthesis/fine_tuning/venv/lib/python3.9/site-packages/transformers/pipelines/text_generation.py", line 327, in _forward
    generated_sequence = self.model.generate(input_ids=input_ids, attention_mask=attention_mask, **generate_kwargs)
  File "/home/lkruger/bachelorthesis/bachelorthesis/fine_tuning/venv/lib/python3.9/site-packages/torch/utils/_contextlib.py", line 115, in decorate_context
    return func(*args, **kwargs)
  File "/home/lkruger/bachelorthesis/bachelorthesis/fine_tuning/venv/lib/python3.9/site-packages/transformers/generation/utils.py", line 1622, in generate
    result = self._sample(
  File "/home/lkruger/bachelorthesis/bachelorthesis/fine_tuning/venv/lib/python3.9/site-packages/transformers/generation/utils.py", line 2791, in _sample
    outputs = self(
  File "/home/lkruger/bachelorthesis/bachelorthesis/fine_tuning/venv/lib/python3.9/site-packages/torch/nn/modules/module.py", line 1511, in _wrapped_call_impl
    return self._call_impl(*args, **kwargs)
  File "/home/lkruger/bachelorthesis/bachelorthesis/fine_tuning/venv/lib/python3.9/site-packages/torch/nn/modules/module.py", line 1520, in _call_impl
    return forward_call(*args, **kwargs)
  File "/home/lkruger/bachelorthesis/bachelorthesis/fine_tuning/venv/lib/python3.9/site-packages/accelerate/hooks.py", line 166, in new_forward
    output = module._old_forward(*args, **kwargs)
  File "/home/lkruger/bachelorthesis/bachelorthesis/fine_tuning/venv/lib/python3.9/site-packages/transformers/models/llama/modeling_llama.py", line 1208, in forward
    outputs = self.model(
  File "/home/lkruger/bachelorthesis/bachelorthesis/fine_tuning/venv/lib/python3.9/site-packages/torch/nn/modules/module.py", line 1511, in _wrapped_call_impl
    return self._call_impl(*args, **kwargs)
  File "/home/lkruger/bachelorthesis/bachelorthesis/fine_tuning/venv/lib/python3.9/site-packages/torch/nn/modules/module.py", line 1520, in _call_impl
    return forward_call(*args, **kwargs)
  File "/home/lkruger/bachelorthesis/bachelorthesis/fine_tuning/venv/lib/python3.9/site-packages/transformers/models/llama/modeling_llama.py", line 1018, in forward
    layer_outputs = decoder_layer(
  File "/home/lkruger/bachelorthesis/bachelorthesis/fine_tuning/venv/lib/python3.9/site-packages/torch/nn/modules/module.py", line 1511, in _wrapped_call_impl
    return self._call_impl(*args, **kwargs)
  File "/home/lkruger/bachelorthesis/bachelorthesis/fine_tuning/venv/lib/python3.9/site-packages/torch/nn/modules/module.py", line 1520, in _call_impl
    return forward_call(*args, **kwargs)
  File "/home/lkruger/bachelorthesis/bachelorthesis/fine_tuning/venv/lib/python3.9/site-packages/accelerate/hooks.py", line 166, in new_forward
    output = module._old_forward(*args, **kwargs)
  File "/home/lkruger/bachelorthesis/bachelorthesis/fine_tuning/venv/lib/python3.9/site-packages/transformers/models/llama/modeling_llama.py", line 756, in forward
    hidden_states = self.mlp(hidden_states)
  File "/home/lkruger/bachelorthesis/bachelorthesis/fine_tuning/venv/lib/python3.9/site-packages/torch/nn/modules/module.py", line 1511, in _wrapped_call_impl
    return self._call_impl(*args, **kwargs)
  File "/home/lkruger/bachelorthesis/bachelorthesis/fine_tuning/venv/lib/python3.9/site-packages/torch/nn/modules/module.py", line 1520, in _call_impl
    return forward_call(*args, **kwargs)
  File "/home/lkruger/bachelorthesis/bachelorthesis/fine_tuning/venv/lib/python3.9/site-packages/accelerate/hooks.py", line 166, in new_forward
    output = module._old_forward(*args, **kwargs)
  File "/home/lkruger/bachelorthesis/bachelorthesis/fine_tuning/venv/lib/python3.9/site-packages/transformers/models/llama/modeling_llama.py", line 240, in forward
    down_proj = self.down_proj(self.act_fn(self.gate_proj(x)) * self.up_proj(x))
torch.cuda.OutOfMemoryError: CUDA out of memory. Tried to allocate 166.00 MiB. GPU 0 has a total capacity of 15.77 GiB of which 135.88 MiB is free. Including non-PyTorch memory, this process has 15.64 GiB memory in use. Of the allocated memory 14.14 GiB is allocated by PyTorch, and 606.60 MiB is reserved by PyTorch but unallocated. If reserved but unallocated memory is large try setting PYTORCH_CUDA_ALLOC_CONF=expandable_segments:True to avoid fragmentation.  See documentation for Memory Management  (https://pytorch.org/docs/stable/notes/cuda.html#environment-variables)


Error while executing query: INSERT INTO `country` (`label`, `description`, `great_russian_encyclopedia_online_id`, `coordinates_of_southernmost_point`, `new_york_times_topic_id`, `gnd_id`, `category_of_associated_people`, `emergency_phone_number`, `electrical_plug_type`, `licence_plate_code`, `hashtag`, `babelnet_id`, `office_held_by_head_of_government`, `curlie_id`, `native_label`, `musicbrainz_area_id`, `public_holiday`, `uic_alphabetical_country_code`, `comic_vine_id`, `insee_countries_and_foreign_territories_code`, `vat_rate`, `diplomatic_relation`, `flag_image`, `commons_gallery`, `viaf_id`, `history_of_topic`, `capital`, `subreddit`, `openstreetmap_relation_id`, `mobile_country_code`, `maritime_identification_digits`, `nkcr_aut_id`, `asc_leiden_thesaurus_id`, `marriageable_age`, `category_of_people_buried_here`, `geoshape`, `coordinates_of_easternmost_point`, `le_monde_diplomatique_subject_id`, `marine_regions_geographic_id`, `member_of`, `unemployment_rate`, `railway_traffic_side`, `located_in_time_zone`, `category_for_people_who_died_here`, `yso_id`, `office_held_by_head_of_state`, `commons_category`, `shares_border_with`, `us_national_archives_identifier`, `nalt_id`, `treccani_id`, `iso_3166_1_numeric_code`, `coordinates_of_westernmost_point`, `country_calling_code`, `stw_thesaurus_for_economics_id`, `statoids_id`, `flag`, `fips_10_4_countries_and_regions`, `dagens_nyheter_topic_id`, `isni`, `nese_id`, `population`, `getty_thesaurus_of_geographic_names_id`, `topics_main_wikimedia_portal`, `wikimedia_outline`, `ndl_authority_id`, `currency`, `geonames_id`, `unicode_character`, `unesco_thesaurus_id`, `geography_of_topic`, `iso_3166_1_alpha_3_code`, `official_name`, `quora_topic_id`, `mesh_descriptor_id`, `guardian_topic_id`, `basic_form_of_government`, `coat_of_arms_image`, `ituisoiec_object_identifier`, `legislative_body`, `trunk_prefix`, `nuts_code`, `freebase_id`, `official_language`, `replaces`, `continent`, `coat_of_arms`, `age_of_majority`, `national_library_of_israel_id_old`, `on_focus_list_of_wikimedia_project`, `wipo_st3`, `coordinates_of_northernmost_point`, `has_quality`, `iso_3166_1_alpha_2_code`, `total_fertility_rate`, `area`, `store_norske_leksikon_id`, `different_from`, `topics_main_category`, `bibliothèque_nationale_de_france_id`, `locator_map_image`, `bbc_things_id`, `head_of_government`, `ioc_country_code`, `fast_id`, `gacs_id`, `archinform_location_id`, `encyclopædia_britannica_online_id`, `page_banner`, `category_for_films_shot_at_this_location`, `mains_voltage`, `executive_body`, `anthem`, `highest_judicial_authority`, `life_expectancy`, `top_level_internet_domain`, `instance_of`, `highest_point`, `category_for_people_born_here`, `driving_side`, `uic_numerical_country_code`, `lowest_point`, `civicus_monitor_country_entry`, `pronunciation_audio`, `idref_id`, `contains_the_administrative_territorial_entity`, `itu_letter_code`, `library_of_congress_authority_id`, `median_income`, `coordinate_location`, `described_by_source`, `brockhaus_enzyklopädie_online_id`, `iab_code`, `klexikon_article_id`, `loc_and_marc_vocabularies_id`, `language_used`, `dr_topic_id`, `world_encyclopedia_of_puppetry_arts_id`, `gran_enciclopèdia_catalana_id`, `whos_on_first_id`, `participant_in`, `inaturalist_place_id`, `omegawiki_defined_meaning`, `hds_id`, `gs1_country_code`, `culture`, `geonlp_id`, `analysis_policy_observatory_term_id`, `category_for_maps`, `treccanis_dizionario_di_storia_id`, `french_vikidia_id`, `english_vikidia_id`, `spanish_vikidia_id`, `italian_vikidia_id`, `larousse_id`, `worldcat_identities_id`, `fandom_article_id`, `eurovoc_id`, `tdv_islam_ansiklopedisi_id`, `part_of`, `open_data_portal`, `kbpedia_id`, `inception`, `rkd_thesaurus_id`, `pm20_geo_code`, `interlingual_index_id`, `jewish_encyclopedia_id_russian`, `economy_of_topic`, `uk_parliament_thesaurus_id`, `edition_humboldt_digital_id`, `tasteatlas_id`, `sapa_id`, `bhcl_uuid`, `github_topic`, `namuwiki_id`, `wordnet_31_synset_id`, `demographics_of_topic`, `ávvir_topic_id`, `ysa_id`, `yle_topic_id`, `bbc_news_topic_id`, `joconde_location_id`, `topics_main_template`, `armeniapedia_id`, `zhihu_topic_id`, `idaigazetteer_id`, `den_store_danske_id`, `krugosvet_article`, `schoenberg_database_of_manuscripts_place_id`, `colon_classification`, `national_library_of_israel_j9u_id`, `democracy_index`, `online_pwn_encyclopedia_id`, `postimees_topic_id`, `head_of_state`, `der_spiegel_topic_id`, `gyldendals_teaterleksikon_id`, `museum_digital_place_id`, `wikisimpsons_id`, `urban_electric_transit_country_id`, `m49_code`, `short_name`, `demonym`, `süddeutsche_zeitung_topic_id`, `country`, `official_website`, `alltrails_trail_id`, `human_development_index`, `national_historical_museums_of_sweden_id`, `eu_knowledge_graph_item_id`, `central_bank`, `gini_coefficient`, `obo_gazetteer_id`, `openstreetmap_element`, `happy_planet_index_score`, `the_top_tens_id`, `grove_art_online_id`, `the_world_factbook_country_id`, `number_of_out_of_school_children`, `giant_bomb_id`, `dewey_decimal_classification`) VALUES ('Spain', 'country in southwestern Europe with territories in Africa', '2632850', '27.641944444444444', 'destination/spain', '4055964-6', 'Category:Spanish people', '112', 'Europlug', 'E', 'Spain', '00031605n', 'Prime Minister of Spain', 'Regional/Europe/Spain/', 'Reino de España', '471c46a7-afc5-31c4-923c-d0444f5053a4', 'New Year''s Day', 'E', '4020-55776', '99134.0', 21.0, 'Italy', 'Flag of Spain.svg', 'España', '133609710', 'history of Spain', 'Madrid', 'es', '1311341', '214', '224.0', 'ge131543', '294938850.0', 16.0, 'Category:Burials in Spain', 'Data:Spain.map', '39.87672222222222', 'pays/espagne', '2185.0', 'North Atlantic Treaty Organization', 16.0, 'nan', 'UTC+01:00', 'Category:Deaths in Spain', '105209', 'Monarch of Spain', 'Spain', 'Gibraltar', '10035826.0', '21750.0', 'spagna', '724', '27.704167', '34', '17161-5', 'ues', 'flag of Spain', 'SP', 'spanien', '0000 0001 2324 3505', 'spanien', 47415750.0, '1000095', 'Portal:Spain', 'outline of Spain', '571694', 'euro', '2510769', '🇪🇸', 'concept923', 'geography of Spain', 'ESP', 'Španělské království', 'Spain', 'D013030', 'world/spain', 'parliamentary monarchy', 'Escudo de España (mazonado).svg', '2.16.724', 'Cortes Generales', 'nan', 'ES', '/m/06mkj', 'Spanish', 'Hispanic Monarchy', 'Europe', 'coat of arms of Spain', 18.0, '974222.0', 'Wikipedia:List of articles all languages should have', 'ES', '43.791222222222224', 'free country', 'ES', 1.270000000000000017, 505990.0, 'Spania', 'Español', 'Category:Spain', '118635857', 'EU-Spain.svg', 'c0adb26a-0bdb-4f42-8c12-7d41b56986de', 'Pedro Sánchez', 'ESP', '1204303', '295', '3043', 'place/Spain', 'Cardejón banner1.jpg', 'Category:Films shot in Spain', 230.0, 'Government of Spain', 'Marcha Real', 'Supreme Court of Spain', 82.83171000000000105, '.es', 'sovereign state', 'Teide', 'Category:Births in Spain', 'right', '71.0', 'Mina de Las Cruces', 'spain', 'Lb-Spuenien.ogg', '026376296', 'plazas de soberanía', 'E', 'n79006971', 21959.0, '40.2', 'Catholic Encyclopedia', 'spanien', '1412', 'Spanien', 'countries/sp', 'Spanish', 'spanien', 'spain', '24810', '85633129', 'Battle of Porto Bello', '6774', '7965', '3372', '840-849', 'culture of Spain', 'NgN1jZ', '9496', 'Category:Maps of Spain', 'spagna', 'Espagne', 'Spain', 'España', 'Spagna', 'pays/Espagne/118438', 'lccn-n79006971', 'nan', '863', 'ispanya', 'Europe', 'Spain open data portal', 'Spain', '+1715-00-00T00:00:00Z', '386.0', 'A30', 'i84082', '11856', 'economy of Spain', '12960', 'H0010330', 'spain', 'p/43369cca-be00-41fd-804a-873cf1c50294', 'e2f8a55c-e941-4638-8f8b-5086aa7744f8', 'spain', '스페인', '09045691-n', 'demographics of Spain', 'espannja', 'Y105209', '18-177171', 'c302m85qenvt', 'T84-703', 'Template:Spain topics', '16484.0', '19592266.0', '2074390', 'Spanien', 'strany_mira/ISPANIYA.html', '30', 'SG--541', '987007552531805171', 8.119999999999999218, '4169050.0', '3290', 'Felipe VI of Spain', 'spanien', 'Spanien', '2333.0', '48451', '23', '724.0', 'Іспанія', 'Spanish', 'Spanien', 'Spain', 'http://www.spain.info/', 'spain', 0.9050000000000000266, 'geo/F9FEFF96-EEF8-45D8-BA7A-3C8BAC93164D', 'Q7', 'nan', 34.29999999999999715, '591.0', 'node/148332300', 52.29999999999999716, '64.0', 'T080265', 'spain', 35822.0, '3035-527', '2--46')
Traceback (most recent call last):
  File "/home/lkruger/bachelorthesis/bachelorthesis/evaluation.py", line 134, in run_experiment
    insert_query_handler.handle_insert_query(query)
  File "/home/lkruger/bachelorthesis/bachelorthesis/system/insert_query_handler.py", line 27, in handle_insert_query
    query_data.table = self.strategy.predict_table_name(query_data)
  File "/home/lkruger/bachelorthesis/bachelorthesis/system/strategies/llama2/llama2_model.py", line 103, in predict_table_name
    self.run_prompt(
  File "/home/lkruger/bachelorthesis/bachelorthesis/system/strategies/llama2/llama2_model.py", line 87, in run_prompt
    return self.pipe(prompt_text)[0]["generated_text"]
  File "/home/lkruger/bachelorthesis/bachelorthesis/fine_tuning/venv/lib/python3.9/site-packages/transformers/pipelines/text_generation.py", line 240, in __call__
    return super().__call__(text_inputs, **kwargs)
  File "/home/lkruger/bachelorthesis/bachelorthesis/fine_tuning/venv/lib/python3.9/site-packages/transformers/pipelines/base.py", line 1242, in __call__
    return self.run_single(inputs, preprocess_params, forward_params, postprocess_params)
  File "/home/lkruger/bachelorthesis/bachelorthesis/fine_tuning/venv/lib/python3.9/site-packages/transformers/pipelines/base.py", line 1249, in run_single
    model_outputs = self.forward(model_inputs, **forward_params)
  File "/home/lkruger/bachelorthesis/bachelorthesis/fine_tuning/venv/lib/python3.9/site-packages/transformers/pipelines/base.py", line 1149, in forward
    model_outputs = self._forward(model_inputs, **forward_params)
  File "/home/lkruger/bachelorthesis/bachelorthesis/fine_tuning/venv/lib/python3.9/site-packages/transformers/pipelines/text_generation.py", line 327, in _forward
    generated_sequence = self.model.generate(input_ids=input_ids, attention_mask=attention_mask, **generate_kwargs)
  File "/home/lkruger/bachelorthesis/bachelorthesis/fine_tuning/venv/lib/python3.9/site-packages/torch/utils/_contextlib.py", line 115, in decorate_context
    return func(*args, **kwargs)
  File "/home/lkruger/bachelorthesis/bachelorthesis/fine_tuning/venv/lib/python3.9/site-packages/transformers/generation/utils.py", line 1622, in generate
    result = self._sample(
  File "/home/lkruger/bachelorthesis/bachelorthesis/fine_tuning/venv/lib/python3.9/site-packages/transformers/generation/utils.py", line 2791, in _sample
    outputs = self(
  File "/home/lkruger/bachelorthesis/bachelorthesis/fine_tuning/venv/lib/python3.9/site-packages/torch/nn/modules/module.py", line 1511, in _wrapped_call_impl
    return self._call_impl(*args, **kwargs)
  File "/home/lkruger/bachelorthesis/bachelorthesis/fine_tuning/venv/lib/python3.9/site-packages/torch/nn/modules/module.py", line 1520, in _call_impl
    return forward_call(*args, **kwargs)
  File "/home/lkruger/bachelorthesis/bachelorthesis/fine_tuning/venv/lib/python3.9/site-packages/accelerate/hooks.py", line 166, in new_forward
    output = module._old_forward(*args, **kwargs)
  File "/home/lkruger/bachelorthesis/bachelorthesis/fine_tuning/venv/lib/python3.9/site-packages/transformers/models/llama/modeling_llama.py", line 1208, in forward
    outputs = self.model(
  File "/home/lkruger/bachelorthesis/bachelorthesis/fine_tuning/venv/lib/python3.9/site-packages/torch/nn/modules/module.py", line 1511, in _wrapped_call_impl
    return self._call_impl(*args, **kwargs)
  File "/home/lkruger/bachelorthesis/bachelorthesis/fine_tuning/venv/lib/python3.9/site-packages/torch/nn/modules/module.py", line 1520, in _call_impl
    return forward_call(*args, **kwargs)
  File "/home/lkruger/bachelorthesis/bachelorthesis/fine_tuning/venv/lib/python3.9/site-packages/transformers/models/llama/modeling_llama.py", line 1018, in forward
    layer_outputs = decoder_layer(
  File "/home/lkruger/bachelorthesis/bachelorthesis/fine_tuning/venv/lib/python3.9/site-packages/torch/nn/modules/module.py", line 1511, in _wrapped_call_impl
    return self._call_impl(*args, **kwargs)
  File "/home/lkruger/bachelorthesis/bachelorthesis/fine_tuning/venv/lib/python3.9/site-packages/torch/nn/modules/module.py", line 1520, in _call_impl
    return forward_call(*args, **kwargs)
  File "/home/lkruger/bachelorthesis/bachelorthesis/fine_tuning/venv/lib/python3.9/site-packages/accelerate/hooks.py", line 166, in new_forward
    output = module._old_forward(*args, **kwargs)
  File "/home/lkruger/bachelorthesis/bachelorthesis/fine_tuning/venv/lib/python3.9/site-packages/transformers/models/llama/modeling_llama.py", line 756, in forward
    hidden_states = self.mlp(hidden_states)
  File "/home/lkruger/bachelorthesis/bachelorthesis/fine_tuning/venv/lib/python3.9/site-packages/torch/nn/modules/module.py", line 1511, in _wrapped_call_impl
    return self._call_impl(*args, **kwargs)
  File "/home/lkruger/bachelorthesis/bachelorthesis/fine_tuning/venv/lib/python3.9/site-packages/torch/nn/modules/module.py", line 1520, in _call_impl
    return forward_call(*args, **kwargs)
  File "/home/lkruger/bachelorthesis/bachelorthesis/fine_tuning/venv/lib/python3.9/site-packages/accelerate/hooks.py", line 166, in new_forward
    output = module._old_forward(*args, **kwargs)
  File "/home/lkruger/bachelorthesis/bachelorthesis/fine_tuning/venv/lib/python3.9/site-packages/transformers/models/llama/modeling_llama.py", line 240, in forward
    down_proj = self.down_proj(self.act_fn(self.gate_proj(x)) * self.up_proj(x))
torch.cuda.OutOfMemoryError: CUDA out of memory. Tried to allocate 160.00 MiB. GPU 0 has a total capacity of 15.77 GiB of which 135.88 MiB is free. Including non-PyTorch memory, this process has 15.64 GiB memory in use. Of the allocated memory 14.08 GiB is allocated by PyTorch, and 666.84 MiB is reserved by PyTorch but unallocated. If reserved but unallocated memory is large try setting PYTORCH_CUDA_ALLOC_CONF=expandable_segments:True to avoid fragmentation.  See documentation for Memory Management  (https://pytorch.org/docs/stable/notes/cuda.html#environment-variables)


Error while executing query: INSERT INTO `country` (`label`, `description`, `great_russian_encyclopedia_online_id`, `coordinates_of_southernmost_point`, `new_york_times_topic_id`, `gnd_id`, `category_of_associated_people`, `emergency_phone_number`, `electrical_plug_type`, `licence_plate_code`, `hashtag`, `babelnet_id`, `office_held_by_head_of_government`, `curlie_id`, `native_label`, `musicbrainz_area_id`, `public_holiday`, `uic_alphabetical_country_code`, `comic_vine_id`, `insee_countries_and_foreign_territories_code`, `vat_rate`, `diplomatic_relation`, `flag_image`, `commons_gallery`, `viaf_id`, `history_of_topic`, `capital`, `subreddit`, `openstreetmap_relation_id`, `mobile_country_code`, `maritime_identification_digits`, `nkcr_aut_id`, `asc_leiden_thesaurus_id`, `marriageable_age`, `category_of_people_buried_here`, `geoshape`, `coordinates_of_easternmost_point`, `le_monde_diplomatique_subject_id`, `marine_regions_geographic_id`, `member_of`, `unemployment_rate`, `railway_traffic_side`, `located_in_time_zone`, `category_for_people_who_died_here`, `yso_id`, `office_held_by_head_of_state`, `commons_category`, `shares_border_with`, `us_national_archives_identifier`, `nalt_id`, `treccani_id`, `iso_3166_1_numeric_code`, `coordinates_of_westernmost_point`, `country_calling_code`, `stw_thesaurus_for_economics_id`, `statoids_id`, `flag`, `fips_10_4_countries_and_regions`, `dagens_nyheter_topic_id`, `isni`, `nese_id`, `population`, `getty_thesaurus_of_geographic_names_id`, `topics_main_wikimedia_portal`, `wikimedia_outline`, `ndl_authority_id`, `currency`, `geonames_id`, `unicode_character`, `unesco_thesaurus_id`, `geography_of_topic`, `iso_3166_1_alpha_3_code`, `official_name`, `quora_topic_id`, `mesh_descriptor_id`, `guardian_topic_id`, `basic_form_of_government`, `coat_of_arms_image`, `ituisoiec_object_identifier`, `legislative_body`, `trunk_prefix`, `nuts_code`, `freebase_id`, `official_language`, `replaces`, `continent`, `coat_of_arms`, `age_of_majority`, `national_library_of_israel_id_old`, `on_focus_list_of_wikimedia_project`, `wipo_st3`, `coordinates_of_northernmost_point`, `has_quality`, `iso_3166_1_alpha_2_code`, `total_fertility_rate`, `area`, `store_norske_leksikon_id`, `different_from`, `topics_main_category`, `bibliothèque_nationale_de_france_id`, `locator_map_image`, `bbc_things_id`, `head_of_government`, `ioc_country_code`, `fast_id`, `gacs_id`, `archinform_location_id`, `encyclopædia_britannica_online_id`, `page_banner`, `category_for_films_shot_at_this_location`, `mains_voltage`, `executive_body`, `anthem`, `highest_judicial_authority`, `life_expectancy`, `top_level_internet_domain`, `instance_of`, `highest_point`, `category_for_people_born_here`, `driving_side`, `uic_numerical_country_code`, `lowest_point`, `civicus_monitor_country_entry`, `pronunciation_audio`, `idref_id`, `contains_the_administrative_territorial_entity`, `itu_letter_code`, `library_of_congress_authority_id`, `median_income`, `coordinate_location`, `described_by_source`, `brockhaus_enzyklopädie_online_id`, `iab_code`, `klexikon_article_id`, `loc_and_marc_vocabularies_id`, `language_used`, `dr_topic_id`, `world_encyclopedia_of_puppetry_arts_id`, `gran_enciclopèdia_catalana_id`, `whos_on_first_id`, `participant_in`, `inaturalist_place_id`, `omegawiki_defined_meaning`, `hds_id`, `gs1_country_code`, `culture`, `geonlp_id`, `analysis_policy_observatory_term_id`, `category_for_maps`, `treccanis_dizionario_di_storia_id`, `french_vikidia_id`, `english_vikidia_id`, `spanish_vikidia_id`, `italian_vikidia_id`, `larousse_id`, `worldcat_identities_id`, `fandom_article_id`, `eurovoc_id`, `tdv_islam_ansiklopedisi_id`, `part_of`, `open_data_portal`, `kbpedia_id`, `inception`, `rkd_thesaurus_id`, `pm20_geo_code`, `interlingual_index_id`, `jewish_encyclopedia_id_russian`, `economy_of_topic`, `uk_parliament_thesaurus_id`, `edition_humboldt_digital_id`, `tasteatlas_id`, `sapa_id`, `bhcl_uuid`, `github_topic`, `namuwiki_id`, `wordnet_31_synset_id`, `demographics_of_topic`, `ávvir_topic_id`, `ysa_id`, `yle_topic_id`, `bbc_news_topic_id`, `joconde_location_id`, `topics_main_template`, `armeniapedia_id`, `zhihu_topic_id`, `idaigazetteer_id`, `den_store_danske_id`, `krugosvet_article`, `schoenberg_database_of_manuscripts_place_id`, `colon_classification`, `national_library_of_israel_j9u_id`, `democracy_index`, `online_pwn_encyclopedia_id`, `postimees_topic_id`, `head_of_state`, `der_spiegel_topic_id`, `gyldendals_teaterleksikon_id`, `museum_digital_place_id`, `wikisimpsons_id`, `urban_electric_transit_country_id`, `m49_code`, `short_name`, `demonym`, `süddeutsche_zeitung_topic_id`, `country`, `official_website`, `alltrails_trail_id`, `human_development_index`, `national_historical_museums_of_sweden_id`, `eu_knowledge_graph_item_id`, `central_bank`, `gini_coefficient`, `obo_gazetteer_id`, `openstreetmap_element`, `happy_planet_index_score`, `the_top_tens_id`, `grove_art_online_id`, `the_world_factbook_country_id`, `number_of_out_of_school_children`, `giant_bomb_id`, `dewey_decimal_classification`) VALUES ('Austria', 'country in Central Europe', '3935164', '46.372341', 'destination/austria', '4043271-3', 'Category:Austrian people', '112', 'Europlug', 'A', 'Österreich', '00007266n', 'Federal Chancellor of Austria', 'Regional/Europe/Austria/', 'Republik Österreich', 'caac77d1-a5c8-3e6e-8e27-90b44dcc1446', 'New Year''s Day', 'A', '4020-55915', '99110.0', 20.0, 'Italy', 'Flag of Austria.svg', 'Österreich', '148842731', 'history of Austria', 'Vienna', 'austria', '16239', '232', '203.0', 'ge130612', '294899561.0', 18.0, 'Category:Burials in Austria', 'Data:Austria.map', '48.006579', 'pays/autriche', '2146.0', 'United Nations', 5.0, 'nan', 'UTC+01:00', 'Category:Deaths in Austria', '105294', 'President of Austria', 'Austria', 'Germany', '10035760.0', '13959.0', 'austria', '40', '47.270554', '43', '16950-4', 'uat', 'flag of Austria', 'AU', 'osterrike', '0000 0001 2265 1953', 'österrike', 8979894.0, '1000062', 'Portal:Austria', 'outline of Austria', '568970', 'euro', '2782113', '🇦🇹', 'concept890', 'geography of Austria', 'AUT', 'Österreich', 'Austria', 'D001317', 'world/austria', 'federal parliamentary republic', 'Coat of arms of Austria.svg', '2.16.40', 'Austrian Parliament', '0.0', 'AT', '/m/0h7x', 'German', 'Austria-Hungary', 'Europe', 'coat of arms of Austria', 18.0, '13315.0', 'Wikipedia:List of articles all languages should have', 'AT', '49.020608', 'free country', 'AT', 1.479999999999999983, 83858.0, 'Østerrike', 'Austria', 'Category:Austria', '152383744', 'EU-Austria.svg', 'c7734490-bead-471b-8d26-31b162d37278', 'Karl Nehammer', 'AUT', '1204901', '13', '3025', 'place/Austria', 'Austria-banner1.jpg', 'Category:Films shot in Austria', 230.0, 'Austrian Federal Government', 'Land der Berge, Land am Strome', 'Constitutional Court of Austria', 80.8902400000000057, '.at', 'sovereign state', 'Grossglockner', 'Category:Births in Austria', 'right', '81.0', 'Neusiedl Lake', 'austria', 'Lb-Éisträich.ogg', '026359863', 'Burgenland', 'AUT', 'n79040121', 34911.0, '48.0', 'Great Soviet Encyclopedia (1926–1947)', 'österreich', '1243', 'Österreich', 'countries/au', 'German', 'ostrig', 'austria', '6227', '85632785', 'nan', '8057', '5777', '46995', '900-919', 'culture of Austria', '4rFMvC', '11456', 'Category:Maps of Austria', 'austria', 'Autriche', 'Austria', 'Austria', 'Austria', 'pays/wd/106821', 'lccn-n79040121', 'countries:Austria', '4353', 'avusturya', 'Central Europe', 'Open Data Österreich', 'Austria', '+1918-11-12T00:00:00Z', '2284.0', 'A40b', 'i83311', '10050', 'economy of Austria', '8475', 'H0007871', 'austria', 'p/ae5d24e3-cdc2-4b74-aff8-baea8dc23d27', '1a0f8a2d-f920-45df-a84a-8133298922a7', 'austria', '오스트리아', '08864547-n', 'demographics of Austria', 'nuortariika', 'Y105294', '18-199815', 'c1038wnxny7t', 'T84-667', 'Template:Austria topics', '4096.0', '19599421.0', '2062039', 'Østrig', 'strany_mira/AVSTRIYA.html', '24', 'SG--5931', '987007559651305171', 8.160000000000000142, '4168999.0', '2834', 'Alexander Van der Bellen', 'oesterreich', 'Østrig', '236.0', '48351', '7', '40.0', 'AUT', 'Oostenrijker', 'Österreich', 'Austria', 'https://www.austria.info/us', 'austria', 0.9160000000000000364, 'geo/2F4CB131-0AE0-439C-9C4B-86CEF2C93CBD', 'Q16', 'Oesterreichische Nationalbank', 30.19999999999999929, 'nan', 'node/4070744431', 46.79999999999999716, 'nan', 'T005101', 'austria', NULL, '3035-1843', '2--436')
Traceback (most recent call last):
  File "/home/lkruger/bachelorthesis/bachelorthesis/evaluation.py", line 134, in run_experiment
    insert_query_handler.handle_insert_query(query)
  File "/home/lkruger/bachelorthesis/bachelorthesis/system/insert_query_handler.py", line 27, in handle_insert_query
    query_data.table = self.strategy.predict_table_name(query_data)
  File "/home/lkruger/bachelorthesis/bachelorthesis/system/strategies/llama2/llama2_model.py", line 103, in predict_table_name
    self.run_prompt(
  File "/home/lkruger/bachelorthesis/bachelorthesis/system/strategies/llama2/llama2_model.py", line 87, in run_prompt
    return self.pipe(prompt_text)[0]["generated_text"]
  File "/home/lkruger/bachelorthesis/bachelorthesis/fine_tuning/venv/lib/python3.9/site-packages/transformers/pipelines/text_generation.py", line 240, in __call__
    return super().__call__(text_inputs, **kwargs)
  File "/home/lkruger/bachelorthesis/bachelorthesis/fine_tuning/venv/lib/python3.9/site-packages/transformers/pipelines/base.py", line 1242, in __call__
    return self.run_single(inputs, preprocess_params, forward_params, postprocess_params)
  File "/home/lkruger/bachelorthesis/bachelorthesis/fine_tuning/venv/lib/python3.9/site-packages/transformers/pipelines/base.py", line 1249, in run_single
    model_outputs = self.forward(model_inputs, **forward_params)
  File "/home/lkruger/bachelorthesis/bachelorthesis/fine_tuning/venv/lib/python3.9/site-packages/transformers/pipelines/base.py", line 1149, in forward
    model_outputs = self._forward(model_inputs, **forward_params)
  File "/home/lkruger/bachelorthesis/bachelorthesis/fine_tuning/venv/lib/python3.9/site-packages/transformers/pipelines/text_generation.py", line 327, in _forward
    generated_sequence = self.model.generate(input_ids=input_ids, attention_mask=attention_mask, **generate_kwargs)
  File "/home/lkruger/bachelorthesis/bachelorthesis/fine_tuning/venv/lib/python3.9/site-packages/torch/utils/_contextlib.py", line 115, in decorate_context
    return func(*args, **kwargs)
  File "/home/lkruger/bachelorthesis/bachelorthesis/fine_tuning/venv/lib/python3.9/site-packages/transformers/generation/utils.py", line 1622, in generate
    result = self._sample(
  File "/home/lkruger/bachelorthesis/bachelorthesis/fine_tuning/venv/lib/python3.9/site-packages/transformers/generation/utils.py", line 2791, in _sample
    outputs = self(
  File "/home/lkruger/bachelorthesis/bachelorthesis/fine_tuning/venv/lib/python3.9/site-packages/torch/nn/modules/module.py", line 1511, in _wrapped_call_impl
    return self._call_impl(*args, **kwargs)
  File "/home/lkruger/bachelorthesis/bachelorthesis/fine_tuning/venv/lib/python3.9/site-packages/torch/nn/modules/module.py", line 1520, in _call_impl
    return forward_call(*args, **kwargs)
  File "/home/lkruger/bachelorthesis/bachelorthesis/fine_tuning/venv/lib/python3.9/site-packages/accelerate/hooks.py", line 166, in new_forward
    output = module._old_forward(*args, **kwargs)
  File "/home/lkruger/bachelorthesis/bachelorthesis/fine_tuning/venv/lib/python3.9/site-packages/transformers/models/llama/modeling_llama.py", line 1208, in forward
    outputs = self.model(
  File "/home/lkruger/bachelorthesis/bachelorthesis/fine_tuning/venv/lib/python3.9/site-packages/torch/nn/modules/module.py", line 1511, in _wrapped_call_impl
    return self._call_impl(*args, **kwargs)
  File "/home/lkruger/bachelorthesis/bachelorthesis/fine_tuning/venv/lib/python3.9/site-packages/torch/nn/modules/module.py", line 1520, in _call_impl
    return forward_call(*args, **kwargs)
  File "/home/lkruger/bachelorthesis/bachelorthesis/fine_tuning/venv/lib/python3.9/site-packages/transformers/models/llama/modeling_llama.py", line 1018, in forward
    layer_outputs = decoder_layer(
  File "/home/lkruger/bachelorthesis/bachelorthesis/fine_tuning/venv/lib/python3.9/site-packages/torch/nn/modules/module.py", line 1511, in _wrapped_call_impl
    return self._call_impl(*args, **kwargs)
  File "/home/lkruger/bachelorthesis/bachelorthesis/fine_tuning/venv/lib/python3.9/site-packages/torch/nn/modules/module.py", line 1520, in _call_impl
    return forward_call(*args, **kwargs)
  File "/home/lkruger/bachelorthesis/bachelorthesis/fine_tuning/venv/lib/python3.9/site-packages/accelerate/hooks.py", line 166, in new_forward
    output = module._old_forward(*args, **kwargs)
  File "/home/lkruger/bachelorthesis/bachelorthesis/fine_tuning/venv/lib/python3.9/site-packages/transformers/models/llama/modeling_llama.py", line 756, in forward
    hidden_states = self.mlp(hidden_states)
  File "/home/lkruger/bachelorthesis/bachelorthesis/fine_tuning/venv/lib/python3.9/site-packages/torch/nn/modules/module.py", line 1511, in _wrapped_call_impl
    return self._call_impl(*args, **kwargs)
  File "/home/lkruger/bachelorthesis/bachelorthesis/fine_tuning/venv/lib/python3.9/site-packages/torch/nn/modules/module.py", line 1520, in _call_impl
    return forward_call(*args, **kwargs)
  File "/home/lkruger/bachelorthesis/bachelorthesis/fine_tuning/venv/lib/python3.9/site-packages/accelerate/hooks.py", line 166, in new_forward
    output = module._old_forward(*args, **kwargs)
  File "/home/lkruger/bachelorthesis/bachelorthesis/fine_tuning/venv/lib/python3.9/site-packages/transformers/models/llama/modeling_llama.py", line 240, in forward
    down_proj = self.down_proj(self.act_fn(self.gate_proj(x)) * self.up_proj(x))
torch.cuda.OutOfMemoryError: CUDA out of memory. Tried to allocate 160.00 MiB. GPU 0 has a total capacity of 15.77 GiB of which 135.88 MiB is free. Including non-PyTorch memory, this process has 15.64 GiB memory in use. Of the allocated memory 14.08 GiB is allocated by PyTorch, and 668.43 MiB is reserved by PyTorch but unallocated. If reserved but unallocated memory is large try setting PYTORCH_CUDA_ALLOC_CONF=expandable_segments:True to avoid fragmentation.  See documentation for Memory Management  (https://pytorch.org/docs/stable/notes/cuda.html#environment-variables)


Error while executing query: INSERT INTO (`label`, `description`, `great_russian_encyclopedia_online_id`, `coordinates_of_southernmost_point`, `new_york_times_topic_id`, `gnd_id`, `category_of_associated_people`, `emergency_phone_number`, `electrical_plug_type`, `licence_plate_code`, `hashtag`, `babelnet_id`, `office_held_by_head_of_government`, `curlie_id`, `native_label`, `musicbrainz_area_id`, `public_holiday`, `uic_alphabetical_country_code`, `comic_vine_id`, `insee_countries_and_foreign_territories_code`, `vat_rate`, `diplomatic_relation`, `flag_image`, `commons_gallery`, `viaf_id`, `history_of_topic`, `capital`, `subreddit`, `openstreetmap_relation_id`, `mobile_country_code`, `maritime_identification_digits`, `nkcr_aut_id`, `asc_leiden_thesaurus_id`, `marriageable_age`, `category_of_people_buried_here`, `geoshape`, `coordinates_of_easternmost_point`, `le_monde_diplomatique_subject_id`, `marine_regions_geographic_id`, `member_of`, `unemployment_rate`, `railway_traffic_side`, `located_in_time_zone`, `category_for_people_who_died_here`, `yso_id`, `office_held_by_head_of_state`, `commons_category`, `shares_border_with`, `us_national_archives_identifier`, `nalt_id`, `treccani_id`, `iso_3166_1_numeric_code`, `coordinates_of_westernmost_point`, `country_calling_code`, `stw_thesaurus_for_economics_id`, `statoids_id`, `flag`, `fips_10_4_countries_and_regions`, `dagens_nyheter_topic_id`, `isni`, `nese_id`, `population`, `getty_thesaurus_of_geographic_names_id`, `topics_main_wikimedia_portal`, `wikimedia_outline`, `ndl_authority_id`, `currency`, `geonames_id`, `unicode_character`, `unesco_thesaurus_id`, `geography_of_topic`, `iso_3166_1_alpha_3_code`, `official_name`, `quora_topic_id`, `mesh_descriptor_id`, `guardian_topic_id`, `basic_form_of_government`, `coat_of_arms_image`, `ituisoiec_object_identifier`, `legislative_body`, `trunk_prefix`, `nuts_code`, `freebase_id`, `official_language`, `replaces`, `continent`, `coat_of_arms`, `age_of_majority`, `national_library_of_israel_id_old`, `on_focus_list_of_wikimedia_project`, `wipo_st3`, `coordinates_of_northernmost_point`, `has_quality`, `iso_3166_1_alpha_2_code`, `total_fertility_rate`, `area`, `store_norske_leksikon_id`, `different_from`, `topics_main_category`, `bibliothèque_nationale_de_france_id`, `locator_map_image`, `bbc_things_id`, `head_of_government`, `ioc_country_code`, `fast_id`, `gacs_id`, `archinform_location_id`, `encyclopædia_britannica_online_id`, `page_banner`, `category_for_films_shot_at_this_location`, `mains_voltage`, `executive_body`, `anthem`, `highest_judicial_authority`, `life_expectancy`, `top_level_internet_domain`, `instance_of`, `highest_point`, `category_for_people_born_here`, `driving_side`, `uic_numerical_country_code`, `lowest_point`, `civicus_monitor_country_entry`, `pronunciation_audio`, `idref_id`, `contains_the_administrative_territorial_entity`, `itu_letter_code`, `library_of_congress_authority_id`, `median_income`, `coordinate_location`, `described_by_source`, `brockhaus_enzyklopädie_online_id`, `iab_code`, `klexikon_article_id`, `loc_and_marc_vocabularies_id`, `language_used`, `dr_topic_id`, `world_encyclopedia_of_puppetry_arts_id`, `gran_enciclopèdia_catalana_id`, `whos_on_first_id`, `participant_in`, `inaturalist_place_id`, `omegawiki_defined_meaning`, `hds_id`, `gs1_country_code`, `culture`, `geonlp_id`, `analysis_policy_observatory_term_id`, `category_for_maps`, `treccanis_dizionario_di_storia_id`, `french_vikidia_id`, `english_vikidia_id`, `spanish_vikidia_id`, `italian_vikidia_id`, `larousse_id`, `worldcat_identities_id`, `fandom_article_id`, `eurovoc_id`, `tdv_islam_ansiklopedisi_id`, `part_of`, `open_data_portal`, `kbpedia_id`, `inception`, `rkd_thesaurus_id`, `pm20_geo_code`, `interlingual_index_id`, `jewish_encyclopedia_id_russian`, `economy_of_topic`, `uk_parliament_thesaurus_id`, `edition_humboldt_digital_id`, `tasteatlas_id`, `sapa_id`, `bhcl_uuid`, `github_topic`, `namuwiki_id`, `wordnet_31_synset_id`, `demographics_of_topic`, `ávvir_topic_id`, `ysa_id`, `yle_topic_id`, `bbc_news_topic_id`, `joconde_location_id`, `topics_main_template`, `armeniapedia_id`, `zhihu_topic_id`, `idaigazetteer_id`, `den_store_danske_id`, `krugosvet_article`, `schoenberg_database_of_manuscripts_place_id`, `colon_classification`, `national_library_of_israel_j9u_id`, `democracy_index`, `online_pwn_encyclopedia_id`, `postimees_topic_id`, `head_of_state`, `der_spiegel_topic_id`, `gyldendals_teaterleksikon_id`, `museum_digital_place_id`, `wikisimpsons_id`, `urban_electric_transit_country_id`, `m49_code`, `short_name`, `demonym`, `süddeutsche_zeitung_topic_id`, `country`, `official_website`, `alltrails_trail_id`, `human_development_index`, `national_historical_museums_of_sweden_id`, `eu_knowledge_graph_item_id`, `central_bank`, `gini_coefficient`, `obo_gazetteer_id`, `openstreetmap_element`, `happy_planet_index_score`, `the_top_tens_id`, `grove_art_online_id`, `the_world_factbook_country_id`, `number_of_out_of_school_children`, `giant_bomb_id`, `dewey_decimal_classification`) VALUES ('Russia', 'sovereign state in Eastern Europe and Northern Asia', '3515565', '41.215555555555554', 'destination/russia', '4076899-5', 'Category:People of Russia', '112', 'Schuko', 'RUS', 'russia', '00068622n', 'Prime Minister of Russia', 'World/Russian/Страны_и_регионы/Европа/Россия', 'Россия', '1f1fc3a4-9500-39b8-9f10-f0a465557eef', 'Defender of the Fatherland Day', 'RUS', '4020-55706', '99123.0', 20.0, 'Donetsk People''s Republic', 'Flag of Russia.svg', 'Россия', '168830626', 'history of Russia', 'Moscow', 'russia', '60189', '250', '273.0', 'ge130512', '297778617.0', 16.0, 'Category:Burials in Russia', 'Data:Russia.map', '66.08017854', 'pays/russie', 'nan', 'BRIC', NULL, 'right', 'UTC+02:00', 'Category:Deaths in Russia', '94479', 'President of Russia', 'Russia', 'Azerbaijan', '10044286.0', 'nan', 'russia', '643', '54.45826455', '7', '17534-6', 'uru', 'flag of Russia', 'RS', 'ryssland', '0000 0001 2302 7140', 'ryska-federationen', 146804372.0, '7002435', 'Portal:Russia', 'outline of Russia', '569699', 'Russian ruble', '2017370', '🇷🇺', 'concept921', 'geography of Russia', 'RUS', 'Российская Федерация', 'Russia', 'D012426', 'world/russia', 'representative democracy', 'Coat of Arms of the Russian Federation.svg', '2.16.643', 'Federal Assembly of the Russian Federation', '8.0', 'nan', '/m/06bnz', 'Russian', 'Russian Soviet Federative Socialist Republic', 'Europe', 'coat of arms of Russia', 18.0, '1030614.0', 'Wikipedia:List of articles all languages should have', 'RU', '81.85', 'nan', 'RU', 1.699999999999999956, 17075400.0, 'Russland', 'Tsardom of Russia', 'Category:Russia', '122728378', 'Russian Federation (orthographic projection) - Annexed Territories disputed.svg', '39267b85-1784-4f4b-80ed-f8cb4a35f337', 'Mikhail Mishustin', 'RUS', '1207312', '253', '3034', 'place/Russia', 'Izborsk banner.jpg', 'Category:Films shot in Russia', 220.0, 'Government of Russia', 'State Anthem of the Russian Federation', 'Supreme Court of Russia', 71.59292999999999552, '.ru', 'sovereign state', 'Mount Elbrus', 'Category:Births in Russia', 'right', '20.0', 'Caspian Sea', 'russia', 'Lb-Russland.ogg', '031531156', 'Republic of Adygea', 'RUS', 'n92056007', NULL, '66.41666666666667', 'Catholic Encyclopedia', 'russland', '1449', 'Russland', 'countries/ru', 'Russian', 'rusland', 'russia', '57409', '85632685', 'Intermediate-Range Nuclear Forces Treaty', '7161', '8444', '3376', '460-469', 'culture of Russia', 'RWKJBs', '9084', 'Category:Maps of Russia', 'nan', 'Russie', 'Russia', 'Rusia', 'Russia', 'pays/wd/141833', 'lccn-n92056007', 'countries:Russian_Federation', '5876', 'rusya', 'Post-Soviet states', 'Open Data Portal Russia', 'Russia', '+0862-00-00T00:00:00Z', '454.0', 'A50(1)', 'i84002', '13584', 'economy of Russia', '12598', 'H0010689', 'russia', 'p/6e9a29b2-b744-4c53-8aa8-88a6a2b46d78', '8863bd00-37e2-411b-9a76-5f5cafa29284', 'russia', '러시아', '09028783-n', 'demographics of Russia', 'ruossa', 'Y94479', '18-180720', 'ce1qrvlegnyt', 'T84-3549', 'Template:Russia topics', '2469.0', '19566816.0', '2086604', 'Rusland', 'Earth_sciences/geografiya/ROSSIYA_ROSSISKAYA_FEDERATSIYA_RF.html', '967', 'SG--58', '987007530981505171', 3.310000000000000053, '4169129.0', '2883', 'Vladimir Putin', 'russland', 'Rusland', '2178.0', '24882', '1', 'nan', '🇷🇺', 'россияне', 'Russland', 'Russia', 'http://gov.ru/', 'russia', 0.821999999999999953, 'geo/74FBD018-DA7F-4D6A-B4F8-1B7FB6F54D06', 'Q303', 'Central Bank of Russia', 36.0, '2721.0', 'node/424314830', 34.89999999999999858, '54.0', 'T074586', 'russia', 368000.0, 'nan', 'nan')
Traceback (most recent call last):
  File "/home/lkruger/bachelorthesis/bachelorthesis/evaluation.py", line 134, in run_experiment
    insert_query_handler.handle_insert_query(query)
  File "/home/lkruger/bachelorthesis/bachelorthesis/system/insert_query_handler.py", line 27, in handle_insert_query
    query_data.table = self.strategy.predict_table_name(query_data)
  File "/home/lkruger/bachelorthesis/bachelorthesis/system/strategies/llama2/llama2_model.py", line 103, in predict_table_name
    self.run_prompt(
  File "/home/lkruger/bachelorthesis/bachelorthesis/system/strategies/llama2/llama2_model.py", line 87, in run_prompt
    return self.pipe(prompt_text)[0]["generated_text"]
  File "/home/lkruger/bachelorthesis/bachelorthesis/fine_tuning/venv/lib/python3.9/site-packages/transformers/pipelines/text_generation.py", line 240, in __call__
    return super().__call__(text_inputs, **kwargs)
  File "/home/lkruger/bachelorthesis/bachelorthesis/fine_tuning/venv/lib/python3.9/site-packages/transformers/pipelines/base.py", line 1242, in __call__
    return self.run_single(inputs, preprocess_params, forward_params, postprocess_params)
  File "/home/lkruger/bachelorthesis/bachelorthesis/fine_tuning/venv/lib/python3.9/site-packages/transformers/pipelines/base.py", line 1249, in run_single
    model_outputs = self.forward(model_inputs, **forward_params)
  File "/home/lkruger/bachelorthesis/bachelorthesis/fine_tuning/venv/lib/python3.9/site-packages/transformers/pipelines/base.py", line 1149, in forward
    model_outputs = self._forward(model_inputs, **forward_params)
  File "/home/lkruger/bachelorthesis/bachelorthesis/fine_tuning/venv/lib/python3.9/site-packages/transformers/pipelines/text_generation.py", line 327, in _forward
    generated_sequence = self.model.generate(input_ids=input_ids, attention_mask=attention_mask, **generate_kwargs)
  File "/home/lkruger/bachelorthesis/bachelorthesis/fine_tuning/venv/lib/python3.9/site-packages/torch/utils/_contextlib.py", line 115, in decorate_context
    return func(*args, **kwargs)
  File "/home/lkruger/bachelorthesis/bachelorthesis/fine_tuning/venv/lib/python3.9/site-packages/transformers/generation/utils.py", line 1622, in generate
    result = self._sample(
  File "/home/lkruger/bachelorthesis/bachelorthesis/fine_tuning/venv/lib/python3.9/site-packages/transformers/generation/utils.py", line 2791, in _sample
    outputs = self(
  File "/home/lkruger/bachelorthesis/bachelorthesis/fine_tuning/venv/lib/python3.9/site-packages/torch/nn/modules/module.py", line 1511, in _wrapped_call_impl
    return self._call_impl(*args, **kwargs)
  File "/home/lkruger/bachelorthesis/bachelorthesis/fine_tuning/venv/lib/python3.9/site-packages/torch/nn/modules/module.py", line 1520, in _call_impl
    return forward_call(*args, **kwargs)
  File "/home/lkruger/bachelorthesis/bachelorthesis/fine_tuning/venv/lib/python3.9/site-packages/accelerate/hooks.py", line 166, in new_forward
    output = module._old_forward(*args, **kwargs)
  File "/home/lkruger/bachelorthesis/bachelorthesis/fine_tuning/venv/lib/python3.9/site-packages/transformers/models/llama/modeling_llama.py", line 1208, in forward
    outputs = self.model(
  File "/home/lkruger/bachelorthesis/bachelorthesis/fine_tuning/venv/lib/python3.9/site-packages/torch/nn/modules/module.py", line 1511, in _wrapped_call_impl
    return self._call_impl(*args, **kwargs)
  File "/home/lkruger/bachelorthesis/bachelorthesis/fine_tuning/venv/lib/python3.9/site-packages/torch/nn/modules/module.py", line 1520, in _call_impl
    return forward_call(*args, **kwargs)
  File "/home/lkruger/bachelorthesis/bachelorthesis/fine_tuning/venv/lib/python3.9/site-packages/transformers/models/llama/modeling_llama.py", line 1018, in forward
    layer_outputs = decoder_layer(
  File "/home/lkruger/bachelorthesis/bachelorthesis/fine_tuning/venv/lib/python3.9/site-packages/torch/nn/modules/module.py", line 1511, in _wrapped_call_impl
    return self._call_impl(*args, **kwargs)
  File "/home/lkruger/bachelorthesis/bachelorthesis/fine_tuning/venv/lib/python3.9/site-packages/torch/nn/modules/module.py", line 1520, in _call_impl
    return forward_call(*args, **kwargs)
  File "/home/lkruger/bachelorthesis/bachelorthesis/fine_tuning/venv/lib/python3.9/site-packages/accelerate/hooks.py", line 166, in new_forward
    output = module._old_forward(*args, **kwargs)
  File "/home/lkruger/bachelorthesis/bachelorthesis/fine_tuning/venv/lib/python3.9/site-packages/transformers/models/llama/modeling_llama.py", line 756, in forward
    hidden_states = self.mlp(hidden_states)
  File "/home/lkruger/bachelorthesis/bachelorthesis/fine_tuning/venv/lib/python3.9/site-packages/torch/nn/modules/module.py", line 1511, in _wrapped_call_impl
    return self._call_impl(*args, **kwargs)
  File "/home/lkruger/bachelorthesis/bachelorthesis/fine_tuning/venv/lib/python3.9/site-packages/torch/nn/modules/module.py", line 1520, in _call_impl
    return forward_call(*args, **kwargs)
  File "/home/lkruger/bachelorthesis/bachelorthesis/fine_tuning/venv/lib/python3.9/site-packages/accelerate/hooks.py", line 166, in new_forward
    output = module._old_forward(*args, **kwargs)
  File "/home/lkruger/bachelorthesis/bachelorthesis/fine_tuning/venv/lib/python3.9/site-packages/transformers/models/llama/modeling_llama.py", line 240, in forward
    down_proj = self.down_proj(self.act_fn(self.gate_proj(x)) * self.up_proj(x))
torch.cuda.OutOfMemoryError: CUDA out of memory. Tried to allocate 162.00 MiB. GPU 0 has a total capacity of 15.77 GiB of which 135.88 MiB is free. Including non-PyTorch memory, this process has 15.64 GiB memory in use. Of the allocated memory 14.10 GiB is allocated by PyTorch, and 643.85 MiB is reserved by PyTorch but unallocated. If reserved but unallocated memory is large try setting PYTORCH_CUDA_ALLOC_CONF=expandable_segments:True to avoid fragmentation.  See documentation for Memory Management  (https://pytorch.org/docs/stable/notes/cuda.html#environment-variables)


Error while executing query: INSERT INTO `country` (`label`, `description`, `great_russian_encyclopedia_online_id`, `coordinates_of_southernmost_point`, `new_york_times_topic_id`, `gnd_id`, `category_of_associated_people`, `emergency_phone_number`, `electrical_plug_type`, `licence_plate_code`, `hashtag`, `babelnet_id`, `office_held_by_head_of_government`, `curlie_id`, `native_label`, `musicbrainz_area_id`, `public_holiday`, `uic_alphabetical_country_code`, `comic_vine_id`, `insee_countries_and_foreign_territories_code`, `vat_rate`, `diplomatic_relation`, `flag_image`, `commons_gallery`, `viaf_id`, `history_of_topic`, `capital`, `subreddit`, `openstreetmap_relation_id`, `mobile_country_code`, `maritime_identification_digits`, `nkcr_aut_id`, `asc_leiden_thesaurus_id`, `marriageable_age`, `category_of_people_buried_here`, `geoshape`, `coordinates_of_easternmost_point`, `le_monde_diplomatique_subject_id`, `marine_regions_geographic_id`, `member_of`, `unemployment_rate`, `railway_traffic_side`, `located_in_time_zone`, `category_for_people_who_died_here`, `yso_id`, `office_held_by_head_of_state`, `commons_category`, `shares_border_with`, `us_national_archives_identifier`, `nalt_id`, `treccani_id`, `iso_3166_1_numeric_code`, `coordinates_of_westernmost_point`, `country_calling_code`, `stw_thesaurus_for_economics_id`, `statoids_id`, `flag`, `fips_10_4_countries_and_regions`, `dagens_nyheter_topic_id`, `isni`, `nese_id`, `population`, `getty_thesaurus_of_geographic_names_id`, `topics_main_wikimedia_portal`, `wikimedia_outline`, `ndl_authority_id`, `currency`, `geonames_id`, `unicode_character`, `unesco_thesaurus_id`, `geography_of_topic`, `iso_3166_1_alpha_3_code`, `official_name`, `quora_topic_id`, `mesh_descriptor_id`, `guardian_topic_id`, `basic_form_of_government`, `coat_of_arms_image`, `ituisoiec_object_identifier`, `legislative_body`, `trunk_prefix`, `nuts_code`, `freebase_id`, `official_language`, `replaces`, `continent`, `coat_of_arms`, `age_of_majority`, `national_library_of_israel_id_old`, `on_focus_list_of_wikimedia_project`, `wipo_st3`, `coordinates_of_northernmost_point`, `has_quality`, `iso_3166_1_alpha_2_code`, `total_fertility_rate`, `area`, `store_norske_leksikon_id`, `different_from`, `topics_main_category`, `bibliothèque_nationale_de_france_id`, `locator_map_image`, `bbc_things_id`, `head_of_government`, `ioc_country_code`, `fast_id`, `gacs_id`, `archinform_location_id`, `encyclopædia_britannica_online_id`, `page_banner`, `category_for_films_shot_at_this_location`, `mains_voltage`, `executive_body`, `anthem`, `highest_judicial_authority`, `life_expectancy`, `top_level_internet_domain`, `instance_of`, `highest_point`, `category_for_people_born_here`, `driving_side`, `uic_numerical_country_code`, `lowest_point`, `civicus_monitor_country_entry`, `pronunciation_audio`, `idref_id`, `contains_the_administrative_territorial_entity`, `itu_letter_code`, `library_of_congress_authority_id`, `median_income`, `coordinate_location`, `described_by_source`, `brockhaus_enzyklopädie_online_id`, `iab_code`, `klexikon_article_id`, `loc_and_marc_vocabularies_id`, `language_used`, `dr_topic_id`, `world_encyclopedia_of_puppetry_arts_id`, `gran_enciclopèdia_catalana_id`, `whos_on_first_id`, `participant_in`, `inaturalist_place_id`, `omegawiki_defined_meaning`, `hds_id`, `gs1_country_code`, `culture`, `geonlp_id`, `analysis_policy_observatory_term_id`, `category_for_maps`, `treccanis_dizionario_di_storia_id`, `french_vikidia_id`, `english_vikidia_id`, `spanish_vikidia_id`, `italian_vikidia_id`, `larousse_id`, `worldcat_identities_id`, `fandom_article_id`, `eurovoc_id`, `tdv_islam_ansiklopedisi_id`, `part_of`, `open_data_portal`, `kbpedia_id`, `inception`, `rkd_thesaurus_id`, `pm20_geo_code`, `interlingual_index_id`, `jewish_encyclopedia_id_russian`, `economy_of_topic`, `uk_parliament_thesaurus_id`, `edition_humboldt_digital_id`, `tasteatlas_id`, `sapa_id`, `bhcl_uuid`, `github_topic`, `namuwiki_id`, `wordnet_31_synset_id`, `demographics_of_topic`, `ávvir_topic_id`, `ysa_id`, `yle_topic_id`, `bbc_news_topic_id`, `joconde_location_id`, `topics_main_template`, `armeniapedia_id`, `zhihu_topic_id`, `idaigazetteer_id`, `den_store_danske_id`, `krugosvet_article`, `schoenberg_database_of_manuscripts_place_id`, `colon_classification`, `national_library_of_israel_j9u_id`, `democracy_index`, `online_pwn_encyclopedia_id`, `postimees_topic_id`, `head_of_state`, `der_spiegel_topic_id`, `gyldendals_teaterleksikon_id`, `museum_digital_place_id`, `wikisimpsons_id`, `urban_electric_transit_country_id`, `m49_code`, `short_name`, `demonym`, `süddeutsche_zeitung_topic_id`, `country`, `official_website`, `alltrails_trail_id`, `human_development_index`, `national_historical_museums_of_sweden_id`, `eu_knowledge_graph_item_id`, `central_bank`, `gini_coefficient`, `obo_gazetteer_id`, `openstreetmap_element`, `happy_planet_index_score`, `the_top_tens_id`, `grove_art_online_id`, `the_world_factbook_country_id`, `number_of_out_of_school_children`, `giant_bomb_id`, `dewey_decimal_classification`) VALUES ('Germany', 'country in Central Europe', '2354371', '47.2700279', 'destination/germany', '4011882-4', 'Category:German people', '112', 'Schuko', 'D', 'Deutschland', '00026684n', 'Federal Chancellor of Germany', 'Regional/Europe/Germany/', 'Bundesrepublik Deutschland', '85752fda-13c4-31a3-bee5-0e5cb1f51dad', 'German Unity Day', 'D', '4020-55777', '99109.0', 19.0, 'Yemen', 'Flag of Germany.svg', 'Deutschland', '189116956', 'history of Germany', 'Berlin', 'deutschland', '51477', '262', '211.0', 'ge135889', '294913572.0', 18.0, 'Category:Burials in Germany', 'Data:Germany.map', '51.27279981', 'pays/allemagne', '2101.0', 'World Trade Organization', 5.0, 'right', 'UTC+01:00', 'Category:Deaths in Germany', '105087', 'president of Germany', 'Germany', 'Czech Republic', '10044480.0', '15494.0', 'germania', '276', '51.05110016', '49', '18012-3', 'ude', 'flag of Germany', 'GM', 'tyskland', '0000 0001 2285 4945', 'tyskland', 83149300.0, '7000084', 'Portal:Germany', 'outline of Germany', '561571', 'euro', '2921044', '🇩🇪', 'concept904', 'geography of Germany', 'DEU', 'Bundesrepublik Deutschland', 'Germany', 'D005858', 'world/germany', 'federal parliamentary republic', 'Coat of arms of Germany.svg', '2.16.276', 'Bundesrat', '0.0', 'DE', '/m/0345h', 'German', 'West Germany', 'Europe', 'coat of arms of Germany', 18.0, '981369.0', 'Wikipedia:List of articles all languages should have', 'DE', '55.0584', 'free country', 'DE', 1.389999999999999903, 357587.7700000000186, 'Tyskland', 'Germany', 'Category:Germany', '12205186t', 'Germany (orthographic projection).svg', '2e3befc0-e70a-41c7-b6cb-2f8f0d69a7db', 'Olaf Scholz', 'GER', '1210272', '601', '2979', 'place/Germany', 'Ötlingen - Panoramaansicht klein banner.jpg', 'Category:Films shot in Germany', 230.0, 'federal level of Germany', 'Das Lied der Deutschen', 'Federal Constitutional Court', 80.79999999999999716, '.de', 'sovereign state', 'Zugspitze', 'Category:Births in Germany', 'right', '80.0', 'Neuendorf-Sachsenbande', 'germany', 'De-Deutschland.ogg', '030685435', 'Baden-Württemberg', 'D', 'n80125931', 33333.0, '51.0', 'Ottův slovník naučný', 'deutschland', '1300', 'Deutschland', 'countries/gw', 'Swabian', 'tyskland', 'germany', '220737', '85633111', 'G4 nations', '7207', '7118', '3352', '400-440', 'culture of Germany', 'VwiQvi', '3002', 'Category:Maps of Germany', 'germania', 'Allemagne', 'Germany', 'Alemania', 'Germania', 'pays/wd/104884', 'lccn-n95056124', 'germany:Germany', '1318', 'almanya', 'Western Europe', 'GovData', 'Germany', '+1990-10-03T00:00:00Z', '456.0', 'A10', 'i82954', '11122', 'economy of Germany', '10438', 'H0005517', 'germany', 'p/a7cbf121-4ac8-4cbd-af7d-4d6d25cd7efb', '2bde846d-48ca-4ac0-880c-91f4fe24c210', 'deutschland', '독일', '08784821-n', 'demographics of Germany', 'duiska', 'Y105087', '18-177448', 'c77jz3md4rdt', 'T84-600', 'Template:Germany topics', '4099.0', '19554996.0', '2044274', 'Tyskland', 'strany_mira/GERMANIYA.html', '66', 'SG--55', '987007559778705171', 8.669999999999999929, '4169110.0', '1865', 'Frank-Walter Steinmeier', 'deutschland', 'Tyskland', '209.0', '21469', '10', '276.0', 'Deutschland', 'Deutscher', 'Deutschland', 'Germany', 'https://verwaltung.bund.de', 'germany', 0.941999999999999949, 'geo/5954BE73-910D-4ABC-96C2-6781831F6043', 'Q22', 'Deutsche Bundesbank', 31.69999999999999929, '2646.0', 'node/1683325355', 52.70000000000000284, 'nan', 'nan', 'nan', NULL, 'nan', 'nan')
Traceback (most recent call last):
  File "/home/lkruger/bachelorthesis/bachelorthesis/evaluation.py", line 134, in run_experiment
    insert_query_handler.handle_insert_query(query)
  File "/home/lkruger/bachelorthesis/bachelorthesis/system/insert_query_handler.py", line 27, in handle_insert_query
    query_data.table = self.strategy.predict_table_name(query_data)
  File "/home/lkruger/bachelorthesis/bachelorthesis/system/strategies/llama2/llama2_model.py", line 103, in predict_table_name
    self.run_prompt(
  File "/home/lkruger/bachelorthesis/bachelorthesis/system/strategies/llama2/llama2_model.py", line 87, in run_prompt
    return self.pipe(prompt_text)[0]["generated_text"]
  File "/home/lkruger/bachelorthesis/bachelorthesis/fine_tuning/venv/lib/python3.9/site-packages/transformers/pipelines/text_generation.py", line 240, in __call__
    return super().__call__(text_inputs, **kwargs)
  File "/home/lkruger/bachelorthesis/bachelorthesis/fine_tuning/venv/lib/python3.9/site-packages/transformers/pipelines/base.py", line 1242, in __call__
    return self.run_single(inputs, preprocess_params, forward_params, postprocess_params)
  File "/home/lkruger/bachelorthesis/bachelorthesis/fine_tuning/venv/lib/python3.9/site-packages/transformers/pipelines/base.py", line 1249, in run_single
    model_outputs = self.forward(model_inputs, **forward_params)
  File "/home/lkruger/bachelorthesis/bachelorthesis/fine_tuning/venv/lib/python3.9/site-packages/transformers/pipelines/base.py", line 1149, in forward
    model_outputs = self._forward(model_inputs, **forward_params)
  File "/home/lkruger/bachelorthesis/bachelorthesis/fine_tuning/venv/lib/python3.9/site-packages/transformers/pipelines/text_generation.py", line 327, in _forward
    generated_sequence = self.model.generate(input_ids=input_ids, attention_mask=attention_mask, **generate_kwargs)
  File "/home/lkruger/bachelorthesis/bachelorthesis/fine_tuning/venv/lib/python3.9/site-packages/torch/utils/_contextlib.py", line 115, in decorate_context
    return func(*args, **kwargs)
  File "/home/lkruger/bachelorthesis/bachelorthesis/fine_tuning/venv/lib/python3.9/site-packages/transformers/generation/utils.py", line 1622, in generate
    result = self._sample(
  File "/home/lkruger/bachelorthesis/bachelorthesis/fine_tuning/venv/lib/python3.9/site-packages/transformers/generation/utils.py", line 2791, in _sample
    outputs = self(
  File "/home/lkruger/bachelorthesis/bachelorthesis/fine_tuning/venv/lib/python3.9/site-packages/torch/nn/modules/module.py", line 1511, in _wrapped_call_impl
    return self._call_impl(*args, **kwargs)
  File "/home/lkruger/bachelorthesis/bachelorthesis/fine_tuning/venv/lib/python3.9/site-packages/torch/nn/modules/module.py", line 1520, in _call_impl
    return forward_call(*args, **kwargs)
  File "/home/lkruger/bachelorthesis/bachelorthesis/fine_tuning/venv/lib/python3.9/site-packages/accelerate/hooks.py", line 166, in new_forward
    output = module._old_forward(*args, **kwargs)
  File "/home/lkruger/bachelorthesis/bachelorthesis/fine_tuning/venv/lib/python3.9/site-packages/transformers/models/llama/modeling_llama.py", line 1208, in forward
    outputs = self.model(
  File "/home/lkruger/bachelorthesis/bachelorthesis/fine_tuning/venv/lib/python3.9/site-packages/torch/nn/modules/module.py", line 1511, in _wrapped_call_impl
    return self._call_impl(*args, **kwargs)
  File "/home/lkruger/bachelorthesis/bachelorthesis/fine_tuning/venv/lib/python3.9/site-packages/torch/nn/modules/module.py", line 1520, in _call_impl
    return forward_call(*args, **kwargs)
  File "/home/lkruger/bachelorthesis/bachelorthesis/fine_tuning/venv/lib/python3.9/site-packages/transformers/models/llama/modeling_llama.py", line 1018, in forward
    layer_outputs = decoder_layer(
  File "/home/lkruger/bachelorthesis/bachelorthesis/fine_tuning/venv/lib/python3.9/site-packages/torch/nn/modules/module.py", line 1511, in _wrapped_call_impl
    return self._call_impl(*args, **kwargs)
  File "/home/lkruger/bachelorthesis/bachelorthesis/fine_tuning/venv/lib/python3.9/site-packages/torch/nn/modules/module.py", line 1520, in _call_impl
    return forward_call(*args, **kwargs)
  File "/home/lkruger/bachelorthesis/bachelorthesis/fine_tuning/venv/lib/python3.9/site-packages/accelerate/hooks.py", line 166, in new_forward
    output = module._old_forward(*args, **kwargs)
  File "/home/lkruger/bachelorthesis/bachelorthesis/fine_tuning/venv/lib/python3.9/site-packages/transformers/models/llama/modeling_llama.py", line 756, in forward
    hidden_states = self.mlp(hidden_states)
  File "/home/lkruger/bachelorthesis/bachelorthesis/fine_tuning/venv/lib/python3.9/site-packages/torch/nn/modules/module.py", line 1511, in _wrapped_call_impl
    return self._call_impl(*args, **kwargs)
  File "/home/lkruger/bachelorthesis/bachelorthesis/fine_tuning/venv/lib/python3.9/site-packages/torch/nn/modules/module.py", line 1520, in _call_impl
    return forward_call(*args, **kwargs)
  File "/home/lkruger/bachelorthesis/bachelorthesis/fine_tuning/venv/lib/python3.9/site-packages/accelerate/hooks.py", line 166, in new_forward
    output = module._old_forward(*args, **kwargs)
  File "/home/lkruger/bachelorthesis/bachelorthesis/fine_tuning/venv/lib/python3.9/site-packages/transformers/models/llama/modeling_llama.py", line 240, in forward
    down_proj = self.down_proj(self.act_fn(self.gate_proj(x)) * self.up_proj(x))
torch.cuda.OutOfMemoryError: CUDA out of memory. Tried to allocate 160.00 MiB. GPU 0 has a total capacity of 15.77 GiB of which 135.88 MiB is free. Including non-PyTorch memory, this process has 15.64 GiB memory in use. Of the allocated memory 14.08 GiB is allocated by PyTorch, and 668.83 MiB is reserved by PyTorch but unallocated. If reserved but unallocated memory is large try setting PYTORCH_CUDA_ALLOC_CONF=expandable_segments:True to avoid fragmentation.  See documentation for Memory Management  (https://pytorch.org/docs/stable/notes/cuda.html#environment-variables)


Error while executing query: INSERT INTO `country` (`label`, `description`, `great_russian_encyclopedia_online_id`, `coordinates_of_southernmost_point`, `new_york_times_topic_id`, `gnd_id`, `category_of_associated_people`, `emergency_phone_number`, `electrical_plug_type`, `licence_plate_code`, `hashtag`, `babelnet_id`, `office_held_by_head_of_government`, `curlie_id`, `native_label`, `musicbrainz_area_id`, `public_holiday`, `uic_alphabetical_country_code`, `comic_vine_id`, `insee_countries_and_foreign_territories_code`, `vat_rate`, `diplomatic_relation`, `flag_image`, `commons_gallery`, `viaf_id`, `history_of_topic`, `capital`, `subreddit`, `openstreetmap_relation_id`, `mobile_country_code`, `maritime_identification_digits`, `nkcr_aut_id`, `asc_leiden_thesaurus_id`, `marriageable_age`, `category_of_people_buried_here`, `geoshape`, `coordinates_of_easternmost_point`, `le_monde_diplomatique_subject_id`, `marine_regions_geographic_id`, `member_of`, `unemployment_rate`, `railway_traffic_side`, `located_in_time_zone`, `category_for_people_who_died_here`, `yso_id`, `office_held_by_head_of_state`, `commons_category`, `shares_border_with`, `us_national_archives_identifier`, `nalt_id`, `treccani_id`, `iso_3166_1_numeric_code`, `coordinates_of_westernmost_point`, `country_calling_code`, `stw_thesaurus_for_economics_id`, `statoids_id`, `flag`, `fips_10_4_countries_and_regions`, `dagens_nyheter_topic_id`, `isni`, `nese_id`, `population`, `getty_thesaurus_of_geographic_names_id`, `topics_main_wikimedia_portal`, `wikimedia_outline`, `ndl_authority_id`, `currency`, `geonames_id`, `unicode_character`, `unesco_thesaurus_id`, `geography_of_topic`, `iso_3166_1_alpha_3_code`, `official_name`, `quora_topic_id`, `mesh_descriptor_id`, `guardian_topic_id`, `basic_form_of_government`, `coat_of_arms_image`, `ituisoiec_object_identifier`, `legislative_body`, `trunk_prefix`, `nuts_code`, `freebase_id`, `official_language`, `replaces`, `continent`, `coat_of_arms`, `age_of_majority`, `national_library_of_israel_id_old`, `on_focus_list_of_wikimedia_project`, `wipo_st3`, `coordinates_of_northernmost_point`, `has_quality`, `iso_3166_1_alpha_2_code`, `total_fertility_rate`, `area`, `store_norske_leksikon_id`, `different_from`, `topics_main_category`, `bibliothèque_nationale_de_france_id`, `locator_map_image`, `bbc_things_id`, `head_of_government`, `ioc_country_code`, `fast_id`, `gacs_id`, `archinform_location_id`, `encyclopædia_britannica_online_id`, `page_banner`, `category_for_films_shot_at_this_location`, `mains_voltage`, `executive_body`, `anthem`, `highest_judicial_authority`, `life_expectancy`, `top_level_internet_domain`, `instance_of`, `highest_point`, `category_for_people_born_here`, `driving_side`, `uic_numerical_country_code`, `lowest_point`, `civicus_monitor_country_entry`, `pronunciation_audio`, `idref_id`, `contains_the_administrative_territorial_entity`, `itu_letter_code`, `library_of_congress_authority_id`, `median_income`, `coordinate_location`, `described_by_source`, `brockhaus_enzyklopädie_online_id`, `iab_code`, `klexikon_article_id`, `loc_and_marc_vocabularies_id`, `language_used`, `dr_topic_id`, `world_encyclopedia_of_puppetry_arts_id`, `gran_enciclopèdia_catalana_id`, `whos_on_first_id`, `participant_in`, `inaturalist_place_id`, `omegawiki_defined_meaning`, `hds_id`, `gs1_country_code`, `culture`, `geonlp_id`, `analysis_policy_observatory_term_id`, `category_for_maps`, `treccanis_dizionario_di_storia_id`, `french_vikidia_id`, `english_vikidia_id`, `spanish_vikidia_id`, `italian_vikidia_id`, `larousse_id`, `worldcat_identities_id`, `fandom_article_id`, `eurovoc_id`, `tdv_islam_ansiklopedisi_id`, `part_of`, `open_data_portal`, `kbpedia_id`, `inception`, `rkd_thesaurus_id`, `pm20_geo_code`, `interlingual_index_id`, `jewish_encyclopedia_id_russian`, `economy_of_topic`, `uk_parliament_thesaurus_id`, `edition_humboldt_digital_id`, `tasteatlas_id`, `sapa_id`, `bhcl_uuid`, `github_topic`, `namuwiki_id`, `wordnet_31_synset_id`, `demographics_of_topic`, `ávvir_topic_id`, `ysa_id`, `yle_topic_id`, `bbc_news_topic_id`, `joconde_location_id`, `topics_main_template`, `armeniapedia_id`, `zhihu_topic_id`, `idaigazetteer_id`, `den_store_danske_id`, `krugosvet_article`, `schoenberg_database_of_manuscripts_place_id`, `colon_classification`, `national_library_of_israel_j9u_id`, `democracy_index`, `online_pwn_encyclopedia_id`, `postimees_topic_id`, `head_of_state`, `der_spiegel_topic_id`, `gyldendals_teaterleksikon_id`, `museum_digital_place_id`, `wikisimpsons_id`, `urban_electric_transit_country_id`, `m49_code`, `short_name`, `demonym`, `süddeutsche_zeitung_topic_id`, `country`, `official_website`, `alltrails_trail_id`, `human_development_index`, `national_historical_museums_of_sweden_id`, `eu_knowledge_graph_item_id`, `central_bank`, `gini_coefficient`, `obo_gazetteer_id`, `openstreetmap_element`, `happy_planet_index_score`, `the_top_tens_id`, `grove_art_online_id`, `the_world_factbook_country_id`, `number_of_out_of_school_children`, `giant_bomb_id`, `dewey_decimal_classification`) VALUES ('Netherlands', 'country in Northwestern Europe with territories in the Caribbean', '2265969', '50.75040004', 'destination/netherlands', '4042203-3', 'Category:Dutch people', '112', 'Schuko', 'NL', 'Netherlands', '00044423n', 'Prime Minister of the Netherlands', 'Regional/Europe/Netherlands/', 'Koninkrijk der Nederlanden', 'ef1b7cc0-cd26-36f4-8ea0-04d9623786c7', 'nan', 'NL', 'nan', 'nan', 21.0, 'Italy', 'Flag of the Netherlands.svg', 'Nederland', '156652814', 'history of the Netherlands', 'Amsterdam', 'thenetherlands', '47796', '204', 'nan', 'ge128525', '294928014.0', 18.0, 'Category:Burials in the Netherlands', 'Data:Nederland.map', '53.18021828', 'pays/paysbas', 'nan', 'North Atlantic Treaty Organization', 3.799999999999999823, 'nan', 'UTC+02:00', 'Category:Deaths in the Netherlands', '105190', 'King of the Netherlands', 'Netherlands', 'Germany', '10046275.0', '34523.0', 'paesi-bassi', '528', '51.36899408', '31', '17433-5', 'unl', 'flag of the Netherlands', 'NL', 'nederlanderna', '0000 0001 2369 754X', 'nederländerna', 17282163.0, '7016845', 'Portal:Netherlands', 'outline of the Netherlands', '568908', 'euro', '2750405', '🇳🇱', 'concept917', 'geography of the Netherlands', 'NLD', 'Nederland', 'The-Netherlands', 'D009426', 'nan', 'parliamentary monarchy', 'Royal coat of arms of the Netherlands.svg', 'nan', 'States General', '0.0', 'NL', '/m/059j2', 'Dutch', 'United Kingdom of the Netherlands', 'Europe', 'coat of arms of the Netherlands', 18.0, 'nan', 'Wikipedia:List of articles all languages should have', 'NL', '53.46633589', 'free country', 'NL', 1.679999999999999938, 41543.0, 'Nederland', 'Kingdom of the Netherlands', 'Category:Netherlands', '11862083x', 'EU-Netherlands.svg', 'aa200d4c-217e-4a6a-9e61-733d812cac06', 'Mark Rutte', 'NED', '1204034', '178', '3020', 'place/Netherlands', 'Leiden-NL-Banner-2.jpg', 'Category:Films shot in the Netherlands', 230.0, 'Government of the Netherlands', 'Wilhelmus', 'Supreme Court of the Netherlands', 81.50976, '.nl', 'country of the Kingdom of the Netherlands', 'Mount Scenery', 'Category:Births in the Netherlands', 'right', '84.0', 'Zuidplaspolder', 'netherlands', 'LL-Q143 (epo)-Robin van der Vliet-Nederlando.wav', '026357240', 'Groningen', 'HOL', 'n78085423', 38584.0, '52.316666666667', 'Catholic Encyclopedia', 'niederlande', '1443', 'Niederlande', 'countries/ne', 'Dutch', 'holland', 'netherlands', '48251', '85633337', 'Pacific War', '7506', '5809', '3364', '870-879', 'nan', 'ujDxVI', '13158', 'nan', 'nan', 'nan', 'nan', 'nan', 'nan', 'pays/wd/137338', 'lccn-n78085423', 'netherlands:Netherlands', '2286', 'hollanda', 'Kingdom of the Netherlands', 'Open Data Portal Netherlands', 'Netherlands', '+1795-01-19T00:00:00Z', '1.0', 'A19', 'i83737', '12971', 'economy of the Netherlands', '11867', 'nan', 'nan', 'p/be720c0d-f419-4225-84dc-d65f10d586fd', '7c672690-aa08-4e09-99eb-de5486282524', 'netherlands', '네덜란드', '08968866-n', 'demographics of the Netherlands', 'nan', 'Y105190', '18-303648', 'cvenzmgywd2t', 'T84-3488', 'nan', '7345.0', '19572944.0', '2085493', 'Holland', 'strany_mira/NIDERLANDI.html', '12', 'SG--5962', '987007550359005171', 8.960000000000000853, 'nan', '2647', 'Willem-Alexander of the Netherlands', 'nan', 'Holland', '500.0', '26224', '21', '528.0', '🇳🇱', 'Nederlander', 'nan', 'Kingdom of the Netherlands', 'https://www.rijksoverheid.nl/', 'netherlands', 0.931000000000000049, 'geo/87D4DF9D-0D2D-4067-8AF3-CFB4197BE0F0', 'Q19', 'De Nederlandsche Bank', 25.39999999999999858, '1549.0', 'node/424297217', 54.89999999999999858, '63.0', 'nan', 'netherlands', 18711.0, '3035-1279', '2--492')
Traceback (most recent call last):
  File "/home/lkruger/bachelorthesis/bachelorthesis/evaluation.py", line 134, in run_experiment
    insert_query_handler.handle_insert_query(query)
  File "/home/lkruger/bachelorthesis/bachelorthesis/system/insert_query_handler.py", line 27, in handle_insert_query
    query_data.table = self.strategy.predict_table_name(query_data)
  File "/home/lkruger/bachelorthesis/bachelorthesis/system/strategies/llama2/llama2_model.py", line 103, in predict_table_name
    self.run_prompt(
  File "/home/lkruger/bachelorthesis/bachelorthesis/system/strategies/llama2/llama2_model.py", line 87, in run_prompt
    return self.pipe(prompt_text)[0]["generated_text"]
  File "/home/lkruger/bachelorthesis/bachelorthesis/fine_tuning/venv/lib/python3.9/site-packages/transformers/pipelines/text_generation.py", line 240, in __call__
    return super().__call__(text_inputs, **kwargs)
  File "/home/lkruger/bachelorthesis/bachelorthesis/fine_tuning/venv/lib/python3.9/site-packages/transformers/pipelines/base.py", line 1242, in __call__
    return self.run_single(inputs, preprocess_params, forward_params, postprocess_params)
  File "/home/lkruger/bachelorthesis/bachelorthesis/fine_tuning/venv/lib/python3.9/site-packages/transformers/pipelines/base.py", line 1249, in run_single
    model_outputs = self.forward(model_inputs, **forward_params)
  File "/home/lkruger/bachelorthesis/bachelorthesis/fine_tuning/venv/lib/python3.9/site-packages/transformers/pipelines/base.py", line 1149, in forward
    model_outputs = self._forward(model_inputs, **forward_params)
  File "/home/lkruger/bachelorthesis/bachelorthesis/fine_tuning/venv/lib/python3.9/site-packages/transformers/pipelines/text_generation.py", line 327, in _forward
    generated_sequence = self.model.generate(input_ids=input_ids, attention_mask=attention_mask, **generate_kwargs)
  File "/home/lkruger/bachelorthesis/bachelorthesis/fine_tuning/venv/lib/python3.9/site-packages/torch/utils/_contextlib.py", line 115, in decorate_context
    return func(*args, **kwargs)
  File "/home/lkruger/bachelorthesis/bachelorthesis/fine_tuning/venv/lib/python3.9/site-packages/transformers/generation/utils.py", line 1622, in generate
    result = self._sample(
  File "/home/lkruger/bachelorthesis/bachelorthesis/fine_tuning/venv/lib/python3.9/site-packages/transformers/generation/utils.py", line 2791, in _sample
    outputs = self(
  File "/home/lkruger/bachelorthesis/bachelorthesis/fine_tuning/venv/lib/python3.9/site-packages/torch/nn/modules/module.py", line 1511, in _wrapped_call_impl
    return self._call_impl(*args, **kwargs)
  File "/home/lkruger/bachelorthesis/bachelorthesis/fine_tuning/venv/lib/python3.9/site-packages/torch/nn/modules/module.py", line 1520, in _call_impl
    return forward_call(*args, **kwargs)
  File "/home/lkruger/bachelorthesis/bachelorthesis/fine_tuning/venv/lib/python3.9/site-packages/accelerate/hooks.py", line 166, in new_forward
    output = module._old_forward(*args, **kwargs)
  File "/home/lkruger/bachelorthesis/bachelorthesis/fine_tuning/venv/lib/python3.9/site-packages/transformers/models/llama/modeling_llama.py", line 1208, in forward
    outputs = self.model(
  File "/home/lkruger/bachelorthesis/bachelorthesis/fine_tuning/venv/lib/python3.9/site-packages/torch/nn/modules/module.py", line 1511, in _wrapped_call_impl
    return self._call_impl(*args, **kwargs)
  File "/home/lkruger/bachelorthesis/bachelorthesis/fine_tuning/venv/lib/python3.9/site-packages/torch/nn/modules/module.py", line 1520, in _call_impl
    return forward_call(*args, **kwargs)
  File "/home/lkruger/bachelorthesis/bachelorthesis/fine_tuning/venv/lib/python3.9/site-packages/transformers/models/llama/modeling_llama.py", line 1018, in forward
    layer_outputs = decoder_layer(
  File "/home/lkruger/bachelorthesis/bachelorthesis/fine_tuning/venv/lib/python3.9/site-packages/torch/nn/modules/module.py", line 1511, in _wrapped_call_impl
    return self._call_impl(*args, **kwargs)
  File "/home/lkruger/bachelorthesis/bachelorthesis/fine_tuning/venv/lib/python3.9/site-packages/torch/nn/modules/module.py", line 1520, in _call_impl
    return forward_call(*args, **kwargs)
  File "/home/lkruger/bachelorthesis/bachelorthesis/fine_tuning/venv/lib/python3.9/site-packages/accelerate/hooks.py", line 166, in new_forward
    output = module._old_forward(*args, **kwargs)
  File "/home/lkruger/bachelorthesis/bachelorthesis/fine_tuning/venv/lib/python3.9/site-packages/transformers/models/llama/modeling_llama.py", line 756, in forward
    hidden_states = self.mlp(hidden_states)
  File "/home/lkruger/bachelorthesis/bachelorthesis/fine_tuning/venv/lib/python3.9/site-packages/torch/nn/modules/module.py", line 1511, in _wrapped_call_impl
    return self._call_impl(*args, **kwargs)
  File "/home/lkruger/bachelorthesis/bachelorthesis/fine_tuning/venv/lib/python3.9/site-packages/torch/nn/modules/module.py", line 1520, in _call_impl
    return forward_call(*args, **kwargs)
  File "/home/lkruger/bachelorthesis/bachelorthesis/fine_tuning/venv/lib/python3.9/site-packages/accelerate/hooks.py", line 166, in new_forward
    output = module._old_forward(*args, **kwargs)
  File "/home/lkruger/bachelorthesis/bachelorthesis/fine_tuning/venv/lib/python3.9/site-packages/transformers/models/llama/modeling_llama.py", line 240, in forward
    down_proj = self.down_proj(self.act_fn(self.gate_proj(x)) * self.up_proj(x))
torch.cuda.OutOfMemoryError: CUDA out of memory. Tried to allocate 160.00 MiB. GPU 0 has a total capacity of 15.77 GiB of which 135.88 MiB is free. Including non-PyTorch memory, this process has 15.64 GiB memory in use. Of the allocated memory 14.08 GiB is allocated by PyTorch, and 665.65 MiB is reserved by PyTorch but unallocated. If reserved but unallocated memory is large try setting PYTORCH_CUDA_ALLOC_CONF=expandable_segments:True to avoid fragmentation.  See documentation for Memory Management  (https://pytorch.org/docs/stable/notes/cuda.html#environment-variables)


Error while executing query: INSERT INTO `country` (`label`, `description`, `great_russian_encyclopedia_online_id`, `coordinates_of_southernmost_point`, `new_york_times_topic_id`, `gnd_id`, `category_of_associated_people`, `emergency_phone_number`, `electrical_plug_type`, `licence_plate_code`, `hashtag`, `babelnet_id`, `office_held_by_head_of_government`, `curlie_id`, `native_label`, `musicbrainz_area_id`, `public_holiday`, `uic_alphabetical_country_code`, `comic_vine_id`, `insee_countries_and_foreign_territories_code`, `vat_rate`, `diplomatic_relation`, `flag_image`, `commons_gallery`, `viaf_id`, `history_of_topic`, `capital`, `subreddit`, `openstreetmap_relation_id`, `mobile_country_code`, `maritime_identification_digits`, `nkcr_aut_id`, `asc_leiden_thesaurus_id`, `marriageable_age`, `category_of_people_buried_here`, `geoshape`, `coordinates_of_easternmost_point`, `le_monde_diplomatique_subject_id`, `marine_regions_geographic_id`, `member_of`, `unemployment_rate`, `railway_traffic_side`, `located_in_time_zone`, `category_for_people_who_died_here`, `yso_id`, `office_held_by_head_of_state`, `commons_category`, `shares_border_with`, `us_national_archives_identifier`, `nalt_id`, `treccani_id`, `iso_3166_1_numeric_code`, `coordinates_of_westernmost_point`, `country_calling_code`, `stw_thesaurus_for_economics_id`, `statoids_id`, `flag`, `fips_10_4_countries_and_regions`, `dagens_nyheter_topic_id`, `isni`, `nese_id`, `population`, `getty_thesaurus_of_geographic_names_id`, `topics_main_wikimedia_portal`, `wikimedia_outline`, `ndl_authority_id`, `currency`, `geonames_id`, `unicode_character`, `unesco_thesaurus_id`, `geography_of_topic`, `iso_3166_1_alpha_3_code`, `official_name`, `quora_topic_id`, `mesh_descriptor_id`, `guardian_topic_id`, `basic_form_of_government`, `coat_of_arms_image`, `ituisoiec_object_identifier`, `legislative_body`, `trunk_prefix`, `nuts_code`, `freebase_id`, `official_language`, `replaces`, `continent`, `coat_of_arms`, `age_of_majority`, `national_library_of_israel_id_old`, `on_focus_list_of_wikimedia_project`, `wipo_st3`, `coordinates_of_northernmost_point`, `has_quality`, `iso_3166_1_alpha_2_code`, `total_fertility_rate`, `area`, `store_norske_leksikon_id`, `different_from`, `topics_main_category`, `bibliothèque_nationale_de_france_id`, `locator_map_image`, `bbc_things_id`, `head_of_government`, `ioc_country_code`, `fast_id`, `gacs_id`, `archinform_location_id`, `encyclopædia_britannica_online_id`, `page_banner`, `category_for_films_shot_at_this_location`, `mains_voltage`, `executive_body`, `anthem`, `highest_judicial_authority`, `life_expectancy`, `top_level_internet_domain`, `instance_of`, `highest_point`, `category_for_people_born_here`, `driving_side`, `uic_numerical_country_code`, `lowest_point`, `civicus_monitor_country_entry`, `pronunciation_audio`, `idref_id`, `contains_the_administrative_territorial_entity`, `itu_letter_code`, `library_of_congress_authority_id`, `median_income`, `coordinate_location`, `described_by_source`, `brockhaus_enzyklopädie_online_id`, `iab_code`, `klexikon_article_id`, `loc_and_marc_vocabularies_id`, `language_used`, `dr_topic_id`, `world_encyclopedia_of_puppetry_arts_id`, `gran_enciclopèdia_catalana_id`, `whos_on_first_id`, `participant_in`, `inaturalist_place_id`, `omegawiki_defined_meaning`, `hds_id`, `gs1_country_code`, `culture`, `geonlp_id`, `analysis_policy_observatory_term_id`, `category_for_maps`, `treccanis_dizionario_di_storia_id`, `french_vikidia_id`, `english_vikidia_id`, `spanish_vikidia_id`, `italian_vikidia_id`, `larousse_id`, `worldcat_identities_id`, `fandom_article_id`, `eurovoc_id`, `tdv_islam_ansiklopedisi_id`, `part_of`, `open_data_portal`, `kbpedia_id`, `inception`, `rkd_thesaurus_id`, `pm20_geo_code`, `interlingual_index_id`, `jewish_encyclopedia_id_russian`, `economy_of_topic`, `uk_parliament_thesaurus_id`, `edition_humboldt_digital_id`, `tasteatlas_id`, `sapa_id`, `bhcl_uuid`, `github_topic`, `namuwiki_id`, `wordnet_31_synset_id`, `demographics_of_topic`, `ávvir_topic_id`, `ysa_id`, `yle_topic_id`, `bbc_news_topic_id`, `joconde_location_id`, `topics_main_template`, `armeniapedia_id`, `zhihu_topic_id`, `idaigazetteer_id`, `den_store_danske_id`, `krugosvet_article`, `schoenberg_database_of_manuscripts_place_id`, `colon_classification`, `national_library_of_israel_j9u_id`, `democracy_index`, `online_pwn_encyclopedia_id`, `postimees_topic_id`, `head_of_state`, `der_spiegel_topic_id`, `gyldendals_teaterleksikon_id`, `museum_digital_place_id`, `wikisimpsons_id`, `urban_electric_transit_country_id`, `m49_code`, `short_name`, `demonym`, `süddeutsche_zeitung_topic_id`, `country`, `official_website`, `alltrails_trail_id`, `human_development_index`, `national_historical_museums_of_sweden_id`, `eu_knowledge_graph_item_id`, `central_bank`, `gini_coefficient`, `obo_gazetteer_id`, `openstreetmap_element`, `happy_planet_index_score`, `the_top_tens_id`, `grove_art_online_id`, `the_world_factbook_country_id`, `number_of_out_of_school_children`, `giant_bomb_id`, `dewey_decimal_classification`) VALUES ('Ukraine', 'country in Eastern Europe', '4217406', '44.386416666667', 'destination/ukraine', '4061496-7', 'Category:Ukrainian people', '112', 'Europlug', 'UA', 'україна', '00078872n', 'Prime Minister of Ukraine', 'Regional/Europe/Ukraine/', 'Україна', '904768d0-61ca-3c40-93ac-93adc36fef4b', 'Independence Day of Ukraine', 'UA', '4020-56166', '99155.0', 20.0, 'Canada', 'Flag of Ukraine.svg', 'Україна', '134334037', 'History of Ukraine', 'Kyiv', 'ukraine', '60199', '255', '272.0', 'ge131211', 'nan', 18.0, 'Category:Burials in Ukraine', 'Data:Ukraine.map', '49.260277777778', 'pays/ukraine', '2196.0', 'Council of Europe', 8.0, 'right', 'UTC+02:00', 'Category:Deaths in Ukraine', '107664', 'President of Ukraine', 'Ukraine', 'European Union', '10045282.0', '38637.0', 'ucraina', '804', '48.419166666667', '380', '17485-0', 'uua', 'flag of Ukraine', 'UP', 'ukraina', '0000 0001 2358 7973', 'ukraina', 41588354.0, '7006660', 'Portal:Ukraine', 'outline of Ukraine', '573982', 'hryvnia', '690791', '🇺🇦', 'concept926', 'geography of Ukraine', 'UKR', 'Україна', 'Ukraine', 'D014455', 'world/ukraine', 'semi-presidential system', 'Lesser Coat of Arms of Ukraine.svg', '2.16.804', 'Verkhovna Rada', '0.0', 'nan', '/m/07t21', 'Ukrainian', 'Ukrainian Soviet Socialist Republic', 'Europe', 'coat of arms of Ukraine', 18.0, '983173.0', 'Wikipedia:List of articles all languages should have', 'UA', '52.379528888889', 'partly free country', 'UA', 1.497999999999999999, 603550.0, 'Ukraina', 'Ukraine', 'Category:Ukraine', '11865672n', 'Europe-Ukraine (disputed territory).svg', 'ee8750ed-a7fb-453f-bfca-2aa8b3fb064c', 'Denys Shmyhal', 'UKR', '1211738', '622', '3055', 'place/Ukraine', 'Chernivtsi-banner.jpg', 'Category:Films shot in Ukraine', 230.0, 'Cabinet of Ministers of Ukraine', 'Shche ne Vmerla Ukrainy i Slava, i volia', 'Supreme Court of Ukraine', 71.47633999999999332, '.ua', 'sovereign state', 'Hoverla', 'Category:Births in Ukraine', 'right', '22.0', 'Kuyalnik Estuary', 'ukraine', 'Fr-l''Ukraine-fr Be.ogg', '02640267X', 'Kyiv', 'UKR', 'n81017756', 9218.0, '49.0', 'Brockhaus and Efron Encyclopedic Dictionary', 'ukraine', '1467', 'Ukraine', 'countries/un', 'Russian', 'ukraine', 'ukraine', '68156', '85633805', '2022 Russian invasion of Ukraine', '8860', '8331', '25007', '482', 'Ukrainian culture', 'h9S4H5', '3007', 'Category:Maps of Ukraine', 'ucraina', 'Ukraine', 'Ukraine', 'Ucrania', 'Ucraina', 'pays/Ukraine/147832', 'lccn-n81017756', 'ukraine:Ukraine', '5946', 'ukrayna', 'Eastern Europe', 'data.gov.ua', 'Ukraine', '+1991-08-24T00:00:00Z', 'nan', 'A54', 'i84044', '14209', 'economy of Ukraine', '13438', 'H0009637', 'ukraine', 'p/4d375393-126c-44d3-8078-1dd92b4c2fb5', '973d6c80-d1e5-4830-a9cf-2529a3cddd3a', 'ukraine', '우크라이나', '09037349-n', 'demographics of Ukraine', 'ukraina', 'Y107664', '18-185076', 'cx1m7zg0gzdt', 'T84-3585', 'Template:Ukraine topics', '4103.0', '19642259.0', '2069309', 'Ukraine', 'strany_mira/UKRAINA.html', '4073', 'SG--587', '987007548162505171', 5.80999999999999961, '4169170.0', '8497', 'Volodymyr Zelenskyy', 'ukraine', 'nan', '939.0', '43280', '3', 'nan', '🇺🇦', 'українці', 'Ukraine', 'Ukraine', 'https://ukraine.ua', 'ukraine', 0.7730000000000000204, 'geo/00FF2E4F-C147-45FA-9014-EAEB7F789A58', 'Q313', 'National Bank of Ukraine', 25.60000000000000142, '2724.0', 'node/1648342273', 40.89999999999999858, '130.0', 'T086947', 'ukraine', 117710.0, '3035-2881', '2--477')
Traceback (most recent call last):
  File "/home/lkruger/bachelorthesis/bachelorthesis/evaluation.py", line 134, in run_experiment
    insert_query_handler.handle_insert_query(query)
  File "/home/lkruger/bachelorthesis/bachelorthesis/system/insert_query_handler.py", line 27, in handle_insert_query
    query_data.table = self.strategy.predict_table_name(query_data)
  File "/home/lkruger/bachelorthesis/bachelorthesis/system/strategies/llama2/llama2_model.py", line 103, in predict_table_name
    self.run_prompt(
  File "/home/lkruger/bachelorthesis/bachelorthesis/system/strategies/llama2/llama2_model.py", line 87, in run_prompt
    return self.pipe(prompt_text)[0]["generated_text"]
  File "/home/lkruger/bachelorthesis/bachelorthesis/fine_tuning/venv/lib/python3.9/site-packages/transformers/pipelines/text_generation.py", line 240, in __call__
    return super().__call__(text_inputs, **kwargs)
  File "/home/lkruger/bachelorthesis/bachelorthesis/fine_tuning/venv/lib/python3.9/site-packages/transformers/pipelines/base.py", line 1242, in __call__
    return self.run_single(inputs, preprocess_params, forward_params, postprocess_params)
  File "/home/lkruger/bachelorthesis/bachelorthesis/fine_tuning/venv/lib/python3.9/site-packages/transformers/pipelines/base.py", line 1249, in run_single
    model_outputs = self.forward(model_inputs, **forward_params)
  File "/home/lkruger/bachelorthesis/bachelorthesis/fine_tuning/venv/lib/python3.9/site-packages/transformers/pipelines/base.py", line 1149, in forward
    model_outputs = self._forward(model_inputs, **forward_params)
  File "/home/lkruger/bachelorthesis/bachelorthesis/fine_tuning/venv/lib/python3.9/site-packages/transformers/pipelines/text_generation.py", line 327, in _forward
    generated_sequence = self.model.generate(input_ids=input_ids, attention_mask=attention_mask, **generate_kwargs)
  File "/home/lkruger/bachelorthesis/bachelorthesis/fine_tuning/venv/lib/python3.9/site-packages/torch/utils/_contextlib.py", line 115, in decorate_context
    return func(*args, **kwargs)
  File "/home/lkruger/bachelorthesis/bachelorthesis/fine_tuning/venv/lib/python3.9/site-packages/transformers/generation/utils.py", line 1622, in generate
    result = self._sample(
  File "/home/lkruger/bachelorthesis/bachelorthesis/fine_tuning/venv/lib/python3.9/site-packages/transformers/generation/utils.py", line 2791, in _sample
    outputs = self(
  File "/home/lkruger/bachelorthesis/bachelorthesis/fine_tuning/venv/lib/python3.9/site-packages/torch/nn/modules/module.py", line 1511, in _wrapped_call_impl
    return self._call_impl(*args, **kwargs)
  File "/home/lkruger/bachelorthesis/bachelorthesis/fine_tuning/venv/lib/python3.9/site-packages/torch/nn/modules/module.py", line 1520, in _call_impl
    return forward_call(*args, **kwargs)
  File "/home/lkruger/bachelorthesis/bachelorthesis/fine_tuning/venv/lib/python3.9/site-packages/accelerate/hooks.py", line 166, in new_forward
    output = module._old_forward(*args, **kwargs)
  File "/home/lkruger/bachelorthesis/bachelorthesis/fine_tuning/venv/lib/python3.9/site-packages/transformers/models/llama/modeling_llama.py", line 1208, in forward
    outputs = self.model(
  File "/home/lkruger/bachelorthesis/bachelorthesis/fine_tuning/venv/lib/python3.9/site-packages/torch/nn/modules/module.py", line 1511, in _wrapped_call_impl
    return self._call_impl(*args, **kwargs)
  File "/home/lkruger/bachelorthesis/bachelorthesis/fine_tuning/venv/lib/python3.9/site-packages/torch/nn/modules/module.py", line 1520, in _call_impl
    return forward_call(*args, **kwargs)
  File "/home/lkruger/bachelorthesis/bachelorthesis/fine_tuning/venv/lib/python3.9/site-packages/transformers/models/llama/modeling_llama.py", line 1018, in forward
    layer_outputs = decoder_layer(
  File "/home/lkruger/bachelorthesis/bachelorthesis/fine_tuning/venv/lib/python3.9/site-packages/torch/nn/modules/module.py", line 1511, in _wrapped_call_impl
    return self._call_impl(*args, **kwargs)
  File "/home/lkruger/bachelorthesis/bachelorthesis/fine_tuning/venv/lib/python3.9/site-packages/torch/nn/modules/module.py", line 1520, in _call_impl
    return forward_call(*args, **kwargs)
  File "/home/lkruger/bachelorthesis/bachelorthesis/fine_tuning/venv/lib/python3.9/site-packages/accelerate/hooks.py", line 166, in new_forward
    output = module._old_forward(*args, **kwargs)
  File "/home/lkruger/bachelorthesis/bachelorthesis/fine_tuning/venv/lib/python3.9/site-packages/transformers/models/llama/modeling_llama.py", line 756, in forward
    hidden_states = self.mlp(hidden_states)
  File "/home/lkruger/bachelorthesis/bachelorthesis/fine_tuning/venv/lib/python3.9/site-packages/torch/nn/modules/module.py", line 1511, in _wrapped_call_impl
    return self._call_impl(*args, **kwargs)
  File "/home/lkruger/bachelorthesis/bachelorthesis/fine_tuning/venv/lib/python3.9/site-packages/torch/nn/modules/module.py", line 1520, in _call_impl
    return forward_call(*args, **kwargs)
  File "/home/lkruger/bachelorthesis/bachelorthesis/fine_tuning/venv/lib/python3.9/site-packages/accelerate/hooks.py", line 166, in new_forward
    output = module._old_forward(*args, **kwargs)
  File "/home/lkruger/bachelorthesis/bachelorthesis/fine_tuning/venv/lib/python3.9/site-packages/transformers/models/llama/modeling_llama.py", line 240, in forward
    down_proj = self.down_proj(self.act_fn(self.gate_proj(x)) * self.up_proj(x))
torch.cuda.OutOfMemoryError: CUDA out of memory. Tried to allocate 162.00 MiB. GPU 0 has a total capacity of 15.77 GiB of which 135.88 MiB is free. Including non-PyTorch memory, this process has 15.64 GiB memory in use. Of the allocated memory 14.11 GiB is allocated by PyTorch, and 641.47 MiB is reserved by PyTorch but unallocated. If reserved but unallocated memory is large try setting PYTORCH_CUDA_ALLOC_CONF=expandable_segments:True to avoid fragmentation.  See documentation for Memory Management  (https://pytorch.org/docs/stable/notes/cuda.html#environment-variables)


Error while executing query: INSERT INTO `country` (`label`, `description`, `great_russian_encyclopedia_online_id`, `coordinates_of_southernmost_point`, `new_york_times_topic_id`, `gnd_id`, `category_of_associated_people`, `emergency_phone_number`, `electrical_plug_type`, `licence_plate_code`, `hashtag`, `babelnet_id`, `office_held_by_head_of_government`, `curlie_id`, `native_label`, `musicbrainz_area_id`, `public_holiday`, `uic_alphabetical_country_code`, `comic_vine_id`, `insee_countries_and_foreign_territories_code`, `vat_rate`, `diplomatic_relation`, `flag_image`, `commons_gallery`, `viaf_id`, `history_of_topic`, `capital`, `subreddit`, `openstreetmap_relation_id`, `mobile_country_code`, `maritime_identification_digits`, `nkcr_aut_id`, `asc_leiden_thesaurus_id`, `marriageable_age`, `category_of_people_buried_here`, `geoshape`, `coordinates_of_easternmost_point`, `le_monde_diplomatique_subject_id`, `marine_regions_geographic_id`, `member_of`, `unemployment_rate`, `railway_traffic_side`, `located_in_time_zone`, `category_for_people_who_died_here`, `yso_id`, `office_held_by_head_of_state`, `commons_category`, `shares_border_with`, `us_national_archives_identifier`, `nalt_id`, `treccani_id`, `iso_3166_1_numeric_code`, `coordinates_of_westernmost_point`, `country_calling_code`, `stw_thesaurus_for_economics_id`, `statoids_id`, `flag`, `fips_10_4_countries_and_regions`, `dagens_nyheter_topic_id`, `isni`, `nese_id`, `population`, `getty_thesaurus_of_geographic_names_id`, `topics_main_wikimedia_portal`, `wikimedia_outline`, `ndl_authority_id`, `currency`, `geonames_id`, `unicode_character`, `unesco_thesaurus_id`, `geography_of_topic`, `iso_3166_1_alpha_3_code`, `official_name`, `quora_topic_id`, `mesh_descriptor_id`, `guardian_topic_id`, `basic_form_of_government`, `coat_of_arms_image`, `ituisoiec_object_identifier`, `legislative_body`, `trunk_prefix`, `nuts_code`, `freebase_id`, `official_language`, `replaces`, `continent`, `coat_of_arms`, `age_of_majority`, `national_library_of_israel_id_old`, `on_focus_list_of_wikimedia_project`, `wipo_st3`, `coordinates_of_northernmost_point`, `has_quality`, `iso_3166_1_alpha_2_code`, `total_fertility_rate`, `area`, `store_norske_leksikon_id`, `different_from`, `topics_main_category`, `bibliothèque_nationale_de_france_id`, `locator_map_image`, `bbc_things_id`, `head_of_government`, `ioc_country_code`, `fast_id`, `gacs_id`, `archinform_location_id`, `encyclopædia_britannica_online_id`, `page_banner`, `category_for_films_shot_at_this_location`, `mains_voltage`, `executive_body`, `anthem`, `highest_judicial_authority`, `life_expectancy`, `top_level_internet_domain`, `instance_of`, `highest_point`, `category_for_people_born_here`, `driving_side`, `uic_numerical_country_code`, `lowest_point`, `civicus_monitor_country_entry`, `pronunciation_audio`, `idref_id`, `contains_the_administrative_territorial_entity`, `itu_letter_code`, `library_of_congress_authority_id`, `median_income`, `coordinate_location`, `described_by_source`, `brockhaus_enzyklopädie_online_id`, `iab_code`, `klexikon_article_id`, `loc_and_marc_vocabularies_id`, `language_used`, `dr_topic_id`, `world_encyclopedia_of_puppetry_arts_id`, `gran_enciclopèdia_catalana_id`, `whos_on_first_id`, `participant_in`, `inaturalist_place_id`, `omegawiki_defined_meaning`, `hds_id`, `gs1_country_code`, `culture`, `geonlp_id`, `analysis_policy_observatory_term_id`, `category_for_maps`, `treccanis_dizionario_di_storia_id`, `french_vikidia_id`, `english_vikidia_id`, `spanish_vikidia_id`, `italian_vikidia_id`, `larousse_id`, `worldcat_identities_id`, `fandom_article_id`, `eurovoc_id`, `tdv_islam_ansiklopedisi_id`, `part_of`, `open_data_portal`, `kbpedia_id`, `inception`, `rkd_thesaurus_id`, `pm20_geo_code`, `interlingual_index_id`, `jewish_encyclopedia_id_russian`, `economy_of_topic`, `uk_parliament_thesaurus_id`, `edition_humboldt_digital_id`, `tasteatlas_id`, `sapa_id`, `bhcl_uuid`, `github_topic`, `namuwiki_id`, `wordnet_31_synset_id`, `demographics_of_topic`, `ávvir_topic_id`, `ysa_id`, `yle_topic_id`, `bbc_news_topic_id`, `joconde_location_id`, `topics_main_template`, `armeniapedia_id`, `zhihu_topic_id`, `idaigazetteer_id`, `den_store_danske_id`, `krugosvet_article`, `schoenberg_database_of_manuscripts_place_id`, `colon_classification`, `national_library_of_israel_j9u_id`, `democracy_index`, `online_pwn_encyclopedia_id`, `postimees_topic_id`, `head_of_state`, `der_spiegel_topic_id`, `gyldendals_teaterleksikon_id`, `museum_digital_place_id`, `wikisimpsons_id`, `urban_electric_transit_country_id`, `m49_code`, `short_name`, `demonym`, `süddeutsche_zeitung_topic_id`, `country`, `official_website`, `alltrails_trail_id`, `human_development_index`, `national_historical_museums_of_sweden_id`, `eu_knowledge_graph_item_id`, `central_bank`, `gini_coefficient`, `obo_gazetteer_id`, `openstreetmap_element`, `happy_planet_index_score`, `the_top_tens_id`, `grove_art_online_id`, `the_world_factbook_country_id`, `number_of_out_of_school_children`, `giant_bomb_id`, `dewey_decimal_classification`) VALUES ('Belgium', 'country in western Europe', '4075290', '49.49699', 'destination/belgium', '4005406-8', 'Category:Belgian people', '112', 'Europlug', 'B', 'Belgium', '00009714n', 'Prime Minister of Belgium', 'Regional/Europe/Belgium/', 'Koninkrijk België', '5b8a5ee5-0bb3-34cf-9a75-c27c44e341fc', 'New Year''s Day', 'B', '4020-55916', '99131.0', 21.0, 'Luxembourg', 'Flag of Belgium (civil).svg', 'België / Belgique / Belgien', '144248059', 'history of Belgium', 'Brussels', 'belgium', '52411', '206', '205.0', 'ge128735', '294901094.0', 18.0, 'Category:Burials in Belgium', 'Data:Belgium.map', '50.3358193', 'pays/belgique', '14.0', 'European Union', 5.549999999999999823, 'left', 'UTC+01:00', 'Category:Deaths in Belgium', '105206', 'King of the Belgians', 'Belgium', 'Kingdom of the Netherlands', '10035761.0', '10580.0', 'belgio', '56', '51.08944972391368', '32', '17201-5', 'ube', 'flag of Belgium', 'BE', 'belgien', '0000 0001 2353 6287', 'belgien', 11584008.0, '1000063', 'Portal:Belgium', 'outline of Belgium', '560624', 'euro', '2802361', '🇧🇪', 'concept893', 'geography of Belgium', 'BEL', 'Royaume de Belgique', 'Belgium', 'D001530', 'world/belgium', 'constitutional monarchy', 'State Coat of Arms of Belgium.svg', '2.16.56', 'Belgian Federal Parliament', '0.0', 'BE', '/m/0154j', 'Dutch', 'United Kingdom of the Netherlands', 'Europe', 'coat of arms of Belgium', 18.0, '981380.0', 'WikiProject Zika Corpus', 'BE', '51.50508', 'free country', 'BE', 1.75, 30688.0, 'Belgia', 'Belgium', 'Category:Belgium', '15238382r', 'EU-Belgium.svg', 'e68c5b82-50e8-47d8-953c-bf61a2de0a85', 'Alexander De Croo', 'BEL', '1210278', '766', '2969', 'place/Belgium', 'Belgium Banner.jpg', 'Category:Films shot in Belgium', 230.0, 'Federal Government of Belgium', 'The Brabançonne', 'Constitutional Court of Belgium', 80.79000000000000626, '.be', 'sovereign state', 'Signal de Botrange', 'Category:Births in Belgium', 'right', '88.0', 'De Moeren', 'belgium', 'Lb-Belsch.ogg', '026360608', 'Flemish Region', 'BEL', 'n80126041', 31112.0, '50.641111111111', 'Catholic Encyclopedia', 'belgien', '1249', 'Belgien', 'countries/be', 'West Flemish', 'belgien', 'belgium', '8719', '85632997', 'Battle of the Lys', '7008', '5689', '3349', '540-549', 'culture of Belgium', 'wxtrbw', '6826', 'Category:Maps of Belgium', 'belgio', 'Belgique', 'Belgium', 'Bélgica', 'Belgio', 'pays/wd/108227', 'lccn-n80126041', 'nan', '4839', 'belcika', 'Allies of the First World War', 'data.gov.be', 'Belgium', '+1830-10-04T00:00:00Z', '3995.0', 'A21', 'i83329', '10489', 'economy of Belgium', '8617', 'H0005189', 'belgium', 'p/b4bc3740-2d3e-4ce2-875c-a2f6eb090a45', 'ffd382be-2f2b-4c19-ae5a-6ba50f65aec5', 'belgium', '벨기에', '08868745-n', 'demographics of Belgium', 'belgia', 'Y105206', '18-193836', 'cz4pr2gdgrdt', 'T84-674', 'Template:Subdivisions of Belgium', '2405.0', '19627981.0', '2075743', 'Belgien', 'strany_mira/BELGIYA.html', '1062', 'SG--5961', '987007559777605171', 7.509999999999999787, '4169005.0', '149', 'Philippe I of Belgium', 'belgien', 'Belgien', '1292.0', '48360', '37', '56.0', '🇧🇪', 'Belg', 'Belgien', 'Belgium', 'https://www.belgium.be/', 'belgium', 0.937000000000000055, 'geo/60FCC1CF-7151-4EFB-A99A-E23A77B27C7E', 'Q8', 'National Bank of Belgium', 27.19999999999999929, '2938.0', 'node/1684793666', 42.5, '124.0', 'T007414', 'belgium', 8330.0, '3035-254', '2--493')
Traceback (most recent call last):
  File "/home/lkruger/bachelorthesis/bachelorthesis/evaluation.py", line 134, in run_experiment
    insert_query_handler.handle_insert_query(query)
  File "/home/lkruger/bachelorthesis/bachelorthesis/system/insert_query_handler.py", line 27, in handle_insert_query
    query_data.table = self.strategy.predict_table_name(query_data)
  File "/home/lkruger/bachelorthesis/bachelorthesis/system/strategies/llama2/llama2_model.py", line 103, in predict_table_name
    self.run_prompt(
  File "/home/lkruger/bachelorthesis/bachelorthesis/system/strategies/llama2/llama2_model.py", line 87, in run_prompt
    return self.pipe(prompt_text)[0]["generated_text"]
  File "/home/lkruger/bachelorthesis/bachelorthesis/fine_tuning/venv/lib/python3.9/site-packages/transformers/pipelines/text_generation.py", line 240, in __call__
    return super().__call__(text_inputs, **kwargs)
  File "/home/lkruger/bachelorthesis/bachelorthesis/fine_tuning/venv/lib/python3.9/site-packages/transformers/pipelines/base.py", line 1242, in __call__
    return self.run_single(inputs, preprocess_params, forward_params, postprocess_params)
  File "/home/lkruger/bachelorthesis/bachelorthesis/fine_tuning/venv/lib/python3.9/site-packages/transformers/pipelines/base.py", line 1249, in run_single
    model_outputs = self.forward(model_inputs, **forward_params)
  File "/home/lkruger/bachelorthesis/bachelorthesis/fine_tuning/venv/lib/python3.9/site-packages/transformers/pipelines/base.py", line 1149, in forward
    model_outputs = self._forward(model_inputs, **forward_params)
  File "/home/lkruger/bachelorthesis/bachelorthesis/fine_tuning/venv/lib/python3.9/site-packages/transformers/pipelines/text_generation.py", line 327, in _forward
    generated_sequence = self.model.generate(input_ids=input_ids, attention_mask=attention_mask, **generate_kwargs)
  File "/home/lkruger/bachelorthesis/bachelorthesis/fine_tuning/venv/lib/python3.9/site-packages/torch/utils/_contextlib.py", line 115, in decorate_context
    return func(*args, **kwargs)
  File "/home/lkruger/bachelorthesis/bachelorthesis/fine_tuning/venv/lib/python3.9/site-packages/transformers/generation/utils.py", line 1622, in generate
    result = self._sample(
  File "/home/lkruger/bachelorthesis/bachelorthesis/fine_tuning/venv/lib/python3.9/site-packages/transformers/generation/utils.py", line 2791, in _sample
    outputs = self(
  File "/home/lkruger/bachelorthesis/bachelorthesis/fine_tuning/venv/lib/python3.9/site-packages/torch/nn/modules/module.py", line 1511, in _wrapped_call_impl
    return self._call_impl(*args, **kwargs)
  File "/home/lkruger/bachelorthesis/bachelorthesis/fine_tuning/venv/lib/python3.9/site-packages/torch/nn/modules/module.py", line 1520, in _call_impl
    return forward_call(*args, **kwargs)
  File "/home/lkruger/bachelorthesis/bachelorthesis/fine_tuning/venv/lib/python3.9/site-packages/accelerate/hooks.py", line 166, in new_forward
    output = module._old_forward(*args, **kwargs)
  File "/home/lkruger/bachelorthesis/bachelorthesis/fine_tuning/venv/lib/python3.9/site-packages/transformers/models/llama/modeling_llama.py", line 1208, in forward
    outputs = self.model(
  File "/home/lkruger/bachelorthesis/bachelorthesis/fine_tuning/venv/lib/python3.9/site-packages/torch/nn/modules/module.py", line 1511, in _wrapped_call_impl
    return self._call_impl(*args, **kwargs)
  File "/home/lkruger/bachelorthesis/bachelorthesis/fine_tuning/venv/lib/python3.9/site-packages/torch/nn/modules/module.py", line 1520, in _call_impl
    return forward_call(*args, **kwargs)
  File "/home/lkruger/bachelorthesis/bachelorthesis/fine_tuning/venv/lib/python3.9/site-packages/transformers/models/llama/modeling_llama.py", line 1018, in forward
    layer_outputs = decoder_layer(
  File "/home/lkruger/bachelorthesis/bachelorthesis/fine_tuning/venv/lib/python3.9/site-packages/torch/nn/modules/module.py", line 1511, in _wrapped_call_impl
    return self._call_impl(*args, **kwargs)
  File "/home/lkruger/bachelorthesis/bachelorthesis/fine_tuning/venv/lib/python3.9/site-packages/torch/nn/modules/module.py", line 1520, in _call_impl
    return forward_call(*args, **kwargs)
  File "/home/lkruger/bachelorthesis/bachelorthesis/fine_tuning/venv/lib/python3.9/site-packages/accelerate/hooks.py", line 166, in new_forward
    output = module._old_forward(*args, **kwargs)
  File "/home/lkruger/bachelorthesis/bachelorthesis/fine_tuning/venv/lib/python3.9/site-packages/transformers/models/llama/modeling_llama.py", line 756, in forward
    hidden_states = self.mlp(hidden_states)
  File "/home/lkruger/bachelorthesis/bachelorthesis/fine_tuning/venv/lib/python3.9/site-packages/torch/nn/modules/module.py", line 1511, in _wrapped_call_impl
    return self._call_impl(*args, **kwargs)
  File "/home/lkruger/bachelorthesis/bachelorthesis/fine_tuning/venv/lib/python3.9/site-packages/torch/nn/modules/module.py", line 1520, in _call_impl
    return forward_call(*args, **kwargs)
  File "/home/lkruger/bachelorthesis/bachelorthesis/fine_tuning/venv/lib/python3.9/site-packages/accelerate/hooks.py", line 166, in new_forward
    output = module._old_forward(*args, **kwargs)
  File "/home/lkruger/bachelorthesis/bachelorthesis/fine_tuning/venv/lib/python3.9/site-packages/transformers/models/llama/modeling_llama.py", line 240, in forward
    down_proj = self.down_proj(self.act_fn(self.gate_proj(x)) * self.up_proj(x))
torch.cuda.OutOfMemoryError: CUDA out of memory. Tried to allocate 162.00 MiB. GPU 0 has a total capacity of 15.77 GiB of which 135.88 MiB is free. Including non-PyTorch memory, this process has 15.64 GiB memory in use. Of the allocated memory 14.10 GiB is allocated by PyTorch, and 649.79 MiB is reserved by PyTorch but unallocated. If reserved but unallocated memory is large try setting PYTORCH_CUDA_ALLOC_CONF=expandable_segments:True to avoid fragmentation.  See documentation for Memory Management  (https://pytorch.org/docs/stable/notes/cuda.html#environment-variables)


Error while executing query: INSERT INTO `country` (`label`, `description`, `great_russian_encyclopedia_online_id`, `coordinates_of_southernmost_point`, `new_york_times_topic_id`, `gnd_id`, `category_of_associated_people`, `emergency_phone_number`, `electrical_plug_type`, `licence_plate_code`, `hashtag`, `babelnet_id`, `office_held_by_head_of_government`, `curlie_id`, `native_label`, `musicbrainz_area_id`, `public_holiday`, `uic_alphabetical_country_code`, `comic_vine_id`, `insee_countries_and_foreign_territories_code`, `vat_rate`, `diplomatic_relation`, `flag_image`, `commons_gallery`, `viaf_id`, `history_of_topic`, `capital`, `subreddit`, `openstreetmap_relation_id`, `mobile_country_code`, `maritime_identification_digits`, `nkcr_aut_id`, `asc_leiden_thesaurus_id`, `marriageable_age`, `category_of_people_buried_here`, `geoshape`, `coordinates_of_easternmost_point`, `le_monde_diplomatique_subject_id`, `marine_regions_geographic_id`, `member_of`, `unemployment_rate`, `railway_traffic_side`, `located_in_time_zone`, `category_for_people_who_died_here`, `yso_id`, `office_held_by_head_of_state`, `commons_category`, `shares_border_with`, `us_national_archives_identifier`, `nalt_id`, `treccani_id`, `iso_3166_1_numeric_code`, `coordinates_of_westernmost_point`, `country_calling_code`, `stw_thesaurus_for_economics_id`, `statoids_id`, `flag`, `fips_10_4_countries_and_regions`, `dagens_nyheter_topic_id`, `isni`, `nese_id`, `population`, `getty_thesaurus_of_geographic_names_id`, `topics_main_wikimedia_portal`, `wikimedia_outline`, `ndl_authority_id`, `currency`, `geonames_id`, `unicode_character`, `unesco_thesaurus_id`, `geography_of_topic`, `iso_3166_1_alpha_3_code`, `official_name`, `quora_topic_id`, `mesh_descriptor_id`, `guardian_topic_id`, `basic_form_of_government`, `coat_of_arms_image`, `ituisoiec_object_identifier`, `legislative_body`, `trunk_prefix`, `nuts_code`, `freebase_id`, `official_language`, `replaces`, `continent`, `coat_of_arms`, `age_of_majority`, `national_library_of_israel_id_old`, `on_focus_list_of_wikimedia_project`, `wipo_st3`, `coordinates_of_northernmost_point`, `has_quality`, `iso_3166_1_alpha_2_code`, `total_fertility_rate`, `area`, `store_norske_leksikon_id`, `different_from`, `topics_main_category`, `bibliothèque_nationale_de_france_id`, `locator_map_image`, `bbc_things_id`, `head_of_government`, `ioc_country_code`, `fast_id`, `gacs_id`, `archinform_location_id`, `encyclopædia_britannica_online_id`, `page_banner`, `category_for_films_shot_at_this_location`, `mains_voltage`, `executive_body`, `anthem`, `highest_judicial_authority`, `life_expectancy`, `top_level_internet_domain`, `instance_of`, `highest_point`, `category_for_people_born_here`, `driving_side`, `uic_numerical_country_code`, `lowest_point`, `civicus_monitor_country_entry`, `pronunciation_audio`, `idref_id`, `contains_the_administrative_territorial_entity`, `itu_letter_code`, `library_of_congress_authority_id`, `median_income`, `coordinate_location`, `described_by_source`, `brockhaus_enzyklopädie_online_id`, `iab_code`, `klexikon_article_id`, `loc_and_marc_vocabularies_id`, `language_used`, `dr_topic_id`, `world_encyclopedia_of_puppetry_arts_id`, `gran_enciclopèdia_catalana_id`, `whos_on_first_id`, `participant_in`, `inaturalist_place_id`, `omegawiki_defined_meaning`, `hds_id`, `gs1_country_code`, `culture`, `geonlp_id`, `analysis_policy_observatory_term_id`, `category_for_maps`, `treccanis_dizionario_di_storia_id`, `french_vikidia_id`, `english_vikidia_id`, `spanish_vikidia_id`, `italian_vikidia_id`, `larousse_id`, `worldcat_identities_id`, `fandom_article_id`, `eurovoc_id`, `tdv_islam_ansiklopedisi_id`, `part_of`, `open_data_portal`, `kbpedia_id`, `inception`, `rkd_thesaurus_id`, `pm20_geo_code`, `interlingual_index_id`, `jewish_encyclopedia_id_russian`, `economy_of_topic`, `uk_parliament_thesaurus_id`, `edition_humboldt_digital_id`, `tasteatlas_id`, `sapa_id`, `bhcl_uuid`, `github_topic`, `namuwiki_id`, `wordnet_31_synset_id`, `demographics_of_topic`, `ávvir_topic_id`, `ysa_id`, `yle_topic_id`, `bbc_news_topic_id`, `joconde_location_id`, `topics_main_template`, `armeniapedia_id`, `zhihu_topic_id`, `idaigazetteer_id`, `den_store_danske_id`, `krugosvet_article`, `schoenberg_database_of_manuscripts_place_id`, `colon_classification`, `national_library_of_israel_j9u_id`, `democracy_index`, `online_pwn_encyclopedia_id`, `postimees_topic_id`, `head_of_state`, `der_spiegel_topic_id`, `gyldendals_teaterleksikon_id`, `museum_digital_place_id`, `wikisimpsons_id`, `urban_electric_transit_country_id`, `m49_code`, `short_name`, `demonym`, `süddeutsche_zeitung_topic_id`, `country`, `official_website`, `alltrails_trail_id`, `human_development_index`, `national_historical_museums_of_sweden_id`, `eu_knowledge_graph_item_id`, `central_bank`, `gini_coefficient`, `obo_gazetteer_id`, `openstreetmap_element`, `happy_planet_index_score`, `the_top_tens_id`, `grove_art_online_id`, `the_world_factbook_country_id`, `number_of_out_of_school_children`, `giant_bomb_id`, `dewey_decimal_classification`) VALUES ('Romania', 'country in Central and Eastern Europe', '3519916', '43.6233705', 'destination/romania', '4050939-4', 'Category:Romanian people', '112', 'Europlug', 'RO', 'Romania', '00068196n', 'Prime Minister of Romania', 'Regional/Europe/Romania/', 'România', '61ed84b8-5a10-30a7-8376-ccd51801d6d1', 'nan', 'RO', '4020-55923', '99114.0', 19.0, 'Canada', 'Flag of Romania.svg', 'România', '124251001', 'history of Romania', 'Bucharest', 'Romania', '90689', '226', '264.0', 'ge130694', '294935274.0', 18.0, 'Category:Burials in Romania', 'Data:Romania.map', '45.16381636', 'pays/roumanie', '2241.0', 'European Union', 7.0, 'right', 'UTC+02:00', 'Category:Deaths in Romania', '105030', 'President of Romania', 'Romania', 'Moldova', '10035825.0', '15648.0', 'nan', '642', '46.12168563', '40', '17177-4', 'uro', 'flag of Romania', 'RO', 'rumanien', '0000 0001 2358 7092', 'nan', 19053815.0, '1000091', 'Portal:Romania', 'outline of Romania', '569801', 'Romanian Leu', '798549', '🇷🇴', 'concept920', 'geography of Romania', 'ROU', 'România', 'Romania', 'D012383', 'world/romania', 'semi-presidential system', 'Coat of arms of Romania.svg', '2.16.642', 'Parliament of Romania', '0.0', 'RO', '/m/06c1y', 'Romanian', 'United Principalities of Moldavia and Wallachia', 'Europe', 'coat of arms of Romania', 18.0, '975271.0', 'Wikipedia:Vital articles/Level/4', 'RO', '48.27', 'free country', 'RO', 1.409999999999999921, 238397.0, 'Romania', 'Romagna', 'Category:Romania', '11865467h', 'Romania on the globe (Europe centered).svg', 'nan', 'Nicolae Ciucă', 'ROU', '1205085', '355', '3033', 'place/Romania', 'Romania banner.jpg', 'Category:Films shot in Romania', 230.0, 'Government of Romania', 'Deșteaptă-te, române!', 'nan', 75.0122000000000071, '.ro', 'sovereign state', 'Moldoveanu Peak', 'Category:Births in Romania', 'right', '53.0', 'Black Sea', 'romania', 'Lb-Rumänien.ogg', '026400030', 'Alba County', 'ROU', 'n79049551', NULL, '46.0', 'Brockhaus and Efron Encyclopedic Dictionary', 'rumänien', '1386', 'Rumänien', 'countries/rm', 'Romanian', 'rumaenien', 'romania', '56632', '85633745', 'Global System of Trade Preferences among Developing Countries', '8858', '154307', '3369', '594', 'culture of Romania', '2cPcLg', '86081', 'Category:Maps of Romania', 'romania', 'Roumanie', 'Romania', 'Rumania', 'Romania', 'nan', 'lccn-n79049551', 'countries:Romania', '3763', 'romanya', 'Eastern Europe', 'data.gov.ro', 'Romania', '+1859-01-24T00:00:00Z', '1146.0', 'A47', 'i83166', '13620', 'economy of Romania', '12554', 'nan', 'romania', 'p/c3c9ec87-44d9-4013-b551-1df1757d37b5', 'c42e62f5-e5fb-4fc2-ae20-2f5df5ce7aca', 'romania', '루마니아', '08831830-n', 'demographics of Romania', 'nan', 'Y105030', '18-185666', 'cnx753jennet', 'T84-3546', 'nan', '4101.0', 'nan', '2067292', 'Rumænien', 'strany_mira/RUMINIYA.html', '880', 'SG--5921', '987007561817905171', 6.400000000000000355, '4169131.0', '944', 'Klaus Iohannis', 'rumaenien', 'Rumænien', '2568.0', '48551', '39', '642.0', '🇷🇴', 'rumänisch', 'Rumänien', 'Romania', 'http://www.guv.ro/', 'romania', 0.8209999999999999521, 'geo/6BAAFA64-E83D-4B69-8F59-D5693B1CA8EF', 'Q28', 'National Bank of Romania', 34.79999999999999715, '2951.0', 'node/432425064', 46.20000000000000284, '117.0', 'T073141', 'romania', 332312.0, '3035-4279', '2--498')
